$ corepack pnpm --filter @insignia/database test
$ vitest run

 RUN  v5.0.2 /home/serveradmin/insignia-m5-015-worktree/packages/database

 ❯ test/runtime.test.ts (11 tests | 11 failed) 17ms
   ❯ M3-002 PostgreSQL 18 runtime invariants (11)
     × exposes provider shop identity only for the exact active installation generation 9ms
     × keeps a Shopify delivery identity stable across preinstall resolution and concurrent replay 1ms
     × encrypts complete expiring pairs and serializes refresh claims across connections 1ms
     × does not bind a preinstall uninstall to a later newly created first generation 1ms
     × rejects same-ID topic, time and body conflicts and does not turn Shop-shaped updates into uninstalls 1ms
     × keeps an old uninstall stale after reinstall, including a delayed first delivery 1ms
     × serializes a current uninstall behind reinstall and cannot deactivate the new generation 1ms
     × rolls back deactivation when inbox completion fails, then safely retries 1ms
     × requires signed Shopify Shop identity before uninstall can fence an installation 1ms
     × atomically processes a current uninstall and fences credentials and outbox 1ms
     × fails closed when a wrapping key is missing or ciphertext/AAD is tampered 1ms
 ❯ test/delivery/pg-delivery-repository.test.ts (10 tests | 10 failed) 13ms
   ❯ durable inbox and outbox on PostgreSQL 18 (10)
     × uses PostgreSQL 18 6ms
     × retains out-of-order deliveries, deduplicates exact replay and processes each business fact once 1ms
     × deduplicates delivery IDs within an installation and fences old-generation processing 1ms
     × bounds raw and JSON payload size and retention at the durable boundary 1ms
     × rolls back business outbox and inbox completion together 1ms
     × rejects outbox payloads that JSON serialization would silently alter 0ms
     × denies acknowledgement after the database lease deadline even before a new claim 0ms
     × uses database time to decide whether an event is available 0ms
     × fences installation-bound claims and acknowledgements after reinstall 1ms
     × leases once across independent connections and recovers a committed event after lease expiry 1ms
 ❯ test/command/pg-command-repository.test.ts (6 tests | 6 failed) 16ms
   ❯ durable commands on PostgreSQL 18 (6)
     × keeps public transaction handles scoped to their core and lifetime 11ms
     × rolls back a draft CAS and outbox insertion when a command fails 1ms
     × replays a completed result, rejects digest reuse, and scopes keys to shops 1ms
     × commits only one mutation for simultaneous duplicate commands on independent connections 1ms
     × rolls back the command result and outbox together so the same key can retry 1ms
     × rolls back a business mutation when its required outbox event names another shop 1ms

⎯⎯⎯⎯⎯⎯ Failed Tests 27 ⎯⎯⎯⎯⎯⎯⎯

 FAIL  test/runtime.test.ts > M3-002 PostgreSQL 18 runtime invariants > exposes provider shop identity only for the exact active installation generation
Error: DATABASE_URL is required for PostgreSQL integration tests
 ❯ openTestDatabase test/support/postgres.ts:10:32
      8| export async function openTestDatabase(): Promise<Kysely<Database>> {
      9|   const connectionString = process.env.DATABASE_URL;
     10|   if (!connectionString) throw new Error('DATABASE_URL is required for…
       |                                ^
     11|   const database = createDatabase(new Pool({ connectionString, max: 8 …
     12|   const version = await sql<{ server_version_num: string }>`show serve…
 ❯ test/runtime.test.ts:52:28

⎯⎯⎯⎯⎯⎯⎯⎯⎯⎯⎯⎯⎯⎯⎯⎯⎯⎯⎯⎯⎯⎯⎯[1/27]⎯

 FAIL  test/runtime.test.ts > M3-002 PostgreSQL 18 runtime invariants > keeps a Shopify delivery identity stable across preinstall resolution and concurrent replay
Error: DATABASE_URL is required for PostgreSQL integration tests
 ❯ openTestDatabase test/support/postgres.ts:10:32
      8| export async function openTestDatabase(): Promise<Kysely<Database>> {
      9|   const connectionString = process.env.DATABASE_URL;
     10|   if (!connectionString) throw new Error('DATABASE_URL is required for…
       |                                ^
     11|   const database = createDatabase(new Pool({ connectionString, max: 8 …
     12|   const version = await sql<{ server_version_num: string }>`show serve…
 ❯ test/runtime.test.ts:81:28

⎯⎯⎯⎯⎯⎯⎯⎯⎯⎯⎯⎯⎯⎯⎯⎯⎯⎯⎯⎯⎯⎯⎯[2/27]⎯

 FAIL  test/runtime.test.ts > M3-002 PostgreSQL 18 runtime invariants > encrypts complete expiring pairs and serializes refresh claims across connections
Error: DATABASE_URL is required for PostgreSQL integration tests
 ❯ openTestDatabase test/support/postgres.ts:10:32
      8| export async function openTestDatabase(): Promise<Kysely<Database>> {
      9|   const connectionString = process.env.DATABASE_URL;
     10|   if (!connectionString) throw new Error('DATABASE_URL is required for…
       |                                ^
     11|   const database = createDatabase(new Pool({ connectionString, max: 8 …
     12|   const version = await sql<{ server_version_num: string }>`show serve…
 ❯ test/runtime.test.ts:122:28

⎯⎯⎯⎯⎯⎯⎯⎯⎯⎯⎯⎯⎯⎯⎯⎯⎯⎯⎯⎯⎯⎯⎯[3/27]⎯

 FAIL  test/runtime.test.ts > M3-002 PostgreSQL 18 runtime invariants > does not bind a preinstall uninstall to a later newly created first generation
Error: DATABASE_URL is required for PostgreSQL integration tests
 ❯ openTestDatabase test/support/postgres.ts:10:32
      8| export async function openTestDatabase(): Promise<Kysely<Database>> {
      9|   const connectionString = process.env.DATABASE_URL;
     10|   if (!connectionString) throw new Error('DATABASE_URL is required for…
       |                                ^
     11|   const database = createDatabase(new Pool({ connectionString, max: 8 …
     12|   const version = await sql<{ server_version_num: string }>`show serve…
 ❯ test/runtime.test.ts:194:28

⎯⎯⎯⎯⎯⎯⎯⎯⎯⎯⎯⎯⎯⎯⎯⎯⎯⎯⎯⎯⎯⎯⎯[4/27]⎯

 FAIL  test/runtime.test.ts > M3-002 PostgreSQL 18 runtime invariants > rejects same-ID topic, time and body conflicts and does not turn Shop-shaped updates into uninstalls
Error: DATABASE_URL is required for PostgreSQL integration tests
 ❯ openTestDatabase test/support/postgres.ts:10:32
      8| export async function openTestDatabase(): Promise<Kysely<Database>> {
      9|   const connectionString = process.env.DATABASE_URL;
     10|   if (!connectionString) throw new Error('DATABASE_URL is required for…
       |                                ^
     11|   const database = createDatabase(new Pool({ connectionString, max: 8 …
     12|   const version = await sql<{ server_version_num: string }>`show serve…
 ❯ test/runtime.test.ts:224:28

⎯⎯⎯⎯⎯⎯⎯⎯⎯⎯⎯⎯⎯⎯⎯⎯⎯⎯⎯⎯⎯⎯⎯[5/27]⎯

 FAIL  test/runtime.test.ts > M3-002 PostgreSQL 18 runtime invariants > keeps an old uninstall stale after reinstall, including a delayed first delivery
Error: DATABASE_URL is required for PostgreSQL integration tests
 ❯ openTestDatabase test/support/postgres.ts:10:32
      8| export async function openTestDatabase(): Promise<Kysely<Database>> {
      9|   const connectionString = process.env.DATABASE_URL;
     10|   if (!connectionString) throw new Error('DATABASE_URL is required for…
       |                                ^
     11|   const database = createDatabase(new Pool({ connectionString, max: 8 …
     12|   const version = await sql<{ server_version_num: string }>`show serve…
 ❯ test/runtime.test.ts:267:28

⎯⎯⎯⎯⎯⎯⎯⎯⎯⎯⎯⎯⎯⎯⎯⎯⎯⎯⎯⎯⎯⎯⎯[6/27]⎯

 FAIL  test/runtime.test.ts > M3-002 PostgreSQL 18 runtime invariants > serializes a current uninstall behind reinstall and cannot deactivate the new generation
Error: DATABASE_URL is required for PostgreSQL integration tests
 ❯ openTestDatabase test/support/postgres.ts:10:32
      8| export async function openTestDatabase(): Promise<Kysely<Database>> {
      9|   const connectionString = process.env.DATABASE_URL;
     10|   if (!connectionString) throw new Error('DATABASE_URL is required for…
       |                                ^
     11|   const database = createDatabase(new Pool({ connectionString, max: 8 …
     12|   const version = await sql<{ server_version_num: string }>`show serve…
 ❯ test/runtime.test.ts:301:28

⎯⎯⎯⎯⎯⎯⎯⎯⎯⎯⎯⎯⎯⎯⎯⎯⎯⎯⎯⎯⎯⎯⎯[7/27]⎯

 FAIL  test/runtime.test.ts > M3-002 PostgreSQL 18 runtime invariants > rolls back deactivation when inbox completion fails, then safely retries
Error: DATABASE_URL is required for PostgreSQL integration tests
 ❯ openTestDatabase test/support/postgres.ts:10:32
      8| export async function openTestDatabase(): Promise<Kysely<Database>> {
      9|   const connectionString = process.env.DATABASE_URL;
     10|   if (!connectionString) throw new Error('DATABASE_URL is required for…
       |                                ^
     11|   const database = createDatabase(new Pool({ connectionString, max: 8 …
     12|   const version = await sql<{ server_version_num: string }>`show serve…
 ❯ test/runtime.test.ts:355:28

⎯⎯⎯⎯⎯⎯⎯⎯⎯⎯⎯⎯⎯⎯⎯⎯⎯⎯⎯⎯⎯⎯⎯[8/27]⎯

 FAIL  test/runtime.test.ts > M3-002 PostgreSQL 18 runtime invariants > requires signed Shopify Shop identity before uninstall can fence an installation
Error: DATABASE_URL is required for PostgreSQL integration tests
 ❯ openTestDatabase test/support/postgres.ts:10:32
      8| export async function openTestDatabase(): Promise<Kysely<Database>> {
      9|   const connectionString = process.env.DATABASE_URL;
     10|   if (!connectionString) throw new Error('DATABASE_URL is required for…
       |                                ^
     11|   const database = createDatabase(new Pool({ connectionString, max: 8 …
     12|   const version = await sql<{ server_version_num: string }>`show serve…
 ❯ test/runtime.test.ts:418:28

⎯⎯⎯⎯⎯⎯⎯⎯⎯⎯⎯⎯⎯⎯⎯⎯⎯⎯⎯⎯⎯⎯⎯[9/27]⎯

 FAIL  test/runtime.test.ts > M3-002 PostgreSQL 18 runtime invariants > atomically processes a current uninstall and fences credentials and outbox
Error: DATABASE_URL is required for PostgreSQL integration tests
 ❯ openTestDatabase test/support/postgres.ts:10:32
      8| export async function openTestDatabase(): Promise<Kysely<Database>> {
      9|   const connectionString = process.env.DATABASE_URL;
     10|   if (!connectionString) throw new Error('DATABASE_URL is required for…
       |                                ^
     11|   const database = createDatabase(new Pool({ connectionString, max: 8 …
     12|   const version = await sql<{ server_version_num: string }>`show serve…
 ❯ test/runtime.test.ts:461:28

⎯⎯⎯⎯⎯⎯⎯⎯⎯⎯⎯⎯⎯⎯⎯⎯⎯⎯⎯⎯⎯⎯[10/27]⎯

 FAIL  test/runtime.test.ts > M3-002 PostgreSQL 18 runtime invariants > fails closed when a wrapping key is missing or ciphertext/AAD is tampered
Error: DATABASE_URL is required for PostgreSQL integration tests
 ❯ openTestDatabase test/support/postgres.ts:10:32
      8| export async function openTestDatabase(): Promise<Kysely<Database>> {
      9|   const connectionString = process.env.DATABASE_URL;
     10|   if (!connectionString) throw new Error('DATABASE_URL is required for…
       |                                ^
     11|   const database = createDatabase(new Pool({ connectionString, max: 8 …
     12|   const version = await sql<{ server_version_num: string }>`show serve…
 ❯ test/runtime.test.ts:600:28

⎯⎯⎯⎯⎯⎯⎯⎯⎯⎯⎯⎯⎯⎯⎯⎯⎯⎯⎯⎯⎯⎯[11/27]⎯

 FAIL  test/command/pg-command-repository.test.ts > durable commands on PostgreSQL 18 > keeps public transaction handles scoped to their core and lifetime
Error: DATABASE_URL is required for PostgreSQL integration tests
 ❯ openTestDurableCore test/support/postgres.ts:23:32
     21| export function openTestDurableCore() {
     22|   const connectionString = process.env.DATABASE_URL;
     23|   if (!connectionString) throw new Error('DATABASE_URL is required for…
       |                                ^
     24|   return createDurableCore(new Pool({ connectionString, max: 8 }));
     25| }
 ❯ test/command/pg-command-repository.test.ts:35:18

⎯⎯⎯⎯⎯⎯⎯⎯⎯⎯⎯⎯⎯⎯⎯⎯⎯⎯⎯⎯⎯⎯[12/27]⎯

 FAIL  test/command/pg-command-repository.test.ts > durable commands on PostgreSQL 18 > rolls back a draft CAS and outbox insertion when a command fails
Error: DATABASE_URL is required for PostgreSQL integration tests
 ❯ openTestDatabase test/support/postgres.ts:10:32
      8| export async function openTestDatabase(): Promise<Kysely<Database>> {
      9|   const connectionString = process.env.DATABASE_URL;
     10|   if (!connectionString) throw new Error('DATABASE_URL is required for…
       |                                ^
     11|   const database = createDatabase(new Pool({ connectionString, max: 8 …
     12|   const version = await sql<{ server_version_num: string }>`show serve…
 ❯ test/command/pg-command-repository.test.ts:83:28

⎯⎯⎯⎯⎯⎯⎯⎯⎯⎯⎯⎯⎯⎯⎯⎯⎯⎯⎯⎯⎯⎯[13/27]⎯

 FAIL  test/command/pg-command-repository.test.ts > durable commands on PostgreSQL 18 > replays a completed result, rejects digest reuse, and scopes keys to shops
Error: DATABASE_URL is required for PostgreSQL integration tests
 ❯ openTestDatabase test/support/postgres.ts:10:32
      8| export async function openTestDatabase(): Promise<Kysely<Database>> {
      9|   const connectionString = process.env.DATABASE_URL;
     10|   if (!connectionString) throw new Error('DATABASE_URL is required for…
       |                                ^
     11|   const database = createDatabase(new Pool({ connectionString, max: 8 …
     12|   const version = await sql<{ server_version_num: string }>`show serve…
 ❯ test/command/pg-command-repository.test.ts:122:28

⎯⎯⎯⎯⎯⎯⎯⎯⎯⎯⎯⎯⎯⎯⎯⎯⎯⎯⎯⎯⎯⎯[14/27]⎯

 FAIL  test/command/pg-command-repository.test.ts > durable commands on PostgreSQL 18 > commits only one mutation for simultaneous duplicate commands on independent connections
Error: DATABASE_URL is required for PostgreSQL integration tests
 ❯ openTestDatabase test/support/postgres.ts:10:32
      8| export async function openTestDatabase(): Promise<Kysely<Database>> {
      9|   const connectionString = process.env.DATABASE_URL;
     10|   if (!connectionString) throw new Error('DATABASE_URL is required for…
       |                                ^
     11|   const database = createDatabase(new Pool({ connectionString, max: 8 …
     12|   const version = await sql<{ server_version_num: string }>`show serve…
 ❯ test/command/pg-command-repository.test.ts:158:24

⎯⎯⎯⎯⎯⎯⎯⎯⎯⎯⎯⎯⎯⎯⎯⎯⎯⎯⎯⎯⎯⎯[15/27]⎯

 FAIL  test/command/pg-command-repository.test.ts > durable commands on PostgreSQL 18 > rolls back the command result and outbox together so the same key can retry
Error: DATABASE_URL is required for PostgreSQL integration tests
 ❯ openTestDatabase test/support/postgres.ts:10:32
      8| export async function openTestDatabase(): Promise<Kysely<Database>> {
      9|   const connectionString = process.env.DATABASE_URL;
     10|   if (!connectionString) throw new Error('DATABASE_URL is required for…
       |                                ^
     11|   const database = createDatabase(new Pool({ connectionString, max: 8 …
     12|   const version = await sql<{ server_version_num: string }>`show serve…
 ❯ test/command/pg-command-repository.test.ts:184:28

⎯⎯⎯⎯⎯⎯⎯⎯⎯⎯⎯⎯⎯⎯⎯⎯⎯⎯⎯⎯⎯⎯[16/27]⎯

 FAIL  test/command/pg-command-repository.test.ts > durable commands on PostgreSQL 18 > rolls back a business mutation when its required outbox event names another shop
Error: DATABASE_URL is required for PostgreSQL integration tests
 ❯ openTestDatabase test/support/postgres.ts:10:32
      8| export async function openTestDatabase(): Promise<Kysely<Database>> {
      9|   const connectionString = process.env.DATABASE_URL;
     10|   if (!connectionString) throw new Error('DATABASE_URL is required for…
       |                                ^
     11|   const database = createDatabase(new Pool({ connectionString, max: 8 …
     12|   const version = await sql<{ server_version_num: string }>`show serve…
 ❯ test/command/pg-command-repository.test.ts:227:28

⎯⎯⎯⎯⎯⎯⎯⎯⎯⎯⎯⎯⎯⎯⎯⎯⎯⎯⎯⎯⎯⎯[17/27]⎯

 FAIL  test/delivery/pg-delivery-repository.test.ts > durable inbox and outbox on PostgreSQL 18 > uses PostgreSQL 18
Error: DATABASE_URL is required for PostgreSQL integration tests
 ❯ openTestDatabase test/support/postgres.ts:10:32
      8| export async function openTestDatabase(): Promise<Kysely<Database>> {
      9|   const connectionString = process.env.DATABASE_URL;
     10|   if (!connectionString) throw new Error('DATABASE_URL is required for…
       |                                ^
     11|   const database = createDatabase(new Pool({ connectionString, max: 8 …
     12|   const version = await sql<{ server_version_num: string }>`show serve…
 ❯ test/delivery/pg-delivery-repository.test.ts:45:28

⎯⎯⎯⎯⎯⎯⎯⎯⎯⎯⎯⎯⎯⎯⎯⎯⎯⎯⎯⎯⎯⎯[18/27]⎯

 FAIL  test/delivery/pg-delivery-repository.test.ts > durable inbox and outbox on PostgreSQL 18 > retains out-of-order deliveries, deduplicates exact replay and processes each business fact once
Error: DATABASE_URL is required for PostgreSQL integration tests
 ❯ openTestDatabase test/support/postgres.ts:10:32
      8| export async function openTestDatabase(): Promise<Kysely<Database>> {
      9|   const connectionString = process.env.DATABASE_URL;
     10|   if (!connectionString) throw new Error('DATABASE_URL is required for…
       |                                ^
     11|   const database = createDatabase(new Pool({ connectionString, max: 8 …
     12|   const version = await sql<{ server_version_num: string }>`show serve…
 ❯ test/delivery/pg-delivery-repository.test.ts:55:28

⎯⎯⎯⎯⎯⎯⎯⎯⎯⎯⎯⎯⎯⎯⎯⎯⎯⎯⎯⎯⎯⎯[19/27]⎯

 FAIL  test/delivery/pg-delivery-repository.test.ts > durable inbox and outbox on PostgreSQL 18 > deduplicates delivery IDs within an installation and fences old-generation processing
Error: DATABASE_URL is required for PostgreSQL integration tests
 ❯ openTestDatabase test/support/postgres.ts:10:32
      8| export async function openTestDatabase(): Promise<Kysely<Database>> {
      9|   const connectionString = process.env.DATABASE_URL;
     10|   if (!connectionString) throw new Error('DATABASE_URL is required for…
       |                                ^
     11|   const database = createDatabase(new Pool({ connectionString, max: 8 …
     12|   const version = await sql<{ server_version_num: string }>`show serve…
 ❯ test/delivery/pg-delivery-repository.test.ts:97:28

⎯⎯⎯⎯⎯⎯⎯⎯⎯⎯⎯⎯⎯⎯⎯⎯⎯⎯⎯⎯⎯⎯[20/27]⎯

 FAIL  test/delivery/pg-delivery-repository.test.ts > durable inbox and outbox on PostgreSQL 18 > bounds raw and JSON payload size and retention at the durable boundary
Error: DATABASE_URL is required for PostgreSQL integration tests
 ❯ openTestDatabase test/support/postgres.ts:10:32
      8| export async function openTestDatabase(): Promise<Kysely<Database>> {
      9|   const connectionString = process.env.DATABASE_URL;
     10|   if (!connectionString) throw new Error('DATABASE_URL is required for…
       |                                ^
     11|   const database = createDatabase(new Pool({ connectionString, max: 8 …
     12|   const version = await sql<{ server_version_num: string }>`show serve…
 ❯ test/delivery/pg-delivery-repository.test.ts:119:28

⎯⎯⎯⎯⎯⎯⎯⎯⎯⎯⎯⎯⎯⎯⎯⎯⎯⎯⎯⎯⎯⎯[21/27]⎯

 FAIL  test/delivery/pg-delivery-repository.test.ts > durable inbox and outbox on PostgreSQL 18 > rolls back business outbox and inbox completion together
Error: DATABASE_URL is required for PostgreSQL integration tests
 ❯ openTestDatabase test/support/postgres.ts:10:32
      8| export async function openTestDatabase(): Promise<Kysely<Database>> {
      9|   const connectionString = process.env.DATABASE_URL;
     10|   if (!connectionString) throw new Error('DATABASE_URL is required for…
       |                                ^
     11|   const database = createDatabase(new Pool({ connectionString, max: 8 …
     12|   const version = await sql<{ server_version_num: string }>`show serve…
 ❯ test/delivery/pg-delivery-repository.test.ts:194:28

⎯⎯⎯⎯⎯⎯⎯⎯⎯⎯⎯⎯⎯⎯⎯⎯⎯⎯⎯⎯⎯⎯[22/27]⎯

 FAIL  test/delivery/pg-delivery-repository.test.ts > durable inbox and outbox on PostgreSQL 18 > rejects outbox payloads that JSON serialization would silently alter
Error: DATABASE_URL is required for PostgreSQL integration tests
 ❯ openTestDatabase test/support/postgres.ts:10:32
      8| export async function openTestDatabase(): Promise<Kysely<Database>> {
      9|   const connectionString = process.env.DATABASE_URL;
     10|   if (!connectionString) throw new Error('DATABASE_URL is required for…
       |                                ^
     11|   const database = createDatabase(new Pool({ connectionString, max: 8 …
     12|   const version = await sql<{ server_version_num: string }>`show serve…
 ❯ test/delivery/pg-delivery-repository.test.ts:220:28

⎯⎯⎯⎯⎯⎯⎯⎯⎯⎯⎯⎯⎯⎯⎯⎯⎯⎯⎯⎯⎯⎯[23/27]⎯

 FAIL  test/delivery/pg-delivery-repository.test.ts > durable inbox and outbox on PostgreSQL 18 > denies acknowledgement after the database lease deadline even before a new claim
Error: DATABASE_URL is required for PostgreSQL integration tests
 ❯ openTestDatabase test/support/postgres.ts:10:32
      8| export async function openTestDatabase(): Promise<Kysely<Database>> {
      9|   const connectionString = process.env.DATABASE_URL;
     10|   if (!connectionString) throw new Error('DATABASE_URL is required for…
       |                                ^
     11|   const database = createDatabase(new Pool({ connectionString, max: 8 …
     12|   const version = await sql<{ server_version_num: string }>`show serve…
 ❯ test/delivery/pg-delivery-repository.test.ts:238:28

⎯⎯⎯⎯⎯⎯⎯⎯⎯⎯⎯⎯⎯⎯⎯⎯⎯⎯⎯⎯⎯⎯[24/27]⎯

 FAIL  test/delivery/pg-delivery-repository.test.ts > durable inbox and outbox on PostgreSQL 18 > uses database time to decide whether an event is available
Error: DATABASE_URL is required for PostgreSQL integration tests
 ❯ openTestDatabase test/support/postgres.ts:10:32
      8| export async function openTestDatabase(): Promise<Kysely<Database>> {
      9|   const connectionString = process.env.DATABASE_URL;
     10|   if (!connectionString) throw new Error('DATABASE_URL is required for…
       |                                ^
     11|   const database = createDatabase(new Pool({ connectionString, max: 8 …
     12|   const version = await sql<{ server_version_num: string }>`show serve…
 ❯ test/delivery/pg-delivery-repository.test.ts:259:28

⎯⎯⎯⎯⎯⎯⎯⎯⎯⎯⎯⎯⎯⎯⎯⎯⎯⎯⎯⎯⎯⎯[25/27]⎯

 FAIL  test/delivery/pg-delivery-repository.test.ts > durable inbox and outbox on PostgreSQL 18 > fences installation-bound claims and acknowledgements after reinstall
Error: DATABASE_URL is required for PostgreSQL integration tests
 ❯ openTestDatabase test/support/postgres.ts:10:32
      8| export async function openTestDatabase(): Promise<Kysely<Database>> {
      9|   const connectionString = process.env.DATABASE_URL;
     10|   if (!connectionString) throw new Error('DATABASE_URL is required for…
       |                                ^
     11|   const database = createDatabase(new Pool({ connectionString, max: 8 …
     12|   const version = await sql<{ server_version_num: string }>`show serve…
 ❯ test/delivery/pg-delivery-repository.test.ts:281:28

⎯⎯⎯⎯⎯⎯⎯⎯⎯⎯⎯⎯⎯⎯⎯⎯⎯⎯⎯⎯⎯⎯[26/27]⎯

 FAIL  test/delivery/pg-delivery-repository.test.ts > durable inbox and outbox on PostgreSQL 18 > leases once across independent connections and recovers a committed event after lease expiry
Error: DATABASE_URL is required for PostgreSQL integration tests
 ❯ openTestDatabase test/support/postgres.ts:10:32
      8| export async function openTestDatabase(): Promise<Kysely<Database>> {
      9|   const connectionString = process.env.DATABASE_URL;
     10|   if (!connectionString) throw new Error('DATABASE_URL is required for…
       |                                ^
     11|   const database = createDatabase(new Pool({ connectionString, max: 8 …
     12|   const version = await sql<{ server_version_num: string }>`show serve…
 ❯ test/delivery/pg-delivery-repository.test.ts:324:24

⎯⎯⎯⎯⎯⎯⎯⎯⎯⎯⎯⎯⎯⎯⎯⎯⎯⎯⎯⎯⎯⎯[27/27]⎯


 Test Files  3 failed | 2 passed | 5 skipped (10)
      Tests  27 failed | 3 passed | 131 skipped (161)
   Start at  19:54:54
   Duration  2.39s (import 66%, transform 31%, tests 1%, worker 1%)

    Isolate  10 workers spawned · ~130ms startup each (spawn + environment, per file)
             at least ~302ms faster with isolate: false — reuses workers across files instead of one per file

[ELIFECYCLE] Test failed. See above for more details.
Error: ERR_PNPM_RECURSIVE_RUN_FIRST_FAIL

  × "pnpm recursive run" failed in /home/serveradmin/insignia-m5-015-worktree/
  │ packages/database

[ELIFECYCLE] Command failed with exit code 1.
