✖ persisted hold tampering stops fresh-process resume before a second auth or cleanup request (617.327063ms)
ℹ tests 1
ℹ suites 0
ℹ pass 0
ℹ fail 1
ℹ cancelled 0
ℹ skipped 0
ℹ todo 0
ℹ duration_ms 844.88532

✖ failing tests:

test at scripts/m5-015/operator.test.mjs:546:1
✖ persisted hold tampering stops fresh-process resume before a second auth or cleanup request (617.327063ms)
  AssertionError [ERR_ASSERTION]: Expected values to be strictly equal:

  2 !== 1

      at TestContext.<anonymous> (file:///home/serveradmin/insignia-m5-015-worktree/scripts/m5-015/operator.test.mjs:546:261)
      at process.processTicksAndRejections (node:internal/process/task_queues:104:5)
      at async Test.run (node:internal/test_runner/test:1409:7)
      at async startSubtestAfterBootstrap (node:internal/test_runner/harness:387:3) {
    generatedMessage: true,
    code: 'ERR_ASSERTION',
    actual: 2,
    expected: 1,
    operator: 'strictEqual',
    diff: 'simple'
  }
