✖ malformed production mutation acknowledgement is not considered settled for archival authority (56.749039ms)
ℹ tests 1
ℹ suites 0
ℹ pass 0
ℹ fail 1
ℹ cancelled 0
ℹ skipped 0
ℹ todo 0
ℹ duration_ms 330.287841

✖ failing tests:

test at scripts/m5-015/operator.test.mjs:485:1
✖ malformed production mutation acknowledgement is not considered settled for archival authority (56.749039ms)
  AssertionError [ERR_ASSERTION]: Expected values to be strictly equal:

  1 !== 0

      at TestContext.<anonymous> (file:///home/serveradmin/insignia-m5-015-worktree/scripts/m5-015/operator.test.mjs:501:12)
      at async Test.run (node:internal/test_runner/test:1409:7)
      at async startSubtestAfterBootstrap (node:internal/test_runner/harness:387:3) {
    generatedMessage: true,
    code: 'ERR_ASSERTION',
    actual: 1,
    expected: 0,
    operator: 'strictEqual',
    diff: 'simple'
  }
