$ M5_PUBLICATION_STRESS_ITERATIONS=25 corepack pnpm --filter @insignia/web exec node --test --test-name-pattern="publication (success|failed) preserves" test/admin/editor-browser.test.mjs
✔ publication success preserves dirty local edits and exact save recovery [1/25] (1159.39858ms)
✔ publication failed preserves dirty local edits and exact save recovery [1/25] (997.711234ms)
✔ publication success preserves ambiguous local edits and exact save recovery [1/25] (956.145901ms)
✔ publication failed preserves ambiguous local edits and exact save recovery [1/25] (1070.94556ms)
✔ publication success preserves dirty local edits and exact save recovery [2/25] (966.845668ms)
✔ publication failed preserves dirty local edits and exact save recovery [2/25] (855.957364ms)
✔ publication success preserves ambiguous local edits and exact save recovery [2/25] (1000.581343ms)
✔ publication failed preserves ambiguous local edits and exact save recovery [2/25] (912.464079ms)
✔ publication success preserves dirty local edits and exact save recovery [3/25] (854.326314ms)
✔ publication failed preserves dirty local edits and exact save recovery [3/25] (897.034127ms)
✔ publication success preserves ambiguous local edits and exact save recovery [3/25] (995.853047ms)
✔ publication failed preserves ambiguous local edits and exact save recovery [3/25] (918.250331ms)
✔ publication success preserves dirty local edits and exact save recovery [4/25] (873.612958ms)
✔ publication failed preserves dirty local edits and exact save recovery [4/25] (848.352254ms)
✔ publication success preserves ambiguous local edits and exact save recovery [4/25] (950.274901ms)
✔ publication failed preserves ambiguous local edits and exact save recovery [4/25] (940.627283ms)
✔ publication success preserves dirty local edits and exact save recovery [5/25] (865.31629ms)
✔ publication failed preserves dirty local edits and exact save recovery [5/25] (937.34244ms)
✔ publication success preserves ambiguous local edits and exact save recovery [5/25] (968.719702ms)
✔ publication failed preserves ambiguous local edits and exact save recovery [5/25] (963.721743ms)
✔ publication success preserves dirty local edits and exact save recovery [6/25] (853.606341ms)
✔ publication failed preserves dirty local edits and exact save recovery [6/25] (892.611677ms)
✔ publication success preserves ambiguous local edits and exact save recovery [6/25] (915.075152ms)
✔ publication failed preserves ambiguous local edits and exact save recovery [6/25] (993.619973ms)
✔ publication success preserves dirty local edits and exact save recovery [7/25] (848.638053ms)
✔ publication failed preserves dirty local edits and exact save recovery [7/25] (963.864158ms)
✔ publication success preserves ambiguous local edits and exact save recovery [7/25] (919.303355ms)
✔ publication failed preserves ambiguous local edits and exact save recovery [7/25] (978.115592ms)
✔ publication success preserves dirty local edits and exact save recovery [8/25] (869.316164ms)
✔ publication failed preserves dirty local edits and exact save recovery [8/25] (865.319164ms)
✔ publication success preserves ambiguous local edits and exact save recovery [8/25] (971.039749ms)
✔ publication failed preserves ambiguous local edits and exact save recovery [8/25] (927.54081ms)
✔ publication success preserves dirty local edits and exact save recovery [9/25] (879.737937ms)
✔ publication failed preserves dirty local edits and exact save recovery [9/25] (929.933906ms)
✔ publication success preserves ambiguous local edits and exact save recovery [9/25] (960.909509ms)
✔ publication failed preserves ambiguous local edits and exact save recovery [9/25] (973.135241ms)
✔ publication success preserves dirty local edits and exact save recovery [10/25] (883.426908ms)
✔ publication failed preserves dirty local edits and exact save recovery [10/25] (875.216138ms)
✔ publication success preserves ambiguous local edits and exact save recovery [10/25] (1031.083224ms)
✔ publication failed preserves ambiguous local edits and exact save recovery [10/25] (973.236347ms)
✔ publication success preserves dirty local edits and exact save recovery [11/25] (847.081526ms)
✔ publication failed preserves dirty local edits and exact save recovery [11/25] (852.470764ms)
✔ publication success preserves ambiguous local edits and exact save recovery [11/25] (1029.076911ms)
✔ publication failed preserves ambiguous local edits and exact save recovery [11/25] (898.186055ms)
✔ publication success preserves dirty local edits and exact save recovery [12/25] (836.111762ms)
✔ publication failed preserves dirty local edits and exact save recovery [12/25] (829.511734ms)
✔ publication success preserves ambiguous local edits and exact save recovery [12/25] (999.286255ms)
✔ publication failed preserves ambiguous local edits and exact save recovery [12/25] (937.123832ms)
✔ publication success preserves dirty local edits and exact save recovery [13/25] (1230.951442ms)
✔ publication failed preserves dirty local edits and exact save recovery [13/25] (1419.508526ms)
✔ publication success preserves ambiguous local edits and exact save recovery [13/25] (1381.751975ms)
✔ publication failed preserves ambiguous local edits and exact save recovery [13/25] (1289.405303ms)
✔ publication success preserves dirty local edits and exact save recovery [14/25] (922.723699ms)
✔ publication failed preserves dirty local edits and exact save recovery [14/25] (903.583708ms)
✔ publication success preserves ambiguous local edits and exact save recovery [14/25] (901.00576ms)
✔ publication failed preserves ambiguous local edits and exact save recovery [14/25] (968.296447ms)
✔ publication success preserves dirty local edits and exact save recovery [15/25] (883.772059ms)
✔ publication failed preserves dirty local edits and exact save recovery [15/25] (870.230497ms)
✔ publication success preserves ambiguous local edits and exact save recovery [15/25] (909.608236ms)
✔ publication failed preserves ambiguous local edits and exact save recovery [15/25] (938.738279ms)
✔ publication success preserves dirty local edits and exact save recovery [16/25] (918.869822ms)
✔ publication failed preserves dirty local edits and exact save recovery [16/25] (896.623691ms)
✔ publication success preserves ambiguous local edits and exact save recovery [16/25] (931.934858ms)
✔ publication failed preserves ambiguous local edits and exact save recovery [16/25] (901.235897ms)
✔ publication success preserves dirty local edits and exact save recovery [17/25] (850.803273ms)
✔ publication failed preserves dirty local edits and exact save recovery [17/25] (915.847464ms)
✔ publication success preserves ambiguous local edits and exact save recovery [17/25] (889.153458ms)
✔ publication failed preserves ambiguous local edits and exact save recovery [17/25] (926.958646ms)
✔ publication success preserves dirty local edits and exact save recovery [18/25] (868.733896ms)
✔ publication failed preserves dirty local edits and exact save recovery [18/25] (875.027916ms)
✔ publication success preserves ambiguous local edits and exact save recovery [18/25] (981.853841ms)
✔ publication failed preserves ambiguous local edits and exact save recovery [18/25] (956.296436ms)
✔ publication success preserves dirty local edits and exact save recovery [19/25] (849.789378ms)
✔ publication failed preserves dirty local edits and exact save recovery [19/25] (864.499215ms)
✔ publication success preserves ambiguous local edits and exact save recovery [19/25] (894.507482ms)
✔ publication failed preserves ambiguous local edits and exact save recovery [19/25] (990.771972ms)
✔ publication success preserves dirty local edits and exact save recovery [20/25] (831.186097ms)
✔ publication failed preserves dirty local edits and exact save recovery [20/25] (1000.289825ms)
✔ publication success preserves ambiguous local edits and exact save recovery [20/25] (939.398066ms)
✔ publication failed preserves ambiguous local edits and exact save recovery [20/25] (955.196066ms)
✔ publication success preserves dirty local edits and exact save recovery [21/25] (894.252537ms)
✔ publication failed preserves dirty local edits and exact save recovery [21/25] (935.860886ms)
✔ publication success preserves ambiguous local edits and exact save recovery [21/25] (962.34636ms)
✔ publication failed preserves ambiguous local edits and exact save recovery [21/25] (943.825586ms)
✔ publication success preserves dirty local edits and exact save recovery [22/25] (856.712866ms)
✔ publication failed preserves dirty local edits and exact save recovery [22/25] (953.317631ms)
✔ publication success preserves ambiguous local edits and exact save recovery [22/25] (963.164524ms)
✔ publication failed preserves ambiguous local edits and exact save recovery [22/25] (912.869783ms)
✔ publication success preserves dirty local edits and exact save recovery [23/25] (885.175811ms)
✔ publication failed preserves dirty local edits and exact save recovery [23/25] (896.303778ms)
✔ publication success preserves ambiguous local edits and exact save recovery [23/25] (936.405125ms)
✔ publication failed preserves ambiguous local edits and exact save recovery [23/25] (1006.1399ms)
✔ publication success preserves dirty local edits and exact save recovery [24/25] (857.993663ms)
✔ publication failed preserves dirty local edits and exact save recovery [24/25] (939.065851ms)
✔ publication success preserves ambiguous local edits and exact save recovery [24/25] (965.833796ms)
✔ publication failed preserves ambiguous local edits and exact save recovery [24/25] (978.70017ms)
✔ publication success preserves dirty local edits and exact save recovery [25/25] (893.791108ms)
✔ publication failed preserves dirty local edits and exact save recovery [25/25] (883.300657ms)
✔ publication success preserves ambiguous local edits and exact save recovery [25/25] (935.26098ms)
✔ publication failed preserves ambiguous local edits and exact save recovery [25/25] (899.591069ms)
ℹ tests 100
ℹ suites 0
ℹ pass 100
ℹ fail 0
ℹ cancelled 0
ℹ skipped 0
ℹ todo 0
ℹ duration_ms 94508.793948
