
 RUN  v5.0.2 /home/serveradmin/insignia-m5-003-worktree/packages/application

 ❯ src/publication/activation.test.ts (44 tests | 2 failed | 42 skipped) 44ms
   × the activation decision uses one exact midnight instant for key coverage 24ms
   × the restoration decision uses one exact midnight instant for key coverage 18ms

⎯⎯⎯⎯⎯⎯⎯ Failed Tests 2 ⎯⎯⎯⎯⎯⎯⎯

 FAIL  src/publication/activation.test.ts > the activation decision uses one exact midnight instant for key coverage
AssertionError: expected 20729 to be greater than or equal to 20730
 ❯ src/publication/activation.test.ts:702:23
    700|       if (phase === 'activation' && f.evidence) {
    701|         const day = Math.floor(Date.parse(f.evidence.createdAt) / 8640…
    702|         expect(20729).toBeGreaterThanOrEqual(day + 2);
       |                       ^
    703|       }
    704|       if (phase === 'restoration' && f.restores > 0) {

⎯⎯⎯⎯⎯⎯⎯⎯⎯⎯⎯⎯⎯⎯⎯⎯⎯⎯⎯⎯⎯⎯⎯⎯[1/2]⎯

 FAIL  src/publication/activation.test.ts > the restoration decision uses one exact midnight instant for key coverage
AssertionError: expected 20729 to be greater than or equal to 20730
 ❯ src/publication/activation.test.ts:709:23
    707|         // leaves it claimed/pending with no provider call.
    708|         expect(f.stateAtRestore?.kind).toBe('RESTORATION_CLAIMED');
    709|         expect(20729).toBeGreaterThanOrEqual(Math.floor(f.restoreClock…
       |                       ^
    710|       }
    711|     }

⎯⎯⎯⎯⎯⎯⎯⎯⎯⎯⎯⎯⎯⎯⎯⎯⎯⎯⎯⎯⎯⎯⎯⎯[2/2]⎯


 Test Files  1 failed (1)
      Tests  2 failed | 42 skipped (44)
   Start at  14:16:03
   Duration  313ms (transform 49%, import 25%, tests 24%, worker 2%)

Error: ERR_PNPM_RECURSIVE_EXEC_FIRST_FAIL

  × "pnpm recursive exec" failed in /home/serveradmin/insignia-m5-003-
  │ worktree/packages/application
