✔ admin distinguishes activation waiting, held, restoration and conflict without manufacturing ACTIVE (1.099211ms)
✖ publication conflict outranks a retained held/pending activation state (1.176059ms)
ℹ tests 2
ℹ suites 0
ℹ pass 1
ℹ fail 1
ℹ cancelled 0
ℹ skipped 0
ℹ todo 0
ℹ duration_ms 115.626362

✖ failing tests:

test at apps/web/test/admin/activation-state.test.mjs:55:1
✖ publication conflict outranks a retained held/pending activation state (1.176059ms)
  AssertionError [ERR_ASSERTION]: Expected values to be strictly equal:
  + actual - expected

  + 'HELD_ACTIVATION_PENDING'
  - 'OPERATOR_HOLD'

      at TestContext.<anonymous> (file:///home/serveradmin/insignia-m5-003-worktree/apps/web/test/admin/activation-state.test.mjs:56:10)
      at Test.runInAsyncScope (node:async_hooks:227:14)
      at Test.run (node:internal/test_runner/test:1402:25)
      at Test.processPendingSubtests (node:internal/test_runner/test:974:18)
      at Test.postRun (node:internal/test_runner/test:1542:19)
      at Test.run (node:internal/test_runner/test:1467:12)
      at async startSubtestAfterBootstrap (node:internal/test_runner/harness:387:3) {
    generatedMessage: true,
    code: 'ERR_ASSERTION',
    actual: 'HELD_ACTIVATION_PENDING',
    expected: 'OPERATOR_HOLD',
    operator: 'strictEqual',
    diff: 'simple'
  }
