✔ real PG activation composes trusted release, synthetic Shopify hold and immutable evidence (510.709239ms)
✔ admin distinguishes activation waiting, held, restoration and conflict without manufacturing ACTIVE (1.178428ms)
✔ overlapping distinct-key M5 creates serialize before the command FK lock upgrade (203.60174ms)
✔ currency precision rejects invalid saved and legacy publication amounts without rounding or durable intent (245.770472ms)
✔ durable editor CAS, exact-key replay, independent copy, immutable geometry, and reinstall fence (528.587357ms)
✔ actual M4 prepare/advance over immutable M5 revision reports ready, conflict and hold truthfully (701.677982ms)
✔ diagnostic preview requires accounting and HTTPS before any provider access (472.168212ms)
[shopify-api/INFO] version 15.0.0, environment Node v24.21.0
[shopify-api/INFO] Future flag customerAddressDefaultFix is disabled.

  Enable this flag to change the CustomerAddress classes to expose a 'is_default' property instead of 'default' when fetching data.

[shopify-api/INFO] Future flag unstable_managedPricingSupport is disabled.

  Enable this flag to support managed pricing, so apps can check for payments without needing a billing config. Learn more at https://shopify.dev/docs/apps/launch/billing/managed-pricing

[shopify-api/INFO] Creating new session | {shop: synthetic-preview.myshopify.com, isOnline: true}
✔ live-style SDK identity, local PG create/save/reload/CAS/exact ambiguous replay and mutation refusal (644.507589ms)
[shopify-api/INFO] version 15.0.0, environment Node v24.21.0
[shopify-api/INFO] Future flag customerAddressDefaultFix is disabled.

  Enable this flag to change the CustomerAddress classes to expose a 'is_default' property instead of 'default' when fetching data.

[shopify-api/INFO] Future flag unstable_managedPricingSupport is disabled.

  Enable this flag to support managed pricing, so apps can check for payments without needing a billing config. Learn more at https://shopify.dev/docs/apps/launch/billing/managed-pricing

[shopify-api/INFO] Creating new session | {shop: m58f64a5991b94aa5806d66e41e037b2c.myshopify.com, isOnline: true}
▶ production composition uses signed staff SDK, current feature policy and real M4 prepare with admission hold
  ✔ scheduled cancellation boundary 2026-09-30T23:59:59.999Z: allowed=true (14.214769ms)
  ✔ scheduled cancellation boundary 2026-10-01T00:00:00.000Z: allowed=false (13.907303ms)
  ✔ scheduled cancellation boundary 2026-10-01T00:00:00.001Z: allowed=false (13.397696ms)
✔ production composition uses signed staff SDK, current feature policy and real M4 prepare with admission hold (536.58215ms)
✔ server activation composition cannot promote a diagnostic observation without trusted release source (1.896559ms)
✔ built HTTP ingress authenticates raw bytes and durably deduplicates through PostgreSQL and queue (3427.577106ms)
ℹ tests 14
ℹ suites 0
ℹ pass 14
ℹ fail 0
ℹ cancelled 0
ℹ skipped 0
ℹ todo 0
ℹ duration_ms 10549.591196
