$ node scripts/m5-003/large-history.mjs
{
  "pointer": {
    "planningMs": 2.509,
    "executionMs": 0.207,
    "rows": 1,
    "indexes": [
      "m5_current_publication_pointer_pkey",
      "publication_operations_pkey",
      "m4_publication_progress_pkey",
      "m5_activation_state_pkey",
      "config_revision_geometry_pkey"
    ]
  },
  "fallback": {
    "planningMs": 2.189,
    "executionMs": 3.097,
    "rows": 1,
    "indexes": [
      "m5_current_publication_visible_idx",
      "config_revision_presentation_pkey",
      "m5_activation_state_pkey",
      "m4_publication_progress_pkey"
    ]
  },
  "adminEffective": {
    "planningMs": 0.145,
    "executionMs": 0.015,
    "rows": 1,
    "indexes": [
      "product_configs_shop_id_external_product_id_key"
    ]
  }
}
