$ node scripts/m5-003/large-history.mjs
{
  "pointer": {
    "planningMs": 1.105,
    "executionMs": 0.085,
    "rows": 1,
    "indexes": [
      "m5_current_publication_pointer_pkey",
      "publication_operations_shop_id_config_id_operation_id_key",
      "m4_publication_progress_pkey",
      "m5_activation_state_pkey",
      "shops_pkey",
      "config_revision_geometry_pkey"
    ]
  },
  "fallback": {
    "planningMs": 0.762,
    "executionMs": 1.267,
    "rows": 1,
    "indexes": [
      "shops_pkey",
      "m5_current_publication_visible_idx",
      "m4_publication_progress_pkey",
      "config_revision_presentation_pkey",
      "m5_activation_state_pkey"
    ]
  },
  "adminEffective": {
    "planningMs": 0.156,
    "executionMs": 0.016,
    "rows": 1,
    "indexes": [
      "product_configs_shop_id_external_product_id_key"
    ]
  }
}
