$ M5_PUBLICATION_STRESS_ITERATIONS=25 corepack pnpm --filter @insignia/web exec node --test --test-name-pattern="publication (success|failed) preserves" test/admin/editor-browser.test.mjs
✔ publication success preserves dirty local edits and exact save recovery [1/25] (1421.245805ms)
✔ publication failed preserves dirty local edits and exact save recovery [1/25] (1035.145972ms)
✔ publication success preserves ambiguous local edits and exact save recovery [1/25] (1011.411528ms)
✔ publication failed preserves ambiguous local edits and exact save recovery [1/25] (952.831967ms)
✔ publication success preserves dirty local edits and exact save recovery [2/25] (908.901317ms)
✔ publication failed preserves dirty local edits and exact save recovery [2/25] (832.349415ms)
✔ publication success preserves ambiguous local edits and exact save recovery [2/25] (977.299387ms)
✔ publication failed preserves ambiguous local edits and exact save recovery [2/25] (911.539109ms)
✔ publication success preserves dirty local edits and exact save recovery [3/25] (891.307837ms)
✔ publication failed preserves dirty local edits and exact save recovery [3/25] (886.621283ms)
✔ publication success preserves ambiguous local edits and exact save recovery [3/25] (930.722481ms)
✔ publication failed preserves ambiguous local edits and exact save recovery [3/25] (899.554866ms)
✔ publication success preserves dirty local edits and exact save recovery [4/25] (869.877505ms)
✔ publication failed preserves dirty local edits and exact save recovery [4/25] (801.272437ms)
✔ publication success preserves ambiguous local edits and exact save recovery [4/25] (924.539822ms)
✔ publication failed preserves ambiguous local edits and exact save recovery [4/25] (899.152296ms)
✔ publication success preserves dirty local edits and exact save recovery [5/25] (826.307606ms)
✔ publication failed preserves dirty local edits and exact save recovery [5/25] (847.446546ms)
✔ publication success preserves ambiguous local edits and exact save recovery [5/25] (879.445051ms)
✔ publication failed preserves ambiguous local edits and exact save recovery [5/25] (974.650134ms)
✔ publication success preserves dirty local edits and exact save recovery [6/25] (809.180333ms)
✔ publication failed preserves dirty local edits and exact save recovery [6/25] (834.301523ms)
✔ publication success preserves ambiguous local edits and exact save recovery [6/25] (993.48743ms)
✔ publication failed preserves ambiguous local edits and exact save recovery [6/25] (1126.025922ms)
✔ publication success preserves dirty local edits and exact save recovery [7/25] (824.892725ms)
✔ publication failed preserves dirty local edits and exact save recovery [7/25] (826.892207ms)
✔ publication success preserves ambiguous local edits and exact save recovery [7/25] (892.152241ms)
✔ publication failed preserves ambiguous local edits and exact save recovery [7/25] (932.106013ms)
✔ publication success preserves dirty local edits and exact save recovery [8/25] (878.444314ms)
✔ publication failed preserves dirty local edits and exact save recovery [8/25] (880.443121ms)
✔ publication success preserves ambiguous local edits and exact save recovery [8/25] (907.414648ms)
✔ publication failed preserves ambiguous local edits and exact save recovery [8/25] (891.900149ms)
✔ publication success preserves dirty local edits and exact save recovery [9/25] (929.181165ms)
✔ publication failed preserves dirty local edits and exact save recovery [9/25] (844.41913ms)
✔ publication success preserves ambiguous local edits and exact save recovery [9/25] (970.084588ms)
✔ publication failed preserves ambiguous local edits and exact save recovery [9/25] (893.462381ms)
✔ publication success preserves dirty local edits and exact save recovery [10/25] (865.949348ms)
✔ publication failed preserves dirty local edits and exact save recovery [10/25] (841.547007ms)
✔ publication success preserves ambiguous local edits and exact save recovery [10/25] (989.067023ms)
✔ publication failed preserves ambiguous local edits and exact save recovery [10/25] (953.139474ms)
✔ publication success preserves dirty local edits and exact save recovery [11/25] (850.416315ms)
✔ publication failed preserves dirty local edits and exact save recovery [11/25] (953.477949ms)
✔ publication success preserves ambiguous local edits and exact save recovery [11/25] (1011.986601ms)
✔ publication failed preserves ambiguous local edits and exact save recovery [11/25] (951.460672ms)
✔ publication success preserves dirty local edits and exact save recovery [12/25] (845.438445ms)
✔ publication failed preserves dirty local edits and exact save recovery [12/25] (950.895438ms)
✔ publication success preserves ambiguous local edits and exact save recovery [12/25] (995.691938ms)
✔ publication failed preserves ambiguous local edits and exact save recovery [12/25] (1058.141482ms)
✔ publication success preserves dirty local edits and exact save recovery [13/25] (1018.688955ms)
✔ publication failed preserves dirty local edits and exact save recovery [13/25] (925.121402ms)
✔ publication success preserves ambiguous local edits and exact save recovery [13/25] (932.247862ms)
✔ publication failed preserves ambiguous local edits and exact save recovery [13/25] (914.835779ms)
✔ publication success preserves dirty local edits and exact save recovery [14/25] (849.611405ms)
✔ publication failed preserves dirty local edits and exact save recovery [14/25] (864.427492ms)
✔ publication success preserves ambiguous local edits and exact save recovery [14/25] (971.445897ms)
✔ publication failed preserves ambiguous local edits and exact save recovery [14/25] (933.919032ms)
✔ publication success preserves dirty local edits and exact save recovery [15/25] (884.151599ms)
✔ publication failed preserves dirty local edits and exact save recovery [15/25] (869.348648ms)
✔ publication success preserves ambiguous local edits and exact save recovery [15/25] (966.219563ms)
✔ publication failed preserves ambiguous local edits and exact save recovery [15/25] (911.760381ms)
✔ publication success preserves dirty local edits and exact save recovery [16/25] (864.000481ms)
✔ publication failed preserves dirty local edits and exact save recovery [16/25] (906.631746ms)
✔ publication success preserves ambiguous local edits and exact save recovery [16/25] (978.04648ms)
✔ publication failed preserves ambiguous local edits and exact save recovery [16/25] (938.078561ms)
✔ publication success preserves dirty local edits and exact save recovery [17/25] (872.037881ms)
✔ publication failed preserves dirty local edits and exact save recovery [17/25] (861.439089ms)
✔ publication success preserves ambiguous local edits and exact save recovery [17/25] (935.51451ms)
✔ publication failed preserves ambiguous local edits and exact save recovery [17/25] (977.394466ms)
✔ publication success preserves dirty local edits and exact save recovery [18/25] (888.401581ms)
✔ publication failed preserves dirty local edits and exact save recovery [18/25] (879.394503ms)
✔ publication success preserves ambiguous local edits and exact save recovery [18/25] (933.998427ms)
✔ publication failed preserves ambiguous local edits and exact save recovery [18/25] (985.839955ms)
✔ publication success preserves dirty local edits and exact save recovery [19/25] (886.43195ms)
✔ publication failed preserves dirty local edits and exact save recovery [19/25] (1014.694814ms)
✔ publication success preserves ambiguous local edits and exact save recovery [19/25] (929.471196ms)
✔ publication failed preserves ambiguous local edits and exact save recovery [19/25] (953.931538ms)
✔ publication success preserves dirty local edits and exact save recovery [20/25] (845.058422ms)
✔ publication failed preserves dirty local edits and exact save recovery [20/25] (898.358971ms)
✔ publication success preserves ambiguous local edits and exact save recovery [20/25] (950.078853ms)
✔ publication failed preserves ambiguous local edits and exact save recovery [20/25] (918.045772ms)
✔ publication success preserves dirty local edits and exact save recovery [21/25] (855.938579ms)
✔ publication failed preserves dirty local edits and exact save recovery [21/25] (841.093226ms)
✔ publication success preserves ambiguous local edits and exact save recovery [21/25] (955.60508ms)
✔ publication failed preserves ambiguous local edits and exact save recovery [21/25] (906.890421ms)
✔ publication success preserves dirty local edits and exact save recovery [22/25] (896.55964ms)
✔ publication failed preserves dirty local edits and exact save recovery [22/25] (839.108645ms)
✔ publication success preserves ambiguous local edits and exact save recovery [22/25] (1010.755287ms)
✔ publication failed preserves ambiguous local edits and exact save recovery [22/25] (951.940356ms)
✔ publication success preserves dirty local edits and exact save recovery [23/25] (896.022482ms)
✔ publication failed preserves dirty local edits and exact save recovery [23/25] (839.96354ms)
✔ publication success preserves ambiguous local edits and exact save recovery [23/25] (898.339593ms)
✔ publication failed preserves ambiguous local edits and exact save recovery [23/25] (887.670053ms)
✔ publication success preserves dirty local edits and exact save recovery [24/25] (841.471633ms)
✔ publication failed preserves dirty local edits and exact save recovery [24/25] (863.839868ms)
✔ publication success preserves ambiguous local edits and exact save recovery [24/25] (922.481023ms)
✔ publication failed preserves ambiguous local edits and exact save recovery [24/25] (941.08137ms)
✔ publication success preserves dirty local edits and exact save recovery [25/25] (913.583112ms)
✔ publication failed preserves dirty local edits and exact save recovery [25/25] (966.173668ms)
✔ publication success preserves ambiguous local edits and exact save recovery [25/25] (945.731934ms)
✔ publication failed preserves ambiguous local edits and exact save recovery [25/25] (1014.812303ms)
ℹ tests 100
ℹ suites 0
ℹ pass 100
ℹ fail 0
ℹ cancelled 0
ℹ skipped 0
ℹ todo 0
ℹ duration_ms 92649.579507
