$ corepack pnpm check:style && corepack pnpm build && corepack pnpm test:unit && corepack pnpm test:m5-operator && corepack pnpm test:vectors && corepack pnpm check:boundaries && corepack pnpm check:secrets && python3 -B scripts/boundaries/check-cargo-workspace.py && corepack pnpm check:rust && M1_FUNCTION_RUNNER=.m1-artifacts/tools/function-runner-9.2.2 python3 -B scripts/m4-002/replay-production-vectors.py && M1_FUNCTION_RUNNER=.m1-artifacts/tools/function-runner-9.2.2 node scripts/m4-003/replay-public-config.mjs && corepack pnpm test:browser && python3 -B spikes/m0-007/scripts/check-history.py && python3 -B spikes/m0-014/scripts/check-live-setup.py && python3 -B scripts/m1-functions/artifact-manifest.py
$ biome check .dependency-cruiser.cjs apps/storefront/src apps/storefront/test apps/storefront/scripts apps/storefront/vite.config.ts apps/web/src/islands apps/web/src/pages/live.ts apps/web/src/pages/api apps/web/src/server apps/web/src/shared apps/web/src/styles apps/web/test apps/web/astro.config.mjs apps/worker/src apps/worker/test packages/contracts/src packages/domain/src packages/cart-authorization/src packages/cart-authorization/test packages/application/src packages/database/src packages/database/test packages/shopify/src packages/shopify/test packages/visualizer/src packages/observability/src packages/observability/test scripts/boundaries scripts/m1-functions/check-vector.test.ts scripts/m5-002 scripts/m5-003
apps/web/src/server/admin/production.ts:69:57 lint/style/useTemplate  FIXABLE  ━━━━━━━━━━━━━━━━━━━━━

  i Template literals are preferred over string concatenation.

    67 │   const appOrigin = required(env, 'APP_URL');
    68 │   const appId = env.INSIGNIA_SHOPIFY_APP_ID;
  > 69 │   const appGid = appId && /^[1-9][0-9]*$/.test(appId) ? 'gid://shopify/App/' + appId : null;
       │                                                         ^^^^^^^^^^^^^^^^^^^^^^^^^^^^
    70 │   const shopify = createAdminOnlineIdentity({ apiKey, apiSecret, hostName: new URL(appOrigin).host });
    71 │   const core = createDurableCore(databasePool ?? new Pool({ connectionString: databaseUrl }));

  i Unsafe fix: Use a template literal.

     67  67 │     const appOrigin = required(env, 'APP_URL');
     68  68 │     const appId = env.INSIGNIA_SHOPIFY_APP_ID;
     69     │ - ··const·appGid·=·appId·&&·/^[1-9][0-9]*$/.test(appId)·?·'gid://shopify/App/'·+·appId·:·null;
         69 │ + ··const·appGid·=·appId·&&·/^[1-9][0-9]*$/.test(appId)·?·`gid://shopify/App/${appId}`·:·null;
     70  70 │     const shopify = createAdminOnlineIdentity({ apiKey, apiSecret, hostName: new URL(appOrigin).host });
     71  71 │     const core = createDurableCore(databasePool ?? new Pool({ connectionString: databaseUrl }));


apps/web/src/server/admin/production.ts:89:54 lint/style/useTemplate  FIXABLE  ━━━━━━━━━━━━━━━━━━━━━

  i Template literals are preferred over string concatenation.

    87 │       installationGeneration: actor.installationGeneration,
    88 │     });
  > 89 │     if (!scope || scope.shopDomain !== actor.shop || 'gid://shopify/Shop/' + scope.shopifyShopId !== actor.shopId)
       │                                                      ^^^^^^^^^^^^^^^^^^^^^^^^^^^^^^^^^^^^^^^^^^^
    90 │       throw new Error('Admin installation changed');
    91 │   }

  i Unsafe fix: Use a template literal.

     87  87 │         installationGeneration: actor.installationGeneration,
     88  88 │       });
     89     │ - ····if·(!scope·||·scope.shopDomain·!==·actor.shop·||·'gid://shopify/Shop/'·+·scope.shopifyShopId·!==·actor.shopId)
         89 │ + ····if·(!scope·||·scope.shopDomain·!==·actor.shop·||·`gid://shopify/Shop/${scope.shopifyShopId}`·!==·actor.shopId)
     90  90 │         throw new Error('Admin installation changed');
     91  91 │     }


apps/web/src/server/admin/production.ts:214:51 lint/style/useTemplate  FIXABLE  ━━━━━━━━━━━━━━━━━━━━

  i Template literals are preferred over string concatenation.

    212 │           const provider = await shopify.readInstallation(online);
    213 │           const tenant = await core.tenants.getShopByDomain(provider.shop);
  > 214 │           if (!tenant || !tenant.shopifyShopId || 'gid://shopify/Shop/' + tenant.shopifyShopId !== provider.shopId)
        │                                                   ^^^^^^^^^^^^^^^^^^^^^^^^^^^^^^^^^^^^^^^^^^^^
    215 │             throw new Error('Tenant installation mismatch');
    216 │           const installed = await core.tenants.getCurrentAdminInstallation(tenant.shopId);

  i Unsafe fix: Use a template literal.

    212 212 │             const provider = await shopify.readInstallation(online);
    213 213 │             const tenant = await core.tenants.getShopByDomain(provider.shop);
    214     │ - ··········if·(!tenant·||·!tenant.shopifyShopId·||·'gid://shopify/Shop/'·+·tenant.shopifyShopId·!==·provider.shopId)
        214 │ + ··········if·(!tenant·||·!tenant.shopifyShopId·||·`gid://shopify/Shop/${tenant.shopifyShopId}`·!==·provider.shopId)
    215 215 │               throw new Error('Tenant installation mismatch');
    216 216 │             const installed = await core.tenants.getCurrentAdminInstallation(tenant.shopId);


scripts/m5-002/preview-server.mjs:30:15 lint/style/useTemplate  FIXABLE  ━━━━━━━━━━━━━━━━━━━━━━━━━━━

  i Template literals are preferred over string concatenation.

    28 │   ['VALIDATION', 'extensions/insignia-cart-validation/src/cart_validations_generate_run.graphql'],
    29 │ ])
  > 30 │   process.env['INSIGNIA_M5_002_' + kind + '_QUERY_HASH'] = createHash('sha256')
       │               ^^^^^^^^^^^^^^^^^^^^^^^^^^^^^^^^^^^^^^^^^
    31 │     .update(readFileSync(resolve(root, path)))
    32 │     .digest('hex');

  i Unsafe fix: Use a template literal.

    28 28 │     ['VALIDATION', 'extensions/insignia-cart-validation/src/cart_validations_generate_run.graphql'],
    29 29 │   ])
    30    │ - ··process.env['INSIGNIA_M5_002_'·+·kind·+·'_QUERY_HASH']·=·createHash('sha256')
       30 │ + ··process.env[`INSIGNIA_M5_002_${kind}_QUERY_HASH`]·=·createHash('sha256')
    31 31 │       .update(readFileSync(resolve(root, path)))
    32 32 │       .digest('hex');


scripts/m5-002/read-register.mjs:34:33 lint/style/useTemplate  FIXABLE  ━━━━━━━━━━━━━━━━━━━━━━━━━━━━

  i Template literals are preferred over string concatenation.

    32 │     const descriptor = openSync(register, 'w', 0o600);
    33 │     try {
  > 34 │       writeFileSync(descriptor, JSON.stringify(state, null, 2) + '\n');
       │                                 ^^^^^^^^^^^^^^^^^^^^^^^^^^^^^^^^^^^^^
    35 │       fsyncSync(descriptor);
    36 │     } finally {

  i Unsafe fix: Use a template literal.

    32 32 │       const descriptor = openSync(register, 'w', 0o600);
    33 33 │       try {
    34    │ - ······writeFileSync(descriptor,·JSON.stringify(state,·null,·2)·+·'\n');
       34 │ + ······writeFileSync(descriptor,·`${JSON.stringify(state,·null,·2)}\n`);
    35 35 │         fsyncSync(descriptor);
    36 36 │       } finally {


scripts/m5-003/large-history.mjs:28:34 lint/style/useTemplate  FIXABLE  ━━━━━━━━━━━━━━━━━━━━━━━━━━━━

  i Template literals are preferred over string concatenation.

    26 │     shopId,
    27 │     shopDomain: `${shopId}.benchmark.example`,
  > 28 │     shopifyShopId: String(BigInt('0x' + shopId.replaceAll('-', '').slice(0, 15))),
       │                                  ^^^^^^^^^^^^^^^^^^^^^^^^^^^^^^^^^^^^^^^^^^^^^^
    29 │   });
    30 │   await core.tenants.startInstallation(tx, shopId);

  i Unsafe fix: Use a template literal.

     26  26 │       shopId,
     27  27 │       shopDomain: `${shopId}.benchmark.example`,
     28     │ - ····shopifyShopId:·String(BigInt('0x'·+·shopId.replaceAll('-',·'').slice(0,·15))),
         28 │ + ····shopifyShopId:·String(BigInt(`0x${shopId.replaceAll('-',·'').slice(0,·15)}`)),
     29  29 │     });
     30  30 │     await core.tenants.startInstallation(tx, shopId);


scripts/m5-003/large-history.mjs:293:22 lint/style/useTemplate  FIXABLE  ━━━━━━━━━━━━━━━━━━━━━━━━━━━

  i Template literals are preferred over string concatenation.

    291 │ const out = resolve(process.env.M5_QUERY_PLAN_OUTPUT ?? 'docs/delivery/evidence/m5-003/query-plan.json');
    292 │ await mkdir(resolve(out, '..'), { recursive: true });
  > 293 │ await writeFile(out, JSON.stringify(artifact, null, 2) + '\n');
        │                      ^^^^^^^^^^^^^^^^^^^^^^^^^^^^^^^^^^^^^^^^
    294 │ console.log(JSON.stringify(Object.fromEntries(Object.entries(plans).map(([name, p]) => [name, p.summary])), null, 2));
    295 │ await reader.close();

  i Unsafe fix: Use a template literal.

    291 291 │   const out = resolve(process.env.M5_QUERY_PLAN_OUTPUT ?? 'docs/delivery/evidence/m5-003/query-plan.json');
    292 292 │   await mkdir(resolve(out, '..'), { recursive: true });
    293     │ - await·writeFile(out,·JSON.stringify(artifact,·null,·2)·+·'\n');
        293 │ + await·writeFile(out,·`${JSON.stringify(artifact,·null,·2)}\n`);
    294 294 │   console.log(JSON.stringify(Object.fromEntries(Object.entries(plans).map(([name, p]) => [name, p.summary])), null, 2));
    295 295 │   await reader.close();


apps/web/src/server/admin/auth.ts:48:48 lint/style/noNonNullAssertion ━━━━━━━━━━━━━━━━━━━━━━━━━━━━━━

  ! Forbidden non-null assertion.

    46 │     let identity: VerifiedAdminIdentity;
    47 │     try {
  > 48 │       identity = await port.verifySessionToken(match[1]!);
       │                                                ^^^^^^^^^
    49 │     } catch {
    50 │       return null;


apps/web/src/server/admin/auth.ts:61:50 lint/style/noNonNullAssertion ━━━━━━━━━━━━━━━━━━━━━━━━━━━━━━

  ! Forbidden non-null assertion.

    59 │     )
    60 │       return null;
  > 61 │     const grant = await port.exchangeOnlineGrant(match[1]!, identity);
       │                                                  ^^^^^^^^^
    62 │     if (
    63 │       grant.shop !== identity.shop ||


apps/web/src/server/admin/preview.ts:109:28 lint/style/noNonNullAssertion ━━━━━━━━━━━━━━━━━━━━━━━━━━

  ! Forbidden non-null assertion.

    107 │             .then((found) => (found ? project(found) : null)),
    108 │         );
  > 109 │       const result = await map.get(id)!;
        │                            ^^^^^^^^^^^^
    110 │       await active(actor);
    111 │       return result;


apps/web/src/server/admin/preview.ts:116:28 lint/style/noNonNullAssertion ━━━━━━━━━━━━━━━━━━━━━━━━━━

  ! Forbidden non-null assertion.

    114 │       await active(actor);
    115 │       if (!currencies.has(actor)) currencies.set(actor, reader(actor).shopCurrency());
  > 116 │       const result = await currencies.get(actor)!;
        │                            ^^^^^^^^^^^^^^^^^^^^^^
    117 │       await active(actor);
    118 │       return result;


apps/web/src/server/admin/preview.ts:163:34 lint/style/noNonNullAssertion ━━━━━━━━━━━━━━━━━━━━━━━━━━

  ! Forbidden non-null assertion.

    161 │                   shopId: randomUUID(),
    162 │                   shopDomain: shop,
  > 163 │                   shopifyShopId: shopId.split('/').at(-1)!,
        │                                  ^^^^^^^^^^^^^^^^^^^^^^^^^
    164 │                   externalInstallationId: provider.installationId,
    165 │                 }),


apps/web/src/server/admin/preview.ts:223:26 lint/style/noNonNullAssertion ━━━━━━━━━━━━━━━━━━━━━━━━━━

  ! Forbidden non-null assertion.

    221 │                   installationGeneration: bound.installationGeneration,
    222 │                   shopifyShopId: shopId,
  > 223 │                   appId: env.INSIGNIA_M5_002_APP_RESOURCE!,
        │                          ^^^^^^^^^^^^^^^^^^^^^^^^^^^^^^^^^
    224 │                 },
    225 │                 {


apps/web/src/server/admin/preview.ts:227:46 lint/style/noNonNullAssertion ━━━━━━━━━━━━━━━━━━━━━━━━━━

  ! Forbidden non-null assertion.

    225 │                 {
    226 │                   appKey: client,
  > 227 │                   transformInputQuerySha256: env.INSIGNIA_M5_002_TRANSFORM_QUERY_HASH!,
        │                                              ^^^^^^^^^^^^^^^^^^^^^^^^^^^^^^^^^^^^^^^^^
    228 │                   validationInputQuerySha256: env.INSIGNIA_M5_002_VALIDATION_QUERY_HASH!,
    229 │                 },


apps/web/src/server/admin/preview.ts:228:47 lint/style/noNonNullAssertion ━━━━━━━━━━━━━━━━━━━━━━━━━━

  ! Forbidden non-null assertion.

    226 │                   appKey: client,
    227 │                   transformInputQuerySha256: env.INSIGNIA_M5_002_TRANSFORM_QUERY_HASH!,
  > 228 │                   validationInputQuerySha256: env.INSIGNIA_M5_002_VALIDATION_QUERY_HASH!,
        │                                               ^^^^^^^^^^^^^^^^^^^^^^^^^^^^^^^^^^^^^^^^^^
    229 │                 },
    230 │               );


apps/web/src/server/admin/production.ts:214:15 lint/complexity/useOptionalChain  FIXABLE  ━━━━━━━━━━

  ! Change to an optional chain.

    212 │           const provider = await shopify.readInstallation(online);
    213 │           const tenant = await core.tenants.getShopByDomain(provider.shop);
  > 214 │           if (!tenant || !tenant.shopifyShopId || 'gid://shopify/Shop/' + tenant.shopifyShopId !== provider.shopId)
        │               ^^^^^^^^^^^^^^^^^^^^^^^^^^^^^^^^
    215 │             throw new Error('Tenant installation mismatch');
    216 │           const installed = await core.tenants.getCurrentAdminInstallation(tenant.shopId);

  i Unsafe fix: Change to an optional chain.

    212 212 │             const provider = await shopify.readInstallation(online);
    213 213 │             const tenant = await core.tenants.getShopByDomain(provider.shop);
    214     │ - ··········if·(!tenant·||·!tenant.shopifyShopId·||·'gid://shopify/Shop/'·+·tenant.shopifyShopId·!==·provider.shopId)
        214 │ + ··········if·(!tenant?.shopifyShopId·||·'gid://shopify/Shop/'·+·tenant.shopifyShopId·!==·provider.shopId)
    215 215 │               throw new Error('Tenant installation mismatch');
    216 216 │             const installed = await core.tenants.getCurrentAdminInstallation(tenant.shopId);


apps/web/src/server/merchant-config.ts:123:28 lint/style/noNonNullAssertion ━━━━━━━━━━━━━━━━━━━━━━━━

  ! Forbidden non-null assertion.

    121 │         option.allowedValueIds.flatMap((id) => {
    122 │           const label = oldLabels?.[id];
  > 123 │           return label ? [[values.get(id)!, label]] : [];
        │                            ^^^^^^^^^^^^^^^
    124 │         }),
    125 │       );


apps/web/src/server/merchant-config.ts:126:47 lint/style/noNonNullAssertion ━━━━━━━━━━━━━━━━━━━━━━━━

  ! Forbidden non-null assertion.

    124 │         }),
    125 │       );
  > 126 │       return Object.keys(remapped).length ? [[options.get(option.id)!, remapped]] : [];
        │                                               ^^^^^^^^^^^^^^^^^^^^^^^
    127 │     }),
    128 │   );


apps/web/src/server/merchant-config.ts:132:50 lint/style/noNonNullAssertion ━━━━━━━━━━━━━━━━━━━━━━━━

  ! Forbidden non-null assertion.

    130 │     ...source,
    131 │     labels,
  > 132 │     methods: source.methods.map((item) => ({ id: methods.get(item.id)! })),
        │                                                  ^^^^^^^^^^^^^^^^^^^^^
    133 │     placements: source.placements.map((item) => ({
    134 │       ...item,


apps/web/src/server/merchant-config.ts:135:11 lint/style/noNonNullAssertion ━━━━━━━━━━━━━━━━━━━━━━━━

  ! Forbidden non-null assertion.

    133 │     placements: source.placements.map((item) => ({
    134 │       ...item,
  > 135 │       id: placements.get(item.id)!,
        │           ^^^^^^^^^^^^^^^^^^^^^^^^
    136 │       allowedMethodIds: item.allowedMethodIds.map((id) => methods.get(id)!),
    137 │       allowedStepIds: item.allowedStepIds.map((id) => steps.get(id)!),


The number of diagnostics exceeds the limit allowed. Use --max-diagnostics to increase it.
Diagnostics not shown: 78.
Checked 193 files in 336ms. No fixes applied.
Found 34 warnings.
Found 64 infos.
$ corepack pnpm -r --filter './packages/**' build && corepack pnpm -r --filter './apps/**' build
packages/contracts build$ tsc -p tsconfig.json
packages/observability build$ tsc -p tsconfig.json
packages/cart-authorization build$ tsc -p tsconfig.json
packages/domain build$ tsc -p tsconfig.json
packages/domain build: Done
packages/visualizer build$ tsc -p tsconfig.json
packages/contracts build: Done
packages/application build$ tsc -p tsconfig.json
packages/cart-authorization build: Done
packages/observability build: Done
packages/visualizer build: Done
packages/application build: Done
packages/database build$ tsc -p tsconfig.json
packages/shopify build$ tsc -p tsconfig.json
packages/shopify build: Done
packages/database build: Done
apps/storefront build$ tsc --noEmit && vite build && node scripts/copy-theme-asset.mjs
apps/worker build$ tsc -p tsconfig.json
apps/worker build: Done
apps/web build$ astro check && astro build
apps/storefront build: vite v8.3.1 building client environment for production...
apps/storefront build: transforming...
apps/storefront build: ✓ 5 modules transformed.
apps/storefront build: rendering chunks...
apps/storefront build: computing gzip size...
apps/storefront build: dist/insignia-storefront.js  14.03 kB │ gzip: 5.93 kB
apps/storefront build:
apps/storefront build: ✓ built in 27ms
apps/storefront build: Done
apps/web build: 13:37:35 [@astrojs/node] Enabling sessions with filesystem storage
apps/web build: 13:37:35 [types] Generated 67ms
apps/web build: 13:37:35 [check] Getting diagnostics for Astro files in /home/serveradmin/insignia-m5-003-worktree/apps/web...
apps/web build: Result (28 files):
apps/web build: - 0 errors
apps/web build: - 0 warnings
apps/web build: - 0 hints
apps/web build:
apps/web build: 13:37:40 [@astrojs/node] Enabling sessions with filesystem storage
apps/web build: 13:37:40 [types] Generated 67ms
apps/web build: 13:37:40 [build] output: "server"
apps/web build: 13:37:40 [build] mode: "server"
apps/web build: 13:37:40 [build] directory: /home/serveradmin/insignia-m5-003-worktree/apps/web/dist/
apps/web build: 13:37:40 [build] adapter: @astrojs/node
apps/web build: 13:37:40 [build] Collecting build info...
apps/web build: 13:37:40 [build] ✓ Completed in 113ms.
apps/web build: 13:37:40 [build] Building server entrypoints...
apps/web build: 13:37:40 [vite] ✓ built in 213ms
apps/web build: 13:37:42 [vite] ✓ built in 1.54s
apps/web build: 13:37:42 [vite] ✓ built in 206ms
apps/web build: 13:37:42 [build] Rearranging server assets...
apps/web build: 13:37:42 [build] ✓ Completed in 2.02s.
apps/web build: 13:37:42 [build] Server built in 2.14s
apps/web build: 13:37:42 [build] Complete!
apps/web build: Done
$ corepack pnpm --filter @insignia/domain test && corepack pnpm --filter @insignia/contracts test && corepack pnpm --filter @insignia/visualizer test && corepack pnpm --filter @insignia/cart-authorization test && corepack pnpm --filter @insignia/application test && corepack pnpm --filter @insignia/shopify test && corepack pnpm --filter @insignia/observability test && corepack pnpm --filter @insignia/worker test
$ vitest run

 RUN  v5.0.2 /home/serveradmin/insignia-m5-003-worktree/packages/domain


 Test Files  5 passed (5)
      Tests  26 passed (26)
   Start at  13:37:43
   Duration  443ms (transform 47%, tests 32%, import 16%, worker 5%)

$ vitest run

 RUN  v5.0.2 /home/serveradmin/insignia-m5-003-worktree/packages/contracts


 Test Files  2 passed (2)
      Tests  6 passed (6)
   Start at  13:37:44
   Duration  270ms (import 56%, transform 30%, tests 11%, worker 3%)

$ vitest run

 RUN  v5.0.2 /home/serveradmin/insignia-m5-003-worktree/packages/visualizer


 Test Files  2 passed (2)
      Tests  9 passed (9)
   Start at  13:37:44
   Duration  219ms (transform 64%, import 17%, tests 13%, worker 5%)

$ node --experimental-strip-types --test test/*.test.ts
✔ hard subset bounds and untrusted ordinary-line hints (2.035327ms)
✔ 33 buckets are refused before the signer is called (0.41133ms)
✔ every admitted code matches the versioned matrix and unknown/digital values reject (12.473095ms)
✔ production-generated carriers decode, conserve and verify for every complete set (6.977136ms)
✔ PostgreSQL-persisted negative adjustment has exact signed quote and member economics (1.145444ms)
✔ versioned 33-bucket vector rejects before any signing call (0.468124ms)
✔ production decoder and signature bytes preserve the independent v2 wire literal (5.434733ms)
✔ injected synthetic Ed25519 signer covers the complete set and three-day key window (2.919213ms)
✔ invalid window or set refuses signing and noncanonical carrier refuses decoding (0.690448ms)
ℹ tests 9
ℹ suites 0
ℹ pass 9
ℹ fail 0
ℹ cancelled 0
ℹ skipped 0
ℹ todo 0
ℹ duration_ms 174.840802
$ vitest run

 RUN  v5.0.2 /home/serveradmin/insignia-m5-003-worktree/packages/application


 Test Files  14 passed (14)
      Tests  171 passed (171)
   Start at  13:37:45
   Duration  1.35s (transform 43%, import 36%, tests 17%, worker 3%)

    Isolate  14 workers spawned · ~122ms startup each (spawn + environment, per file)
             at least ~448ms faster with isolate: false — reuses workers across files instead of one per file

$ vitest run

 RUN  v5.0.2 /home/serveradmin/insignia-m5-003-worktree/packages/shopify


 Test Files  12 passed (12)
      Tests  203 passed (203)
   Start at  13:37:47
   Duration  1.32s (tests 60%, transform 19%, import 18%, worker 3%)

    Isolate  12 workers spawned · ~123ms startup each (spawn + environment, per file)
             at least ~370ms faster with isolate: false — reuses workers across files instead of one per file

$ node --test test/*.test.mjs
✔ structured runtime events cannot emit arbitrary payload or credential fields (4.770618ms)
✔ metric labels are fixed outcomes and never contain tenant or delivery IDs (2.583295ms)
ℹ tests 2
ℹ suites 0
ℹ pass 2
ℹ fail 0
ℹ cancelled 0
ℹ skipped 0
ℹ todo 0
ℹ duration_ms 129.176409
$ node --test test/*.test.mjs
✔ current and previous synthetic wrapping keys remain available by ID (2.492677ms)
﹣ PostgreSQL claim retries the old refresh token after a lost response and fences stale replacement (0.972915ms) # SKIP
✔ diagnostic decodes and derives synthetic pixels without claiming durable readiness (10.916166ms)
✔ liveness stays separate from durable readiness; loopback metrics expose bounded outcomes (58.445136ms)
﹣ PostgreSQL pg-boss starts, retries, settles and replays after restart (1.017973ms) # SKIP
﹣ pg-boss retry after committed uninstall retains one deactivation and one inbox fact (0.179181ms) # SKIP
✔ process starts queues and workers before readiness; stop makes readiness unavailable (41.784147ms)
✔ startup failure closes a started queue without reporting readiness (1.741442ms)
{"level":30,"time":1790861870220,"event":"worker_started"}
{"level":30,"time":1790861870224,"event":"worker_started"}
{"level":30,"time":1790861870225,"event":"worker_started"}
{"level":30,"time":1790861870229,"event":"worker_started"}
{"level":30,"time":1790861870229,"event":"worker_started"}
{"level":30,"time":1790861870232,"event":"worker_started"}
✔ enqueue confirms exact inbox identity, including completed job replay (6.939045ms)
✔ null send without same persisted job is retryable, never an acknowledgement (1.560588ms)
✔ workers pass IDs only to injected durable handlers; failed attempt retries safely (3.462028ms)
✔ invalid job body and identity fail closed without invoking application (0.921547ms)
✔ enabled worker refuses missing credential-key configuration and stays not ready (1.391747ms)
✔ refresh claim contention is retried rather than silently completing its job (1.683743ms)
{"level":30,"time":1790861870220,"event":"webhook_enqueued","inboxId":"db37c616-3d14-4bdb-b8c5-da5be7f34485"}
{"level":30,"time":1790861870222,"event":"worker_stopped"}
{"level":50,"time":1790861870226,"event":"webhook_process_failed","inboxId":"a16dfed0-94ce-4109-a4bc-f40c49201ec6","errorClass":"ProcessingError","attempt":0}
{"level":30,"time":1790861870226,"event":"webhook_process_ok","inboxId":"a16dfed0-94ce-4109-a4bc-f40c49201ec6","attempt":1}
{"level":30,"time":1790861870227,"event":"refresh_process_ok","shopId":"9a8dece8-6699-4a88-968e-42bfe9a56a40","attempt":0}
{"level":30,"time":1790861870228,"event":"worker_stopped"}
{"level":50,"time":1790861870229,"event":"webhook_process_failed","inboxId":"2d93a90a-7015-4076-aac2-7934e0336042","errorClass":"ProcessingError","attempt":0}
{"level":30,"time":1790861870230,"event":"worker_stopped"}
{"level":50,"time":1790861870232,"event":"refresh_process_failed","errorClass":"RefreshError","attempt":0}
{"level":30,"time":1790861870232,"event":"worker_stopped"}
﹣ configured worker serves liveness and durable readiness, then closes on SIGTERM (0.991012ms) # SKIP
ℹ tests 15
ℹ suites 0
ℹ pass 11
ℹ fail 0
ℹ cancelled 0
ℹ skipped 4
ℹ todo 0
ℹ duration_ms 621.58707
$ node --test scripts/m5-002/read-register.test.mjs scripts/m5-002/built-runtime.test.mjs
✔ complete built server reproduces CLI development-mode CSP rejection (250.337948ms)
✔ actual launcher runtime preparation admits built hydration without widening CSP (214.165301ms)
✔ actual launcher register reserves durably before synthetic fetch, serializes and denies extra attempts (75.251721ms)
✔ exact SDK online exchange is counted per attempt; mutations, wrong targets and other token/event routes never send (2.005058ms)
✔ ambiguous or inflated history stops before any send (0.465806ms)
✔ one-shot loss applies only after a committed local save and never changes transport counts (1.747688ms)
ℹ tests 6
ℹ suites 0
ℹ pass 6
ℹ fail 0
ℹ cancelled 0
ℹ skipped 0
ℹ todo 0
ℹ duration_ms 540.749849
$ tsc -p scripts/m1-functions/tsconfig.json && node --test scripts/m1-functions/check-vector.test.ts
✔ TypeScript/Node and Rust share the exact experimental-v2 envelope/member bytes (5.752054ms)
ℹ tests 1
ℹ suites 0
ℹ pass 1
ℹ fail 0
ℹ cancelled 0
ℹ skipped 0
ℹ todo 0
ℹ duration_ms 122.964837
$ node scripts/boundaries/check.mjs && node scripts/boundaries/check-database-api.mjs && node scripts/boundaries/check-domain-effects.mjs && node --test scripts/boundaries/domain-effects.test.mjs
Boundary checks passed: 187 real modules, 4 browser modules, 19 negative source fixtures, 2 rejected browser bundles and exports.
Database public API rejects 19 compiler probes and 4 runtime deep imports.
6 production domain modules have no prohibited ambient effects
✔ Date.now is rejected in a production domain helper (8.990542ms)
✔ new Date is rejected in a production domain helper (0.820662ms)
✔ Math.random is rejected in a production domain helper (0.489972ms)
✔ globalThis.Date.now is rejected in a production domain helper (0.520817ms)
✔ fetch is rejected in a production domain helper (1.213053ms)
✔ globalThis.crypto is rejected in a production domain helper (0.418307ms)
✔ computed random is rejected in a production domain helper (0.902474ms)
✔ template random is rejected in a production domain helper (0.687637ms)
✔ dynamic Math member is rejected in a production domain helper (1.248825ms)
✔ spread Date is rejected in a production domain helper (1.675755ms)
✔ random destructuring is rejected in a production domain helper (0.812813ms)
✔ date alias is rejected in a production domain helper (0.363589ms)
✔ math alias is rejected in a production domain helper (0.295111ms)
✔ import meta is rejected in a production domain helper (0.406525ms)
✔ process environment is rejected in a production domain helper (0.246237ms)
✔ deterministic numeric and explicit-value operations stay allowed (1.497081ms)
✔ type-only properties are not ambient API references (2.239943ms)
✔ compiled graph includes an imported module with an excluded test-like filename (790.933506ms)
ℹ tests 18
ℹ suites 0
ℹ pass 18
ℹ fail 0
ℹ cancelled 0
ℹ skipped 0
ℹ todo 0
ℹ duration_ms 1226.323442
$ node scripts/boundaries/check-secrets.mjs
Secret/fixture provenance check passed: 108 production source files, 82 separately scanned test/fixture files, 2 browser artifacts, 2 explicitly synthetic seeds.
20 archived Cargo manifests remain independent
$ bash scripts/m1-functions/check.sh
    Finished `dev` profile [unoptimized + debuginfo] target(s) in 0.11s
    Finished `test` profile [unoptimized + debuginfo] target(s) in 0.07s
     Running unittests src/lib.rs (target/debug/deps/cart_authorization-428bc6dab939b9b3)

running 0 tests

test result: ok. 0 passed; 0 failed; 0 ignored; 0 measured; 0 filtered out; finished in 0.00s

     Running tests/currency_matrix.rs (target/debug/deps/currency_matrix-a76cbbc666a7ab20)

running 1 test
test every_admitted_currency_agrees_with_versioned_ts_matrix ... ok

test result: ok. 1 passed; 0 failed; 0 ignored; 0 measured; 0 filtered out; finished in 0.01s

     Running tests/production_vectors.rs (target/debug/deps/production_vectors-931358b74671ec5f)

running 1 test
test production_typescript_vectors_verify_with_complete_rust_core ... ok

test result: ok. 1 passed; 0 failed; 0 ignored; 0 measured; 0 filtered out; finished in 0.13s

     Running tests/whole_quote.rs (target/debug/deps/whole_quote-dd6e3b33eb9f8a50)

running 13 tests
test every_header_byte_class_is_signed_and_structural_header_is_strict ... ok
test canonical_carriers_reject_length_padding_alphabet_and_tail_bits ... ok
test complete_ordered_set_verifies_once_and_matches_observed_price ... ok
test compensated_price_mutations_cannot_preserve_authorization_by_preserving_total ... ok
test last_member_change_invalidates_everything ... ok
test member_from_a_different_signed_quote_cannot_mix_with_original_envelope ... ok
test missing_duplicate_unsigned_and_extra_members_fail_closed ... ok
test noncanonical_public_point_and_revoked_or_out_of_window_keys_reject ... ok
test shared_python_typescript_rust_golden_vector_agrees ... ok
test independent_context_keys_date_and_physical_economics_reject ... ok
test signature_and_arithmetic_profiles_reject_mutations ... ok
test large_complete_quantity_and_500_unit_tier_cannot_be_partially_reused ... ok
test fifteen_independently_signed_high_bit_magic_variants_reject ... ok

test result: ok. 13 passed; 0 failed; 0 ignored; 0 measured; 0 filtered out; finished in 0.48s

     Running unittests src/main.rs (target/debug/deps/cart_transform-358275b5ea2405f6)

running 20 tests
test capacity::tests::cart_line_width_and_grammar ... ok
test capacity::tests::exact_output_bound_has_headroom ... ok
test product_policy::tests::illegible_lone_anchor_cannot_authorize_a_signed_quote ... ok
test product_policy::tests::absent_fields_are_unmanaged_but_a_single_lost_field_is_uncertain ... ok
test product_policy::tests::matching_ready_fields_classify_required_and_optional ... ok
test product_policy::tests::wrong_installation_generation_rejects_signed_too ... ok
test product_policy::tests::pending_malformed_and_stale_fields_block_plain_but_preserve_signed ... ok
test product_policy::tests::strict_grammar_rejects_unknown_states_and_noncanonical_revisions ... ok
test tests::no_partial_expansion_for_incomplete_or_tampered_set ... ok
test tests::revoked_and_out_of_window_public_keys_emit_no_price_operation ... ok
test tests::complete_set_sets_both_prices_and_copies_compact_member ... ok
test tests::signed_quote_with_only_illegible_policy_emits_no_price ... ok
test tests::context_physical_line_policy_and_cart_order_are_enforced ... ok
test tests::signed_quote_with_no_product_anchors_still_requires_shop_keys ... ok
test tests::ten_thousand_physical_units_use_two_expansions ... ok
test tests::unsigned_marker_removed_and_invalid_signature_emit_no_price ... ok
test tests::untrusted_config_cannot_raise_experiment_ceiling ... ok
test tests::signed_prices_survive_policy_revision_and_one_lost_anchor ... ok
test tests::transform_accepts_canonical_zero_and_echoes_target_local_id ... ok
test tests::ten_bucket_output_is_bounded_and_oversized_sets_emit_no_partial_operation ... ok

test result: ok. 20 passed; 0 failed; 0 ignored; 0 measured; 0 filtered out; finished in 0.07s

     Running unittests src/main.rs (target/debug/deps/cart_validation-95daed9c7c60dc1b)

running 24 tests
test capacity::tests::cart_line_width_and_grammar ... ok
test capacity::tests::exact_output_bound_has_headroom ... ok
test product_policy::tests::illegible_lone_anchor_cannot_authorize_a_signed_quote ... ok
test product_policy::tests::matching_ready_fields_classify_required_and_optional ... ok
test product_policy::tests::strict_grammar_rejects_unknown_states_and_noncanonical_revisions ... ok
test product_policy::tests::wrong_installation_generation_rejects_signed_too ... ok
test product_policy::tests::absent_fields_are_unmanaged_but_a_single_lost_field_is_uncertain ... ok
test product_policy::tests::pending_malformed_and_stale_fields_block_plain_but_preserve_signed ... ok
test tests::incomplete_tampered_and_unsigned_required_sets_reject ... ok
test tests::malformed_stale_pending_and_wrong_generation_policy_fail_plain ... ok
test tests::complete_set_compares_observed_exact_subtotals ... ok
test tests::one_lost_anchor_blocks_plain_while_explicit_optional_and_unmanaged_pass ... ok
test tests::revoked_and_out_of_window_public_keys_reject_checkout ... ok
test tests::buyer_marker_removal_cannot_turn_known_required_into_plain ... ok
test tests::cart_order_context_and_physical_claim_changes_fail_at_checkout ... ok
test tests::signed_quote_with_only_illegible_policy_rejects ... ok
test tests::mixed_200_line_cart_blocks_damaged_managed_line_then_recovers ... ok
test tests::signed_historical_quote_survives_same_generation_policy_revision ... ok
test tests::untrusted_config_cannot_raise_experiment_ceiling ... ok
test tests::signed_quote_with_no_product_anchors_needs_healthy_shop_keys ... ok
test tests::zero_based_cartline_does_not_bypass_economics_or_trust_at_checkout ... ok
test tests::ten_thousand_physical_units_validate_without_per_unit_expansion ... ok
test tests::ten_bucket_set_validates_and_oversized_sets_reject ... ok
test tests::zero_based_cartline_preserves_complete_signed_checkout_at_both_steps ... ok

test result: ok. 24 passed; 0 failed; 0 ignored; 0 measured; 0 filtered out; finished in 0.13s

   Doc-tests cart_authorization

running 0 tests

test result: ok. 0 passed; 0 failed; 0 ignored; 0 measured; 0 filtered out; finished in 0.00s

/home/serveradmin/insignia-m5-003-worktree/crates/cart-transform/target/m1-tools/shopify-function-trampoline-2.0.1: OK
    Finished `release` profile [optimized] target(s) in 0.04s
e7081ad72ce8b41dcc5917d3e0dd87bff9a9d81c73c2a683cc11f1b183a2d52d  /home/serveradmin/insignia-m5-003-worktree/extensions/insignia-cart-transform/target/cart-transform.raw.wasm
76e890cf702a6bc182e8ca8b55942260f33a5bc5e072d42c2f104a72161a4ddb  /home/serveradmin/insignia-m5-003-worktree/extensions/insignia-cart-transform/target/cart-transform.wasm
184504 /home/serveradmin/insignia-m5-003-worktree/extensions/insignia-cart-transform/target/cart-transform.raw.wasm
181570 /home/serveradmin/insignia-m5-003-worktree/extensions/insignia-cart-transform/target/cart-transform.wasm
366074 total
/home/serveradmin/insignia-m5-003-worktree/crates/cart-validation/target/m1-tools/shopify-function-trampoline-2.0.1: OK
    Finished `release` profile [optimized] target(s) in 0.04s
f32282420c3c1088e40d369e351d3d594cdd661fe46b239424fa7a3547a85c7a  /home/serveradmin/insignia-m5-003-worktree/extensions/insignia-cart-validation/target/cart-validation.raw.wasm
51cd4867fa5c8181eac421c65e3e7fd210662213c3705ffe5cfc8c8d4a085207  /home/serveradmin/insignia-m5-003-worktree/extensions/insignia-cart-validation/target/cart-validation.wasm
186152 /home/serveradmin/insignia-m5-003-worktree/extensions/insignia-cart-validation/target/cart-validation.raw.wasm
183160 /home/serveradmin/insignia-m5-003-worktree/extensions/insignia-cart-validation/target/cart-validation.wasm
369312 total
/home/serveradmin/insignia-m5-003-worktree/.m1-artifacts/tools/function-runner-9.2.2: OK
transform 8 e7081ad72ce8b41dcc5917d3e0dd87bff9a9d81c73c2a683cc11f1b183a2d52d 76e890cf702a6bc182e8ca8b55942260f33a5bc5e072d42c2f104a72161a4ddb
validation 18 f32282420c3c1088e40d369e351d3d594cdd661fe46b239424fa7a3547a85c7a 51cd4867fa5c8181eac421c65e3e7fd210662213c3705ffe5cfc8c8d4a085207
{
  "rows": 230,
  "positive": 16,
  "vectorsSha256": "7f0046b88183b79cbccc305c883aab0483a6cda1eddb191297e2295c35ac1eda",
  "transformWasmSha256": "76e890cf702a6bc182e8ca8b55942260f33a5bc5e072d42c2f104a72161a4ddb",
  "validationWasmSha256": "51cd4867fa5c8181eac421c65e3e7fd210662213c3705ffe5cfc8c8d4a085207"
}
M4-003 production builder config passed 6 complete Function runs.
$ corepack pnpm --filter @insignia/web test && corepack pnpm --filter @insignia/storefront test
$ node --test test/*.test.mjs test/admin/*.test.mjs
﹣ real PG activation composes trusted release, synthetic Shopify hold and immutable evidence (0.951828ms) # SKIP
✔ admin distinguishes activation waiting, held, restoration and conflict without manufacturing ACTIVE (1.165054ms)
✔ publication conflict outranks a retained held/pending activation state (0.189004ms)
✔ terminal operator hold outranks stale held activation (0.163387ms)
✔ current staff and installation grant read and edit; reinstallation is checked every request (1.823512ms)
✔ staff read access does not grant mutation (1.057468ms)
✔ expired or cross-shop identity and stale installation fail closed (0.47465ms)
✔ read requires current verified staff and exact shop, even on deep links (26.652296ms)
✔ mutation refuses cross-origin and staff denial before invoking command (2.356397ms)
✔ save carries exact product, draft version and idempotency to durable command (1.812174ms)
✔ stale draft save is a conflict, never a success response (0.948621ms)
✔ publish returns activation-pending truthfully and requires current edit grant (1.122037ms)
✔ a product missing from the verified shop cannot be changed (1.031607ms)
✔ expired identity and shop supplied in command body cannot create a config (1.057981ms)
✔ unwired admin backend serves no private catalog data (0.702526ms)
✔ unknown durable command failures remain unavailable without leaking details (0.859726ms)
✔ editor-generated fixed, override and tier defaults price through unchanged M2 in zero/two/three exponent currencies (4342.730829ms)
✔ real browser editor syncs typed view, variant and step controls with direct Konva canvas and saved draft (2009.042872ms)
✔ removing named choices drops only their labels including nested option value labels before save (1185.270383ms)
✔ variant without a saved image override retains the portrait default until explicit landscape adoption (951.295528ms)
✔ merchant currency adoption refreshes saved publication eligibility and later failed or stale reads fail closed (941.558521ms)
✔ mobile deep link, cookie-free reload, interrupted save, stale conflict, and missing Polaris control (2061.771138ms)
✔ interrupted publication resumes the identical request after reload and reaches a durable phase (854.152121ms)
✔ numeric placement input reaches owner state before blur and survives an owner rerender (1245.873553ms)
✔ publication success preserves dirty local edits and exact save recovery [1/1] (853.362515ms)
✔ publication failed preserves dirty local edits and exact save recovery [1/1] (881.666402ms)
✔ publication success preserves ambiguous local edits and exact save recovery [1/1] (903.414718ms)
✔ publication failed preserves ambiguous local edits and exact save recovery [1/1] (939.592698ms)
✔ publication retry keeps the original version after a newer draft edit when embedded storage is denied (811.236249ms)
✔ stale stored publication is replaced by the current immutable intent despite newer ineligible draft (646.847074ms)
✔ reinstalled Admin discards prior-generation browser request and publishes with a new key (641.395131ms)
✔ concurrent editor refreshes share one App Bridge identity request (1303.10252ms)
✔ empty merchant draft can be configured through typed controls and pass M2 validation (1153.877194ms)
﹣ overlapping distinct-key M5 creates serialize before the command FK lock upgrade (1.027417ms) # SKIP
﹣ currency precision rejects invalid saved and legacy publication amounts without rounding or durable intent (0.175867ms) # SKIP
﹣ durable editor CAS, exact-key replay, independent copy, immutable geometry, and reinstall fence (0.137086ms) # SKIP
﹣ actual M4 prepare/advance over immutable M5 revision reports ready, conflict and hold truthfully (0.96263ms) # SKIP
✔ diagnostic preview requires accounting and HTTPS before any provider access (494.134119ms)
﹣ live-style SDK identity, local PG create/save/reload/CAS/exact ambiguous replay and mutation refusal (0.669896ms) # SKIP
✔ preview same-token single flight; replacement and current-installation invalidation exchange fresh (1.416103ms)
✔ preview rejected exchange is not cached and expired or long-lived identity is denied (0.878316ms)
﹣ production composition uses signed staff SDK, current feature policy and real M4 prepare with admission hold (2.00275ms) # SKIP
✔ server activation composition cannot promote a diagnostic observation without trusted release source (1.85269ms)
✔ server composition binds trusted provider reads to one signed immutable quote candidate (55.222179ms)
✔ built SSR serves public shell and a real Polaris/Preact interaction (6143.214398ms)
✔ HTTP 5xx after durable inbox commit leads to same-ID retry and a single queue handoff (16.054929ms)
✔ stream bound rejects a lying or absent Content-Length before trusted metadata is stored (4.689336ms)
﹣ built HTTP ingress authenticates raw bytes and durably deduplicates through PostgreSQL and queue (1.010592ms) # SKIP
ℹ tests 48
ℹ suites 0
ℹ pass 40
ℹ fail 0
ℹ cancelled 0
ℹ skipped 8
ℹ todo 0
ℹ duration_ms 22401.938583
$ node --test test/*.test.mjs
✔ custom element mounts, unmounts, and contains DOM, state and events (753.421995ms)
ℹ tests 1
ℹ suites 0
ℹ pass 1
ℹ fail 0
ℹ cancelled 0
ℹ skipped 0
ℹ todo 0
ℹ duration_ms 1180.596326
{"archivedArchitectureRef": "0f2c80a316228bd69fdd2ff272e967ff14647b2b", "archivedArchitectureVerified": true, "archivedV1_2Ref": "662a78cd27507d8a2f1eaa976f1c644c93edd1be", "archivedV1_2Sha256": {"docs/architecture/OPTION-A-APPROVED.md": "321f86f5823a0b73b6a6483c172e5d56a0172de442f38dc79ae337de51adf209", "docs/architecture/decision-ledger.md": "97ebb79ddc53000c53c46218ba8c83a5ba2279720ed07ff50809706b4f1a800a", "docs/architecture/implementation-plan.md": "8bb45ac9e2834bf047824a2e3dda4da7f76692bae685f6657da7b3ab03d0b145"}, "archivedV1_3Ref": "4209bb16a09cff95d5cbbc1bbcb082e8c1fa8899", "archivedV1_3Sha256": {"docs/architecture/decision-ledger.md": "d4297182b12978822dae124a040a0d47aafcdb7749f7ad8602f0626e964937e9", "docs/architecture/implementation-plan.md": "b730c0dc274af8180a9aae3290189a8fd61b6b92e06681d345fe5d9aab22c06d"}, "currentArchitectureSha256": {"docs/architecture/OPTION-A-APPROVED.md": "321f86f5823a0b73b6a6483c172e5d56a0172de442f38dc79ae337de51adf209", "docs/architecture/decision-ledger.md": "3d1e8fe50c948822ba3403facfc142402d4fc6631d8d667a2e3341ff6cdbd802", "docs/architecture/implementation-plan.md": "cd59fd361d69adc3f307ee9b88ba1f5509ffeefb68aea90a15f9b88757b4e792"}, "currentArchitectureVersion": "1.4", "historicalMerge": "eaa386c90786e560d49f8311878c95d26cc3c7b8", "manifestSha256": "c2d017f70c4e781d174695c27b9a8c3295666c105af598d8caed6ce9a18160e8", "oldSourceCount": 41, "unchangedReceiptCount": 120}
{"draftProducts": 2, "hashedSetupReceipts": 14, "initialUnits": 272, "ownedFunctions": 2, "status": "PASS", "variants": 3}
48 required files hashed: .m1-artifacts/manifest.json
