$ M5_PUBLICATION_STRESS_ITERATIONS=25 corepack pnpm --filter @insignia/web exec node --test --test-name-pattern="publication (success|failed) preserves" test/admin/editor-browser.test.mjs
✔ publication success preserves dirty local edits and exact save recovery [1/25] (970.214977ms)
✔ publication failed preserves dirty local edits and exact save recovery [1/25] (895.023888ms)
✔ publication success preserves ambiguous local edits and exact save recovery [1/25] (977.576493ms)
✔ publication failed preserves ambiguous local edits and exact save recovery [1/25] (936.242025ms)
✔ publication success preserves dirty local edits and exact save recovery [2/25] (933.350574ms)
✔ publication failed preserves dirty local edits and exact save recovery [2/25] (881.385623ms)
✔ publication success preserves ambiguous local edits and exact save recovery [2/25] (914.673779ms)
✔ publication failed preserves ambiguous local edits and exact save recovery [2/25] (920.549122ms)
✔ publication success preserves dirty local edits and exact save recovery [3/25] (865.902209ms)
✔ publication failed preserves dirty local edits and exact save recovery [3/25] (848.207945ms)
✔ publication success preserves ambiguous local edits and exact save recovery [3/25] (948.782814ms)
✔ publication failed preserves ambiguous local edits and exact save recovery [3/25] (917.385388ms)
✔ publication success preserves dirty local edits and exact save recovery [4/25] (865.115515ms)
✔ publication failed preserves dirty local edits and exact save recovery [4/25] (851.738532ms)
✔ publication success preserves ambiguous local edits and exact save recovery [4/25] (936.400606ms)
✔ publication failed preserves ambiguous local edits and exact save recovery [4/25] (984.641398ms)
✔ publication success preserves dirty local edits and exact save recovery [5/25] (859.03943ms)
✔ publication failed preserves dirty local edits and exact save recovery [5/25] (863.893357ms)
✔ publication success preserves ambiguous local edits and exact save recovery [5/25] (950.933593ms)
✔ publication failed preserves ambiguous local edits and exact save recovery [5/25] (918.510435ms)
✔ publication success preserves dirty local edits and exact save recovery [6/25] (947.691748ms)
✔ publication failed preserves dirty local edits and exact save recovery [6/25] (888.357388ms)
✔ publication success preserves ambiguous local edits and exact save recovery [6/25] (980.522189ms)
✔ publication failed preserves ambiguous local edits and exact save recovery [6/25] (914.873289ms)
✔ publication success preserves dirty local edits and exact save recovery [7/25] (885.95947ms)
✔ publication failed preserves dirty local edits and exact save recovery [7/25] (886.204387ms)
✔ publication success preserves ambiguous local edits and exact save recovery [7/25] (985.477002ms)
✔ publication failed preserves ambiguous local edits and exact save recovery [7/25] (929.755581ms)
✔ publication success preserves dirty local edits and exact save recovery [8/25] (863.887398ms)
✔ publication failed preserves dirty local edits and exact save recovery [8/25] (865.289063ms)
✔ publication success preserves ambiguous local edits and exact save recovery [8/25] (949.094972ms)
✔ publication failed preserves ambiguous local edits and exact save recovery [8/25] (934.333295ms)
✔ publication success preserves dirty local edits and exact save recovery [9/25] (878.12953ms)
✔ publication failed preserves dirty local edits and exact save recovery [9/25] (902.177734ms)
✔ publication success preserves ambiguous local edits and exact save recovery [9/25] (900.067712ms)
✔ publication failed preserves ambiguous local edits and exact save recovery [9/25] (946.53771ms)
✔ publication success preserves dirty local edits and exact save recovery [10/25] (857.283497ms)
✔ publication failed preserves dirty local edits and exact save recovery [10/25] (928.376907ms)
✔ publication success preserves ambiguous local edits and exact save recovery [10/25] (965.337952ms)
✔ publication failed preserves ambiguous local edits and exact save recovery [10/25] (898.260867ms)
✔ publication success preserves dirty local edits and exact save recovery [11/25] (838.733152ms)
✔ publication failed preserves dirty local edits and exact save recovery [11/25] (834.450544ms)
✔ publication success preserves ambiguous local edits and exact save recovery [11/25] (1051.565659ms)
✔ publication failed preserves ambiguous local edits and exact save recovery [11/25] (937.108774ms)
✔ publication success preserves dirty local edits and exact save recovery [12/25] (842.01795ms)
✔ publication failed preserves dirty local edits and exact save recovery [12/25] (857.781278ms)
✔ publication success preserves ambiguous local edits and exact save recovery [12/25] (991.827268ms)
✔ publication failed preserves ambiguous local edits and exact save recovery [12/25] (927.410238ms)
✔ publication success preserves dirty local edits and exact save recovery [13/25] (832.387253ms)
✔ publication failed preserves dirty local edits and exact save recovery [13/25] (840.248668ms)
✔ publication success preserves ambiguous local edits and exact save recovery [13/25] (878.031057ms)
✔ publication failed preserves ambiguous local edits and exact save recovery [13/25] (884.730184ms)
✔ publication success preserves dirty local edits and exact save recovery [14/25] (822.115947ms)
✔ publication failed preserves dirty local edits and exact save recovery [14/25] (834.490979ms)
✔ publication success preserves ambiguous local edits and exact save recovery [14/25] (879.587862ms)
✔ publication failed preserves ambiguous local edits and exact save recovery [14/25] (1046.912117ms)
✔ publication success preserves dirty local edits and exact save recovery [15/25] (841.588864ms)
✔ publication failed preserves dirty local edits and exact save recovery [15/25] (889.781812ms)
✔ publication success preserves ambiguous local edits and exact save recovery [15/25] (946.802822ms)
✔ publication failed preserves ambiguous local edits and exact save recovery [15/25] (1023.634833ms)
✔ publication success preserves dirty local edits and exact save recovery [16/25] (866.521819ms)
✔ publication failed preserves dirty local edits and exact save recovery [16/25] (853.120346ms)
✔ publication success preserves ambiguous local edits and exact save recovery [16/25] (930.027052ms)
✔ publication failed preserves ambiguous local edits and exact save recovery [16/25] (1000.66881ms)
✔ publication success preserves dirty local edits and exact save recovery [17/25] (839.993025ms)
✔ publication failed preserves dirty local edits and exact save recovery [17/25] (848.817483ms)
✔ publication success preserves ambiguous local edits and exact save recovery [17/25] (925.911886ms)
✔ publication failed preserves ambiguous local edits and exact save recovery [17/25] (896.674282ms)
✔ publication success preserves dirty local edits and exact save recovery [18/25] (955.498465ms)
✔ publication failed preserves dirty local edits and exact save recovery [18/25] (882.669248ms)
✔ publication success preserves ambiguous local edits and exact save recovery [18/25] (915.191831ms)
✔ publication failed preserves ambiguous local edits and exact save recovery [18/25] (937.061713ms)
✔ publication success preserves dirty local edits and exact save recovery [19/25] (899.09271ms)
✔ publication failed preserves dirty local edits and exact save recovery [19/25] (848.056554ms)
✔ publication success preserves ambiguous local edits and exact save recovery [19/25] (878.011792ms)
✔ publication failed preserves ambiguous local edits and exact save recovery [19/25] (882.651935ms)
✔ publication success preserves dirty local edits and exact save recovery [20/25] (841.809027ms)
✔ publication failed preserves dirty local edits and exact save recovery [20/25] (882.224686ms)
✔ publication success preserves ambiguous local edits and exact save recovery [20/25] (961.999722ms)
✔ publication failed preserves ambiguous local edits and exact save recovery [20/25] (884.950612ms)
✔ publication success preserves dirty local edits and exact save recovery [21/25] (844.576153ms)
✔ publication failed preserves dirty local edits and exact save recovery [21/25] (940.732131ms)
✔ publication success preserves ambiguous local edits and exact save recovery [21/25] (921.047158ms)
✔ publication failed preserves ambiguous local edits and exact save recovery [21/25] (946.837362ms)
✔ publication success preserves dirty local edits and exact save recovery [22/25] (834.895273ms)
✔ publication failed preserves dirty local edits and exact save recovery [22/25] (822.856256ms)
✔ publication success preserves ambiguous local edits and exact save recovery [22/25] (920.322742ms)
✔ publication failed preserves ambiguous local edits and exact save recovery [22/25] (936.87099ms)
✔ publication success preserves dirty local edits and exact save recovery [23/25] (870.617347ms)
✔ publication failed preserves dirty local edits and exact save recovery [23/25] (867.519113ms)
✔ publication success preserves ambiguous local edits and exact save recovery [23/25] (927.110107ms)
✔ publication failed preserves ambiguous local edits and exact save recovery [23/25] (897.688965ms)
✔ publication success preserves dirty local edits and exact save recovery [24/25] (908.591575ms)
✔ publication failed preserves dirty local edits and exact save recovery [24/25] (930.440589ms)
✔ publication success preserves ambiguous local edits and exact save recovery [24/25] (1053.1192ms)
✔ publication failed preserves ambiguous local edits and exact save recovery [24/25] (894.720737ms)
✔ publication success preserves dirty local edits and exact save recovery [25/25] (843.243791ms)
✔ publication failed preserves dirty local edits and exact save recovery [25/25] (909.284446ms)
✔ publication success preserves ambiguous local edits and exact save recovery [25/25] (897.640462ms)
✔ publication failed preserves ambiguous local edits and exact save recovery [25/25] (915.264615ms)
ℹ tests 100
ℹ suites 0
ℹ pass 100
ℹ fail 0
ℹ cancelled 0
ℹ skipped 0
ℹ todo 0
ℹ duration_ms 91065.355239
