$ M5_PUBLICATION_STRESS_ITERATIONS=25 corepack pnpm --filter @insignia/web exec node --test --test-name-pattern="publication (success|failed) preserves" test/admin/editor-browser.test.mjs
✔ publication success preserves dirty local edits and exact save recovery [1/25] (1019.276484ms)
✔ publication failed preserves dirty local edits and exact save recovery [1/25] (905.929891ms)
✔ publication success preserves ambiguous local edits and exact save recovery [1/25] (952.294682ms)
✔ publication failed preserves ambiguous local edits and exact save recovery [1/25] (929.989172ms)
✔ publication success preserves dirty local edits and exact save recovery [2/25] (903.800031ms)
✔ publication failed preserves dirty local edits and exact save recovery [2/25] (861.726296ms)
✔ publication success preserves ambiguous local edits and exact save recovery [2/25] (1004.156974ms)
✔ publication failed preserves ambiguous local edits and exact save recovery [2/25] (925.231816ms)
✔ publication success preserves dirty local edits and exact save recovery [3/25] (887.920038ms)
✔ publication failed preserves dirty local edits and exact save recovery [3/25] (877.216623ms)
✔ publication success preserves ambiguous local edits and exact save recovery [3/25] (915.205888ms)
✔ publication failed preserves ambiguous local edits and exact save recovery [3/25] (908.233821ms)
✔ publication success preserves dirty local edits and exact save recovery [4/25] (961.373517ms)
✔ publication failed preserves dirty local edits and exact save recovery [4/25] (884.887325ms)
✔ publication success preserves ambiguous local edits and exact save recovery [4/25] (927.112114ms)
✔ publication failed preserves ambiguous local edits and exact save recovery [4/25] (923.430364ms)
✔ publication success preserves dirty local edits and exact save recovery [5/25] (847.819145ms)
✔ publication failed preserves dirty local edits and exact save recovery [5/25] (850.38163ms)
✔ publication success preserves ambiguous local edits and exact save recovery [5/25] (943.4216ms)
✔ publication failed preserves ambiguous local edits and exact save recovery [5/25] (921.458439ms)
✔ publication success preserves dirty local edits and exact save recovery [6/25] (852.601112ms)
✔ publication failed preserves dirty local edits and exact save recovery [6/25] (863.20224ms)
✔ publication success preserves ambiguous local edits and exact save recovery [6/25] (952.857715ms)
✔ publication failed preserves ambiguous local edits and exact save recovery [6/25] (927.647282ms)
✔ publication success preserves dirty local edits and exact save recovery [7/25] (867.168255ms)
✔ publication failed preserves dirty local edits and exact save recovery [7/25] (859.676861ms)
✔ publication success preserves ambiguous local edits and exact save recovery [7/25] (912.430214ms)
✔ publication failed preserves ambiguous local edits and exact save recovery [7/25] (918.408748ms)
✔ publication success preserves dirty local edits and exact save recovery [8/25] (881.586255ms)
✔ publication failed preserves dirty local edits and exact save recovery [8/25] (868.798561ms)
✔ publication success preserves ambiguous local edits and exact save recovery [8/25] (920.182142ms)
✔ publication failed preserves ambiguous local edits and exact save recovery [8/25] (957.573853ms)
✔ publication success preserves dirty local edits and exact save recovery [9/25] (874.06558ms)
✔ publication failed preserves dirty local edits and exact save recovery [9/25] (927.180831ms)
✔ publication success preserves ambiguous local edits and exact save recovery [9/25] (916.448073ms)
✔ publication failed preserves ambiguous local edits and exact save recovery [9/25] (919.991626ms)
✔ publication success preserves dirty local edits and exact save recovery [10/25] (865.105263ms)
✔ publication failed preserves dirty local edits and exact save recovery [10/25] (864.106156ms)
✔ publication success preserves ambiguous local edits and exact save recovery [10/25] (1003.875462ms)
✔ publication failed preserves ambiguous local edits and exact save recovery [10/25] (936.651767ms)
✔ publication success preserves dirty local edits and exact save recovery [11/25] (881.100297ms)
✔ publication failed preserves dirty local edits and exact save recovery [11/25] (858.495043ms)
✔ publication success preserves ambiguous local edits and exact save recovery [11/25] (945.508652ms)
✔ publication failed preserves ambiguous local edits and exact save recovery [11/25] (929.557545ms)
✔ publication success preserves dirty local edits and exact save recovery [12/25] (915.175331ms)
✔ publication failed preserves dirty local edits and exact save recovery [12/25] (862.889724ms)
✔ publication success preserves ambiguous local edits and exact save recovery [12/25] (916.744802ms)
✔ publication failed preserves ambiguous local edits and exact save recovery [12/25] (933.947237ms)
✔ publication success preserves dirty local edits and exact save recovery [13/25] (868.219519ms)
✔ publication failed preserves dirty local edits and exact save recovery [13/25] (866.790192ms)
✔ publication success preserves ambiguous local edits and exact save recovery [13/25] (930.806345ms)
✔ publication failed preserves ambiguous local edits and exact save recovery [13/25] (932.012484ms)
✔ publication success preserves dirty local edits and exact save recovery [14/25] (896.441579ms)
✔ publication failed preserves dirty local edits and exact save recovery [14/25] (943.654821ms)
✔ publication success preserves ambiguous local edits and exact save recovery [14/25] (928.928049ms)
✔ publication failed preserves ambiguous local edits and exact save recovery [14/25] (919.879303ms)
✔ publication success preserves dirty local edits and exact save recovery [15/25] (868.571545ms)
✔ publication failed preserves dirty local edits and exact save recovery [15/25] (862.212069ms)
✔ publication success preserves ambiguous local edits and exact save recovery [15/25] (954.631157ms)
✔ publication failed preserves ambiguous local edits and exact save recovery [15/25] (910.582566ms)
✔ publication success preserves dirty local edits and exact save recovery [16/25] (869.50418ms)
✔ publication failed preserves dirty local edits and exact save recovery [16/25] (860.456005ms)
✔ publication success preserves ambiguous local edits and exact save recovery [16/25] (926.301048ms)
✔ publication failed preserves ambiguous local edits and exact save recovery [16/25] (941.912807ms)
✔ publication success preserves dirty local edits and exact save recovery [17/25] (902.868207ms)
✔ publication failed preserves dirty local edits and exact save recovery [17/25] (828.031715ms)
✔ publication success preserves ambiguous local edits and exact save recovery [17/25] (925.080869ms)
✔ publication failed preserves ambiguous local edits and exact save recovery [17/25] (933.89948ms)
✔ publication success preserves dirty local edits and exact save recovery [18/25] (863.466598ms)
✔ publication failed preserves dirty local edits and exact save recovery [18/25] (884.689312ms)
✔ publication success preserves ambiguous local edits and exact save recovery [18/25] (965.866542ms)
✔ publication failed preserves ambiguous local edits and exact save recovery [18/25] (1044.039957ms)
✔ publication success preserves dirty local edits and exact save recovery [19/25] (866.806742ms)
✔ publication failed preserves dirty local edits and exact save recovery [19/25] (907.756067ms)
✔ publication success preserves ambiguous local edits and exact save recovery [19/25] (915.709662ms)
✔ publication failed preserves ambiguous local edits and exact save recovery [19/25] (957.297199ms)
✔ publication success preserves dirty local edits and exact save recovery [20/25] (878.729237ms)
✔ publication failed preserves dirty local edits and exact save recovery [20/25] (856.563435ms)
✔ publication success preserves ambiguous local edits and exact save recovery [20/25] (936.04092ms)
✔ publication failed preserves ambiguous local edits and exact save recovery [20/25] (917.845893ms)
✔ publication success preserves dirty local edits and exact save recovery [21/25] (864.702133ms)
✔ publication failed preserves dirty local edits and exact save recovery [21/25] (888.896701ms)
✔ publication success preserves ambiguous local edits and exact save recovery [21/25] (926.574437ms)
✔ publication failed preserves ambiguous local edits and exact save recovery [21/25] (940.259653ms)
✔ publication success preserves dirty local edits and exact save recovery [22/25] (879.002388ms)
✔ publication failed preserves dirty local edits and exact save recovery [22/25] (896.991412ms)
✔ publication success preserves ambiguous local edits and exact save recovery [22/25] (931.76116ms)
✔ publication failed preserves ambiguous local edits and exact save recovery [22/25] (973.106642ms)
✔ publication success preserves dirty local edits and exact save recovery [23/25] (864.876302ms)
✔ publication failed preserves dirty local edits and exact save recovery [23/25] (869.59243ms)
✔ publication success preserves ambiguous local edits and exact save recovery [23/25] (922.230767ms)
✔ publication failed preserves ambiguous local edits and exact save recovery [23/25] (919.691696ms)
✔ publication success preserves dirty local edits and exact save recovery [24/25] (870.422172ms)
✔ publication failed preserves dirty local edits and exact save recovery [24/25] (886.484872ms)
✔ publication success preserves ambiguous local edits and exact save recovery [24/25] (965.346952ms)
✔ publication failed preserves ambiguous local edits and exact save recovery [24/25] (914.858578ms)
✔ publication success preserves dirty local edits and exact save recovery [25/25] (922.368562ms)
✔ publication failed preserves dirty local edits and exact save recovery [25/25] (879.861426ms)
✔ publication success preserves ambiguous local edits and exact save recovery [25/25] (970.633423ms)
✔ publication failed preserves ambiguous local edits and exact save recovery [25/25] (979.837939ms)
ℹ tests 100
ℹ suites 0
ℹ pass 100
ℹ fail 0
ℹ cancelled 0
ℹ skipped 0
ℹ todo 0
ℹ duration_ms 91509.530607
