$ M5_PUBLICATION_STRESS_ITERATIONS=25 corepack pnpm --filter @insignia/web exec node --test --test-name-pattern="publication (success|failed) preserves" test/admin/editor-browser.test.mjs
✔ publication success preserves dirty local edits and exact save recovery [1/25] (957.647787ms)
✔ publication failed preserves dirty local edits and exact save recovery [1/25] (1042.539079ms)
✔ publication success preserves ambiguous local edits and exact save recovery [1/25] (1175.317512ms)
✔ publication failed preserves ambiguous local edits and exact save recovery [1/25] (1071.80848ms)
✔ publication success preserves dirty local edits and exact save recovery [2/25] (994.30505ms)
✔ publication failed preserves dirty local edits and exact save recovery [2/25] (901.602155ms)
✔ publication success preserves ambiguous local edits and exact save recovery [2/25] (1019.291854ms)
✔ publication failed preserves ambiguous local edits and exact save recovery [2/25] (1022.513802ms)
✔ publication success preserves dirty local edits and exact save recovery [3/25] (978.66429ms)
✔ publication failed preserves dirty local edits and exact save recovery [3/25] (963.638494ms)
✔ publication success preserves ambiguous local edits and exact save recovery [3/25] (1029.457095ms)
✔ publication failed preserves ambiguous local edits and exact save recovery [3/25] (1043.551922ms)
✔ publication success preserves dirty local edits and exact save recovery [4/25] (921.7461ms)
✔ publication failed preserves dirty local edits and exact save recovery [4/25] (937.78597ms)
✔ publication success preserves ambiguous local edits and exact save recovery [4/25] (1025.105118ms)
✔ publication failed preserves ambiguous local edits and exact save recovery [4/25] (905.005908ms)
✔ publication success preserves dirty local edits and exact save recovery [5/25] (851.523945ms)
✔ publication failed preserves dirty local edits and exact save recovery [5/25] (866.748853ms)
✔ publication success preserves ambiguous local edits and exact save recovery [5/25] (978.89714ms)
✔ publication failed preserves ambiguous local edits and exact save recovery [5/25] (887.744822ms)
✔ publication success preserves dirty local edits and exact save recovery [6/25] (830.802053ms)
✔ publication failed preserves dirty local edits and exact save recovery [6/25] (818.500445ms)
✔ publication success preserves ambiguous local edits and exact save recovery [6/25] (914.593396ms)
✔ publication failed preserves ambiguous local edits and exact save recovery [6/25] (949.834634ms)
✔ publication success preserves dirty local edits and exact save recovery [7/25] (839.757601ms)
✔ publication failed preserves dirty local edits and exact save recovery [7/25] (926.607367ms)
✔ publication success preserves ambiguous local edits and exact save recovery [7/25] (913.806029ms)
✔ publication failed preserves ambiguous local edits and exact save recovery [7/25] (888.099678ms)
✔ publication success preserves dirty local edits and exact save recovery [8/25] (835.499398ms)
✔ publication failed preserves dirty local edits and exact save recovery [8/25] (828.45247ms)
✔ publication success preserves ambiguous local edits and exact save recovery [8/25] (949.573853ms)
✔ publication failed preserves ambiguous local edits and exact save recovery [8/25] (934.501233ms)
✔ publication success preserves dirty local edits and exact save recovery [9/25] (882.21651ms)
✔ publication failed preserves dirty local edits and exact save recovery [9/25] (896.292246ms)
✔ publication success preserves ambiguous local edits and exact save recovery [9/25] (935.371005ms)
✔ publication failed preserves ambiguous local edits and exact save recovery [9/25] (934.077662ms)
✔ publication success preserves dirty local edits and exact save recovery [10/25] (904.240338ms)
✔ publication failed preserves dirty local edits and exact save recovery [10/25] (927.042062ms)
✔ publication success preserves ambiguous local edits and exact save recovery [10/25] (879.195742ms)
✔ publication failed preserves ambiguous local edits and exact save recovery [10/25] (953.375261ms)
✔ publication success preserves dirty local edits and exact save recovery [11/25] (824.846017ms)
✔ publication failed preserves dirty local edits and exact save recovery [11/25] (848.379752ms)
✔ publication success preserves ambiguous local edits and exact save recovery [11/25] (932.258778ms)
✔ publication failed preserves ambiguous local edits and exact save recovery [11/25] (875.520556ms)
✔ publication success preserves dirty local edits and exact save recovery [12/25] (862.681501ms)
✔ publication failed preserves dirty local edits and exact save recovery [12/25] (828.588069ms)
✔ publication success preserves ambiguous local edits and exact save recovery [12/25] (921.247834ms)
✔ publication failed preserves ambiguous local edits and exact save recovery [12/25] (988.995346ms)
✔ publication success preserves dirty local edits and exact save recovery [13/25] (828.084155ms)
✔ publication failed preserves dirty local edits and exact save recovery [13/25] (910.575967ms)
✔ publication success preserves ambiguous local edits and exact save recovery [13/25] (962.294884ms)
✔ publication failed preserves ambiguous local edits and exact save recovery [13/25] (941.096768ms)
✔ publication success preserves dirty local edits and exact save recovery [14/25] (830.358121ms)
✔ publication failed preserves dirty local edits and exact save recovery [14/25] (852.689443ms)
✔ publication success preserves ambiguous local edits and exact save recovery [14/25] (905.544237ms)
✔ publication failed preserves ambiguous local edits and exact save recovery [14/25] (958.863045ms)
✔ publication success preserves dirty local edits and exact save recovery [15/25] (847.239081ms)
✔ publication failed preserves dirty local edits and exact save recovery [15/25] (836.927877ms)
✔ publication success preserves ambiguous local edits and exact save recovery [15/25] (992.97472ms)
✔ publication failed preserves ambiguous local edits and exact save recovery [15/25] (932.908969ms)
✔ publication success preserves dirty local edits and exact save recovery [16/25] (825.654067ms)
✔ publication failed preserves dirty local edits and exact save recovery [16/25] (819.929927ms)
✔ publication success preserves ambiguous local edits and exact save recovery [16/25] (969.706436ms)
✔ publication failed preserves ambiguous local edits and exact save recovery [16/25] (953.93493ms)
✔ publication success preserves dirty local edits and exact save recovery [17/25] (865.963427ms)
✔ publication failed preserves dirty local edits and exact save recovery [17/25] (860.443783ms)
✔ publication success preserves ambiguous local edits and exact save recovery [17/25] (1015.156925ms)
✔ publication failed preserves ambiguous local edits and exact save recovery [17/25] (921.880658ms)
✔ publication success preserves dirty local edits and exact save recovery [18/25] (848.244962ms)
✔ publication failed preserves dirty local edits and exact save recovery [18/25] (837.614659ms)
✔ publication success preserves ambiguous local edits and exact save recovery [18/25] (933.531418ms)
✔ publication failed preserves ambiguous local edits and exact save recovery [18/25] (945.219697ms)
✔ publication success preserves dirty local edits and exact save recovery [19/25] (870.683907ms)
✔ publication failed preserves dirty local edits and exact save recovery [19/25] (859.464183ms)
✔ publication success preserves ambiguous local edits and exact save recovery [19/25] (886.83178ms)
✔ publication failed preserves ambiguous local edits and exact save recovery [19/25] (963.564095ms)
✔ publication success preserves dirty local edits and exact save recovery [20/25] (922.168908ms)
✔ publication failed preserves dirty local edits and exact save recovery [20/25] (934.508588ms)
✔ publication success preserves ambiguous local edits and exact save recovery [20/25] (896.974387ms)
✔ publication failed preserves ambiguous local edits and exact save recovery [20/25] (940.940016ms)
✔ publication success preserves dirty local edits and exact save recovery [21/25] (860.472624ms)
✔ publication failed preserves dirty local edits and exact save recovery [21/25] (904.517999ms)
✔ publication success preserves ambiguous local edits and exact save recovery [21/25] (933.350123ms)
✔ publication failed preserves ambiguous local edits and exact save recovery [21/25] (879.626727ms)
✔ publication success preserves dirty local edits and exact save recovery [22/25] (835.406409ms)
✔ publication failed preserves dirty local edits and exact save recovery [22/25] (905.183449ms)
✔ publication success preserves ambiguous local edits and exact save recovery [22/25] (872.884822ms)
✔ publication failed preserves ambiguous local edits and exact save recovery [22/25] (865.5477ms)
✔ publication success preserves dirty local edits and exact save recovery [23/25] (818.424821ms)
✔ publication failed preserves dirty local edits and exact save recovery [23/25] (837.189404ms)
✔ publication success preserves ambiguous local edits and exact save recovery [23/25] (941.742839ms)
✔ publication failed preserves ambiguous local edits and exact save recovery [23/25] (871.064952ms)
✔ publication success preserves dirty local edits and exact save recovery [24/25] (833.243383ms)
✔ publication failed preserves dirty local edits and exact save recovery [24/25] (833.770732ms)
✔ publication success preserves ambiguous local edits and exact save recovery [24/25] (940.605922ms)
✔ publication failed preserves ambiguous local edits and exact save recovery [24/25] (924.967522ms)
✔ publication success preserves dirty local edits and exact save recovery [25/25] (854.951174ms)
✔ publication failed preserves dirty local edits and exact save recovery [25/25] (862.598576ms)
✔ publication success preserves ambiguous local edits and exact save recovery [25/25] (919.4085ms)
✔ publication failed preserves ambiguous local edits and exact save recovery [25/25] (933.734401ms)
ℹ tests 100
ℹ suites 0
ℹ pass 100
ℹ fail 0
ℹ cancelled 0
ℹ skipped 0
ℹ todo 0
ℹ duration_ms 91586.941636
