
 RUN  v5.0.2 /home/serveradmin/insignia-m5-003-worktree/packages/shopify

 ❯ test/availability-hold.test.ts (111 tests | 1 failed | 110 skipped) 139ms
   × independent original-state change does not settle an outstanding restoration 136ms

⎯⎯⎯⎯⎯⎯⎯ Failed Tests 1 ⎯⎯⎯⎯⎯⎯⎯

 FAIL  test/availability-hold.test.ts > independent original-state change does not settle an outstanding restoration
AssertionError: expected { kind: 'RESTORED', current: { …(6) } } to match object { kind: 'RESTORATION_PENDING', …(1) }

- Expected
+ Received

  {
    "current": {
      "state": "available",
    },
-   "kind": "RESTORATION_PENDING",
+   "kind": "RESTORED",
  }

 ❯ test/availability-hold.test.ts:405:72
    403|   ]);
    404|   const acquired = await owned(f);
    405|   expect(await f.port.restore(scope, acquired.hold, acquired.current))…
       |                                                                        ^
    406|     kind: 'RESTORATION_PENDING',
    407|     current: { state: 'available' },

⎯⎯⎯⎯⎯⎯⎯⎯⎯⎯⎯⎯⎯⎯⎯⎯⎯⎯⎯⎯⎯⎯⎯⎯[1/1]⎯


 Test Files  1 failed (1)
      Tests  1 failed | 110 skipped (111)
   Start at  14:16:04
   Duration  425ms (tests 51%, transform 30%, import 18%, worker 2%)

Error: ERR_PNPM_RECURSIVE_EXEC_FIRST_FAIL

  × "pnpm recursive exec" failed in /home/serveradmin/insignia-m5-003-
  │ worktree/packages/shopify
