✔ complete built server reproduces CLI development-mode CSP rejection (249.861548ms)
✖ actual launcher runtime preparation admits built hydration without widening CSP (212.786314ms)
ℹ tests 2
ℹ suites 0
ℹ pass 1
ℹ fail 1
ℹ cancelled 0
ℹ skipped 0
ℹ todo 0
ℹ duration_ms 538.974417

✖ failing tests:

test at scripts/m5-002/built-runtime.test.mjs:43:1
✖ actual launcher runtime preparation admits built hydration without widening CSP (212.786314ms)
  AssertionError [ERR_ASSERTION]: Expected values to be strictly deep-equal:
  + actual - expected
  
    [
  +   [
  +     'SHXg3YtOAVshUMT3f+eElYDgbV0kaujWj8DSaXSS4Vs='
  +   ],
  +   [
  +     'SHXg3YtOAVshUMT3f+eElYDgbV0kaujWj8DSaXSS4Vs='
  +   ]
  -   [],
  -   []
    ]
  
      at TestContext.<anonymous> (file:///home/serveradmin/insignia-m5-002-worktree/scripts/m5-002/built-runtime.test.mjs:45:10)
      at process.processTicksAndRejections (node:internal/process/task_queues:104:5)
      at async Test.run (node:internal/test_runner/test:1409:7)
      at async Test.processPendingSubtests (node:internal/test_runner/test:974:7) {
    generatedMessage: true,
    code: 'ERR_ASSERTION',
    actual: [ [ 'SHXg3YtOAVshUMT3f+eElYDgbV0kaujWj8DSaXSS4Vs=' ], [ 'SHXg3YtOAVshUMT3f+eElYDgbV0kaujWj8DSaXSS4Vs=' ] ],
    expected: [ [], [] ],
    operator: 'deepStrictEqual',
    diff: 'simple'
  }
