{"level":30,"time":1791495956977,"event":"worker_started"}
{"level":30,"time":1791495956991,"event":"worker_stopped"}
✖ runtime refuses absent schema without installing it (95.765477ms)
ℹ tests 1
ℹ suites 0
ℹ pass 0
ℹ fail 1
ℹ cancelled 0
ℹ skipped 0
ℹ todo 0
ℹ duration_ms 280.292645

✖ failing tests:

test at apps/worker/test/managed-schema.test.mjs:7:1
✖ runtime refuses absent schema without installing it (95.765477ms)
  AssertionError [ERR_ASSERTION]: Missing expected rejection.
      at process.processTicksAndRejections (node:internal/process/task_queues:104:5)
      at async TestContext.<anonymous> (file:///home/serveradmin/insignia-m5-024-worktree/apps/worker/test/managed-schema.test.mjs:15:5)
      at async Test.run (node:internal/test_runner/test:1409:7)
      at async startSubtestAfterBootstrap (node:internal/test_runner/harness:387:3) {
    generatedMessage: false,
    code: 'ERR_ASSERTION',
    actual: undefined,
    expected: undefined,
    operator: 'rejects',
    diff: 'simple'
  }
