17:50:53 [@astrojs/node] Server listening on http://127.0.0.1:47133
17:50:54 [ERROR] Error [ERR_MODULE_NOT_FOUND]: Cannot find package '@shopify/shopify-api' imported from /home/serveradmin/insignia-m5-019-handoff/runtime/dist/server/chunks/dist_Bul_7dRv.mjs
    at Object.getPackageJSONURL (node:internal/modules/package_json_reader:331:9)
    at packageResolve (node:internal/modules/esm/resolve:784:25)
    at moduleResolve (node:internal/modules/esm/resolve:873:18)
    at defaultResolve (node:internal/modules/esm/resolve:1006:11)
    at #cachedDefaultResolve (node:internal/modules/esm/loader:705:20)
    at #resolveAndMaybeBlockOnLoaderThread (node:internal/modules/esm/loader:725:38)
    at ModuleLoader.resolveSync (node:internal/modules/esm/loader:763:56)
    at #resolve (node:internal/modules/esm/loader:687:17)
    at ModuleLoader.getOrCreateModuleJob (node:internal/modules/esm/loader:607:35)
    at ModuleJob.syncLink (node:internal/modules/esm/module_job:276:33)
17:50:54 [ERROR] Error [ERR_MODULE_NOT_FOUND]: Cannot find package '@shopify/shopify-api' imported from /home/serveradmin/insignia-m5-019-handoff/runtime/dist/server/chunks/dist_Bul_7dRv.mjs
    at Object.getPackageJSONURL (node:internal/modules/package_json_reader:331:9)
    at packageResolve (node:internal/modules/esm/resolve:784:25)
    at moduleResolve (node:internal/modules/esm/resolve:873:18)
    at defaultResolve (node:internal/modules/esm/resolve:1006:11)
    at #cachedDefaultResolve (node:internal/modules/esm/loader:705:20)
    at #resolveAndMaybeBlockOnLoaderThread (node:internal/modules/esm/loader:725:38)
    at ModuleLoader.resolveSync (node:internal/modules/esm/loader:763:56)
    at #resolve (node:internal/modules/esm/loader:687:17)
    at ModuleLoader.getOrCreateModuleJob (node:internal/modules/esm/loader:607:35)
    at ModuleJob.syncLink (node:internal/modules/esm/module_job:276:33)
