
 RUN  v5.0.2 /home/serveradmin/insignia-m5-014-worktree/packages/shopify

 ❯ test/availability-hold-v2.test.ts (30 tests | 3 failed) 111ms
   × both ACK and settled read diagnostic timestamps are retained without tolerance 10ms
   × ACK staged publication evidence cannot be discarded when the final legacy view is empty 5ms
   × unsettled timed-out transport is quarantined and cannot dispatch a later operation 1ms

⎯⎯⎯⎯⎯⎯⎯ Failed Tests 3 ⎯⎯⎯⎯⎯⎯⎯

 FAIL  test/availability-hold-v2.test.ts > both ACK and settled read diagnostic timestamps are retained without tolerance
AssertionError: expected { …(4) } to match object { …(2) }
(14 matching properties omitted from actual)

- Expected
+ Received

  {
-   "acquisitionAcknowledgement": {
-     "providerUpdatedAt": "2026-10-01T11:01:00.000Z",
-   },
    "held": {
      "providerUpdatedAt": "2026-10-01T11:01:01.000Z",
    },
  }

 ❯ test/availability-hold-v2.test.ts:61:15


⎯⎯⎯⎯⎯⎯⎯⎯⎯⎯⎯⎯⎯⎯⎯⎯⎯⎯⎯⎯⎯⎯⎯⎯[1/3]⎯

 FAIL  test/availability-hold-v2.test.ts > ACK staged publication evidence cannot be discarded when the final legacy view is empty
AssertionError: expected 'HELD' to be 'CONFLICT' // Object.is equality

Expected: "CONFLICT"
Received: "HELD"

 ❯ test/availability-hold-v2.test.ts:84:60
     82|  const staged=withMembership('DRAFT');staged.resourcePublications.node…
     83|  const f=fixture([page(),page(),update(staged),page(product('DRAFT'))]…
     84|  expect((await f.port.acquire(scope,intent(before))).kind).toBe('CONFL…
       |                                                            ^
     85| });
     86| test('original DRAFT acquires and restores without a status mutation',…

⎯⎯⎯⎯⎯⎯⎯⎯⎯⎯⎯⎯⎯⎯⎯⎯⎯⎯⎯⎯⎯⎯⎯⎯[2/3]⎯

 FAIL  test/availability-hold-v2.test.ts > unsettled timed-out transport is quarantined and cannot dispatch a later operation
ShopifyAvailabilityHoldError: Shopify availability hold failed: invalid_request
 ❯ fail src/availability-hold.ts:67:9
     65| }
     66| const fail = (kind: AvailabilityHoldFailureKind): never => {
     67|   throw new ShopifyAvailabilityHoldError(kind);
       |         ^
     68| };
     69| const record = (v: unknown): Record<string, unknown> | null =>
 ❯ createShopifyAvailabilityHoldPort src/availability-hold.ts:285:5
 ❯ createShopifyAvailabilityHoldV2Port src/availability-hold-v2.ts:122:15
 ❯ fixture test/availability-hold-v2.test.ts:13:13
 ❯ test/availability-hold-v2.test.ts:146:56

⎯⎯⎯⎯⎯⎯⎯⎯⎯⎯⎯⎯⎯⎯⎯⎯⎯⎯⎯⎯⎯⎯⎯⎯[3/3]⎯


 Test Files  1 failed (1)
      Tests  3 failed | 27 passed (30)
   Start at  17:34:01
   Duration  516ms (transform 52%, tests 29%, import 18%, worker 1%)

Error: ERR_PNPM_RECURSIVE_EXEC_FIRST_FAIL

  × "pnpm recursive exec" failed in /home/serveradmin/insignia-m5-014-
  │ worktree/packages/shopify

