
 RUN  v5.0.2 /home/serveradmin/insignia-m5-014-worktree/packages/shopify

 ❯ test/availability-hold-v2.test.ts (1 test | 1 failed) 40ms
   × v2 keeps configured auto-publish intent while DRAFT loses effective membership and ACK metadata advances one second 39ms

⎯⎯⎯⎯⎯⎯⎯ Failed Tests 1 ⎯⎯⎯⎯⎯⎯⎯

 FAIL  test/availability-hold-v2.test.ts > v2 keeps configured auto-publish intent while DRAFT loses effective membership and ACK metadata advances one second
AssertionError: expected undefined to be 'm5-product-availability-snapshot-v2' // Object.is equality

- Expected:
"m5-product-availability-snapshot-v2"

+ Received:
undefined

 ❯ test/availability-hold-v2.test.ts:19:25
     17|  const f=fixture([page(),page(),update(),page(product('DRAFT','2026-10…
     18|  const before=await f.port.snapshot(scope,productId) as ProductAvailab…
     19|  expect(before.version).toBe('m5-product-availability-snapshot-v2');
       |                         ^
     20|  const hold:AvailabilityHoldV2={version:'m5-availability-hold-v2',oper…
     21|  const acquired=await f.port.acquire(scope,hold);

⎯⎯⎯⎯⎯⎯⎯⎯⎯⎯⎯⎯⎯⎯⎯⎯⎯⎯⎯⎯⎯⎯⎯⎯[1/1]⎯


 Test Files  1 failed (1)
      Tests  1 failed (1)
   Start at  17:09:51
   Duration  249ms (transform 47%, tests 33%, import 16%, worker 4%)

Error: ERR_PNPM_RECURSIVE_EXEC_FIRST_FAIL

  × "pnpm recursive exec" failed in /home/serveradmin/insignia-m5-014-
  │ worktree/packages/shopify

