
 RUN  v5.0.2 /home/serveradmin/insignia-m5-014-worktree/packages/shopify

 ❯ test/availability-hold-v2.test.ts (2 tests | 1 failed) 57ms
   × an ambiguous acquire cannot reserve another status update even if original semantics are still observed 15ms

⎯⎯⎯⎯⎯⎯⎯ Failed Tests 1 ⎯⎯⎯⎯⎯⎯⎯

 FAIL  test/availability-hold-v2.test.ts > an ambiguous acquire cannot reserve another status update even if original semantics are still observed
AssertionError: promise resolved "{ kind: 'HELD', hold: { …(4) }, …(1) }" instead of rejecting

- Expected
+ Received

- Error {
-   "message": "rejected promise",
+ {
+   "current": {
+     "configuredIntent": {
+       "includedPublicationIds": [
+         "gid://shopify/Publication/303",
+       ],
+       "publicationSettings": [
+         {
+           "autoPublish": true,
+           "publicationId": "gid://shopify/Publication/303",
+           "supportsFuturePublishing": false,
+         },
+       ],
+       "scheduled": [],
+     },
+     "effectiveDigest": "0bcfa96aee0883f6cef8a95c673080105759b704ccc98b5f6897b9e7299ead6c",
+     "effectiveVisibility": {
+       "onlineStore": {
+         "publishedAtPresent": false,
+         "urlPresent": false,
+       },
+       "onlineStoreUrl": null,
+       "publicationEvidence": [],
+       "publishedAt": null,
+       "publishedPublicationIds": [],
+     },
+     "intentDigest": "2ec8710d49fa75c98dc61dd428a2df24e64a6ddef335965c3f0c28be44b38fe9",
+     "observedAt": "2026-10-01T12:00:00.000Z",
+     "productId": "gid://shopify/Product/202",
+     "providerUpdatedAt": "2026-10-01T11:00:00.000Z",
+     "receivedAt": "2026-10-01T12:00:00.000Z",
+     "scope": {
+       "appClientId": "aaaaaaaaaaaaaaaaaaaaaaaaaaaaaaaa",
+       "installationGeneration": "7",
+       "shopId": "synthetic-shop",
+       "shopifyShopId": "gid://shopify/Shop/101",
+     },
+     "state": "unavailable",
+     "version": "m5-product-availability-snapshot-v2",
+   },
+   "hold": {
+     "before": {
+       "configuredIntent": {
+         "includedPublicationIds": [
+           "gid://shopify/Publication/303",
+         ],
+         "publicationSettings": [
+           {
+             "autoPublish": true,
+             "publicationId": "gid://shopify/Publication/303",
+             "supportsFuturePublishing": false,
+           },
+         ],
+         "scheduled": [],
+       },
+       "effectiveDigest": "254ee5a4ebe182e26a241134357ccb3291288d887bb2fe1236d3794f8e8c16a7",
+       "effectiveVisibility": {
+         "onlineStore": {
+           "publishedAtPresent": false,
+           "urlPresent": false,
+         },
+         "onlineStoreUrl": null,
+         "publicationEvidence": [
+           {
+             "isPublished": true,
+             "publicationId": "gid://shopify/Publication/303",
+             "publishDate": "2026-09-30T11:00:00.000Z",
+           },
+         ],
+         "publishedAt": null,
+         "publishedPublicationIds": [
+           "gid://shopify/Publication/303",
+         ],
+       },
+       "intentDigest": "2ec8710d49fa75c98dc61dd428a2df24e64a6ddef335965c3f0c28be44b38fe9",
+       "observedAt": "2026-10-01T12:00:00.000Z",
+       "productId": "gid://shopify/Product/202",
+       "providerUpdatedAt": "2026-10-01T11:00:00.000Z",
+       "receivedAt": "2026-10-01T12:00:00.000Z",
+       "scope": {
+         "appClientId": "aaaaaaaaaaaaaaaaaaaaaaaaaaaaaaaa",
+         "installationGeneration": "7",
+         "shopId": "synthetic-shop",
+         "shopifyShopId": "gid://shopify/Shop/101",
+       },
+       "state": "available",
+       "version": "m5-product-availability-snapshot-v2",
+     },
+     "held": {
+       "configuredIntent": {
+         "includedPublicationIds": [
+           "gid://shopify/Publication/303",
+         ],
+         "publicationSettings": [
+           {
+             "autoPublish": true,
+             "publicationId": "gid://shopify/Publication/303",
+             "supportsFuturePublishing": false,
+           },
+         ],
+         "scheduled": [],
+       },
+       "effectiveDigest": "0bcfa96aee0883f6cef8a95c673080105759b704ccc98b5f6897b9e7299ead6c",
+       "effectiveVisibility": {
+         "onlineStore": {
+           "publishedAtPresent": false,
+           "urlPresent": false,
+         },
+         "onlineStoreUrl": null,
+         "publicationEvidence": [],
+         "publishedAt": null,
+         "publishedPublicationIds": [],
+       },
+       "intentDigest": "2ec8710d49fa75c98dc61dd428a2df24e64a6ddef335965c3f0c28be44b38fe9",
+       "observedAt": "2026-10-01T12:00:00.000Z",
+       "productId": "gid://shopify/Product/202",
+       "providerUpdatedAt": "2026-10-01T11:00:00.000Z",
+       "receivedAt": "2026-10-01T12:00:00.000Z",
+       "scope": {
+         "appClientId": "aaaaaaaaaaaaaaaaaaaaaaaaaaaaaaaa",
+         "installationGeneration": "7",
+         "shopId": "synthetic-shop",
+         "shopifyShopId": "gid://shopify/Shop/101",
+       },
+       "state": "unavailable",
+       "version": "m5-product-availability-snapshot-v2",
+     },
+     "operationId": "ambiguous",
+     "version": "m5-availability-hold-v2",
+   },
+   "kind": "HELD",
  }

 ❯ test/availability-hold-v2.test.ts:31:42
     29|  const hold:AvailabilityHoldV2={version:'m5-availability-hold-v2',oper…
     30|  expect((await f.port.acquire(scope,hold)).kind).toBe('NOT_HELD');
     31|  await expect(f.port.acquire(scope,hold)).rejects.toMatchObject({kind:…
       |                                          ^
     32|  expect(f.writes()).toHaveLength(1);
     33| });

⎯⎯⎯⎯⎯⎯⎯⎯⎯⎯⎯⎯⎯⎯⎯⎯⎯⎯⎯⎯⎯⎯⎯⎯[1/1]⎯


 Test Files  1 failed (1)
      Tests  1 failed | 1 passed (2)
   Start at  17:14:38
   Duration  447ms (transform 60%, import 20%, tests 18%, worker 1%)

Error: ERR_PNPM_RECURSIVE_EXEC_FIRST_FAIL

  × "pnpm recursive exec" failed in /home/serveradmin/insignia-m5-014-
  │ worktree/packages/shopify

