
 RUN  v5.0.2 /home/serveradmin/insignia-m5-014-worktree/packages/shopify

 ❯ test/availability-hold-v2.test.ts (3 tests | 1 failed) 50ms
   × complete forward publication pagination retains every exact included product even with hasPreviousPage false 2ms

⎯⎯⎯⎯⎯⎯⎯ Failed Tests 1 ⎯⎯⎯⎯⎯⎯⎯

 FAIL  test/availability-hold-v2.test.ts > complete forward publication pagination retains every exact included product even with hasPreviousPage false
ShopifyAvailabilityHoldError: Shopify availability hold failed: provider_shape
 ❯ fail src/availability-hold-v2.ts:5:102
      3|  type VersionedProductAvailabilitySnapshot, type VersionedAvailability…
      4| import { AVAILABILITY_ADMIN_API_VERSION, ShopifyAvailabilityHoldError,…
      5| const fail = (kind: ConstructorParameters<typeof ShopifyAvailabilityHo…
       |                                                                                                      ^
      6| const record = (v: unknown): Record<string, unknown> | null =>
      7|   v !== null && typeof v === 'object' && !Array.isArray(v) ? (v as Rec…
 ❯ read src/availability-hold-v2.ts:183:163
 ❯ operation src/availability-hold-v2.ts:134:14
 ❯ test/availability-hold-v2.test.ts:51:17

⎯⎯⎯⎯⎯⎯⎯⎯⎯⎯⎯⎯⎯⎯⎯⎯⎯⎯⎯⎯⎯⎯⎯⎯[1/1]⎯


 Test Files  1 failed (1)
      Tests  1 failed | 2 passed (3)
   Start at  17:28:05
   Duration  436ms (transform 61%, import 22%, tests 16%, worker 1%)

Error: ERR_PNPM_RECURSIVE_EXEC_FIRST_FAIL

  × "pnpm recursive exec" failed in /home/serveradmin/insignia-m5-014-
  │ worktree/packages/shopify

