$ corepack pnpm check:style && corepack pnpm build && corepack pnpm test:unit && corepack pnpm test:m5-operator && corepack pnpm test:vectors && corepack pnpm check:boundaries && corepack pnpm check:secrets && python3 -B scripts/boundaries/check-cargo-workspace.py && corepack pnpm check:rust && M1_FUNCTION_RUNNER=.m1-artifacts/tools/function-runner-9.2.2 python3 -B scripts/m4-002/replay-production-vectors.py && M1_FUNCTION_RUNNER=.m1-artifacts/tools/function-runner-9.2.2 node scripts/m4-003/replay-public-config.mjs && corepack pnpm test:browser && python3 -B spikes/m0-007/scripts/check-history.py && python3 -B spikes/m0-014/scripts/check-live-setup.py && python3 -B scripts/m1-functions/artifact-manifest.py
$ biome check .dependency-cruiser.cjs apps/storefront/src apps/storefront/test apps/storefront/scripts apps/storefront/vite.config.ts apps/web/src/islands apps/web/src/pages/live.ts apps/web/src/pages/api apps/web/src/server apps/web/src/shared apps/web/src/styles apps/web/test apps/web/astro.config.mjs apps/worker/src apps/worker/test packages/contracts/src packages/domain/src packages/cart-authorization/src packages/cart-authorization/test packages/application/src packages/database/src packages/database/test packages/shopify/src packages/shopify/test packages/visualizer/src packages/observability/src packages/observability/test scripts/boundaries scripts/m1-functions/check-vector.test.ts scripts/m5-002 scripts/m5-003 scripts/m5-004 scripts/m5-005 scripts/m5-009 scripts/m5-010 scripts/m5-011 scripts/m5-012 scripts/m5-013
apps/web/src/server/admin/production.ts:69:57 lint/style/useTemplate  FIXABLE  ━━━━━━━━━━━━━━━━━━━━━

  i Template literals are preferred over string concatenation.
  
    67 │   const appOrigin = required(env, 'APP_URL');
    68 │   const appId = env.INSIGNIA_SHOPIFY_APP_ID;
  > 69 │   const appGid = appId && /^[1-9][0-9]*$/.test(appId) ? 'gid://shopify/App/' + appId : null;
       │                                                         ^^^^^^^^^^^^^^^^^^^^^^^^^^^^
    70 │   const shopify = createAdminOnlineIdentity({ apiKey, apiSecret, hostName: new URL(appOrigin).host });
    71 │   const core = createDurableCore(databasePool ?? new Pool({ connectionString: databaseUrl }));
  
  i Unsafe fix: Use a template literal.
  
     67  67 │     const appOrigin = required(env, 'APP_URL');
     68  68 │     const appId = env.INSIGNIA_SHOPIFY_APP_ID;
     69     │ - ··const·appGid·=·appId·&&·/^[1-9][0-9]*$/.test(appId)·?·'gid://shopify/App/'·+·appId·:·null;
         69 │ + ··const·appGid·=·appId·&&·/^[1-9][0-9]*$/.test(appId)·?·`gid://shopify/App/${appId}`·:·null;
     70  70 │     const shopify = createAdminOnlineIdentity({ apiKey, apiSecret, hostName: new URL(appOrigin).host });
     71  71 │     const core = createDurableCore(databasePool ?? new Pool({ connectionString: databaseUrl }));
  

apps/web/src/server/admin/production.ts:89:54 lint/style/useTemplate  FIXABLE  ━━━━━━━━━━━━━━━━━━━━━

  i Template literals are preferred over string concatenation.
  
    87 │       installationGeneration: actor.installationGeneration,
    88 │     });
  > 89 │     if (!scope || scope.shopDomain !== actor.shop || 'gid://shopify/Shop/' + scope.shopifyShopId !== actor.shopId)
       │                                                      ^^^^^^^^^^^^^^^^^^^^^^^^^^^^^^^^^^^^^^^^^^^
    90 │       throw new Error('Admin installation changed');
    91 │   }
  
  i Unsafe fix: Use a template literal.
  
     87  87 │         installationGeneration: actor.installationGeneration,
     88  88 │       });
     89     │ - ····if·(!scope·||·scope.shopDomain·!==·actor.shop·||·'gid://shopify/Shop/'·+·scope.shopifyShopId·!==·actor.shopId)
         89 │ + ····if·(!scope·||·scope.shopDomain·!==·actor.shop·||·`gid://shopify/Shop/${scope.shopifyShopId}`·!==·actor.shopId)
     90  90 │         throw new Error('Admin installation changed');
     91  91 │     }
  

apps/web/src/server/admin/production.ts:214:51 lint/style/useTemplate  FIXABLE  ━━━━━━━━━━━━━━━━━━━━

  i Template literals are preferred over string concatenation.
  
    212 │           const provider = await shopify.readInstallation(online);
    213 │           const tenant = await core.tenants.getShopByDomain(provider.shop);
  > 214 │           if (!tenant || !tenant.shopifyShopId || 'gid://shopify/Shop/' + tenant.shopifyShopId !== provider.shopId)
        │                                                   ^^^^^^^^^^^^^^^^^^^^^^^^^^^^^^^^^^^^^^^^^^^^
    215 │             throw new Error('Tenant installation mismatch');
    216 │           const installed = await core.tenants.getCurrentAdminInstallation(tenant.shopId);
  
  i Unsafe fix: Use a template literal.
  
    212 212 │             const provider = await shopify.readInstallation(online);
    213 213 │             const tenant = await core.tenants.getShopByDomain(provider.shop);
    214     │ - ··········if·(!tenant·||·!tenant.shopifyShopId·||·'gid://shopify/Shop/'·+·tenant.shopifyShopId·!==·provider.shopId)
        214 │ + ··········if·(!tenant·||·!tenant.shopifyShopId·||·`gid://shopify/Shop/${tenant.shopifyShopId}`·!==·provider.shopId)
    215 215 │               throw new Error('Tenant installation mismatch');
    216 216 │             const installed = await core.tenants.getCurrentAdminInstallation(tenant.shopId);
  

apps/web/src/server/admin/auth.ts:48:48 lint/style/noNonNullAssertion ━━━━━━━━━━━━━━━━━━━━━━━━━━━━━━

  ! Forbidden non-null assertion.
  
    46 │     let identity: VerifiedAdminIdentity;
    47 │     try {
  > 48 │       identity = await port.verifySessionToken(match[1]!);
       │                                                ^^^^^^^^^
    49 │     } catch {
    50 │       return null;
  

apps/web/src/server/admin/auth.ts:61:50 lint/style/noNonNullAssertion ━━━━━━━━━━━━━━━━━━━━━━━━━━━━━━

  ! Forbidden non-null assertion.
  
    59 │     )
    60 │       return null;
  > 61 │     const grant = await port.exchangeOnlineGrant(match[1]!, identity);
       │                                                  ^^^^^^^^^
    62 │     if (
    63 │       grant.shop !== identity.shop ||
  

apps/web/src/server/admin/preview.ts:109:28 lint/style/noNonNullAssertion ━━━━━━━━━━━━━━━━━━━━━━━━━━

  ! Forbidden non-null assertion.
  
    107 │             .then((found) => (found ? project(found) : null)),
    108 │         );
  > 109 │       const result = await map.get(id)!;
        │                            ^^^^^^^^^^^^
    110 │       await active(actor);
    111 │       return result;
  

apps/web/src/server/admin/preview.ts:116:28 lint/style/noNonNullAssertion ━━━━━━━━━━━━━━━━━━━━━━━━━━

  ! Forbidden non-null assertion.
  
    114 │       await active(actor);
    115 │       if (!currencies.has(actor)) currencies.set(actor, reader(actor).shopCurrency());
  > 116 │       const result = await currencies.get(actor)!;
        │                            ^^^^^^^^^^^^^^^^^^^^^^
    117 │       await active(actor);
    118 │       return result;
  

apps/web/src/server/admin/preview.ts:163:34 lint/style/noNonNullAssertion ━━━━━━━━━━━━━━━━━━━━━━━━━━

  ! Forbidden non-null assertion.
  
    161 │                   shopId: randomUUID(),
    162 │                   shopDomain: shop,
  > 163 │                   shopifyShopId: shopId.split('/').at(-1)!,
        │                                  ^^^^^^^^^^^^^^^^^^^^^^^^^
    164 │                   externalInstallationId: provider.installationId,
    165 │                 }),
  

apps/web/src/server/admin/preview.ts:223:26 lint/style/noNonNullAssertion ━━━━━━━━━━━━━━━━━━━━━━━━━━

  ! Forbidden non-null assertion.
  
    221 │                   installationGeneration: bound.installationGeneration,
    222 │                   shopifyShopId: shopId,
  > 223 │                   appId: env.INSIGNIA_M5_002_APP_RESOURCE!,
        │                          ^^^^^^^^^^^^^^^^^^^^^^^^^^^^^^^^^
    224 │                 },
    225 │                 {
  

apps/web/src/server/admin/preview.ts:227:46 lint/style/noNonNullAssertion ━━━━━━━━━━━━━━━━━━━━━━━━━━

  ! Forbidden non-null assertion.
  
    225 │                 {
    226 │                   appKey: client,
  > 227 │                   transformInputQuerySha256: env.INSIGNIA_M5_002_TRANSFORM_QUERY_HASH!,
        │                                              ^^^^^^^^^^^^^^^^^^^^^^^^^^^^^^^^^^^^^^^^^
    228 │                   validationInputQuerySha256: env.INSIGNIA_M5_002_VALIDATION_QUERY_HASH!,
    229 │                 },
  

apps/web/src/server/admin/preview.ts:228:47 lint/style/noNonNullAssertion ━━━━━━━━━━━━━━━━━━━━━━━━━━

  ! Forbidden non-null assertion.
  
    226 │                   appKey: client,
    227 │                   transformInputQuerySha256: env.INSIGNIA_M5_002_TRANSFORM_QUERY_HASH!,
  > 228 │                   validationInputQuerySha256: env.INSIGNIA_M5_002_VALIDATION_QUERY_HASH!,
        │                                               ^^^^^^^^^^^^^^^^^^^^^^^^^^^^^^^^^^^^^^^^^^
    229 │                 },
    230 │               );
  

apps/web/src/server/admin/production.ts:214:15 lint/complexity/useOptionalChain  FIXABLE  ━━━━━━━━━━

  ! Change to an optional chain.
  
    212 │           const provider = await shopify.readInstallation(online);
    213 │           const tenant = await core.tenants.getShopByDomain(provider.shop);
  > 214 │           if (!tenant || !tenant.shopifyShopId || 'gid://shopify/Shop/' + tenant.shopifyShopId !== provider.shopId)
        │               ^^^^^^^^^^^^^^^^^^^^^^^^^^^^^^^^
    215 │             throw new Error('Tenant installation mismatch');
    216 │           const installed = await core.tenants.getCurrentAdminInstallation(tenant.shopId);
  
  i Unsafe fix: Change to an optional chain.
  
    212 212 │             const provider = await shopify.readInstallation(online);
    213 213 │             const tenant = await core.tenants.getShopByDomain(provider.shop);
    214     │ - ··········if·(!tenant·||·!tenant.shopifyShopId·||·'gid://shopify/Shop/'·+·tenant.shopifyShopId·!==·provider.shopId)
        214 │ + ··········if·(!tenant?.shopifyShopId·||·'gid://shopify/Shop/'·+·tenant.shopifyShopId·!==·provider.shopId)
    215 215 │               throw new Error('Tenant installation mismatch');
    216 216 │             const installed = await core.tenants.getCurrentAdminInstallation(tenant.shopId);
  

apps/web/src/server/merchant-config.ts:123:28 lint/style/noNonNullAssertion ━━━━━━━━━━━━━━━━━━━━━━━━

  ! Forbidden non-null assertion.
  
    121 │         option.allowedValueIds.flatMap((id) => {
    122 │           const label = oldLabels?.[id];
  > 123 │           return label ? [[values.get(id)!, label]] : [];
        │                            ^^^^^^^^^^^^^^^
    124 │         }),
    125 │       );
  

apps/web/src/server/merchant-config.ts:126:47 lint/style/noNonNullAssertion ━━━━━━━━━━━━━━━━━━━━━━━━

  ! Forbidden non-null assertion.
  
    124 │         }),
    125 │       );
  > 126 │       return Object.keys(remapped).length ? [[options.get(option.id)!, remapped]] : [];
        │                                               ^^^^^^^^^^^^^^^^^^^^^^^
    127 │     }),
    128 │   );
  

apps/web/src/server/merchant-config.ts:132:50 lint/style/noNonNullAssertion ━━━━━━━━━━━━━━━━━━━━━━━━

  ! Forbidden non-null assertion.
  
    130 │     ...source,
    131 │     labels,
  > 132 │     methods: source.methods.map((item) => ({ id: methods.get(item.id)! })),
        │                                                  ^^^^^^^^^^^^^^^^^^^^^
    133 │     placements: source.placements.map((item) => ({
    134 │       ...item,
  

apps/web/src/server/merchant-config.ts:135:11 lint/style/noNonNullAssertion ━━━━━━━━━━━━━━━━━━━━━━━━

  ! Forbidden non-null assertion.
  
    133 │     placements: source.placements.map((item) => ({
    134 │       ...item,
  > 135 │       id: placements.get(item.id)!,
        │           ^^^^^^^^^^^^^^^^^^^^^^^^
    136 │       allowedMethodIds: item.allowedMethodIds.map((id) => methods.get(id)!),
    137 │       allowedStepIds: item.allowedStepIds.map((id) => steps.get(id)!),
  

apps/web/src/server/merchant-config.ts:136:59 lint/style/noNonNullAssertion ━━━━━━━━━━━━━━━━━━━━━━━━

  ! Forbidden non-null assertion.
  
    134 │       ...item,
    135 │       id: placements.get(item.id)!,
  > 136 │       allowedMethodIds: item.allowedMethodIds.map((id) => methods.get(id)!),
        │                                                           ^^^^^^^^^^^^^^^^
    137 │       allowedStepIds: item.allowedStepIds.map((id) => steps.get(id)!),
    138 │     })),
  

apps/web/src/server/merchant-config.ts:137:55 lint/style/noNonNullAssertion ━━━━━━━━━━━━━━━━━━━━━━━━

  ! Forbidden non-null assertion.
  
    135 │       id: placements.get(item.id)!,
    136 │       allowedMethodIds: item.allowedMethodIds.map((id) => methods.get(id)!),
  > 137 │       allowedStepIds: item.allowedStepIds.map((id) => steps.get(id)!),
        │                                                       ^^^^^^^^^^^^^^
    138 │     })),
    139 │     productionOptions: source.productionOptions.map((item) => ({
  

apps/web/src/server/merchant-config.ts:140:11 lint/style/noNonNullAssertion ━━━━━━━━━━━━━━━━━━━━━━━━

  ! Forbidden non-null assertion.
  
    138 │     })),
    139 │     productionOptions: source.productionOptions.map((item) => ({
  > 140 │       id: options.get(item.id)!,
        │           ^^^^^^^^^^^^^^^^^^^^^
    141 │       allowedValueIds: item.allowedValueIds.map((id) => values.get(id)!),
    142 │     })),
  

apps/web/src/server/merchant-config.ts:141:57 lint/style/noNonNullAssertion ━━━━━━━━━━━━━━━━━━━━━━━━

  ! Forbidden non-null assertion.
  
    139 │     productionOptions: source.productionOptions.map((item) => ({
    140 │       id: options.get(item.id)!,
  > 141 │       allowedValueIds: item.allowedValueIds.map((id) => values.get(id)!),
        │                                                         ^^^^^^^^^^^^^^^
    142 │     })),
    143 │     pricingRules: source.pricingRules.map((rule) => ({
  

The number of diagnostics exceeds the limit allowed. Use --max-diagnostics to increase it.
Diagnostics not shown: 117.
Checked 237 files in 615ms. No fixes applied.
Found 54 warnings.
Found 83 infos.
$ corepack pnpm -r --filter './packages/**' build && corepack pnpm -r --filter './apps/**' build
packages/cart-authorization build$ tsc -p tsconfig.json
packages/contracts build$ tsc -p tsconfig.json
packages/observability build$ tsc -p tsconfig.json
packages/domain build$ tsc -p tsconfig.json
packages/domain build: Done
packages/visualizer build$ tsc -p tsconfig.json
packages/contracts build: Done
packages/application build$ tsc -p tsconfig.json
packages/cart-authorization build: Done
packages/observability build: Done
packages/visualizer build: Done
packages/application build: Done
packages/shopify build$ tsc -p tsconfig.json
packages/shopify build: Done
packages/database build$ tsc -p tsconfig.json
packages/database build: Done
apps/storefront build$ tsc --noEmit && vite build && node scripts/copy-theme-asset.mjs
apps/worker build$ tsc -p tsconfig.json
apps/worker build: Done
apps/web build$ astro check && astro build
apps/storefront build: vite v8.3.1 building client environment for production...
apps/storefront build: transforming...
apps/storefront build: ✓ 5 modules transformed.
apps/storefront build: rendering chunks...
apps/storefront build: computing gzip size...
apps/storefront build: dist/insignia-storefront.js  14.03 kB │ gzip: 5.93 kB
apps/storefront build: 
apps/storefront build: ✓ built in 36ms
apps/storefront build: Done
apps/web build: 17:43:13 [@astrojs/node] Enabling sessions with filesystem storage
apps/web build: 17:43:13 [types] Generated 73ms
apps/web build: 17:43:13 [check] Getting diagnostics for Astro files in /home/serveradmin/insignia-m5-014-worktree/apps/web...
apps/web build: Result (28 files): 
apps/web build: - 0 errors
apps/web build: - 0 warnings
apps/web build: - 0 hints
apps/web build: 
apps/web build: 17:43:18 [@astrojs/node] Enabling sessions with filesystem storage
apps/web build: 17:43:18 [types] Generated 67ms
apps/web build: 17:43:18 [build] output: "server"
apps/web build: 17:43:18 [build] mode: "server"
apps/web build: 17:43:18 [build] directory: /home/serveradmin/insignia-m5-014-worktree/apps/web/dist/
apps/web build: 17:43:18 [build] adapter: @astrojs/node
apps/web build: 17:43:18 [build] Collecting build info...
apps/web build: 17:43:18 [build] ✓ Completed in 106ms.
apps/web build: 17:43:18 [build] Building server entrypoints...
apps/web build: 17:43:18 [vite] ✓ built in 222ms
apps/web build: 17:43:20 [vite] ✓ built in 1.57s
apps/web build: 17:43:20 [vite] ✓ built in 210ms
apps/web build: 17:43:20 [build] Rearranging server assets...
apps/web build: 17:43:20 [build] ✓ Completed in 2.06s.
apps/web build: 17:43:20 [build] Server built in 2.17s
apps/web build: 17:43:20 [build] Complete!
apps/web build: Done
$ corepack pnpm --filter @insignia/domain test && corepack pnpm --filter @insignia/contracts test && corepack pnpm --filter @insignia/visualizer test && corepack pnpm --filter @insignia/cart-authorization test && corepack pnpm --filter @insignia/application test && corepack pnpm --filter @insignia/shopify test && corepack pnpm --filter @insignia/observability test && corepack pnpm --filter @insignia/worker test
$ vitest run

 RUN  v5.0.2 /home/serveradmin/insignia-m5-014-worktree/packages/domain


 Test Files  5 passed (5)
      Tests  26 passed (26)
   Start at  17:43:21
   Duration  443ms (transform 50%, tests 30%, import 16%, worker 5%)

$ vitest run

 RUN  v5.0.2 /home/serveradmin/insignia-m5-014-worktree/packages/contracts


 Test Files  2 passed (2)
      Tests  6 passed (6)
   Start at  17:43:22
   Duration  283ms (import 53%, transform 32%, tests 11%, worker 3%)

$ vitest run

 RUN  v5.0.2 /home/serveradmin/insignia-m5-014-worktree/packages/visualizer


 Test Files  2 passed (2)
      Tests  9 passed (9)
   Start at  17:43:23
   Duration  221ms (transform 67%, import 16%, tests 12%, worker 5%)

$ node --experimental-strip-types --test test/*.test.ts
✔ hard subset bounds and untrusted ordinary-line hints (2.276683ms)
✔ 33 buckets are refused before the signer is called (0.446939ms)
✔ every admitted code matches the versioned matrix and unknown/digital values reject (12.703197ms)
✔ production-generated carriers decode, conserve and verify for every complete set (6.887384ms)
✔ PostgreSQL-persisted negative adjustment has exact signed quote and member economics (1.155913ms)
✔ versioned 33-bucket vector rejects before any signing call (0.443666ms)
✔ production decoder and signature bytes preserve the independent v2 wire literal (5.13601ms)
✔ injected synthetic Ed25519 signer covers the complete set and three-day key window (2.829993ms)
✔ invalid window or set refuses signing and noncanonical carrier refuses decoding (0.555353ms)
ℹ tests 9
ℹ suites 0
ℹ pass 9
ℹ fail 0
ℹ cancelled 0
ℹ skipped 0
ℹ todo 0
ℹ duration_ms 183.814633
$ vitest run

 RUN  v5.0.2 /home/serveradmin/insignia-m5-014-worktree/packages/application

 ❯ src/publication/availability-v2-recovery.test.ts (3 tests | 1 failed) 25ms
   × v2 original-state recovery rejects semantic drift even with identical updatedAt 10ms

⎯⎯⎯⎯⎯⎯⎯ Failed Tests 1 ⎯⎯⎯⎯⎯⎯⎯

 FAIL  src/publication/availability-v2-recovery.test.ts > v2 original-state recovery rejects semantic drift even with identical updatedAt
AssertionError: expected [Function] to throw error including 'Original availability not observed' but got 'Original v2 availability not observed…'

Expected: "Original availability not observed"
Received: "Original v2 availability not observed; operator hold retained"

 ❯ src/publication/availability-v2-recovery.test.ts:91:85
     89|   };
     90|   const drift = { ...observed, configuredIntent, intentDigest: activat…
     91|   expect(() => assertOriginalAvailabilityObserved({ ...context, observ…
       |                                                                                     ^
     92|     'Original availability not observed',
     93|   );

⎯⎯⎯⎯⎯⎯⎯⎯⎯⎯⎯⎯⎯⎯⎯⎯⎯⎯⎯⎯⎯⎯⎯⎯[1/1]⎯


 Test Files  1 failed | 14 passed (15)
      Tests  1 failed | 179 passed (180)
   Start at  17:43:24
   Duration  1.53s (transform 43%, import 34%, tests 20%, worker 3%)

    Isolate  15 workers spawned · ~123ms startup each (spawn + environment, per file)
             at least ~492ms faster with isolate: false — reuses workers across files instead of one per file

[ELIFECYCLE] Test failed. See above for more details.
Error: ERR_PNPM_RECURSIVE_RUN_FIRST_FAIL

  × "pnpm recursive run" failed in /home/serveradmin/insignia-m5-014-worktree/
  │ packages/application

[ELIFECYCLE] Command failed with exit code 1.
[ELIFECYCLE] Command failed with exit code 1.
