$ corepack pnpm check:style && corepack pnpm build && corepack pnpm test:unit && corepack pnpm test:m5-operator && corepack pnpm test:vectors && corepack pnpm check:boundaries && corepack pnpm check:secrets && python3 -B scripts/boundaries/check-cargo-workspace.py && corepack pnpm check:rust && M1_FUNCTION_RUNNER=.m1-artifacts/tools/function-runner-9.2.2 python3 -B scripts/m4-002/replay-production-vectors.py && M1_FUNCTION_RUNNER=.m1-artifacts/tools/function-runner-9.2.2 node scripts/m4-003/replay-public-config.mjs && corepack pnpm test:browser && python3 -B spikes/m0-007/scripts/check-history.py && python3 -B spikes/m0-014/scripts/check-live-setup.py && python3 -B scripts/m1-functions/artifact-manifest.py
$ biome check .dependency-cruiser.cjs apps/storefront/src apps/storefront/test apps/storefront/scripts apps/storefront/vite.config.ts apps/web/src/islands apps/web/src/pages/live.ts apps/web/src/pages/api apps/web/src/server apps/web/src/shared apps/web/src/styles apps/web/test apps/web/astro.config.mjs apps/worker/src apps/worker/test packages/contracts/src packages/domain/src packages/cart-authorization/src packages/cart-authorization/test packages/application/src packages/database/src packages/database/test packages/shopify/src packages/shopify/test packages/visualizer/src packages/observability/src packages/observability/test scripts/boundaries scripts/m1-functions/check-vector.test.ts scripts/m5-002 scripts/m5-003 scripts/m5-004 scripts/m5-005 scripts/m5-009 scripts/m5-010 scripts/m5-011 scripts/m5-012 scripts/m5-013
apps/web/src/server/admin/production.ts:69:57 lint/style/useTemplate  FIXABLE  ━━━━━━━━━━━━━━━━━━━━━

  i Template literals are preferred over string concatenation.
  
    67 │   const appOrigin = required(env, 'APP_URL');
    68 │   const appId = env.INSIGNIA_SHOPIFY_APP_ID;
  > 69 │   const appGid = appId && /^[1-9][0-9]*$/.test(appId) ? 'gid://shopify/App/' + appId : null;
       │                                                         ^^^^^^^^^^^^^^^^^^^^^^^^^^^^
    70 │   const shopify = createAdminOnlineIdentity({ apiKey, apiSecret, hostName: new URL(appOrigin).host });
    71 │   const core = createDurableCore(databasePool ?? new Pool({ connectionString: databaseUrl }));
  
  i Unsafe fix: Use a template literal.
  
     67  67 │     const appOrigin = required(env, 'APP_URL');
     68  68 │     const appId = env.INSIGNIA_SHOPIFY_APP_ID;
     69     │ - ··const·appGid·=·appId·&&·/^[1-9][0-9]*$/.test(appId)·?·'gid://shopify/App/'·+·appId·:·null;
         69 │ + ··const·appGid·=·appId·&&·/^[1-9][0-9]*$/.test(appId)·?·`gid://shopify/App/${appId}`·:·null;
     70  70 │     const shopify = createAdminOnlineIdentity({ apiKey, apiSecret, hostName: new URL(appOrigin).host });
     71  71 │     const core = createDurableCore(databasePool ?? new Pool({ connectionString: databaseUrl }));
  

apps/web/src/server/admin/production.ts:89:54 lint/style/useTemplate  FIXABLE  ━━━━━━━━━━━━━━━━━━━━━

  i Template literals are preferred over string concatenation.
  
    87 │       installationGeneration: actor.installationGeneration,
    88 │     });
  > 89 │     if (!scope || scope.shopDomain !== actor.shop || 'gid://shopify/Shop/' + scope.shopifyShopId !== actor.shopId)
       │                                                      ^^^^^^^^^^^^^^^^^^^^^^^^^^^^^^^^^^^^^^^^^^^
    90 │       throw new Error('Admin installation changed');
    91 │   }
  
  i Unsafe fix: Use a template literal.
  
     87  87 │         installationGeneration: actor.installationGeneration,
     88  88 │       });
     89     │ - ····if·(!scope·||·scope.shopDomain·!==·actor.shop·||·'gid://shopify/Shop/'·+·scope.shopifyShopId·!==·actor.shopId)
         89 │ + ····if·(!scope·||·scope.shopDomain·!==·actor.shop·||·`gid://shopify/Shop/${scope.shopifyShopId}`·!==·actor.shopId)
     90  90 │         throw new Error('Admin installation changed');
     91  91 │     }
  

apps/web/src/server/admin/production.ts:214:51 lint/style/useTemplate  FIXABLE  ━━━━━━━━━━━━━━━━━━━━

  i Template literals are preferred over string concatenation.
  
    212 │           const provider = await shopify.readInstallation(online);
    213 │           const tenant = await core.tenants.getShopByDomain(provider.shop);
  > 214 │           if (!tenant || !tenant.shopifyShopId || 'gid://shopify/Shop/' + tenant.shopifyShopId !== provider.shopId)
        │                                                   ^^^^^^^^^^^^^^^^^^^^^^^^^^^^^^^^^^^^^^^^^^^^
    215 │             throw new Error('Tenant installation mismatch');
    216 │           const installed = await core.tenants.getCurrentAdminInstallation(tenant.shopId);
  
  i Unsafe fix: Use a template literal.
  
    212 212 │             const provider = await shopify.readInstallation(online);
    213 213 │             const tenant = await core.tenants.getShopByDomain(provider.shop);
    214     │ - ··········if·(!tenant·||·!tenant.shopifyShopId·||·'gid://shopify/Shop/'·+·tenant.shopifyShopId·!==·provider.shopId)
        214 │ + ··········if·(!tenant·||·!tenant.shopifyShopId·||·`gid://shopify/Shop/${tenant.shopifyShopId}`·!==·provider.shopId)
    215 215 │               throw new Error('Tenant installation mismatch');
    216 216 │             const installed = await core.tenants.getCurrentAdminInstallation(tenant.shopId);
  

apps/web/src/server/admin/auth.ts:48:48 lint/style/noNonNullAssertion ━━━━━━━━━━━━━━━━━━━━━━━━━━━━━━

  ! Forbidden non-null assertion.
  
    46 │     let identity: VerifiedAdminIdentity;
    47 │     try {
  > 48 │       identity = await port.verifySessionToken(match[1]!);
       │                                                ^^^^^^^^^
    49 │     } catch {
    50 │       return null;
  

apps/web/src/server/admin/auth.ts:61:50 lint/style/noNonNullAssertion ━━━━━━━━━━━━━━━━━━━━━━━━━━━━━━

  ! Forbidden non-null assertion.
  
    59 │     )
    60 │       return null;
  > 61 │     const grant = await port.exchangeOnlineGrant(match[1]!, identity);
       │                                                  ^^^^^^^^^
    62 │     if (
    63 │       grant.shop !== identity.shop ||
  

apps/web/src/server/admin/preview.ts:109:28 lint/style/noNonNullAssertion ━━━━━━━━━━━━━━━━━━━━━━━━━━

  ! Forbidden non-null assertion.
  
    107 │             .then((found) => (found ? project(found) : null)),
    108 │         );
  > 109 │       const result = await map.get(id)!;
        │                            ^^^^^^^^^^^^
    110 │       await active(actor);
    111 │       return result;
  

apps/web/src/server/admin/preview.ts:116:28 lint/style/noNonNullAssertion ━━━━━━━━━━━━━━━━━━━━━━━━━━

  ! Forbidden non-null assertion.
  
    114 │       await active(actor);
    115 │       if (!currencies.has(actor)) currencies.set(actor, reader(actor).shopCurrency());
  > 116 │       const result = await currencies.get(actor)!;
        │                            ^^^^^^^^^^^^^^^^^^^^^^
    117 │       await active(actor);
    118 │       return result;
  

apps/web/src/server/admin/preview.ts:163:34 lint/style/noNonNullAssertion ━━━━━━━━━━━━━━━━━━━━━━━━━━

  ! Forbidden non-null assertion.
  
    161 │                   shopId: randomUUID(),
    162 │                   shopDomain: shop,
  > 163 │                   shopifyShopId: shopId.split('/').at(-1)!,
        │                                  ^^^^^^^^^^^^^^^^^^^^^^^^^
    164 │                   externalInstallationId: provider.installationId,
    165 │                 }),
  

apps/web/src/server/admin/preview.ts:223:26 lint/style/noNonNullAssertion ━━━━━━━━━━━━━━━━━━━━━━━━━━

  ! Forbidden non-null assertion.
  
    221 │                   installationGeneration: bound.installationGeneration,
    222 │                   shopifyShopId: shopId,
  > 223 │                   appId: env.INSIGNIA_M5_002_APP_RESOURCE!,
        │                          ^^^^^^^^^^^^^^^^^^^^^^^^^^^^^^^^^
    224 │                 },
    225 │                 {
  

apps/web/src/server/admin/preview.ts:227:46 lint/style/noNonNullAssertion ━━━━━━━━━━━━━━━━━━━━━━━━━━

  ! Forbidden non-null assertion.
  
    225 │                 {
    226 │                   appKey: client,
  > 227 │                   transformInputQuerySha256: env.INSIGNIA_M5_002_TRANSFORM_QUERY_HASH!,
        │                                              ^^^^^^^^^^^^^^^^^^^^^^^^^^^^^^^^^^^^^^^^^
    228 │                   validationInputQuerySha256: env.INSIGNIA_M5_002_VALIDATION_QUERY_HASH!,
    229 │                 },
  

apps/web/src/server/admin/preview.ts:228:47 lint/style/noNonNullAssertion ━━━━━━━━━━━━━━━━━━━━━━━━━━

  ! Forbidden non-null assertion.
  
    226 │                   appKey: client,
    227 │                   transformInputQuerySha256: env.INSIGNIA_M5_002_TRANSFORM_QUERY_HASH!,
  > 228 │                   validationInputQuerySha256: env.INSIGNIA_M5_002_VALIDATION_QUERY_HASH!,
        │                                               ^^^^^^^^^^^^^^^^^^^^^^^^^^^^^^^^^^^^^^^^^^
    229 │                 },
    230 │               );
  

apps/web/src/server/admin/production.ts:214:15 lint/complexity/useOptionalChain  FIXABLE  ━━━━━━━━━━

  ! Change to an optional chain.
  
    212 │           const provider = await shopify.readInstallation(online);
    213 │           const tenant = await core.tenants.getShopByDomain(provider.shop);
  > 214 │           if (!tenant || !tenant.shopifyShopId || 'gid://shopify/Shop/' + tenant.shopifyShopId !== provider.shopId)
        │               ^^^^^^^^^^^^^^^^^^^^^^^^^^^^^^^^
    215 │             throw new Error('Tenant installation mismatch');
    216 │           const installed = await core.tenants.getCurrentAdminInstallation(tenant.shopId);
  
  i Unsafe fix: Change to an optional chain.
  
    212 212 │             const provider = await shopify.readInstallation(online);
    213 213 │             const tenant = await core.tenants.getShopByDomain(provider.shop);
    214     │ - ··········if·(!tenant·||·!tenant.shopifyShopId·||·'gid://shopify/Shop/'·+·tenant.shopifyShopId·!==·provider.shopId)
        214 │ + ··········if·(!tenant?.shopifyShopId·||·'gid://shopify/Shop/'·+·tenant.shopifyShopId·!==·provider.shopId)
    215 215 │               throw new Error('Tenant installation mismatch');
    216 216 │             const installed = await core.tenants.getCurrentAdminInstallation(tenant.shopId);
  

apps/web/src/server/merchant-config.ts:123:28 lint/style/noNonNullAssertion ━━━━━━━━━━━━━━━━━━━━━━━━

  ! Forbidden non-null assertion.
  
    121 │         option.allowedValueIds.flatMap((id) => {
    122 │           const label = oldLabels?.[id];
  > 123 │           return label ? [[values.get(id)!, label]] : [];
        │                            ^^^^^^^^^^^^^^^
    124 │         }),
    125 │       );
  

apps/web/src/server/merchant-config.ts:126:47 lint/style/noNonNullAssertion ━━━━━━━━━━━━━━━━━━━━━━━━

  ! Forbidden non-null assertion.
  
    124 │         }),
    125 │       );
  > 126 │       return Object.keys(remapped).length ? [[options.get(option.id)!, remapped]] : [];
        │                                               ^^^^^^^^^^^^^^^^^^^^^^^
    127 │     }),
    128 │   );
  

apps/web/src/server/merchant-config.ts:132:50 lint/style/noNonNullAssertion ━━━━━━━━━━━━━━━━━━━━━━━━

  ! Forbidden non-null assertion.
  
    130 │     ...source,
    131 │     labels,
  > 132 │     methods: source.methods.map((item) => ({ id: methods.get(item.id)! })),
        │                                                  ^^^^^^^^^^^^^^^^^^^^^
    133 │     placements: source.placements.map((item) => ({
    134 │       ...item,
  

apps/web/src/server/merchant-config.ts:135:11 lint/style/noNonNullAssertion ━━━━━━━━━━━━━━━━━━━━━━━━

  ! Forbidden non-null assertion.
  
    133 │     placements: source.placements.map((item) => ({
    134 │       ...item,
  > 135 │       id: placements.get(item.id)!,
        │           ^^^^^^^^^^^^^^^^^^^^^^^^
    136 │       allowedMethodIds: item.allowedMethodIds.map((id) => methods.get(id)!),
    137 │       allowedStepIds: item.allowedStepIds.map((id) => steps.get(id)!),
  

apps/web/src/server/merchant-config.ts:136:59 lint/style/noNonNullAssertion ━━━━━━━━━━━━━━━━━━━━━━━━

  ! Forbidden non-null assertion.
  
    134 │       ...item,
    135 │       id: placements.get(item.id)!,
  > 136 │       allowedMethodIds: item.allowedMethodIds.map((id) => methods.get(id)!),
        │                                                           ^^^^^^^^^^^^^^^^
    137 │       allowedStepIds: item.allowedStepIds.map((id) => steps.get(id)!),
    138 │     })),
  

apps/web/src/server/merchant-config.ts:137:55 lint/style/noNonNullAssertion ━━━━━━━━━━━━━━━━━━━━━━━━

  ! Forbidden non-null assertion.
  
    135 │       id: placements.get(item.id)!,
    136 │       allowedMethodIds: item.allowedMethodIds.map((id) => methods.get(id)!),
  > 137 │       allowedStepIds: item.allowedStepIds.map((id) => steps.get(id)!),
        │                                                       ^^^^^^^^^^^^^^
    138 │     })),
    139 │     productionOptions: source.productionOptions.map((item) => ({
  

apps/web/src/server/merchant-config.ts:140:11 lint/style/noNonNullAssertion ━━━━━━━━━━━━━━━━━━━━━━━━

  ! Forbidden non-null assertion.
  
    138 │     })),
    139 │     productionOptions: source.productionOptions.map((item) => ({
  > 140 │       id: options.get(item.id)!,
        │           ^^^^^^^^^^^^^^^^^^^^^
    141 │       allowedValueIds: item.allowedValueIds.map((id) => values.get(id)!),
    142 │     })),
  

apps/web/src/server/merchant-config.ts:141:57 lint/style/noNonNullAssertion ━━━━━━━━━━━━━━━━━━━━━━━━

  ! Forbidden non-null assertion.
  
    139 │     productionOptions: source.productionOptions.map((item) => ({
    140 │       id: options.get(item.id)!,
  > 141 │       allowedValueIds: item.allowedValueIds.map((id) => values.get(id)!),
        │                                                         ^^^^^^^^^^^^^^^
    142 │     })),
    143 │     pricingRules: source.pricingRules.map((rule) => ({
  

The number of diagnostics exceeds the limit allowed. Use --max-diagnostics to increase it.
Diagnostics not shown: 117.
Checked 237 files in 450ms. No fixes applied.
Found 54 warnings.
Found 83 infos.
$ corepack pnpm -r --filter './packages/**' build && corepack pnpm -r --filter './apps/**' build
packages/cart-authorization build$ tsc -p tsconfig.json
packages/domain build$ tsc -p tsconfig.json
packages/contracts build$ tsc -p tsconfig.json
packages/observability build$ tsc -p tsconfig.json
packages/domain build: Done
packages/visualizer build$ tsc -p tsconfig.json
packages/contracts build: Done
packages/application build$ tsc -p tsconfig.json
packages/cart-authorization build: Done
packages/observability build: Done
packages/visualizer build: Done
packages/application build: Done
packages/shopify build$ tsc -p tsconfig.json
packages/shopify build: Done
packages/database build$ tsc -p tsconfig.json
packages/database build: Done
apps/storefront build$ tsc --noEmit && vite build && node scripts/copy-theme-asset.mjs
apps/worker build$ tsc -p tsconfig.json
apps/worker build: Done
apps/web build$ astro check && astro build
apps/storefront build: vite v8.3.1 building client environment for production...
apps/storefront build: transforming...
apps/storefront build: ✓ 5 modules transformed.
apps/storefront build: rendering chunks...
apps/storefront build: computing gzip size...
apps/storefront build: dist/insignia-storefront.js  14.03 kB │ gzip: 5.93 kB
apps/storefront build: 
apps/storefront build: ✓ built in 28ms
apps/storefront build: Done
apps/web build: 17:37:54 [@astrojs/node] Enabling sessions with filesystem storage
apps/web build: 17:37:54 [types] Generated 150ms
apps/web build: 17:37:54 [check] Getting diagnostics for Astro files in /home/serveradmin/insignia-m5-014-worktree/apps/web...
apps/web build: Result (28 files): 
apps/web build: - 0 errors
apps/web build: - 0 warnings
apps/web build: - 0 hints
apps/web build: 
apps/web build: 17:37:59 [@astrojs/node] Enabling sessions with filesystem storage
apps/web build: 17:37:59 [types] Generated 66ms
apps/web build: 17:37:59 [build] output: "server"
apps/web build: 17:37:59 [build] mode: "server"
apps/web build: 17:37:59 [build] directory: /home/serveradmin/insignia-m5-014-worktree/apps/web/dist/
apps/web build: 17:37:59 [build] adapter: @astrojs/node
apps/web build: 17:37:59 [build] Collecting build info...
apps/web build: 17:37:59 [build] ✓ Completed in 106ms.
apps/web build: 17:37:59 [build] Building server entrypoints...
apps/web build: 17:38:00 [vite] ✓ built in 222ms
apps/web build: 17:38:01 [vite] ✓ built in 1.64s
apps/web build: 17:38:01 [vite] ✓ built in 213ms
apps/web build: 17:38:01 [build] Rearranging server assets...
apps/web build: 17:38:01 [build] ✓ Completed in 2.14s.
apps/web build: 17:38:01 [build] Server built in 2.25s
apps/web build: 17:38:01 [build] Complete!
apps/web build: Done
$ corepack pnpm --filter @insignia/domain test && corepack pnpm --filter @insignia/contracts test && corepack pnpm --filter @insignia/visualizer test && corepack pnpm --filter @insignia/cart-authorization test && corepack pnpm --filter @insignia/application test && corepack pnpm --filter @insignia/shopify test && corepack pnpm --filter @insignia/observability test && corepack pnpm --filter @insignia/worker test
$ vitest run

 RUN  v5.0.2 /home/serveradmin/insignia-m5-014-worktree/packages/domain


 Test Files  5 passed (5)
      Tests  26 passed (26)
   Start at  17:38:02
   Duration  437ms (transform 44%, tests 33%, import 19%, worker 4%)

$ vitest run

 RUN  v5.0.2 /home/serveradmin/insignia-m5-014-worktree/packages/contracts


 Test Files  2 passed (2)
      Tests  6 passed (6)
   Start at  17:38:03
   Duration  275ms (import 55%, transform 31%, tests 11%, worker 3%)

$ vitest run

 RUN  v5.0.2 /home/serveradmin/insignia-m5-014-worktree/packages/visualizer


 Test Files  2 passed (2)
      Tests  9 passed (9)
   Start at  17:38:04
   Duration  216ms (transform 57%, import 22%, tests 15%, worker 6%)

$ node --experimental-strip-types --test test/*.test.ts
✔ hard subset bounds and untrusted ordinary-line hints (2.108165ms)
✔ 33 buckets are refused before the signer is called (0.472535ms)
✔ every admitted code matches the versioned matrix and unknown/digital values reject (12.467721ms)
✔ production-generated carriers decode, conserve and verify for every complete set (6.265246ms)
✔ PostgreSQL-persisted negative adjustment has exact signed quote and member economics (1.093636ms)
✔ versioned 33-bucket vector rejects before any signing call (0.430217ms)
✔ production decoder and signature bytes preserve the independent v2 wire literal (5.107489ms)
✔ injected synthetic Ed25519 signer covers the complete set and three-day key window (2.569494ms)
✔ invalid window or set refuses signing and noncanonical carrier refuses decoding (0.529499ms)
ℹ tests 9
ℹ suites 0
ℹ pass 9
ℹ fail 0
ℹ cancelled 0
ℹ skipped 0
ℹ todo 0
ℹ duration_ms 195.530407
$ vitest run

 RUN  v5.0.2 /home/serveradmin/insignia-m5-014-worktree/packages/application


 Test Files  15 passed (15)
      Tests  178 passed (178)
   Start at  17:38:05
   Duration  1.50s (transform 40%, import 37%, tests 20%, worker 3%)

    Isolate  15 workers spawned · ~124ms startup each (spawn + environment, per file)
             at least ~496ms faster with isolate: false — reuses workers across files instead of one per file

$ vitest run

 RUN  v5.0.2 /home/serveradmin/insignia-m5-014-worktree/packages/shopify


 Test Files  13 passed (13)
      Tests  256 passed (256)
   Start at  17:38:07
   Duration  1.57s (tests 61%, transform 23%, import 15%, worker 2%)

    Isolate  13 workers spawned · ~119ms startup each (spawn + environment, per file)
             at least ~396ms faster with isolate: false — reuses workers across files instead of one per file

$ node --test test/*.test.mjs
✔ structured runtime events cannot emit arbitrary payload or credential fields (4.822013ms)
✔ metric labels are fixed outcomes and never contain tenant or delivery IDs (2.643379ms)
ℹ tests 2
ℹ suites 0
ℹ pass 2
ℹ fail 0
ℹ cancelled 0
ℹ skipped 0
ℹ todo 0
ℹ duration_ms 134.317589
$ node --test test/*.test.mjs
✔ current and previous synthetic wrapping keys remain available by ID (2.344596ms)
﹣ PostgreSQL claim retries the old refresh token after a lost response and fences stale replacement (0.955602ms) # SKIP
✔ diagnostic decodes and derives synthetic pixels without claiming durable readiness (12.438082ms)
✔ liveness stays separate from durable readiness; loopback metrics expose bounded outcomes (57.381845ms)
﹣ PostgreSQL pg-boss starts, retries, settles and replays after restart (0.937121ms) # SKIP
﹣ pg-boss retry after committed uninstall retains one deactivation and one inbox fact (0.154049ms) # SKIP
✔ process starts queues and workers before readiness; stop makes readiness unavailable (42.44049ms)
✔ startup failure closes a started queue without reporting readiness (1.580515ms)
{"level":30,"time":1791308289783,"event":"worker_started"}
{"level":30,"time":1791308289787,"event":"worker_started"}
{"level":30,"time":1791308289789,"event":"worker_started"}
{"level":30,"time":1791308289792,"event":"worker_started"}
{"level":30,"time":1791308289794,"event":"worker_started"}
{"level":30,"time":1791308289796,"event":"worker_started"}
✔ enqueue confirms exact inbox identity, including completed job replay (7.51061ms)
✔ null send without same persisted job is retryable, never an acknowledgement (1.784713ms)
✔ workers pass IDs only to injected durable handlers; failed attempt retries safely (3.582183ms)
✔ invalid job body and identity fail closed without invoking application (1.057289ms)
✔ enabled worker refuses missing credential-key configuration and stays not ready (1.695436ms)
✔ refresh claim contention is retried rather than silently completing its job (1.999606ms)
{"level":30,"time":1791308289784,"event":"webhook_enqueued","inboxId":"427e678a-60df-4c6b-979c-ab97a6298928"}
{"level":30,"time":1791308289785,"event":"worker_stopped"}
{"level":50,"time":1791308289790,"event":"webhook_process_failed","inboxId":"25f7095e-8ed8-4288-a695-e4378977b54c","errorClass":"ProcessingError","attempt":0}
{"level":30,"time":1791308289790,"event":"webhook_process_ok","inboxId":"25f7095e-8ed8-4288-a695-e4378977b54c","attempt":1}
{"level":30,"time":1791308289790,"event":"refresh_process_ok","shopId":"c928e91d-46d9-478d-9baa-f1fdeff1bf2d","attempt":0}
{"level":30,"time":1791308289792,"event":"worker_stopped"}
{"level":50,"time":1791308289793,"event":"webhook_process_failed","inboxId":"d24a595f-4c7a-490f-9b71-fe65483d4e72","errorClass":"ProcessingError","attempt":0}
{"level":30,"time":1791308289794,"event":"worker_stopped"}
{"level":50,"time":1791308289796,"event":"refresh_process_failed","errorClass":"RefreshError","attempt":0}
{"level":30,"time":1791308289797,"event":"worker_stopped"}
﹣ configured worker serves liveness and durable readiness, then closes on SIGTERM (1.050134ms) # SKIP
ℹ tests 15
ℹ suites 0
ℹ pass 11
ℹ fail 0
ℹ cancelled 0
ℹ skipped 4
ℹ todo 0
ℹ duration_ms 627.084932
$ node --test scripts/m5-002/read-register.test.mjs scripts/m5-002/built-runtime.test.mjs && node --test scripts/m5-004/operator.test.mjs scripts/m5-009/operator.test.mjs scripts/m5-010/operator.test.mjs scripts/m5-010/binding.test.mjs scripts/m5-010/native-actions.test.mjs && node --test scripts/m5-005/diagnostic.test.mjs && node --test scripts/m5-011/operator.test.mjs scripts/m5-011/binding.test.mjs && node --test scripts/m5-012/operator.test.mjs scripts/m5-012/binding.test.mjs && node --test scripts/m5-013/operator.test.mjs scripts/m5-013/binding.test.mjs
✔ complete built server reproduces CLI development-mode CSP rejection (252.381542ms)
✔ actual launcher runtime preparation admits built hydration without widening CSP (209.266471ms)
✔ actual launcher register reserves durably before synthetic fetch, serializes and denies extra attempts (76.333087ms)
✔ exact SDK online exchange is counted per attempt; mutations, wrong targets and other token/event routes never send (1.964757ms)
✔ ambiguous or inflated history stops before any send (0.461318ms)
✔ one-shot loss applies only after a committed local save and never changes transport counts (1.535533ms)
ℹ tests 6
ℹ suites 0
ℹ pass 6
ℹ fail 0
ℹ cancelled 0
ℹ skipped 0
ℹ todo 0
ℹ duration_ms 535.4085
✔ actual HTTP attempts are durably reserved before dispatch (10.314092ms)
✔ captured M5-004 empty grants stop the actual public workflow before any fixture write (6.489316ms)
✔ fixed targets/documents/variables reject unrelated writes and extra payload before actual HTTP (3.347221ms)
✔ normal reserves cannot consume final 12 reads/3 updates; all attempts count, one lock and one create (196.603955ms)
✔ naturally lost mutation response stops all later writes and cleanup across reopen; no automatic retry (2.594287ms)
✔ real routing identity, nine retained grants and complete empty publication history are mandatory (2.529804ms)
✔ auth exact app/route counts3 and never persists synthetic secret or returned token (1.854211ms)
✔ missing/corrupt history never reinitializes or sends (0.754067ms)
✔ offline gate prevents even credential loading (0.31215ms)
✔ full qualification reuses unchanged actual status/catalog adapters, fresh-process hold reload and drift refusal (558.795179ms)
✔ complete workflow stops on changed installation; no manufacture or unsafe cleanup (22.70399ms)
✔ complete workflow stops on unexpected exposure; no manufacture or unsafe cleanup (23.147701ms)
✔ complete workflow stops on visibility mismatch; no manufacture or unsafe cleanup (169.454369ms)
✔ complete workflow stops on natural lost response; no manufacture or unsafe cleanup (107.42612ms)
✔ complete workflow stops on metadata drift; no manufacture or unsafe cleanup (26.265973ms)
✔ complete workflow stops on malformed success; no manufacture or unsafe cleanup (119.697841ms)
✔ live register is canonical; synthetic initialization rejects unsafe directories and lost history (0.829619ms)
✔ malformed/unsuccessful mutation responses stay unknown; only valid explicit rejection permits finalization (8.590539ms)
✔ lock cannot release while late HTTP/body work can still persist history (4.442163ms)
✔ acknowledged fixture metadata baseline rejects added tags or changed creation identity (1.457244ms)
✔ actual adapter HTTP/GraphQL outcomes survive bounded transport and sanitized response replay (12.977026ms)
✔ foreign live root and stale register binding cannot reach credential loading (20.884626ms)
✔ gate rejects incomplete CI and unbound review receipts even when every supplied workflow is green (28.072614ms)
✔ complete source/build/review/CI gate accepts bound receipts and rejects omissions, stale refs or altered evidence (89.015875ms)
✔ actual adapter user-error failure remains identical when replayed from sanitized mutation evidence (4.271875ms)
✔ malformed success userErrors cannot acknowledge a status mutation or allow cleanup (4.465031ms)
✔ actual availability missing/oversized bodies keep direct/wrapped/replayed shape errors (5.181245ms)
✔ catalog receives original bounded UTF8 bytes and provenance hashes the bytes, not replacement text (2.384249ms)
✔ failed catalog preserves actual normalized results before STOP (261.459005ms)
✔ failed drift preserves actual normalized results before STOP (482.147547ms)
✔ availability preserves its lossy UTF8 semantics while catalog rejects the same original bad bytes (2.242044ms)
✔ reopening a finished run preserves exact normalized evidence and refuses before credential loading (468.856258ms)
✔ catalog successful non200 keeps direct/wrapped/replayed body semantics (1.955453ms)
✔ current product capability accepts write_products without the obsolete nine grants (1.643389ms)
✔ legacy exact-nine guard stays unchanged while successor records current additional grants (3.48272ms)
✔ successor rejects absent capability, malformed grants and every wrong routing identity (0.782886ms)
✔ successor rejects the legacy canonical live directory before writing and cannot reopen legacy history (1.071317ms)
✔ successor documents, request ceilings, ownership, settlement and shared matrix stay source-identical (10.958835ms)
✔ fresh complete successor workflow uses real adapters, current product grants, persisted holds and unchanged matrix (992.641421ms)
✔ public successor workflow stops on missing capability without unsafe cleanup or retries (2.321197ms)
✔ public successor workflow stops on wrong identity without unsafe cleanup or retries (2.635995ms)
✔ public successor workflow stops on lost status acknowledgement without unsafe cleanup or retries (83.716862ms)
✔ successor live entry refuses incomplete gate before the protected credential route (29.582949ms)
✔ successor gate binds its own tree, directory, exact source and independent review/CI receipts (124.003563ms)
✔ captured live publication-field denial stops create settlement and never permits status finalization (6.069891ms)
✔ successor gate binds its own tree, directory, exact source and independent review/CI receipts (124.52841ms)
✔ native release and two-scope consent are durable one-use operations with dependency and ambiguity stops (7.099746ms)
✔ native successful sequence closes after exactly one release/request/approval and rejects reset reservation history (3.549943ms)
✔ 010 requires all publication/product capabilities and permits additional well formed grants (3.718848ms)
✔ 010 denies normal fresh create until fixed predecessor has been safely resolved (3.279941ms)
✔ complete absent predecessor lookup permits one fresh create and retains resolution independently (9.34972ms)
✔ owned unpublished ARCHIVED predecessor requires exact archived readback before fresh create (5.577544ms)
✔ owned unpublished DRAFT predecessor requires exact archived readback before fresh create (5.04037ms)
✔ owned unpublished ACTIVE predecessor requires exact archived readback before fresh create (5.222513ms)
✔ owned unpublished UNLISTED predecessor requires exact archived readback before fresh create (6.876062ms)
✔ predecessor multiple stops without any mutation or second lookup (2.053413ms)
✔ predecessor partial next stops without any mutation or second lookup (1.537591ms)
✔ predecessor partial previous stops without any mutation or second lookup (1.717201ms)
✔ predecessor missing page info stops without any mutation or second lookup (1.712561ms)
✔ predecessor missing nodes stops without any mutation or second lookup (1.298558ms)
✔ predecessor invalid product id stops without any mutation or second lookup (1.393464ms)
✔ predecessor wrong type stops without any mutation or second lookup (1.345453ms)
✔ predecessor wrong handle stops without any mutation or second lookup (1.322484ms)
✔ predecessor wrong title stops without any mutation or second lookup (1.404157ms)
✔ predecessor wrong tag stops without any mutation or second lookup (1.353354ms)
✔ predecessor too early creation stops without any mutation or second lookup (1.560403ms)
✔ predecessor invalid creation stops without any mutation or second lookup (1.616843ms)
✔ predecessor future creation stops without any mutation or second lookup (1.424575ms)
✔ predecessor published stops without any mutation or second lookup (1.340804ms)
✔ predecessor store url stops without any mutation or second lookup (1.36584ms)
✔ predecessor publication membership stops without any mutation or second lookup (1.484868ms)
✔ predecessor resource partial stops without any mutation or second lookup (1.683241ms)
✔ predecessor unpublished partial stops without any mutation or second lookup (1.879618ms)
✔ predecessor missing publications stops without any mutation or second lookup (1.354614ms)
✔ predecessor unsupported status stops without any mutation or second lookup (1.590432ms)
✔ predecessor lookup transport retains stop and never retries or creates (1.69695ms)
✔ predecessor lookup stream failure retains stop and never retries or creates (2.338353ms)
✔ predecessor lookup invalid utf8 retains stop and never retries or creates (1.880004ms)
✔ predecessor lookup http retains stop and never retries or creates (1.558195ms)
✔ predecessor lookup missing body retains stop and never retries or creates (1.964332ms)
✔ predecessor lookup invalid json retains stop and never retries or creates (1.599154ms)
✔ predecessor lookup oversized retains stop and never retries or creates (2.273455ms)
✔ predecessor lookup graphql permission retains stop and never retries or creates (1.770748ms)
✔ predecessor lookup partial graphql data retains stop and never retries or creates (1.894486ms)
✔ predecessor lookup mutation rejected retains stop and never retries or creates (2.118894ms)
✔ predecessor archive transport retains stop and never retries or creates (1.91523ms)
✔ predecessor archive stream failure retains stop and never retries or creates (1.89029ms)
✔ predecessor archive invalid utf8 retains stop and never retries or creates (2.40279ms)
✔ predecessor archive http retains stop and never retries or creates (2.08217ms)
✔ predecessor archive missing body retains stop and never retries or creates (2.508431ms)
✔ predecessor archive invalid json retains stop and never retries or creates (2.204594ms)
✔ predecessor archive oversized retains stop and never retries or creates (3.025408ms)
✔ predecessor archive graphql permission retains stop and never retries or creates (2.089903ms)
✔ predecessor archive partial graphql data retains stop and never retries or creates (2.138565ms)
✔ predecessor archive mutation rejected retains stop and never retries or creates (2.126868ms)
✔ predecessor readback transport retains stop and never retries or creates (5.673328ms)
✔ predecessor readback stream failure retains stop and never retries or creates (2.625589ms)
✔ predecessor readback invalid utf8 retains stop and never retries or creates (2.396405ms)
✔ predecessor readback http retains stop and never retries or creates (2.564512ms)
✔ predecessor readback missing body retains stop and never retries or creates (2.22547ms)
✔ predecessor readback invalid json retains stop and never retries or creates (2.375568ms)
✔ predecessor readback oversized retains stop and never retries or creates (3.213165ms)
✔ predecessor readback graphql permission retains stop and never retries or creates (2.537434ms)
✔ predecessor readback partial graphql data retains stop and never retries or creates (2.6461ms)
✔ predecessor readback mutation rejected retains stop and never retries or creates (2.374197ms)
✔ archive wrong id cannot resolve predecessor (1.980297ms)
✔ archive wrong metadata cannot resolve predecessor (1.752578ms)
✔ archive wrong status cannot resolve predecessor (1.673135ms)
✔ archive exposed cannot resolve predecessor (1.670084ms)
✔ readback wrong id cannot resolve predecessor (2.275922ms)
✔ readback wrong metadata cannot resolve predecessor (2.422662ms)
✔ readback wrong status cannot resolve predecessor (2.24517ms)
✔ readback exposed cannot resolve predecessor (2.394888ms)
✔ public qualification resolves absent predecessor then runs unchanged real adapter matrix (492.60879ms)
✔ public qualification resolves ARCHIVED predecessor then runs unchanged real adapter matrix (500.499994ms)
✔ public qualification resolves ACTIVE predecessor then runs unchanged real adapter matrix (444.651204ms)
✔ fixed predecessor search and status-only allowance cannot be caller substituted (1.800579ms)
✔ reload retains predecessor FOUND, independent identity and one archival reservation (1.751575ms)
✔ reload retains predecessor ARCHIVE_ACKNOWLEDGED, independent identity and one archival reservation (1.99943ms)
✔ reload retains predecessor ARCHIVED_VERIFIED, independent identity and one archival reservation (2.30863ms)
✔ reload retains predecessor STOPPED, independent identity and one archival reservation (1.867876ms)
✔ reload retains predecessor ABSENT, independent identity and one archival reservation (1.162015ms)
✔ reopening refuses forged safe resolution or a retained lookup for a substituted marker (1.83747ms)
✔ serialized archive and readback attempts reserve actual HTTP once and never share the matrix allowance (3.075133ms)
✔ predecessor lookup consumes normal read ceiling and auth remains bounded at three (67.02252ms)
✔ public qualification stops on missing read_publications with no blind retry (1.805228ms)
✔ public qualification stops on wrong identity with no blind retry (1.565964ms)
✔ public qualification stops on predecessor permission failure with no blind retry (2.135936ms)
✔ public qualification stops on fresh create unknown with no blind retry (4.302202ms)
✔ public qualification stops on fresh adapter update unknown with no blind retry (69.727075ms)
✔ 010 cannot reopen closed-profile histories and synthetic qualification rejects every canonical live directory (29.548252ms)
✔ archival permission expiring during durable reservation consumes allowance without HTTP or retry (1.948643ms)
✔ pending predecessor HTTP retains exclusive lock and prevents early operator closure (1.273405ms)
✔ public qualification stops before fresh create after ACTIVE predecessor archive failure (2.91096ms)
✔ public qualification stops before fresh create after ACTIVE predecessor readback failure (3.531518ms)
✔ public qualification stops before fresh create after ARCHIVED predecessor readback failure (2.798203ms)
ℹ tests 136
ℹ suites 0
ℹ pass 136
ℹ fail 0
ℹ cancelled 0
ℹ skipped 0
ℹ todo 0
ℹ duration_ms 2930.186846
✔ one actual diagnostic sequence keeps empty installation distinct from nonempty token/REST/declarations (10.535353ms)
✔ partial stream failure is UNKNOWN and cannot allow a later independent read (2.955691ms)
✔ permission/shape metadata error does not become an empty grant agreement (2.892143ms)
✔ metadata shape failure still permits the independent REST read (2.0611ms)
✔ public sequence preserves missing installation/REST scope semantics (2.13198ms)
✔ public sequence preserves null installation/REST scope semantics (1.854988ms)
✔ public sequence preserves empty installation/REST scope semantics (1.756955ms)
✔ public sequence preserves wrong-type installation/REST scope semantics (1.601494ms)
✔ public sequence preserves duplicates installation/REST scope semantics (3.46397ms)
✔ public sequence preserves bad-handle installation/REST scope semantics (1.908515ms)
✔ token missing is recorded separately without preventing identity verification (1.658218ms)
✔ token null is recorded separately without preventing identity verification (1.515309ms)
✔ token empty is recorded separately without preventing identity verification (1.508933ms)
✔ token wrong-type is recorded separately without preventing identity verification (1.389532ms)
✔ token duplicate is recorded separately without preventing identity verification (1.457103ms)
✔ token bad-handle is recorded separately without preventing identity verification (1.466192ms)
✔ wrong shop identity stops after exactly two attempts (1.233433ms)
✔ wrong domain identity stops after exactly two attempts (0.902344ms)
✔ wrong app identity stops after exactly two attempts (0.982561ms)
✔ wrong client identity stops after exactly two attempts (0.923762ms)
✔ wrong installation identity stops after exactly two attempts (0.937985ms)
✔ wrong development identity stops after exactly two attempts (0.901884ms)
✔ explicit mismatched declared identity stops before REST (1.291815ms)
✔ token-invalid metadata response stops all later work (1.236432ms)
✔ offline unvalidated metadata is NOT_RUN without live document fallback (1.229202ms)
✔ unvalidated identity document stops before credential access (0.418067ms)
✔ actual entrypoint prevents host dispatch (0.928188ms)
✔ actual entrypoint prevents API dispatch (0.800731ms)
✔ actual entrypoint prevents method dispatch (0.779144ms)
✔ actual entrypoint prevents document dispatch (0.908262ms)
✔ actual entrypoint prevents mutation dispatch (0.831549ms)
✔ actual entrypoint prevents variables dispatch (0.810271ms)
✔ fixed REST GET prevents query (1.670297ms)
✔ fixed REST GET prevents body (1.617384ms)
✔ canonical history cannot be reopened, exhausted, corrupted or reset after loss (2.481866ms)
✔ expired credential preparation never dispatches a late HTTP call and retains pending lock (36.987613ms)
✔ ignored abort and late HTTP completion remain UNKNOWN with no later request or evidence rewrite (1023.060191ms)
✔ metadata oversized is shape evidence and allows independent REST (5.358713ms)
✔ metadata invalid-UTF8 is shape evidence and allows independent REST (1.497049ms)
✔ metadata invalid-JSON is shape evidence and allows independent REST (1.518816ms)
✔ metadata missing-body is shape evidence and allows independent REST (1.428103ms)
✔ unusable authentication never authorizes a read (0.737907ms)
✔ unusable authentication never authorizes a read (0.606485ms)
✔ unusable authentication never authorizes a read (0.588136ms)
✔ synthetic entry cannot override its mode to admit a nonsynthetic bearer (0.772783ms)
✔ pinned documented fields validate both exact documents and reject mutation/extra/unknown syntax (0.686444ms)
✔ live entrypoint rejects an unbound offline gate before owner credential metadata (25.91479ms)
✔ complete source/CI/review gate accepts exact receipts and rejects omitted/stale/altered evidence (91.844579ms)
✔ captured four-surface empty scope result replays through the public sequence without authorizing repair (2.143665ms)
ℹ tests 49
ℹ suites 0
ℹ pass 49
ℹ fail 0
ℹ cancelled 0
ℹ skipped 0
ℹ todo 0
ℹ duration_ms 1491.388035
✔ source gate requires two fresh high-effort reviews and every workflow on the frozen source (4.156512ms)
✔ full source binding includes the inherited internal Rust links without following external symlinks (246.824254ms)
✔ exact historical ownership accepts the fixed fixture and rejects an alternate target (2.729693ms)
✔ actual production acquire reports legacy membership conflict; V2 adjudication archives the owned fixture once (50.191172ms)
✔ ownership stops before any status mutation (3.099031ms)
✔ incomplete resourcePublications stops before any status mutation (2.84337ms)
✔ incomplete unpublishedPublications stops before any status mutation (2.998085ms)
✔ incomplete APP stops before any status mutation (4.046401ms)
✔ incomplete MARKET stops before any status mutation (5.23715ms)
✔ incomplete COMPANY_LOCATION stops before any status mutation (6.584308ms)
✔ incomplete NONE stops before any status mutation (8.721823ms)
✔ missing read scope stops before any status mutation (1.92864ms)
✔ initial DRAFT drift stops before any status mutation (9.376138ms)
✔ cross-partition version drift stops before any status mutation (3.229704ms)
✔ observed required grant loss in adapter read stops before any status mutation (8.27341ms)
✔ lost DRAFT acknowledgement never retries or archives (11.813397ms)
✔ DRAFT readback failure never retries or archives (10.936037ms)
✔ post-DRAFT ownership drift never retries or archives (13.729631ms)
✔ post-DRAFT partition drift never retries or archives (14.810895ms)
✔ different V2 behavior is classified from evidence without assuming staged membership (22.234086ms)
✔ ambiguous archive has exactly one bounded final observation and no resend (20.533152ms)
✔ newly appearing DRAFT V2 membership is not described as retained from ACTIVE (18.513268ms)
✔ acknowledgement/readback version drift stops before any post-DRAFT projection or cleanup (12.475779ms)
✔ concrete Shopify AppCatalog metadata permits the fixed adjudication (18.748782ms)
✔ concrete Shopify MarketCatalog metadata permits the fixed adjudication (20.729915ms)
✔ concrete Shopify CompanyLocationCatalog metadata permits the fixed adjudication (19.771923ms)
✔ catalog typename and global ID mismatch stops before any status mutation (5.975097ms)
✔ wrapped production failure preserves {"userError":true} (12.536531ms)
✔ wrapped production failure preserves {"adapterFailure":"http403"} (7.025927ms)
✔ wrapped production failure preserves {"adapterFailure":"graphql"} (8.412314ms)
✔ wrapped production failure preserves {"adapterFailure":"invalidJSON"} (6.991153ms)
✔ wrapped production failure preserves {"adapterFailure":"missingBody"} (6.271596ms)
✔ wrapped production failure preserves {"adapterFailure":"badScopes"} (7.024254ms)
✔ wrapped production failure preserves {"adapterFailure":"badNodes"} (8.214877ms)
✔ wrapped production failure preserves {"adapterFailure":"nullScope"} (6.698369ms)
✔ wrapped production failure preserves {"adapterFailure":"nullScopePost"} (10.60223ms)
✔ wrapped production failure preserves {"adapterFailure":"badHandlePost"} (10.463024ms)
✔ wrapped production failure preserves {"adapterFailure":"scopeString"} (8.571822ms)
✔ outstanding archive transport quarantines all further dispatch {"archiveOutstanding":true} (38.376273ms)
✔ outstanding archive transport quarantines all further dispatch {"archiveBodyOutstanding":true} (37.510635ms)
✔ outstanding archive transport quarantines all further dispatch {"archiveOversizeOutstanding":true} (39.153327ms)
✔ outstanding archive transport quarantines all further dispatch {"archiveBodyAbortOutstanding":true} (41.498196ms)
✔ outstanding archive transport quarantines all further dispatch {"archiveBodyCancelRejected":true} (17.48506ms)
✔ durable transport denies alternate target, ACTIVE, extra fields and arbitrary documents before HTTP (0.86266ms)
✔ quarantined first event zero rejects every subsequent provider dispatch (20.420327ms)
✔ 100 serial synthetic adjudications preserve the fixed ceilings and stop on each ambiguous write (1552.876678ms)
ℹ tests 46
ℹ suites 0
ℹ pass 46
ℹ fail 0
ℹ cancelled 0
ℹ skipped 0
ℹ todo 0
ℹ duration_ms 2431.940823
✔ source gate requires two fresh high-effort reviews and every workflow on the frozen source (3.083911ms)
✖ full source binding includes the inherited internal Rust links without following external symlinks (192.772501ms)
✔ alternate product and broad search are refused before HTTP (2.934882ms)
✔ fixed intent reads clean up one owned DRAFT and close with exact ARCHIVED settlement (27.100861ms)
✔ already ARCHIVED fixture is observed with no cleanup mutation (10.054324ms)
✔ complete negative intent surfaces report NO_INTENT_OBSERVED before cleanup (12.475484ms)
✔ unexpected ownership stops before cleanup (2.935492ms)
✔ unexpected ACTIVE stops before cleanup (2.731229ms)
✔ initial version drift stops before cleanup (2.584334ms)
✔ scope loss stops before cleanup (1.709572ms)
✔ incomplete includedProducts stops before cleanup (4.826862ms)
✔ foreign exact-ID result stops before cleanup (6.677385ms)
✔ duplicate exact-ID result stops before cleanup (5.16095ms)
✔ one-second observation drift stops before cleanup (5.090373ms)
✔ changed publication identity stops before cleanup (3.009372ms)
✔ search anchor disagrees stops before cleanup (5.43777ms)
✔ contradictory inclusion/search results stop before cleanup (9.321541ms)
✔ three qualified intent positives confirm intent with an empty diagnostic association (12.93218ms)
✔ diagnostic association cannot change negative consensus or resolve actual intent disagreement (37.331813ms)
✔ effective publication stays separate from matching configured-intent observations (8.907373ms)
✔ corrected interpretation cannot reopen the frozen closed attempt or authorize cleanup (4.276202ms)
✔ effective publication on DRAFT makes intent inconsistent and refuses cleanup (7.592754ms)
✔ ambiguous archive response consumes one final exact read without resend (9.5816ms)
✔ one-second archive acknowledgement/readback drift stays a conflict (11.87252ms)
✔ authentication failure closes the fresh register without Admin requests (1.028643ms)
✔ quarantined outstanding archive forbids final read and any overlapping request (8010.067973ms)
✔ fixed documents and variables exclude every alternate target before HTTP (107.791677ms)
✔ fixed source query literals are exactly the authorized ID filters and first:2 (0.553264ms)
✔ closed register cannot be initialized a second time (9.092121ms)
✔ 100 serial synthetic runs preserve zero or one mutation and never overlap (858.0585ms)
✔ invalid or malformed runtime search metadata stops before cleanup (6.812676ms)
✔ malformed GraphQL errors values never authorize cleanup (15.92537ms)
✔ rejected foreign descriptive data is absent from register and qualification evidence (7.786376ms)
✔ a failed read reservation cannot be retried or lead to unverifiable cleanup (1.325555ms)
✔ documented search diagnostics without warnings preserve exact intent reads (9.150665ms)
ℹ tests 35
ℹ suites 0
ℹ pass 34
ℹ fail 1
ℹ cancelled 0
ℹ skipped 0
ℹ todo 0
ℹ duration_ms 9470.317315

✖ failing tests:

test at scripts/m5-012/binding.test.mjs:56:1
✖ full source binding includes the inherited internal Rust links without following external symlinks (192.772501ms)
  Error: production_build_changed
      at requireValue (file:///home/serveradmin/insignia-m5-014-worktree/scripts/m5-011/operator.mjs:28:21)
      at freeze (file:///home/serveradmin/insignia-m5-014-worktree/scripts/m5-012/binding.mjs:41:52)
      at TestContext.<anonymous> (file:///home/serveradmin/insignia-m5-014-worktree/scripts/m5-012/binding.test.mjs:57:19)
      at Test.runInAsyncScope (node:async_hooks:227:14)
      at Test.run (node:internal/test_runner/test:1402:25)
      at Test.processPendingSubtests (node:internal/test_runner/test:974:18)
      at Test.postRun (node:internal/test_runner/test:1542:19)
      at Test.run (node:internal/test_runner/test:1467:12)
      at async startSubtestAfterBootstrap (node:internal/test_runner/harness:387:3) {
    kind: 'production_build_changed'
  }
[ELIFECYCLE] Command failed with exit code 1.
[ELIFECYCLE] Command failed with exit code 1.
