$ corepack pnpm check:style && corepack pnpm build && corepack pnpm test:unit && corepack pnpm test:m5-operator && corepack pnpm test:vectors && corepack pnpm check:boundaries && corepack pnpm check:secrets && python3 -B scripts/boundaries/check-cargo-workspace.py && corepack pnpm check:rust && M1_FUNCTION_RUNNER=.m1-artifacts/tools/function-runner-9.2.2 python3 -B scripts/m4-002/replay-production-vectors.py && M1_FUNCTION_RUNNER=.m1-artifacts/tools/function-runner-9.2.2 node scripts/m4-003/replay-public-config.mjs && corepack pnpm test:browser && python3 -B spikes/m0-007/scripts/check-history.py && python3 -B spikes/m0-014/scripts/check-live-setup.py && python3 -B scripts/m1-functions/artifact-manifest.py
$ biome check .dependency-cruiser.cjs apps/storefront/src apps/storefront/test apps/storefront/scripts apps/storefront/vite.config.ts apps/web/src/islands apps/web/src/pages/live.ts apps/web/src/pages/api apps/web/src/server apps/web/src/shared apps/web/src/styles apps/web/test apps/web/astro.config.mjs apps/worker/src apps/worker/test packages/contracts/src packages/domain/src packages/cart-authorization/src packages/cart-authorization/test packages/application/src packages/database/src packages/database/test packages/shopify/src packages/shopify/test packages/visualizer/src packages/observability/src packages/observability/test scripts/boundaries scripts/m1-functions/check-vector.test.ts scripts/m5-002 scripts/m5-003 scripts/m5-004 scripts/m5-005 scripts/m5-009 scripts/m5-010 scripts/m5-011 scripts/m5-012 scripts/m5-013
apps/web/src/server/admin/production.ts:69:57 lint/style/useTemplate  FIXABLE  ━━━━━━━━━━━━━━━━━━━━━

  i Template literals are preferred over string concatenation.
  
    67 │   const appOrigin = required(env, 'APP_URL');
    68 │   const appId = env.INSIGNIA_SHOPIFY_APP_ID;
  > 69 │   const appGid = appId && /^[1-9][0-9]*$/.test(appId) ? 'gid://shopify/App/' + appId : null;
       │                                                         ^^^^^^^^^^^^^^^^^^^^^^^^^^^^
    70 │   const shopify = createAdminOnlineIdentity({ apiKey, apiSecret, hostName: new URL(appOrigin).host });
    71 │   const core = createDurableCore(databasePool ?? new Pool({ connectionString: databaseUrl }));
  
  i Unsafe fix: Use a template literal.
  
     67  67 │     const appOrigin = required(env, 'APP_URL');
     68  68 │     const appId = env.INSIGNIA_SHOPIFY_APP_ID;
     69     │ - ··const·appGid·=·appId·&&·/^[1-9][0-9]*$/.test(appId)·?·'gid://shopify/App/'·+·appId·:·null;
         69 │ + ··const·appGid·=·appId·&&·/^[1-9][0-9]*$/.test(appId)·?·`gid://shopify/App/${appId}`·:·null;
     70  70 │     const shopify = createAdminOnlineIdentity({ apiKey, apiSecret, hostName: new URL(appOrigin).host });
     71  71 │     const core = createDurableCore(databasePool ?? new Pool({ connectionString: databaseUrl }));
  

apps/web/src/server/admin/production.ts:89:54 lint/style/useTemplate  FIXABLE  ━━━━━━━━━━━━━━━━━━━━━

  i Template literals are preferred over string concatenation.
  
    87 │       installationGeneration: actor.installationGeneration,
    88 │     });
  > 89 │     if (!scope || scope.shopDomain !== actor.shop || 'gid://shopify/Shop/' + scope.shopifyShopId !== actor.shopId)
       │                                                      ^^^^^^^^^^^^^^^^^^^^^^^^^^^^^^^^^^^^^^^^^^^
    90 │       throw new Error('Admin installation changed');
    91 │   }
  
  i Unsafe fix: Use a template literal.
  
     87  87 │         installationGeneration: actor.installationGeneration,
     88  88 │       });
     89     │ - ····if·(!scope·||·scope.shopDomain·!==·actor.shop·||·'gid://shopify/Shop/'·+·scope.shopifyShopId·!==·actor.shopId)
         89 │ + ····if·(!scope·||·scope.shopDomain·!==·actor.shop·||·`gid://shopify/Shop/${scope.shopifyShopId}`·!==·actor.shopId)
     90  90 │         throw new Error('Admin installation changed');
     91  91 │     }
  

apps/web/src/server/admin/production.ts:214:51 lint/style/useTemplate  FIXABLE  ━━━━━━━━━━━━━━━━━━━━

  i Template literals are preferred over string concatenation.
  
    212 │           const provider = await shopify.readInstallation(online);
    213 │           const tenant = await core.tenants.getShopByDomain(provider.shop);
  > 214 │           if (!tenant || !tenant.shopifyShopId || 'gid://shopify/Shop/' + tenant.shopifyShopId !== provider.shopId)
        │                                                   ^^^^^^^^^^^^^^^^^^^^^^^^^^^^^^^^^^^^^^^^^^^^
    215 │             throw new Error('Tenant installation mismatch');
    216 │           const installed = await core.tenants.getCurrentAdminInstallation(tenant.shopId);
  
  i Unsafe fix: Use a template literal.
  
    212 212 │             const provider = await shopify.readInstallation(online);
    213 213 │             const tenant = await core.tenants.getShopByDomain(provider.shop);
    214     │ - ··········if·(!tenant·||·!tenant.shopifyShopId·||·'gid://shopify/Shop/'·+·tenant.shopifyShopId·!==·provider.shopId)
        214 │ + ··········if·(!tenant·||·!tenant.shopifyShopId·||·`gid://shopify/Shop/${tenant.shopifyShopId}`·!==·provider.shopId)
    215 215 │               throw new Error('Tenant installation mismatch');
    216 216 │             const installed = await core.tenants.getCurrentAdminInstallation(tenant.shopId);
  

apps/web/src/server/admin/auth.ts:48:48 lint/style/noNonNullAssertion ━━━━━━━━━━━━━━━━━━━━━━━━━━━━━━

  ! Forbidden non-null assertion.
  
    46 │     let identity: VerifiedAdminIdentity;
    47 │     try {
  > 48 │       identity = await port.verifySessionToken(match[1]!);
       │                                                ^^^^^^^^^
    49 │     } catch {
    50 │       return null;
  

apps/web/src/server/admin/auth.ts:61:50 lint/style/noNonNullAssertion ━━━━━━━━━━━━━━━━━━━━━━━━━━━━━━

  ! Forbidden non-null assertion.
  
    59 │     )
    60 │       return null;
  > 61 │     const grant = await port.exchangeOnlineGrant(match[1]!, identity);
       │                                                  ^^^^^^^^^
    62 │     if (
    63 │       grant.shop !== identity.shop ||
  

apps/web/src/server/admin/preview.ts:109:28 lint/style/noNonNullAssertion ━━━━━━━━━━━━━━━━━━━━━━━━━━

  ! Forbidden non-null assertion.
  
    107 │             .then((found) => (found ? project(found) : null)),
    108 │         );
  > 109 │       const result = await map.get(id)!;
        │                            ^^^^^^^^^^^^
    110 │       await active(actor);
    111 │       return result;
  

apps/web/src/server/admin/preview.ts:116:28 lint/style/noNonNullAssertion ━━━━━━━━━━━━━━━━━━━━━━━━━━

  ! Forbidden non-null assertion.
  
    114 │       await active(actor);
    115 │       if (!currencies.has(actor)) currencies.set(actor, reader(actor).shopCurrency());
  > 116 │       const result = await currencies.get(actor)!;
        │                            ^^^^^^^^^^^^^^^^^^^^^^
    117 │       await active(actor);
    118 │       return result;
  

apps/web/src/server/admin/preview.ts:163:34 lint/style/noNonNullAssertion ━━━━━━━━━━━━━━━━━━━━━━━━━━

  ! Forbidden non-null assertion.
  
    161 │                   shopId: randomUUID(),
    162 │                   shopDomain: shop,
  > 163 │                   shopifyShopId: shopId.split('/').at(-1)!,
        │                                  ^^^^^^^^^^^^^^^^^^^^^^^^^
    164 │                   externalInstallationId: provider.installationId,
    165 │                 }),
  

apps/web/src/server/admin/preview.ts:223:26 lint/style/noNonNullAssertion ━━━━━━━━━━━━━━━━━━━━━━━━━━

  ! Forbidden non-null assertion.
  
    221 │                   installationGeneration: bound.installationGeneration,
    222 │                   shopifyShopId: shopId,
  > 223 │                   appId: env.INSIGNIA_M5_002_APP_RESOURCE!,
        │                          ^^^^^^^^^^^^^^^^^^^^^^^^^^^^^^^^^
    224 │                 },
    225 │                 {
  

apps/web/src/server/admin/preview.ts:227:46 lint/style/noNonNullAssertion ━━━━━━━━━━━━━━━━━━━━━━━━━━

  ! Forbidden non-null assertion.
  
    225 │                 {
    226 │                   appKey: client,
  > 227 │                   transformInputQuerySha256: env.INSIGNIA_M5_002_TRANSFORM_QUERY_HASH!,
        │                                              ^^^^^^^^^^^^^^^^^^^^^^^^^^^^^^^^^^^^^^^^^
    228 │                   validationInputQuerySha256: env.INSIGNIA_M5_002_VALIDATION_QUERY_HASH!,
    229 │                 },
  

apps/web/src/server/admin/preview.ts:228:47 lint/style/noNonNullAssertion ━━━━━━━━━━━━━━━━━━━━━━━━━━

  ! Forbidden non-null assertion.
  
    226 │                   appKey: client,
    227 │                   transformInputQuerySha256: env.INSIGNIA_M5_002_TRANSFORM_QUERY_HASH!,
  > 228 │                   validationInputQuerySha256: env.INSIGNIA_M5_002_VALIDATION_QUERY_HASH!,
        │                                               ^^^^^^^^^^^^^^^^^^^^^^^^^^^^^^^^^^^^^^^^^^
    229 │                 },
    230 │               );
  

apps/web/src/server/admin/production.ts:214:15 lint/complexity/useOptionalChain  FIXABLE  ━━━━━━━━━━

  ! Change to an optional chain.
  
    212 │           const provider = await shopify.readInstallation(online);
    213 │           const tenant = await core.tenants.getShopByDomain(provider.shop);
  > 214 │           if (!tenant || !tenant.shopifyShopId || 'gid://shopify/Shop/' + tenant.shopifyShopId !== provider.shopId)
        │               ^^^^^^^^^^^^^^^^^^^^^^^^^^^^^^^^
    215 │             throw new Error('Tenant installation mismatch');
    216 │           const installed = await core.tenants.getCurrentAdminInstallation(tenant.shopId);
  
  i Unsafe fix: Change to an optional chain.
  
    212 212 │             const provider = await shopify.readInstallation(online);
    213 213 │             const tenant = await core.tenants.getShopByDomain(provider.shop);
    214     │ - ··········if·(!tenant·||·!tenant.shopifyShopId·||·'gid://shopify/Shop/'·+·tenant.shopifyShopId·!==·provider.shopId)
        214 │ + ··········if·(!tenant?.shopifyShopId·||·'gid://shopify/Shop/'·+·tenant.shopifyShopId·!==·provider.shopId)
    215 215 │               throw new Error('Tenant installation mismatch');
    216 216 │             const installed = await core.tenants.getCurrentAdminInstallation(tenant.shopId);
  

apps/web/src/server/merchant-config.ts:123:28 lint/style/noNonNullAssertion ━━━━━━━━━━━━━━━━━━━━━━━━

  ! Forbidden non-null assertion.
  
    121 │         option.allowedValueIds.flatMap((id) => {
    122 │           const label = oldLabels?.[id];
  > 123 │           return label ? [[values.get(id)!, label]] : [];
        │                            ^^^^^^^^^^^^^^^
    124 │         }),
    125 │       );
  

apps/web/src/server/merchant-config.ts:126:47 lint/style/noNonNullAssertion ━━━━━━━━━━━━━━━━━━━━━━━━

  ! Forbidden non-null assertion.
  
    124 │         }),
    125 │       );
  > 126 │       return Object.keys(remapped).length ? [[options.get(option.id)!, remapped]] : [];
        │                                               ^^^^^^^^^^^^^^^^^^^^^^^
    127 │     }),
    128 │   );
  

apps/web/src/server/merchant-config.ts:132:50 lint/style/noNonNullAssertion ━━━━━━━━━━━━━━━━━━━━━━━━

  ! Forbidden non-null assertion.
  
    130 │     ...source,
    131 │     labels,
  > 132 │     methods: source.methods.map((item) => ({ id: methods.get(item.id)! })),
        │                                                  ^^^^^^^^^^^^^^^^^^^^^
    133 │     placements: source.placements.map((item) => ({
    134 │       ...item,
  

apps/web/src/server/merchant-config.ts:135:11 lint/style/noNonNullAssertion ━━━━━━━━━━━━━━━━━━━━━━━━

  ! Forbidden non-null assertion.
  
    133 │     placements: source.placements.map((item) => ({
    134 │       ...item,
  > 135 │       id: placements.get(item.id)!,
        │           ^^^^^^^^^^^^^^^^^^^^^^^^
    136 │       allowedMethodIds: item.allowedMethodIds.map((id) => methods.get(id)!),
    137 │       allowedStepIds: item.allowedStepIds.map((id) => steps.get(id)!),
  

apps/web/src/server/merchant-config.ts:136:59 lint/style/noNonNullAssertion ━━━━━━━━━━━━━━━━━━━━━━━━

  ! Forbidden non-null assertion.
  
    134 │       ...item,
    135 │       id: placements.get(item.id)!,
  > 136 │       allowedMethodIds: item.allowedMethodIds.map((id) => methods.get(id)!),
        │                                                           ^^^^^^^^^^^^^^^^
    137 │       allowedStepIds: item.allowedStepIds.map((id) => steps.get(id)!),
    138 │     })),
  

apps/web/src/server/merchant-config.ts:137:55 lint/style/noNonNullAssertion ━━━━━━━━━━━━━━━━━━━━━━━━

  ! Forbidden non-null assertion.
  
    135 │       id: placements.get(item.id)!,
    136 │       allowedMethodIds: item.allowedMethodIds.map((id) => methods.get(id)!),
  > 137 │       allowedStepIds: item.allowedStepIds.map((id) => steps.get(id)!),
        │                                                       ^^^^^^^^^^^^^^
    138 │     })),
    139 │     productionOptions: source.productionOptions.map((item) => ({
  

apps/web/src/server/merchant-config.ts:140:11 lint/style/noNonNullAssertion ━━━━━━━━━━━━━━━━━━━━━━━━

  ! Forbidden non-null assertion.
  
    138 │     })),
    139 │     productionOptions: source.productionOptions.map((item) => ({
  > 140 │       id: options.get(item.id)!,
        │           ^^^^^^^^^^^^^^^^^^^^^
    141 │       allowedValueIds: item.allowedValueIds.map((id) => values.get(id)!),
    142 │     })),
  

apps/web/src/server/merchant-config.ts:141:57 lint/style/noNonNullAssertion ━━━━━━━━━━━━━━━━━━━━━━━━

  ! Forbidden non-null assertion.
  
    139 │     productionOptions: source.productionOptions.map((item) => ({
    140 │       id: options.get(item.id)!,
  > 141 │       allowedValueIds: item.allowedValueIds.map((id) => values.get(id)!),
        │                                                         ^^^^^^^^^^^^^^^
    142 │     })),
    143 │     pricingRules: source.pricingRules.map((rule) => ({
  

The number of diagnostics exceeds the limit allowed. Use --max-diagnostics to increase it.
Diagnostics not shown: 117.
Checked 237 files in 451ms. No fixes applied.
Found 54 warnings.
Found 83 infos.
$ corepack pnpm -r --filter './packages/**' build && corepack pnpm -r --filter './apps/**' build
packages/cart-authorization build$ tsc -p tsconfig.json
packages/contracts build$ tsc -p tsconfig.json
packages/domain build$ tsc -p tsconfig.json
packages/observability build$ tsc -p tsconfig.json
packages/domain build: Done
packages/visualizer build$ tsc -p tsconfig.json
packages/contracts build: Done
packages/application build$ tsc -p tsconfig.json
packages/observability build: Done
packages/cart-authorization build: Done
packages/visualizer build: Done
packages/application build: Done
packages/shopify build$ tsc -p tsconfig.json
packages/shopify build: Done
packages/database build$ tsc -p tsconfig.json
packages/database build: Done
apps/storefront build$ tsc --noEmit && vite build && node scripts/copy-theme-asset.mjs
apps/worker build$ tsc -p tsconfig.json
apps/worker build: Done
apps/web build$ astro check && astro build
apps/storefront build: vite v8.3.1 building client environment for production...
apps/storefront build: transforming...
apps/storefront build: ✓ 5 modules transformed.
apps/storefront build: rendering chunks...
apps/storefront build: computing gzip size...
apps/storefront build: dist/insignia-storefront.js  14.03 kB │ gzip: 5.93 kB
apps/storefront build: 
apps/storefront build: ✓ built in 27ms
apps/storefront build: Done
apps/web build: 17:44:23 [@astrojs/node] Enabling sessions with filesystem storage
apps/web build: 17:44:23 [types] Generated 67ms
apps/web build: 17:44:23 [check] Getting diagnostics for Astro files in /home/serveradmin/insignia-m5-014-worktree/apps/web...
apps/web build: Result (28 files): 
apps/web build: - 0 errors
apps/web build: - 0 warnings
apps/web build: - 0 hints
apps/web build: 
apps/web build: 17:44:28 [@astrojs/node] Enabling sessions with filesystem storage
apps/web build: 17:44:28 [types] Generated 68ms
apps/web build: 17:44:28 [build] output: "server"
apps/web build: 17:44:28 [build] mode: "server"
apps/web build: 17:44:28 [build] directory: /home/serveradmin/insignia-m5-014-worktree/apps/web/dist/
apps/web build: 17:44:28 [build] adapter: @astrojs/node
apps/web build: 17:44:28 [build] Collecting build info...
apps/web build: 17:44:28 [build] ✓ Completed in 107ms.
apps/web build: 17:44:28 [build] Building server entrypoints...
apps/web build: 17:44:28 [vite] ✓ built in 216ms
apps/web build: 17:44:30 [vite] ✓ built in 1.54s
apps/web build: 17:44:30 [vite] ✓ built in 226ms
apps/web build: 17:44:30 [build] Rearranging server assets...
apps/web build: 17:44:30 [build] ✓ Completed in 2.05s.
apps/web build: 17:44:30 [build] Server built in 2.16s
apps/web build: 17:44:30 [build] Complete!
apps/web build: Done
$ corepack pnpm --filter @insignia/domain test && corepack pnpm --filter @insignia/contracts test && corepack pnpm --filter @insignia/visualizer test && corepack pnpm --filter @insignia/cart-authorization test && corepack pnpm --filter @insignia/application test && corepack pnpm --filter @insignia/shopify test && corepack pnpm --filter @insignia/observability test && corepack pnpm --filter @insignia/worker test
$ vitest run

 RUN  v5.0.2 /home/serveradmin/insignia-m5-014-worktree/packages/domain


 Test Files  5 passed (5)
      Tests  26 passed (26)
   Start at  17:44:31
   Duration  431ms (transform 47%, tests 35%, import 13%, worker 4%)

$ vitest run

 RUN  v5.0.2 /home/serveradmin/insignia-m5-014-worktree/packages/contracts


 Test Files  2 passed (2)
      Tests  6 passed (6)
   Start at  17:44:32
   Duration  273ms (import 57%, transform 28%, tests 11%, worker 3%)

$ vitest run

 RUN  v5.0.2 /home/serveradmin/insignia-m5-014-worktree/packages/visualizer


 Test Files  2 passed (2)
      Tests  9 passed (9)
   Start at  17:44:32
   Duration  228ms (transform 66%, import 15%, tests 13%, worker 5%)

$ node --experimental-strip-types --test test/*.test.ts
✔ hard subset bounds and untrusted ordinary-line hints (2.420909ms)
✔ 33 buckets are refused before the signer is called (0.528094ms)
✔ every admitted code matches the versioned matrix and unknown/digital values reject (12.42474ms)
✔ production-generated carriers decode, conserve and verify for every complete set (6.332241ms)
✔ PostgreSQL-persisted negative adjustment has exact signed quote and member economics (1.17948ms)
✔ versioned 33-bucket vector rejects before any signing call (0.479024ms)
✔ production decoder and signature bytes preserve the independent v2 wire literal (5.285316ms)
✔ injected synthetic Ed25519 signer covers the complete set and three-day key window (2.801904ms)
✔ invalid window or set refuses signing and noncanonical carrier refuses decoding (0.52826ms)
ℹ tests 9
ℹ suites 0
ℹ pass 9
ℹ fail 0
ℹ cancelled 0
ℹ skipped 0
ℹ todo 0
ℹ duration_ms 180.531747
$ vitest run

 RUN  v5.0.2 /home/serveradmin/insignia-m5-014-worktree/packages/application


 Test Files  15 passed (15)
      Tests  180 passed (180)
   Start at  17:44:33
   Duration  1.48s (transform 42%, import 34%, tests 20%, worker 3%)

    Isolate  15 workers spawned · ~122ms startup each (spawn + environment, per file)
             at least ~487ms faster with isolate: false — reuses workers across files instead of one per file

$ vitest run

 RUN  v5.0.2 /home/serveradmin/insignia-m5-014-worktree/packages/shopify


 Test Files  13 passed (13)
      Tests  259 passed (259)
   Start at  17:44:35
   Duration  1.62s (tests 61%, transform 23%, import 15%, worker 2%)

    Isolate  13 workers spawned · ~115ms startup each (spawn + environment, per file)
             at least ~384ms faster with isolate: false — reuses workers across files instead of one per file

$ node --test test/*.test.mjs
✔ structured runtime events cannot emit arbitrary payload or credential fields (4.810036ms)
✔ metric labels are fixed outcomes and never contain tenant or delivery IDs (2.59044ms)
ℹ tests 2
ℹ suites 0
ℹ pass 2
ℹ fail 0
ℹ cancelled 0
ℹ skipped 0
ℹ todo 0
ℹ duration_ms 125.557338
$ node --test test/*.test.mjs
✔ current and previous synthetic wrapping keys remain available by ID (2.377111ms)
﹣ PostgreSQL claim retries the old refresh token after a lost response and fences stale replacement (0.929397ms) # SKIP
✔ diagnostic decodes and derives synthetic pixels without claiming durable readiness (12.182938ms)
✔ liveness stays separate from durable readiness; loopback metrics expose bounded outcomes (56.406002ms)
﹣ PostgreSQL pg-boss starts, retries, settles and replays after restart (0.959746ms) # SKIP
﹣ pg-boss retry after committed uninstall retains one deactivation and one inbox fact (0.153217ms) # SKIP
✔ process starts queues and workers before readiness; stop makes readiness unavailable (41.898255ms)
✔ startup failure closes a started queue without reporting readiness (2.310025ms)
{"level":30,"time":1791308678430,"event":"worker_started"}
{"level":30,"time":1791308678435,"event":"worker_started"}
{"level":30,"time":1791308678437,"event":"worker_started"}
{"level":30,"time":1791308678440,"event":"worker_started"}
{"level":30,"time":1791308678441,"event":"worker_started"}
{"level":30,"time":1791308678443,"event":"worker_started"}
✔ enqueue confirms exact inbox identity, including completed job replay (7.946996ms)
✔ null send without same persisted job is retryable, never an acknowledgement (1.55581ms)
✔ workers pass IDs only to injected durable handlers; failed attempt retries safely (3.359584ms)
✔ invalid job body and identity fail closed without invoking application (1.078649ms)
✔ enabled worker refuses missing credential-key configuration and stays not ready (0.752899ms)
✔ refresh claim contention is retried rather than silently completing its job (1.843572ms)
{"level":30,"time":1791308678432,"event":"webhook_enqueued","inboxId":"1bed1778-b12d-4cb4-aa4f-62cced43d7cb"}
{"level":30,"time":1791308678433,"event":"worker_stopped"}
{"level":50,"time":1791308678438,"event":"webhook_process_failed","inboxId":"5fc5928f-f8ca-4e19-9119-ec00af03a6ab","errorClass":"ProcessingError","attempt":0}
{"level":30,"time":1791308678438,"event":"webhook_process_ok","inboxId":"5fc5928f-f8ca-4e19-9119-ec00af03a6ab","attempt":1}
{"level":30,"time":1791308678438,"event":"refresh_process_ok","shopId":"32089990-8a0f-49d2-b11a-716145122a99","attempt":0}
{"level":30,"time":1791308678439,"event":"worker_stopped"}
{"level":50,"time":1791308678440,"event":"webhook_process_failed","inboxId":"64cde5a3-ad45-4019-bf17-916cc0f79255","errorClass":"ProcessingError","attempt":0}
{"level":30,"time":1791308678441,"event":"worker_stopped"}
{"level":50,"time":1791308678443,"event":"refresh_process_failed","errorClass":"RefreshError","attempt":0}
{"level":30,"time":1791308678443,"event":"worker_stopped"}
﹣ configured worker serves liveness and durable readiness, then closes on SIGTERM (0.98682ms) # SKIP
ℹ tests 15
ℹ suites 0
ℹ pass 11
ℹ fail 0
ℹ cancelled 0
ℹ skipped 4
ℹ todo 0
ℹ duration_ms 612.297206
$ node --test scripts/m5-002/read-register.test.mjs scripts/m5-002/built-runtime.test.mjs && node --test scripts/m5-004/operator.test.mjs scripts/m5-009/operator.test.mjs scripts/m5-010/operator.test.mjs scripts/m5-010/binding.test.mjs scripts/m5-010/native-actions.test.mjs && node --test scripts/m5-005/diagnostic.test.mjs && node --test scripts/m5-011/operator.test.mjs scripts/m5-011/binding.test.mjs && node --test scripts/m5-012/operator.test.mjs scripts/m5-012/binding.test.mjs && node --test scripts/m5-013/operator.test.mjs scripts/m5-013/binding.test.mjs
✔ complete built server reproduces CLI development-mode CSP rejection (251.98239ms)
✔ actual launcher runtime preparation admits built hydration without widening CSP (209.365215ms)
✔ actual launcher register reserves durably before synthetic fetch, serializes and denies extra attempts (75.164537ms)
✔ exact SDK online exchange is counted per attempt; mutations, wrong targets and other token/event routes never send (1.840218ms)
✔ ambiguous or inflated history stops before any send (0.596047ms)
✔ one-shot loss applies only after a committed local save and never changes transport counts (1.789958ms)
ℹ tests 6
ℹ suites 0
ℹ pass 6
ℹ fail 0
ℹ cancelled 0
ℹ skipped 0
ℹ todo 0
ℹ duration_ms 535.724937
✔ actual HTTP attempts are durably reserved before dispatch (10.896191ms)
✔ captured M5-004 empty grants stop the actual public workflow before any fixture write (7.824111ms)
✔ fixed targets/documents/variables reject unrelated writes and extra payload before actual HTTP (3.742524ms)
✔ normal reserves cannot consume final 12 reads/3 updates; all attempts count, one lock and one create (202.874583ms)
✔ naturally lost mutation response stops all later writes and cleanup across reopen; no automatic retry (2.629296ms)
✔ real routing identity, nine retained grants and complete empty publication history are mandatory (2.700711ms)
✔ auth exact app/route counts3 and never persists synthetic secret or returned token (1.763759ms)
✔ missing/corrupt history never reinitializes or sends (0.842684ms)
✔ offline gate prevents even credential loading (0.670898ms)
✔ full qualification reuses unchanged actual status/catalog adapters, fresh-process hold reload and drift refusal (587.369283ms)
✔ complete workflow stops on changed installation; no manufacture or unsafe cleanup (25.712281ms)
✔ complete workflow stops on unexpected exposure; no manufacture or unsafe cleanup (23.792825ms)
✔ complete workflow stops on visibility mismatch; no manufacture or unsafe cleanup (162.693632ms)
✔ complete workflow stops on natural lost response; no manufacture or unsafe cleanup (102.543331ms)
✔ complete workflow stops on metadata drift; no manufacture or unsafe cleanup (26.980649ms)
✔ complete workflow stops on malformed success; no manufacture or unsafe cleanup (99.618758ms)
✔ live register is canonical; synthetic initialization rejects unsafe directories and lost history (0.652803ms)
✔ malformed/unsuccessful mutation responses stay unknown; only valid explicit rejection permits finalization (4.664166ms)
✔ lock cannot release while late HTTP/body work can still persist history (1.051352ms)
✔ acknowledged fixture metadata baseline rejects added tags or changed creation identity (1.153524ms)
✔ actual adapter HTTP/GraphQL outcomes survive bounded transport and sanitized response replay (12.965843ms)
✔ foreign live root and stale register binding cannot reach credential loading (19.735949ms)
✔ gate rejects incomplete CI and unbound review receipts even when every supplied workflow is green (26.860425ms)
✔ complete source/build/review/CI gate accepts bound receipts and rejects omissions, stale refs or altered evidence (90.337295ms)
✔ actual adapter user-error failure remains identical when replayed from sanitized mutation evidence (4.106182ms)
✔ malformed success userErrors cannot acknowledge a status mutation or allow cleanup (4.450115ms)
✔ actual availability missing/oversized bodies keep direct/wrapped/replayed shape errors (4.924363ms)
✔ catalog receives original bounded UTF8 bytes and provenance hashes the bytes, not replacement text (2.489781ms)
✔ failed catalog preserves actual normalized results before STOP (269.574569ms)
✔ failed drift preserves actual normalized results before STOP (488.128091ms)
✔ availability preserves its lossy UTF8 semantics while catalog rejects the same original bad bytes (2.209777ms)
✔ reopening a finished run preserves exact normalized evidence and refuses before credential loading (468.934421ms)
✔ catalog successful non200 keeps direct/wrapped/replayed body semantics (3.655026ms)
✔ current product capability accepts write_products without the obsolete nine grants (1.648691ms)
✔ legacy exact-nine guard stays unchanged while successor records current additional grants (3.425853ms)
✔ successor rejects absent capability, malformed grants and every wrong routing identity (1.023253ms)
✔ successor rejects the legacy canonical live directory before writing and cannot reopen legacy history (1.010066ms)
✔ successor documents, request ceilings, ownership, settlement and shared matrix stay source-identical (10.567965ms)
✔ fresh complete successor workflow uses real adapters, current product grants, persisted holds and unchanged matrix (1009.576002ms)
✔ public successor workflow stops on missing capability without unsafe cleanup or retries (2.212973ms)
✔ public successor workflow stops on wrong identity without unsafe cleanup or retries (1.850571ms)
✔ public successor workflow stops on lost status acknowledgement without unsafe cleanup or retries (77.677185ms)
✔ successor live entry refuses incomplete gate before the protected credential route (30.60547ms)
✔ successor gate binds its own tree, directory, exact source and independent review/CI receipts (108.292962ms)
✔ captured live publication-field denial stops create settlement and never permits status finalization (4.533395ms)
✔ successor gate binds its own tree, directory, exact source and independent review/CI receipts (124.07118ms)
✔ native release and two-scope consent are durable one-use operations with dependency and ambiguity stops (6.132359ms)
✔ native successful sequence closes after exactly one release/request/approval and rejects reset reservation history (2.943271ms)
✔ 010 requires all publication/product capabilities and permits additional well formed grants (4.10244ms)
✔ 010 denies normal fresh create until fixed predecessor has been safely resolved (3.261694ms)
✔ complete absent predecessor lookup permits one fresh create and retains resolution independently (9.526546ms)
✔ owned unpublished ARCHIVED predecessor requires exact archived readback before fresh create (6.587336ms)
✔ owned unpublished DRAFT predecessor requires exact archived readback before fresh create (5.925741ms)
✔ owned unpublished ACTIVE predecessor requires exact archived readback before fresh create (5.433264ms)
✔ owned unpublished UNLISTED predecessor requires exact archived readback before fresh create (6.68612ms)
✔ predecessor multiple stops without any mutation or second lookup (1.987929ms)
✔ predecessor partial next stops without any mutation or second lookup (1.62369ms)
✔ predecessor partial previous stops without any mutation or second lookup (1.814421ms)
✔ predecessor missing page info stops without any mutation or second lookup (1.636165ms)
✔ predecessor missing nodes stops without any mutation or second lookup (1.41002ms)
✔ predecessor invalid product id stops without any mutation or second lookup (1.466932ms)
✔ predecessor wrong type stops without any mutation or second lookup (2.557198ms)
✔ predecessor wrong handle stops without any mutation or second lookup (1.351558ms)
✔ predecessor wrong title stops without any mutation or second lookup (1.553137ms)
✔ predecessor wrong tag stops without any mutation or second lookup (1.430917ms)
✔ predecessor too early creation stops without any mutation or second lookup (1.44752ms)
✔ predecessor invalid creation stops without any mutation or second lookup (1.398077ms)
✔ predecessor future creation stops without any mutation or second lookup (1.369295ms)
✔ predecessor published stops without any mutation or second lookup (1.319095ms)
✔ predecessor store url stops without any mutation or second lookup (1.844396ms)
✔ predecessor publication membership stops without any mutation or second lookup (1.642639ms)
✔ predecessor resource partial stops without any mutation or second lookup (1.431023ms)
✔ predecessor unpublished partial stops without any mutation or second lookup (1.538391ms)
✔ predecessor missing publications stops without any mutation or second lookup (1.399398ms)
✔ predecessor unsupported status stops without any mutation or second lookup (1.472932ms)
✔ predecessor lookup transport retains stop and never retries or creates (1.656661ms)
✔ predecessor lookup stream failure retains stop and never retries or creates (2.195735ms)
✔ predecessor lookup invalid utf8 retains stop and never retries or creates (1.793012ms)
✔ predecessor lookup http retains stop and never retries or creates (1.373071ms)
✔ predecessor lookup missing body retains stop and never retries or creates (1.398853ms)
✔ predecessor lookup invalid json retains stop and never retries or creates (1.764039ms)
✔ predecessor lookup oversized retains stop and never retries or creates (2.433297ms)
✔ predecessor lookup graphql permission retains stop and never retries or creates (1.711527ms)
✔ predecessor lookup partial graphql data retains stop and never retries or creates (1.709283ms)
✔ predecessor lookup mutation rejected retains stop and never retries or creates (1.727437ms)
✔ predecessor archive transport retains stop and never retries or creates (1.973413ms)
✔ predecessor archive stream failure retains stop and never retries or creates (2.009307ms)
✔ predecessor archive invalid utf8 retains stop and never retries or creates (2.193141ms)
✔ predecessor archive http retains stop and never retries or creates (1.896069ms)
✔ predecessor archive missing body retains stop and never retries or creates (1.921125ms)
✔ predecessor archive invalid json retains stop and never retries or creates (2.061392ms)
✔ predecessor archive oversized retains stop and never retries or creates (2.847261ms)
✔ predecessor archive graphql permission retains stop and never retries or creates (2.041194ms)
✔ predecessor archive partial graphql data retains stop and never retries or creates (2.084148ms)
✔ predecessor archive mutation rejected retains stop and never retries or creates (2.143841ms)
✔ predecessor readback transport retains stop and never retries or creates (4.772497ms)
✔ predecessor readback stream failure retains stop and never retries or creates (2.54438ms)
✔ predecessor readback invalid utf8 retains stop and never retries or creates (2.457202ms)
✔ predecessor readback http retains stop and never retries or creates (2.297609ms)
✔ predecessor readback missing body retains stop and never retries or creates (2.285025ms)
✔ predecessor readback invalid json retains stop and never retries or creates (2.403629ms)
✔ predecessor readback oversized retains stop and never retries or creates (3.103265ms)
✔ predecessor readback graphql permission retains stop and never retries or creates (2.502525ms)
✔ predecessor readback partial graphql data retains stop and never retries or creates (3.010535ms)
✔ predecessor readback mutation rejected retains stop and never retries or creates (2.634609ms)
✔ archive wrong id cannot resolve predecessor (5.809521ms)
✔ archive wrong metadata cannot resolve predecessor (1.673779ms)
✔ archive wrong status cannot resolve predecessor (1.552995ms)
✔ archive exposed cannot resolve predecessor (1.620403ms)
✔ readback wrong id cannot resolve predecessor (2.231907ms)
✔ readback wrong metadata cannot resolve predecessor (2.157429ms)
✔ readback wrong status cannot resolve predecessor (2.108799ms)
✔ readback exposed cannot resolve predecessor (2.414343ms)
✔ public qualification resolves absent predecessor then runs unchanged real adapter matrix (502.363111ms)
✔ public qualification resolves ARCHIVED predecessor then runs unchanged real adapter matrix (450.184214ms)
✔ public qualification resolves ACTIVE predecessor then runs unchanged real adapter matrix (436.63709ms)
✔ fixed predecessor search and status-only allowance cannot be caller substituted (1.608466ms)
✔ reload retains predecessor FOUND, independent identity and one archival reservation (1.718571ms)
✔ reload retains predecessor ARCHIVE_ACKNOWLEDGED, independent identity and one archival reservation (1.924661ms)
✔ reload retains predecessor ARCHIVED_VERIFIED, independent identity and one archival reservation (2.550501ms)
✔ reload retains predecessor STOPPED, independent identity and one archival reservation (1.934338ms)
✔ reload retains predecessor ABSENT, independent identity and one archival reservation (1.224614ms)
✔ reopening refuses forged safe resolution or a retained lookup for a substituted marker (1.907075ms)
✔ serialized archive and readback attempts reserve actual HTTP once and never share the matrix allowance (3.245731ms)
✔ predecessor lookup consumes normal read ceiling and auth remains bounded at three (66.74482ms)
✔ public qualification stops on missing read_publications with no blind retry (1.745967ms)
✔ public qualification stops on wrong identity with no blind retry (1.577503ms)
✔ public qualification stops on predecessor permission failure with no blind retry (2.184197ms)
✔ public qualification stops on fresh create unknown with no blind retry (4.293542ms)
✔ public qualification stops on fresh adapter update unknown with no blind retry (75.169193ms)
✔ 010 cannot reopen closed-profile histories and synthetic qualification rejects every canonical live directory (29.365512ms)
✔ archival permission expiring during durable reservation consumes allowance without HTTP or retry (2.060445ms)
✔ pending predecessor HTTP retains exclusive lock and prevents early operator closure (1.260692ms)
✔ public qualification stops before fresh create after ACTIVE predecessor archive failure (2.937129ms)
✔ public qualification stops before fresh create after ACTIVE predecessor readback failure (3.557041ms)
✔ public qualification stops before fresh create after ARCHIVED predecessor readback failure (2.776457ms)
ℹ tests 136
ℹ suites 0
ℹ pass 136
ℹ fail 0
ℹ cancelled 0
ℹ skipped 0
ℹ todo 0
ℹ duration_ms 2949.834751
✔ one actual diagnostic sequence keeps empty installation distinct from nonempty token/REST/declarations (10.625808ms)
✔ partial stream failure is UNKNOWN and cannot allow a later independent read (3.005436ms)
✔ permission/shape metadata error does not become an empty grant agreement (2.888736ms)
✔ metadata shape failure still permits the independent REST read (2.084057ms)
✔ public sequence preserves missing installation/REST scope semantics (2.151958ms)
✔ public sequence preserves null installation/REST scope semantics (1.871177ms)
✔ public sequence preserves empty installation/REST scope semantics (1.784568ms)
✔ public sequence preserves wrong-type installation/REST scope semantics (3.203929ms)
✔ public sequence preserves duplicates installation/REST scope semantics (1.88591ms)
✔ public sequence preserves bad-handle installation/REST scope semantics (1.883106ms)
✔ token missing is recorded separately without preventing identity verification (1.682374ms)
✔ token null is recorded separately without preventing identity verification (1.535131ms)
✔ token empty is recorded separately without preventing identity verification (1.550116ms)
✔ token wrong-type is recorded separately without preventing identity verification (1.410052ms)
✔ token duplicate is recorded separately without preventing identity verification (1.502191ms)
✔ token bad-handle is recorded separately without preventing identity verification (1.487352ms)
✔ wrong shop identity stops after exactly two attempts (1.215545ms)
✔ wrong domain identity stops after exactly two attempts (0.916956ms)
✔ wrong app identity stops after exactly two attempts (1.003851ms)
✔ wrong client identity stops after exactly two attempts (0.924914ms)
✔ wrong installation identity stops after exactly two attempts (0.914488ms)
✔ wrong development identity stops after exactly two attempts (0.924642ms)
✔ explicit mismatched declared identity stops before REST (1.34673ms)
✔ token-invalid metadata response stops all later work (1.237231ms)
✔ offline unvalidated metadata is NOT_RUN without live document fallback (1.225298ms)
✔ unvalidated identity document stops before credential access (0.454418ms)
✔ actual entrypoint prevents host dispatch (0.956188ms)
✔ actual entrypoint prevents API dispatch (0.80993ms)
✔ actual entrypoint prevents method dispatch (0.794745ms)
✔ actual entrypoint prevents document dispatch (0.870511ms)
✔ actual entrypoint prevents mutation dispatch (0.890049ms)
✔ actual entrypoint prevents variables dispatch (0.901844ms)
✔ fixed REST GET prevents query (1.778918ms)
✔ fixed REST GET prevents body (1.569062ms)
✔ canonical history cannot be reopened, exhausted, corrupted or reset after loss (2.483188ms)
✔ expired credential preparation never dispatches a late HTTP call and retains pending lock (36.796076ms)
✔ ignored abort and late HTTP completion remain UNKNOWN with no later request or evidence rewrite (1023.790883ms)
✔ metadata oversized is shape evidence and allows independent REST (5.092783ms)
✔ metadata invalid-UTF8 is shape evidence and allows independent REST (1.636093ms)
✔ metadata invalid-JSON is shape evidence and allows independent REST (1.634204ms)
✔ metadata missing-body is shape evidence and allows independent REST (1.534587ms)
✔ unusable authentication never authorizes a read (0.790725ms)
✔ unusable authentication never authorizes a read (0.646172ms)
✔ unusable authentication never authorizes a read (0.625781ms)
✔ synthetic entry cannot override its mode to admit a nonsynthetic bearer (0.903577ms)
✔ pinned documented fields validate both exact documents and reject mutation/extra/unknown syntax (0.742749ms)
✔ live entrypoint rejects an unbound offline gate before owner credential metadata (26.081354ms)
✔ complete source/CI/review gate accepts exact receipts and rejects omitted/stale/altered evidence (90.245601ms)
✔ captured four-surface empty scope result replays through the public sequence without authorizing repair (2.048447ms)
ℹ tests 49
ℹ suites 0
ℹ pass 49
ℹ fail 0
ℹ cancelled 0
ℹ skipped 0
ℹ todo 0
ℹ duration_ms 1488.515057
✔ source gate requires two fresh high-effort reviews and every workflow on the frozen source (4.211707ms)
✔ full source binding includes the inherited internal Rust links without following external symlinks (222.003071ms)
✔ exact historical ownership accepts the fixed fixture and rejects an alternate target (2.059157ms)
✔ actual production acquire reports legacy membership conflict; V2 adjudication archives the owned fixture once (42.943575ms)
✔ ownership stops before any status mutation (2.924734ms)
✔ incomplete resourcePublications stops before any status mutation (2.607322ms)
✔ incomplete unpublishedPublications stops before any status mutation (2.663955ms)
✔ incomplete APP stops before any status mutation (4.26207ms)
✔ incomplete MARKET stops before any status mutation (5.34056ms)
✔ incomplete COMPANY_LOCATION stops before any status mutation (8.4879ms)
✔ incomplete NONE stops before any status mutation (5.588057ms)
✔ missing read scope stops before any status mutation (1.604862ms)
✔ initial DRAFT drift stops before any status mutation (5.852346ms)
✔ cross-partition version drift stops before any status mutation (2.917218ms)
✔ observed required grant loss in adapter read stops before any status mutation (8.212192ms)
✔ lost DRAFT acknowledgement never retries or archives (13.055429ms)
✔ DRAFT readback failure never retries or archives (12.486339ms)
✔ post-DRAFT ownership drift never retries or archives (12.038901ms)
✔ post-DRAFT partition drift never retries or archives (15.955944ms)
✔ different V2 behavior is classified from evidence without assuming staged membership (19.530385ms)
✔ ambiguous archive has exactly one bounded final observation and no resend (20.627207ms)
✔ newly appearing DRAFT V2 membership is not described as retained from ACTIVE (19.658615ms)
✔ acknowledgement/readback version drift stops before any post-DRAFT projection or cleanup (11.031739ms)
✔ concrete Shopify AppCatalog metadata permits the fixed adjudication (19.922271ms)
✔ concrete Shopify MarketCatalog metadata permits the fixed adjudication (20.283599ms)
✔ concrete Shopify CompanyLocationCatalog metadata permits the fixed adjudication (18.101822ms)
✔ catalog typename and global ID mismatch stops before any status mutation (5.876753ms)
✔ wrapped production failure preserves {"userError":true} (13.903726ms)
✔ wrapped production failure preserves {"adapterFailure":"http403"} (6.900095ms)
✔ wrapped production failure preserves {"adapterFailure":"graphql"} (6.816994ms)
✔ wrapped production failure preserves {"adapterFailure":"invalidJSON"} (7.036319ms)
✔ wrapped production failure preserves {"adapterFailure":"missingBody"} (7.658642ms)
✔ wrapped production failure preserves {"adapterFailure":"badScopes"} (7.038245ms)
✔ wrapped production failure preserves {"adapterFailure":"badNodes"} (6.734596ms)
✔ wrapped production failure preserves {"adapterFailure":"nullScope"} (6.620337ms)
✔ wrapped production failure preserves {"adapterFailure":"nullScopePost"} (12.174213ms)
✔ wrapped production failure preserves {"adapterFailure":"badHandlePost"} (10.355055ms)
✔ wrapped production failure preserves {"adapterFailure":"scopeString"} (6.665788ms)
✔ outstanding archive transport quarantines all further dispatch {"archiveOutstanding":true} (39.971708ms)
✔ outstanding archive transport quarantines all further dispatch {"archiveBodyOutstanding":true} (39.521499ms)
✔ outstanding archive transport quarantines all further dispatch {"archiveOversizeOutstanding":true} (38.476059ms)
✔ outstanding archive transport quarantines all further dispatch {"archiveBodyAbortOutstanding":true} (39.956781ms)
✔ outstanding archive transport quarantines all further dispatch {"archiveBodyCancelRejected":true} (21.49659ms)
✔ durable transport denies alternate target, ACTIVE, extra fields and arbitrary documents before HTTP (0.878167ms)
✔ quarantined first event zero rejects every subsequent provider dispatch (21.09043ms)
✔ 100 serial synthetic adjudications preserve the fixed ceilings and stop on each ambiguous write (1540.633309ms)
ℹ tests 46
ℹ suites 0
ℹ pass 46
ℹ fail 0
ℹ cancelled 0
ℹ skipped 0
ℹ todo 0
ℹ duration_ms 2387.941465
✔ source gate requires two fresh high-effort reviews and every workflow on the frozen source (3.066354ms)
✔ full source binding includes the inherited internal Rust links without following external symlinks (197.567197ms)
✔ alternate product and broad search are refused before HTTP (2.960724ms)
✔ fixed intent reads clean up one owned DRAFT and close with exact ARCHIVED settlement (26.910272ms)
✔ already ARCHIVED fixture is observed with no cleanup mutation (9.99117ms)
✔ complete negative intent surfaces report NO_INTENT_OBSERVED before cleanup (12.36797ms)
✔ unexpected ownership stops before cleanup (2.943569ms)
✔ unexpected ACTIVE stops before cleanup (2.690068ms)
✔ initial version drift stops before cleanup (2.604579ms)
✔ scope loss stops before cleanup (1.706898ms)
✔ incomplete includedProducts stops before cleanup (4.794693ms)
✔ foreign exact-ID result stops before cleanup (7.118645ms)
✔ duplicate exact-ID result stops before cleanup (5.183495ms)
✔ one-second observation drift stops before cleanup (5.126726ms)
✔ changed publication identity stops before cleanup (3.023902ms)
✔ search anchor disagrees stops before cleanup (5.514931ms)
✔ contradictory inclusion/search results stop before cleanup (9.458471ms)
✔ three qualified intent positives confirm intent with an empty diagnostic association (13.098134ms)
✔ diagnostic association cannot change negative consensus or resolve actual intent disagreement (37.218453ms)
✔ effective publication stays separate from matching configured-intent observations (8.795554ms)
✔ corrected interpretation cannot reopen the frozen closed attempt or authorize cleanup (4.311056ms)
✔ effective publication on DRAFT makes intent inconsistent and refuses cleanup (7.645772ms)
✔ ambiguous archive response consumes one final exact read without resend (9.555079ms)
✔ one-second archive acknowledgement/readback drift stays a conflict (11.944805ms)
✔ authentication failure closes the fresh register without Admin requests (1.016297ms)
✔ quarantined outstanding archive forbids final read and any overlapping request (8012.742133ms)
✔ fixed documents and variables exclude every alternate target before HTTP (124.255407ms)
✔ fixed source query literals are exactly the authorized ID filters and first:2 (0.550067ms)
✔ closed register cannot be initialized a second time (9.106532ms)
✔ 100 serial synthetic runs preserve zero or one mutation and never overlap (867.125935ms)
✔ invalid or malformed runtime search metadata stops before cleanup (6.908275ms)
✔ malformed GraphQL errors values never authorize cleanup (16.229773ms)
✔ rejected foreign descriptive data is absent from register and qualification evidence (7.846886ms)
✔ a failed read reservation cannot be retried or lead to unverifiable cleanup (1.349081ms)
✔ documented search diagnostics without warnings preserve exact intent reads (9.20736ms)
ℹ tests 35
ℹ suites 0
ℹ pass 35
ℹ fail 0
ℹ cancelled 0
ℹ skipped 0
ℹ todo 0
ℹ duration_ms 9501.830933
✔ source gate requires two fresh high-effort reviews and every workflow on the frozen source (3.069293ms)
✔ full source binding includes the inherited internal Rust links without following external symlinks (193.141803ms)
✔ alternate exact product is refused before HTTP (2.887777ms)
✔ disposable cleanup settles exact final ARCHIVED despite a one-second acknowledgement timestamp difference (16.238009ms)
✔ already ARCHIVED is verified with no update (4.102602ms)
✔ foreign ownership stops with zero update (2.984502ms)
✔ ACTIVE state stops with zero update (1.996376ms)
✔ UNLISTED state stops with zero update (1.757042ms)
✔ effective publication stops with zero update (1.592712ms)
✔ published timestamp stops with zero update (1.677145ms)
✔ online store URL stops with zero update (1.682284ms)
✔ legacy effective membership stops with zero update (1.983741ms)
✔ incomplete legacy stops with zero update (1.573895ms)
✔ wrong installation stops with zero update (1.502966ms)
✔ scope loss stops with zero update (1.412425ms)
✔ malformed GraphQL error fields are rejected before mutation (6.952728ms)
✔ ambiguous archive is not resent and one final exact read settles ARCHIVED (3.963672ms)
✔ final DRAFT or effective-publication drift is unsettled with no retry (7.910939ms)
✔ unsettled archive transport forbids final read and any overlap (8002.813286ms)
✔ exact source documents have no searches or alternate mutation fields (4.196888ms)
✔ alternate documents, extra fields and non-ARCHIVED statuses are denied before dispatch (5.312698ms)
✔ closed cleanup register rejects any second initialization (3.522967ms)
✔ 100 serial disposable cleanup cases never exceed one update (278.988976ms)
✔ failed authentication cannot admit an Admin read through the public operator (1.22134ms)
✔ failed prestate or final reads cannot be retried and archive cannot be resent (3.882749ms)
✔ auth response disposal failure quarantines pending event index zero (1.067262ms)
ℹ tests 26
ℹ suites 0
ℹ pass 26
ℹ fail 0
ℹ cancelled 0
ℹ skipped 0
ℹ todo 0
ℹ duration_ms 8619.494374
$ tsc -p scripts/m1-functions/tsconfig.json && node --test scripts/m1-functions/check-vector.test.ts
✔ TypeScript/Node and Rust share the exact experimental-v2 envelope/member bytes (5.701359ms)
ℹ tests 1
ℹ suites 0
ℹ pass 1
ℹ fail 0
ℹ cancelled 0
ℹ skipped 0
ℹ todo 0
ℹ duration_ms 124.940544
$ node scripts/boundaries/check.mjs && node scripts/boundaries/check-database-api.mjs && node scripts/boundaries/check-domain-effects.mjs && node --test scripts/boundaries/domain-effects.test.mjs
Boundary checks passed: 191 real modules, 4 browser modules, 19 negative source fixtures, 2 rejected browser bundles and exports.
Database public API rejects 19 compiler probes and 4 runtime deep imports.
6 production domain modules have no prohibited ambient effects
✔ Date.now is rejected in a production domain helper (9.391903ms)
✔ new Date is rejected in a production domain helper (0.879027ms)
✔ Math.random is rejected in a production domain helper (0.518755ms)
✔ globalThis.Date.now is rejected in a production domain helper (0.552662ms)
✔ fetch is rejected in a production domain helper (1.320312ms)
✔ globalThis.crypto is rejected in a production domain helper (0.461083ms)
✔ computed random is rejected in a production domain helper (1.021407ms)
✔ template random is rejected in a production domain helper (0.774071ms)
✔ dynamic Math member is rejected in a production domain helper (1.288532ms)
✔ spread Date is rejected in a production domain helper (1.67817ms)
✔ random destructuring is rejected in a production domain helper (0.819584ms)
✔ date alias is rejected in a production domain helper (0.390854ms)
✔ math alias is rejected in a production domain helper (0.312137ms)
✔ import meta is rejected in a production domain helper (0.43026ms)
✔ process environment is rejected in a production domain helper (0.262129ms)
✔ deterministic numeric and explicit-value operations stay allowed (1.420759ms)
✔ type-only properties are not ambient API references (2.286333ms)
✔ compiled graph includes an imported module with an excluded test-like filename (560.11551ms)
ℹ tests 18
ℹ suites 0
ℹ pass 18
ℹ fail 0
ℹ cancelled 0
ℹ skipped 0
ℹ todo 0
ℹ duration_ms 975.823286
$ node scripts/boundaries/check-secrets.mjs
Secret/fixture provenance check passed: 110 production source files, 83 separately scanned test/fixture files, 2 browser artifacts, 2 explicitly synthetic seeds.
20 archived Cargo manifests remain independent
$ bash scripts/m1-functions/check.sh
   Compiling proc-macro2 v1.0.107
   Compiling quote v1.0.47
   Compiling unicode-ident v1.0.26
   Compiling semver v1.0.28
   Compiling zmij v1.0.23
   Compiling rustc_version v0.4.1
   Compiling serde_json v1.0.151
   Compiling version_check v0.9.5
   Compiling heck v0.5.0
    Checking typenum v1.20.1
   Compiling generic-array v0.14.7
   Compiling serde_core v1.0.229
   Compiling syn v2.0.119
   Compiling syn v3.0.6
   Compiling serde v1.0.229
    Checking block-buffer v0.10.4
    Checking crypto-common v0.1.7
   Compiling logos-codegen v0.15.1
    Checking digest v0.10.7
   Compiling curve25519-dalek v4.1.3
    Checking memchr v2.8.3
   Compiling lazy_static v1.5.0
   Compiling fnv v1.0.7
   Compiling autocfg v1.5.1
    Checking cpufeatures v0.2.17
    Checking itoa v1.0.18
   Compiling beef v0.5.2
    Checking cfg-if v1.0.5
   Compiling regex-syntax v0.8.11
   Compiling serde_derive v1.0.229
   Compiling num-traits v0.2.19
   Compiling strum_macros v0.27.2
   Compiling curve25519-dalek-derive v0.1.1
    Checking subtle v2.6.1
    Checking signature v2.2.0
   Compiling either v1.18.0
    Checking ed25519 v2.2.3
   Compiling itertools v0.14.0
   Compiling logos-derive v0.15.1
   Compiling strum v0.27.2
   Compiling enum-as-inner v0.6.1
    Checking sha2 v0.10.9
   Compiling unicode-width v0.1.14
   Compiling yansi v1.0.1
   Compiling paste v1.0.15
   Compiling ariadne v0.5.1
    Checking ed25519-dalek v2.2.0
   Compiling bluejay-core v0.3.1
   Compiling logos v0.15.1
   Compiling unicode-segmentation v1.13.3
   Compiling seq-macro v0.3.6
    Checking base64 v0.22.1
   Compiling bluejay-parser v0.3.1
    Checking rmp v0.8.15
   Compiling thiserror v2.0.21
    Checking shopify_function_wasm_api_core v0.2.0
   Compiling convert_case v0.8.0
    Checking cart-authorization v0.1.0 (/home/serveradmin/insignia-m5-014-worktree/crates/cart-authorization)
   Compiling thiserror-impl v2.0.21
    Checking bumpalo v3.20.3
    Checking rmp-serde v1.3.1
    Checking shopify_function_provider v2.0.1
   Compiling convert_case v0.11.0
    Checking ryu v1.0.23
   Compiling bluejay-validator v0.3.1
    Checking shopify_function_wasm_api v0.3.1
   Compiling bluejay-typegen-codegen v0.3.1
   Compiling shopify_function_macro v2.2.0
    Checking shopify_function v2.2.0
    Checking cart-transform v0.1.0 (/home/serveradmin/insignia-m5-014-worktree/crates/cart-transform)
    Checking cart-validation v0.1.0 (/home/serveradmin/insignia-m5-014-worktree/crates/cart-validation)
    Finished `dev` profile [unoptimized + debuginfo] target(s) in 14.35s
   Compiling zmij v1.0.23
   Compiling itoa v1.0.18
   Compiling memchr v2.8.3
   Compiling typenum v1.20.1
   Compiling serde_core v1.0.229
   Compiling strum v0.27.2
   Compiling cpufeatures v0.2.17
   Compiling cfg-if v1.0.5
   Compiling signature v2.2.0
   Compiling subtle v2.6.1
   Compiling ed25519 v2.2.3
   Compiling serde_json v1.0.151
   Compiling generic-array v0.14.7
   Compiling base64 v0.22.1
   Compiling num-traits v0.2.19
   Compiling crypto-common v0.1.7
   Compiling block-buffer v0.10.4
   Compiling digest v0.10.7
   Compiling curve25519-dalek v4.1.3
   Compiling sha2 v0.10.9
   Compiling bluejay-core v0.3.1
   Compiling ed25519-dalek v2.2.0
   Compiling bluejay-parser v0.3.1
   Compiling rmp v0.8.15
   Compiling shopify_function_wasm_api_core v0.2.0
   Compiling serde v1.0.229
   Compiling bumpalo v3.20.3
   Compiling rmp-serde v1.3.1
   Compiling shopify_function_provider v2.0.1
   Compiling cart-authorization v0.1.0 (/home/serveradmin/insignia-m5-014-worktree/crates/cart-authorization)
   Compiling bluejay-validator v0.3.1
   Compiling thiserror v2.0.21
   Compiling shopify_function_wasm_api v0.3.1
   Compiling ryu v1.0.23
   Compiling bluejay-typegen-codegen v0.3.1
   Compiling shopify_function_macro v2.2.0
   Compiling shopify_function v2.2.0
   Compiling cart-validation v0.1.0 (/home/serveradmin/insignia-m5-014-worktree/crates/cart-validation)
   Compiling cart-transform v0.1.0 (/home/serveradmin/insignia-m5-014-worktree/crates/cart-transform)
    Finished `test` profile [unoptimized + debuginfo] target(s) in 8.93s
     Running unittests src/lib.rs (target/debug/deps/cart_authorization-428bc6dab939b9b3)

running 0 tests

test result: ok. 0 passed; 0 failed; 0 ignored; 0 measured; 0 filtered out; finished in 0.00s

     Running tests/currency_matrix.rs (target/debug/deps/currency_matrix-a76cbbc666a7ab20)

running 1 test
test every_admitted_currency_agrees_with_versioned_ts_matrix ... ok

test result: ok. 1 passed; 0 failed; 0 ignored; 0 measured; 0 filtered out; finished in 0.01s

     Running tests/production_vectors.rs (target/debug/deps/production_vectors-931358b74671ec5f)

running 1 test
test production_typescript_vectors_verify_with_complete_rust_core ... ok

test result: ok. 1 passed; 0 failed; 0 ignored; 0 measured; 0 filtered out; finished in 0.11s

     Running tests/whole_quote.rs (target/debug/deps/whole_quote-dd6e3b33eb9f8a50)

running 13 tests
test canonical_carriers_reject_length_padding_alphabet_and_tail_bits ... ok
test compensated_price_mutations_cannot_preserve_authorization_by_preserving_total ... ok
test complete_ordered_set_verifies_once_and_matches_observed_price ... ok
test every_header_byte_class_is_signed_and_structural_header_is_strict ... ok
test last_member_change_invalidates_everything ... ok
test independent_context_keys_date_and_physical_economics_reject ... ok
test missing_duplicate_unsigned_and_extra_members_fail_closed ... ok
test member_from_a_different_signed_quote_cannot_mix_with_original_envelope ... ok
test noncanonical_public_point_and_revoked_or_out_of_window_keys_reject ... ok
test shared_python_typescript_rust_golden_vector_agrees ... ok
test signature_and_arithmetic_profiles_reject_mutations ... ok
test large_complete_quantity_and_500_unit_tier_cannot_be_partially_reused ... ok
test fifteen_independently_signed_high_bit_magic_variants_reject ... ok

test result: ok. 13 passed; 0 failed; 0 ignored; 0 measured; 0 filtered out; finished in 0.31s

     Running unittests src/main.rs (target/debug/deps/cart_transform-358275b5ea2405f6)

running 20 tests
test capacity::tests::cart_line_width_and_grammar ... ok
test capacity::tests::exact_output_bound_has_headroom ... ok
test product_policy::tests::absent_fields_are_unmanaged_but_a_single_lost_field_is_uncertain ... ok
test product_policy::tests::illegible_lone_anchor_cannot_authorize_a_signed_quote ... ok
test product_policy::tests::matching_ready_fields_classify_required_and_optional ... ok
test product_policy::tests::pending_malformed_and_stale_fields_block_plain_but_preserve_signed ... ok
test product_policy::tests::strict_grammar_rejects_unknown_states_and_noncanonical_revisions ... ok
test product_policy::tests::wrong_installation_generation_rejects_signed_too ... ok
test tests::no_partial_expansion_for_incomplete_or_tampered_set ... ok
test tests::revoked_and_out_of_window_public_keys_emit_no_price_operation ... ok
test tests::complete_set_sets_both_prices_and_copies_compact_member ... ok
test tests::signed_quote_with_only_illegible_policy_emits_no_price ... ok
test tests::signed_quote_with_no_product_anchors_still_requires_shop_keys ... ok
test tests::context_physical_line_policy_and_cart_order_are_enforced ... ok
test tests::signed_prices_survive_policy_revision_and_one_lost_anchor ... ok
test tests::unsigned_marker_removed_and_invalid_signature_emit_no_price ... ok
test tests::untrusted_config_cannot_raise_experiment_ceiling ... ok
test tests::transform_accepts_canonical_zero_and_echoes_target_local_id ... ok
test tests::ten_thousand_physical_units_use_two_expansions ... ok
test tests::ten_bucket_output_is_bounded_and_oversized_sets_emit_no_partial_operation ... ok

test result: ok. 20 passed; 0 failed; 0 ignored; 0 measured; 0 filtered out; finished in 0.05s

     Running unittests src/main.rs (target/debug/deps/cart_validation-95daed9c7c60dc1b)

running 24 tests
test capacity::tests::cart_line_width_and_grammar ... ok
test capacity::tests::exact_output_bound_has_headroom ... ok
test product_policy::tests::illegible_lone_anchor_cannot_authorize_a_signed_quote ... ok
test product_policy::tests::absent_fields_are_unmanaged_but_a_single_lost_field_is_uncertain ... ok
test product_policy::tests::pending_malformed_and_stale_fields_block_plain_but_preserve_signed ... ok
test product_policy::tests::matching_ready_fields_classify_required_and_optional ... ok
test product_policy::tests::strict_grammar_rejects_unknown_states_and_noncanonical_revisions ... ok
test product_policy::tests::wrong_installation_generation_rejects_signed_too ... ok
test tests::incomplete_tampered_and_unsigned_required_sets_reject ... ok
test tests::malformed_stale_pending_and_wrong_generation_policy_fail_plain ... ok
test tests::complete_set_compares_observed_exact_subtotals ... ok
test tests::buyer_marker_removal_cannot_turn_known_required_into_plain ... ok
test tests::one_lost_anchor_blocks_plain_while_explicit_optional_and_unmanaged_pass ... ok
test tests::revoked_and_out_of_window_public_keys_reject_checkout ... ok
test tests::cart_order_context_and_physical_claim_changes_fail_at_checkout ... ok
test tests::signed_quote_with_only_illegible_policy_rejects ... ok
test tests::signed_quote_with_no_product_anchors_needs_healthy_shop_keys ... ok
test tests::signed_historical_quote_survives_same_generation_policy_revision ... ok
test tests::untrusted_config_cannot_raise_experiment_ceiling ... ok
test tests::ten_thousand_physical_units_validate_without_per_unit_expansion ... ok
test tests::mixed_200_line_cart_blocks_damaged_managed_line_then_recovers ... ok
test tests::zero_based_cartline_does_not_bypass_economics_or_trust_at_checkout ... ok
test tests::ten_bucket_set_validates_and_oversized_sets_reject ... ok
test tests::zero_based_cartline_preserves_complete_signed_checkout_at_both_steps ... ok

test result: ok. 24 passed; 0 failed; 0 ignored; 0 measured; 0 filtered out; finished in 0.11s

   Doc-tests cart_authorization

running 0 tests

test result: ok. 0 passed; 0 failed; 0 ignored; 0 measured; 0 filtered out; finished in 0.00s

/home/serveradmin/insignia-m5-014-worktree/crates/cart-transform/target/m1-tools/shopify-function-trampoline-2.0.1: OK
   Compiling proc-macro2 v1.0.107
   Compiling quote v1.0.47
   Compiling unicode-ident v1.0.26
   Compiling semver v1.0.28
   Compiling zmij v1.0.23
   Compiling rustc_version v0.4.1
   Compiling heck v0.5.0
   Compiling serde_json v1.0.151
   Compiling version_check v0.9.5
   Compiling serde_core v1.0.229
   Compiling logos-codegen v0.15.1
   Compiling generic-array v0.14.7
   Compiling typenum v1.20.1
   Compiling regex-syntax v0.8.11
   Compiling syn v2.0.119
   Compiling lazy_static v1.5.0
   Compiling fnv v1.0.7
   Compiling beef v0.5.2
   Compiling syn v3.0.6
   Compiling itoa v1.0.18
   Compiling either v1.18.0
   Compiling memchr v2.8.3
   Compiling itertools v0.14.0
   Compiling strum_macros v0.27.2
   Compiling enum-as-inner v0.6.1
   Compiling logos-derive v0.15.1
   Compiling unicode-width v0.1.14
   Compiling yansi v1.0.1
   Compiling paste v1.0.15
   Compiling ariadne v0.5.1
   Compiling logos v0.15.1
   Compiling crypto-common v0.1.7
   Compiling block-buffer v0.10.4
   Compiling unicode-segmentation v1.13.3
   Compiling seq-macro v0.3.6
   Compiling digest v0.10.7
   Compiling curve25519-dalek v4.1.3
   Compiling cfg-if v1.0.5
   Compiling strum v0.27.2
   Compiling thiserror v2.0.21
   Compiling bluejay-core v0.3.1
   Compiling convert_case v0.8.0
   Compiling bluejay-parser v0.3.1
   Compiling thiserror-impl v2.0.21
   Compiling signature v2.2.0
   Compiling serde v1.0.229
   Compiling subtle v2.6.1
   Compiling bluejay-validator v0.3.1
   Compiling ed25519 v2.2.3
   Compiling shopify_function_wasm_api_core v0.2.0
   Compiling sha2 v0.10.9
   Compiling convert_case v0.11.0
   Compiling serde_derive v1.0.229
   Compiling ed25519-dalek v2.2.0
   Compiling shopify_function_wasm_api v0.3.1
   Compiling base64 v0.22.1
   Compiling bluejay-typegen-codegen v0.3.1
   Compiling ryu v1.0.23
   Compiling shopify_function_macro v2.2.0
   Compiling cart-authorization v0.1.0 (/home/serveradmin/insignia-m5-014-worktree/crates/cart-authorization)
   Compiling shopify_function v2.2.0
   Compiling cart-transform v0.1.0 (/home/serveradmin/insignia-m5-014-worktree/crates/cart-transform)
    Finished `release` profile [optimized] target(s) in 14.51s
c20cbda370e8ce19c309a49a71f497edb36e2f2db6b4667eced22073cb76fc17  /home/serveradmin/insignia-m5-014-worktree/extensions/insignia-cart-transform/target/cart-transform.raw.wasm
49248769ae4ce578af7c5e7fa77f8c230c8fd4f45b2d673c22cfed87ff946576  /home/serveradmin/insignia-m5-014-worktree/extensions/insignia-cart-transform/target/cart-transform.wasm
184312 /home/serveradmin/insignia-m5-014-worktree/extensions/insignia-cart-transform/target/cart-transform.raw.wasm
181378 /home/serveradmin/insignia-m5-014-worktree/extensions/insignia-cart-transform/target/cart-transform.wasm
365690 total
/home/serveradmin/insignia-m5-014-worktree/crates/cart-validation/target/m1-tools/shopify-function-trampoline-2.0.1: OK
   Compiling proc-macro2 v1.0.107
   Compiling unicode-ident v1.0.26
   Compiling quote v1.0.47
   Compiling semver v1.0.28
   Compiling zmij v1.0.23
   Compiling rustc_version v0.4.1
   Compiling heck v0.5.0
   Compiling serde_json v1.0.151
   Compiling version_check v0.9.5
   Compiling serde_core v1.0.229
   Compiling logos-codegen v0.15.1
   Compiling lazy_static v1.5.0
   Compiling generic-array v0.14.7
   Compiling typenum v1.20.1
   Compiling fnv v1.0.7
   Compiling beef v0.5.2
   Compiling regex-syntax v0.8.11
   Compiling syn v2.0.119
   Compiling syn v3.0.6
   Compiling either v1.18.0
   Compiling itoa v1.0.18
   Compiling memchr v2.8.3
   Compiling itertools v0.14.0
   Compiling strum_macros v0.27.2
   Compiling logos-derive v0.15.1
   Compiling enum-as-inner v0.6.1
   Compiling paste v1.0.15
   Compiling yansi v1.0.1
   Compiling unicode-width v0.1.14
   Compiling logos v0.15.1
   Compiling ariadne v0.5.1
   Compiling block-buffer v0.10.4
   Compiling crypto-common v0.1.7
   Compiling unicode-segmentation v1.13.3
   Compiling seq-macro v0.3.6
   Compiling digest v0.10.7
   Compiling curve25519-dalek v4.1.3
   Compiling cfg-if v1.0.5
   Compiling thiserror v2.0.21
   Compiling strum v0.27.2
   Compiling bluejay-core v0.3.1
   Compiling convert_case v0.8.0
   Compiling thiserror-impl v2.0.21
   Compiling bluejay-parser v0.3.1
   Compiling signature v2.2.0
   Compiling serde v1.0.229
   Compiling subtle v2.6.1
   Compiling ed25519 v2.2.3
   Compiling shopify_function_wasm_api_core v0.2.0
   Compiling sha2 v0.10.9
   Compiling bluejay-validator v0.3.1
   Compiling convert_case v0.11.0
   Compiling serde_derive v1.0.229
   Compiling ed25519-dalek v2.2.0
   Compiling shopify_function_wasm_api v0.3.1
   Compiling ryu v1.0.23
   Compiling base64 v0.22.1
   Compiling bluejay-typegen-codegen v0.3.1
   Compiling shopify_function_macro v2.2.0
   Compiling cart-authorization v0.1.0 (/home/serveradmin/insignia-m5-014-worktree/crates/cart-authorization)
   Compiling shopify_function v2.2.0
   Compiling cart-validation v0.1.0 (/home/serveradmin/insignia-m5-014-worktree/crates/cart-validation)
    Finished `release` profile [optimized] target(s) in 15.47s
1c2e43c03c62fb1983089d3b8623eeb6a3ffc90211893c9abb7a2b67fa9ad763  /home/serveradmin/insignia-m5-014-worktree/extensions/insignia-cart-validation/target/cart-validation.raw.wasm
3193f60bbb29cdc473ce7ae73e88d1064ca7be2f03da2aade4e17ae1390366c6  /home/serveradmin/insignia-m5-014-worktree/extensions/insignia-cart-validation/target/cart-validation.wasm
185960 /home/serveradmin/insignia-m5-014-worktree/extensions/insignia-cart-validation/target/cart-validation.raw.wasm
182968 /home/serveradmin/insignia-m5-014-worktree/extensions/insignia-cart-validation/target/cart-validation.wasm
368928 total
/home/serveradmin/insignia-m5-014-worktree/.m1-artifacts/tools/function-runner-9.2.2: OK
transform 8 c20cbda370e8ce19c309a49a71f497edb36e2f2db6b4667eced22073cb76fc17 49248769ae4ce578af7c5e7fa77f8c230c8fd4f45b2d673c22cfed87ff946576
validation 18 1c2e43c03c62fb1983089d3b8623eeb6a3ffc90211893c9abb7a2b67fa9ad763 3193f60bbb29cdc473ce7ae73e88d1064ca7be2f03da2aade4e17ae1390366c6
{
  "rows": 230,
  "positive": 16,
  "vectorsSha256": "7f0046b88183b79cbccc305c883aab0483a6cda1eddb191297e2295c35ac1eda",
  "transformWasmSha256": "49248769ae4ce578af7c5e7fa77f8c230c8fd4f45b2d673c22cfed87ff946576",
  "validationWasmSha256": "3193f60bbb29cdc473ce7ae73e88d1064ca7be2f03da2aade4e17ae1390366c6"
}
M4-003 production builder config passed 6 complete Function runs.
$ corepack pnpm --filter @insignia/web test && corepack pnpm --filter @insignia/storefront test
$ node --test test/*.test.mjs test/admin/*.test.mjs
﹣ real PG activation composes trusted release, synthetic Shopify hold and immutable evidence (1.009675ms) # SKIP
✔ admin distinguishes activation waiting, held, restoration and conflict without manufacturing ACTIVE (1.234509ms)
✔ publication conflict outranks a retained held/pending activation state (0.199238ms)
✔ terminal operator hold outranks stale held activation (0.176728ms)
✔ current staff and installation grant read and edit; reinstallation is checked every request (1.923086ms)
✔ staff read access does not grant mutation (1.080389ms)
✔ expired or cross-shop identity and stale installation fail closed (0.564122ms)
✔ read requires current verified staff and exact shop, even on deep links (29.07351ms)
✔ mutation refuses cross-origin and staff denial before invoking command (2.310228ms)
✔ save carries exact product, draft version and idempotency to durable command (1.780204ms)
✔ stale draft save is a conflict, never a success response (0.873675ms)
✔ publish returns activation-pending truthfully and requires current edit grant (1.099291ms)
✔ a product missing from the verified shop cannot be changed (0.789061ms)
✔ expired identity and shop supplied in command body cannot create a config (1.069475ms)
✔ unwired admin backend serves no private catalog data (0.625471ms)
✔ unknown durable command failures remain unavailable without leaking details (0.854993ms)
✔ editor-generated fixed, override and tier defaults price through unchanged M2 in zero/two/three exponent currencies (3649.886732ms)
✔ real browser editor syncs typed view, variant and step controls with direct Konva canvas and saved draft (1897.511139ms)
✔ removing named choices drops only their labels including nested option value labels before save (1097.047702ms)
✔ variant without a saved image override retains the portrait default until explicit landscape adoption (920.926667ms)
✔ merchant currency adoption refreshes saved publication eligibility and later failed or stale reads fail closed (1014.969492ms)
✔ mobile deep link, cookie-free reload, interrupted save, stale conflict, and missing Polaris control (2118.092645ms)
✔ interrupted publication resumes the identical request after reload and reaches a durable phase (935.880782ms)
✔ numeric placement input reaches owner state before blur and survives an owner rerender (1458.119397ms)
✔ publication success preserves dirty local edits and exact save recovery [1/1] (937.523072ms)
✔ publication failed preserves dirty local edits and exact save recovery [1/1] (918.072923ms)
✔ publication success preserves ambiguous local edits and exact save recovery [1/1] (984.059554ms)
✔ publication failed preserves ambiguous local edits and exact save recovery [1/1] (959.346355ms)
✔ publication retry keeps the original version after a newer draft edit when embedded storage is denied (881.057955ms)
✔ stale stored publication is replaced by the current immutable intent despite newer ineligible draft (680.897747ms)
✔ reinstalled Admin discards prior-generation browser request and publishes with a new key (709.054996ms)
✔ concurrent editor refreshes share one App Bridge identity request (1358.811467ms)
✔ empty merchant draft can be configured through typed controls and pass M2 validation (1055.363838ms)
﹣ overlapping distinct-key M5 creates serialize before the command FK lock upgrade (1.024754ms) # SKIP
﹣ currency precision rejects invalid saved and legacy publication amounts without rounding or durable intent (0.189348ms) # SKIP
﹣ durable editor CAS, exact-key replay, independent copy, immutable geometry, and reinstall fence (0.146286ms) # SKIP
﹣ actual M4 prepare/advance over immutable M5 revision reports ready, conflict and hold truthfully (0.913914ms) # SKIP
✔ diagnostic preview requires accounting and HTTPS before any provider access (432.270016ms)
﹣ live-style SDK identity, local PG create/save/reload/CAS/exact ambiguous replay and mutation refusal (0.571977ms) # SKIP
✔ preview same-token single flight; replacement and current-installation invalidation exchange fresh (1.454531ms)
✔ preview rejected exchange is not cached and expired or long-lived identity is denied (0.9673ms)
﹣ production composition uses signed staff SDK, current feature policy and real M4 prepare with admission hold (1.079042ms) # SKIP
✔ server activation composition cannot promote a diagnostic observation without trusted release source (1.799534ms)
✔ server composition binds trusted provider reads to one signed immutable quote candidate (42.963861ms)
✔ built SSR serves public shell and a real Polaris/Preact interaction (6000.528904ms)
✔ HTTP 5xx after durable inbox commit leads to same-ID retry and a single queue handoff (16.734093ms)
✔ stream bound rejects a lying or absent Content-Length before trusted metadata is stored (4.817383ms)
﹣ built HTTP ingress authenticates raw bytes and durably deduplicates through PostgreSQL and queue (1.278945ms) # SKIP
ℹ tests 48
ℹ suites 0
ℹ pass 40
ℹ fail 0
ℹ cancelled 0
ℹ skipped 8
ℹ todo 0
ℹ duration_ms 22259.515511
$ node --test test/*.test.mjs
✔ custom element mounts, unmounts, and contains DOM, state and events (743.14021ms)
ℹ tests 1
ℹ suites 0
ℹ pass 1
ℹ fail 0
ℹ cancelled 0
ℹ skipped 0
ℹ todo 0
ℹ duration_ms 1178.607501
{"archivedArchitectureRef": "0f2c80a316228bd69fdd2ff272e967ff14647b2b", "archivedArchitectureVerified": true, "archivedV1_2Ref": "662a78cd27507d8a2f1eaa976f1c644c93edd1be", "archivedV1_2Sha256": {"docs/architecture/OPTION-A-APPROVED.md": "321f86f5823a0b73b6a6483c172e5d56a0172de442f38dc79ae337de51adf209", "docs/architecture/decision-ledger.md": "97ebb79ddc53000c53c46218ba8c83a5ba2279720ed07ff50809706b4f1a800a", "docs/architecture/implementation-plan.md": "8bb45ac9e2834bf047824a2e3dda4da7f76692bae685f6657da7b3ab03d0b145"}, "archivedV1_3Ref": "4209bb16a09cff95d5cbbc1bbcb082e8c1fa8899", "archivedV1_3Sha256": {"docs/architecture/decision-ledger.md": "d4297182b12978822dae124a040a0d47aafcdb7749f7ad8602f0626e964937e9", "docs/architecture/implementation-plan.md": "b730c0dc274af8180a9aae3290189a8fd61b6b92e06681d345fe5d9aab22c06d"}, "currentArchitectureSha256": {"docs/architecture/OPTION-A-APPROVED.md": "321f86f5823a0b73b6a6483c172e5d56a0172de442f38dc79ae337de51adf209", "docs/architecture/decision-ledger.md": "3d1e8fe50c948822ba3403facfc142402d4fc6631d8d667a2e3341ff6cdbd802", "docs/architecture/implementation-plan.md": "cd59fd361d69adc3f307ee9b88ba1f5509ffeefb68aea90a15f9b88757b4e792"}, "currentArchitectureVersion": "1.4", "historicalMerge": "eaa386c90786e560d49f8311878c95d26cc3c7b8", "manifestSha256": "c2d017f70c4e781d174695c27b9a8c3295666c105af598d8caed6ce9a18160e8", "oldSourceCount": 41, "unchangedReceiptCount": 120}
{"draftProducts": 2, "hashedSetupReceipts": 14, "initialUnits": 272, "ownedFunctions": 2, "status": "PASS", "variants": 3}
48 required files hashed: .m1-artifacts/manifest.json
