$ corepack pnpm check:style && corepack pnpm build && corepack pnpm test:unit && corepack pnpm test:m5-operator && corepack pnpm test:vectors && corepack pnpm check:boundaries && corepack pnpm check:secrets && python3 -B scripts/boundaries/check-cargo-workspace.py && corepack pnpm check:rust && M1_FUNCTION_RUNNER=.m1-artifacts/tools/function-runner-9.2.2 python3 -B scripts/m4-002/replay-production-vectors.py && M1_FUNCTION_RUNNER=.m1-artifacts/tools/function-runner-9.2.2 node scripts/m4-003/replay-public-config.mjs && corepack pnpm test:browser && python3 -B spikes/m0-007/scripts/check-history.py && python3 -B spikes/m0-014/scripts/check-live-setup.py && python3 -B scripts/m1-functions/artifact-manifest.py
$ biome check .dependency-cruiser.cjs apps/storefront/src apps/storefront/test apps/storefront/scripts apps/storefront/vite.config.ts apps/web/src/islands apps/web/src/pages/live.ts apps/web/src/pages/api apps/web/src/server apps/web/src/shared apps/web/src/styles apps/web/test apps/web/astro.config.mjs apps/worker/src apps/worker/test packages/contracts/src packages/domain/src packages/cart-authorization/src packages/cart-authorization/test packages/application/src packages/database/src packages/database/test packages/shopify/src packages/shopify/test packages/visualizer/src packages/observability/src packages/observability/test scripts/boundaries scripts/m1-functions/check-vector.test.ts scripts/m5-002 scripts/m5-003 scripts/m5-004 scripts/m5-005 scripts/m5-009 scripts/m5-010 scripts/m5-011 scripts/m5-012 scripts/m5-013
apps/web/src/server/admin/production.ts:69:57 lint/style/useTemplate  FIXABLE  ━━━━━━━━━━━━━━━━━━━━━

  i Template literals are preferred over string concatenation.
  
    67 │   const appOrigin = required(env, 'APP_URL');
    68 │   const appId = env.INSIGNIA_SHOPIFY_APP_ID;
  > 69 │   const appGid = appId && /^[1-9][0-9]*$/.test(appId) ? 'gid://shopify/App/' + appId : null;
       │                                                         ^^^^^^^^^^^^^^^^^^^^^^^^^^^^
    70 │   const shopify = createAdminOnlineIdentity({ apiKey, apiSecret, hostName: new URL(appOrigin).host });
    71 │   const core = createDurableCore(databasePool ?? new Pool({ connectionString: databaseUrl }));
  
  i Unsafe fix: Use a template literal.
  
     67  67 │     const appOrigin = required(env, 'APP_URL');
     68  68 │     const appId = env.INSIGNIA_SHOPIFY_APP_ID;
     69     │ - ··const·appGid·=·appId·&&·/^[1-9][0-9]*$/.test(appId)·?·'gid://shopify/App/'·+·appId·:·null;
         69 │ + ··const·appGid·=·appId·&&·/^[1-9][0-9]*$/.test(appId)·?·`gid://shopify/App/${appId}`·:·null;
     70  70 │     const shopify = createAdminOnlineIdentity({ apiKey, apiSecret, hostName: new URL(appOrigin).host });
     71  71 │     const core = createDurableCore(databasePool ?? new Pool({ connectionString: databaseUrl }));
  

apps/web/src/server/admin/production.ts:89:54 lint/style/useTemplate  FIXABLE  ━━━━━━━━━━━━━━━━━━━━━

  i Template literals are preferred over string concatenation.
  
    87 │       installationGeneration: actor.installationGeneration,
    88 │     });
  > 89 │     if (!scope || scope.shopDomain !== actor.shop || 'gid://shopify/Shop/' + scope.shopifyShopId !== actor.shopId)
       │                                                      ^^^^^^^^^^^^^^^^^^^^^^^^^^^^^^^^^^^^^^^^^^^
    90 │       throw new Error('Admin installation changed');
    91 │   }
  
  i Unsafe fix: Use a template literal.
  
     87  87 │         installationGeneration: actor.installationGeneration,
     88  88 │       });
     89     │ - ····if·(!scope·||·scope.shopDomain·!==·actor.shop·||·'gid://shopify/Shop/'·+·scope.shopifyShopId·!==·actor.shopId)
         89 │ + ····if·(!scope·||·scope.shopDomain·!==·actor.shop·||·`gid://shopify/Shop/${scope.shopifyShopId}`·!==·actor.shopId)
     90  90 │         throw new Error('Admin installation changed');
     91  91 │     }
  

apps/web/src/server/admin/production.ts:214:51 lint/style/useTemplate  FIXABLE  ━━━━━━━━━━━━━━━━━━━━

  i Template literals are preferred over string concatenation.
  
    212 │           const provider = await shopify.readInstallation(online);
    213 │           const tenant = await core.tenants.getShopByDomain(provider.shop);
  > 214 │           if (!tenant || !tenant.shopifyShopId || 'gid://shopify/Shop/' + tenant.shopifyShopId !== provider.shopId)
        │                                                   ^^^^^^^^^^^^^^^^^^^^^^^^^^^^^^^^^^^^^^^^^^^^
    215 │             throw new Error('Tenant installation mismatch');
    216 │           const installed = await core.tenants.getCurrentAdminInstallation(tenant.shopId);
  
  i Unsafe fix: Use a template literal.
  
    212 212 │             const provider = await shopify.readInstallation(online);
    213 213 │             const tenant = await core.tenants.getShopByDomain(provider.shop);
    214     │ - ··········if·(!tenant·||·!tenant.shopifyShopId·||·'gid://shopify/Shop/'·+·tenant.shopifyShopId·!==·provider.shopId)
        214 │ + ··········if·(!tenant·||·!tenant.shopifyShopId·||·`gid://shopify/Shop/${tenant.shopifyShopId}`·!==·provider.shopId)
    215 215 │               throw new Error('Tenant installation mismatch');
    216 216 │             const installed = await core.tenants.getCurrentAdminInstallation(tenant.shopId);
  

apps/web/src/server/admin/auth.ts:48:48 lint/style/noNonNullAssertion ━━━━━━━━━━━━━━━━━━━━━━━━━━━━━━

  ! Forbidden non-null assertion.
  
    46 │     let identity: VerifiedAdminIdentity;
    47 │     try {
  > 48 │       identity = await port.verifySessionToken(match[1]!);
       │                                                ^^^^^^^^^
    49 │     } catch {
    50 │       return null;
  

apps/web/src/server/admin/auth.ts:61:50 lint/style/noNonNullAssertion ━━━━━━━━━━━━━━━━━━━━━━━━━━━━━━

  ! Forbidden non-null assertion.
  
    59 │     )
    60 │       return null;
  > 61 │     const grant = await port.exchangeOnlineGrant(match[1]!, identity);
       │                                                  ^^^^^^^^^
    62 │     if (
    63 │       grant.shop !== identity.shop ||
  

apps/web/src/server/admin/preview.ts:109:28 lint/style/noNonNullAssertion ━━━━━━━━━━━━━━━━━━━━━━━━━━

  ! Forbidden non-null assertion.
  
    107 │             .then((found) => (found ? project(found) : null)),
    108 │         );
  > 109 │       const result = await map.get(id)!;
        │                            ^^^^^^^^^^^^
    110 │       await active(actor);
    111 │       return result;
  

apps/web/src/server/admin/preview.ts:116:28 lint/style/noNonNullAssertion ━━━━━━━━━━━━━━━━━━━━━━━━━━

  ! Forbidden non-null assertion.
  
    114 │       await active(actor);
    115 │       if (!currencies.has(actor)) currencies.set(actor, reader(actor).shopCurrency());
  > 116 │       const result = await currencies.get(actor)!;
        │                            ^^^^^^^^^^^^^^^^^^^^^^
    117 │       await active(actor);
    118 │       return result;
  

apps/web/src/server/admin/preview.ts:163:34 lint/style/noNonNullAssertion ━━━━━━━━━━━━━━━━━━━━━━━━━━

  ! Forbidden non-null assertion.
  
    161 │                   shopId: randomUUID(),
    162 │                   shopDomain: shop,
  > 163 │                   shopifyShopId: shopId.split('/').at(-1)!,
        │                                  ^^^^^^^^^^^^^^^^^^^^^^^^^
    164 │                   externalInstallationId: provider.installationId,
    165 │                 }),
  

apps/web/src/server/admin/preview.ts:223:26 lint/style/noNonNullAssertion ━━━━━━━━━━━━━━━━━━━━━━━━━━

  ! Forbidden non-null assertion.
  
    221 │                   installationGeneration: bound.installationGeneration,
    222 │                   shopifyShopId: shopId,
  > 223 │                   appId: env.INSIGNIA_M5_002_APP_RESOURCE!,
        │                          ^^^^^^^^^^^^^^^^^^^^^^^^^^^^^^^^^
    224 │                 },
    225 │                 {
  

apps/web/src/server/admin/preview.ts:227:46 lint/style/noNonNullAssertion ━━━━━━━━━━━━━━━━━━━━━━━━━━

  ! Forbidden non-null assertion.
  
    225 │                 {
    226 │                   appKey: client,
  > 227 │                   transformInputQuerySha256: env.INSIGNIA_M5_002_TRANSFORM_QUERY_HASH!,
        │                                              ^^^^^^^^^^^^^^^^^^^^^^^^^^^^^^^^^^^^^^^^^
    228 │                   validationInputQuerySha256: env.INSIGNIA_M5_002_VALIDATION_QUERY_HASH!,
    229 │                 },
  

apps/web/src/server/admin/preview.ts:228:47 lint/style/noNonNullAssertion ━━━━━━━━━━━━━━━━━━━━━━━━━━

  ! Forbidden non-null assertion.
  
    226 │                   appKey: client,
    227 │                   transformInputQuerySha256: env.INSIGNIA_M5_002_TRANSFORM_QUERY_HASH!,
  > 228 │                   validationInputQuerySha256: env.INSIGNIA_M5_002_VALIDATION_QUERY_HASH!,
        │                                               ^^^^^^^^^^^^^^^^^^^^^^^^^^^^^^^^^^^^^^^^^^
    229 │                 },
    230 │               );
  

apps/web/src/server/admin/production.ts:214:15 lint/complexity/useOptionalChain  FIXABLE  ━━━━━━━━━━

  ! Change to an optional chain.
  
    212 │           const provider = await shopify.readInstallation(online);
    213 │           const tenant = await core.tenants.getShopByDomain(provider.shop);
  > 214 │           if (!tenant || !tenant.shopifyShopId || 'gid://shopify/Shop/' + tenant.shopifyShopId !== provider.shopId)
        │               ^^^^^^^^^^^^^^^^^^^^^^^^^^^^^^^^
    215 │             throw new Error('Tenant installation mismatch');
    216 │           const installed = await core.tenants.getCurrentAdminInstallation(tenant.shopId);
  
  i Unsafe fix: Change to an optional chain.
  
    212 212 │             const provider = await shopify.readInstallation(online);
    213 213 │             const tenant = await core.tenants.getShopByDomain(provider.shop);
    214     │ - ··········if·(!tenant·||·!tenant.shopifyShopId·||·'gid://shopify/Shop/'·+·tenant.shopifyShopId·!==·provider.shopId)
        214 │ + ··········if·(!tenant?.shopifyShopId·||·'gid://shopify/Shop/'·+·tenant.shopifyShopId·!==·provider.shopId)
    215 215 │               throw new Error('Tenant installation mismatch');
    216 216 │             const installed = await core.tenants.getCurrentAdminInstallation(tenant.shopId);
  

apps/web/src/server/merchant-config.ts:123:28 lint/style/noNonNullAssertion ━━━━━━━━━━━━━━━━━━━━━━━━

  ! Forbidden non-null assertion.
  
    121 │         option.allowedValueIds.flatMap((id) => {
    122 │           const label = oldLabels?.[id];
  > 123 │           return label ? [[values.get(id)!, label]] : [];
        │                            ^^^^^^^^^^^^^^^
    124 │         }),
    125 │       );
  

apps/web/src/server/merchant-config.ts:126:47 lint/style/noNonNullAssertion ━━━━━━━━━━━━━━━━━━━━━━━━

  ! Forbidden non-null assertion.
  
    124 │         }),
    125 │       );
  > 126 │       return Object.keys(remapped).length ? [[options.get(option.id)!, remapped]] : [];
        │                                               ^^^^^^^^^^^^^^^^^^^^^^^
    127 │     }),
    128 │   );
  

apps/web/src/server/merchant-config.ts:132:50 lint/style/noNonNullAssertion ━━━━━━━━━━━━━━━━━━━━━━━━

  ! Forbidden non-null assertion.
  
    130 │     ...source,
    131 │     labels,
  > 132 │     methods: source.methods.map((item) => ({ id: methods.get(item.id)! })),
        │                                                  ^^^^^^^^^^^^^^^^^^^^^
    133 │     placements: source.placements.map((item) => ({
    134 │       ...item,
  

apps/web/src/server/merchant-config.ts:135:11 lint/style/noNonNullAssertion ━━━━━━━━━━━━━━━━━━━━━━━━

  ! Forbidden non-null assertion.
  
    133 │     placements: source.placements.map((item) => ({
    134 │       ...item,
  > 135 │       id: placements.get(item.id)!,
        │           ^^^^^^^^^^^^^^^^^^^^^^^^
    136 │       allowedMethodIds: item.allowedMethodIds.map((id) => methods.get(id)!),
    137 │       allowedStepIds: item.allowedStepIds.map((id) => steps.get(id)!),
  

apps/web/src/server/merchant-config.ts:136:59 lint/style/noNonNullAssertion ━━━━━━━━━━━━━━━━━━━━━━━━

  ! Forbidden non-null assertion.
  
    134 │       ...item,
    135 │       id: placements.get(item.id)!,
  > 136 │       allowedMethodIds: item.allowedMethodIds.map((id) => methods.get(id)!),
        │                                                           ^^^^^^^^^^^^^^^^
    137 │       allowedStepIds: item.allowedStepIds.map((id) => steps.get(id)!),
    138 │     })),
  

apps/web/src/server/merchant-config.ts:137:55 lint/style/noNonNullAssertion ━━━━━━━━━━━━━━━━━━━━━━━━

  ! Forbidden non-null assertion.
  
    135 │       id: placements.get(item.id)!,
    136 │       allowedMethodIds: item.allowedMethodIds.map((id) => methods.get(id)!),
  > 137 │       allowedStepIds: item.allowedStepIds.map((id) => steps.get(id)!),
        │                                                       ^^^^^^^^^^^^^^
    138 │     })),
    139 │     productionOptions: source.productionOptions.map((item) => ({
  

apps/web/src/server/merchant-config.ts:140:11 lint/style/noNonNullAssertion ━━━━━━━━━━━━━━━━━━━━━━━━

  ! Forbidden non-null assertion.
  
    138 │     })),
    139 │     productionOptions: source.productionOptions.map((item) => ({
  > 140 │       id: options.get(item.id)!,
        │           ^^^^^^^^^^^^^^^^^^^^^
    141 │       allowedValueIds: item.allowedValueIds.map((id) => values.get(id)!),
    142 │     })),
  

apps/web/src/server/merchant-config.ts:141:57 lint/style/noNonNullAssertion ━━━━━━━━━━━━━━━━━━━━━━━━

  ! Forbidden non-null assertion.
  
    139 │     productionOptions: source.productionOptions.map((item) => ({
    140 │       id: options.get(item.id)!,
  > 141 │       allowedValueIds: item.allowedValueIds.map((id) => values.get(id)!),
        │                                                         ^^^^^^^^^^^^^^^
    142 │     })),
    143 │     pricingRules: source.pricingRules.map((rule) => ({
  

The number of diagnostics exceeds the limit allowed. Use --max-diagnostics to increase it.
Diagnostics not shown: 122.
Checked 237 files in 452ms. No fixes applied.
Found 59 warnings.
Found 83 infos.
$ corepack pnpm -r --filter './packages/**' build && corepack pnpm -r --filter './apps/**' build
packages/contracts build$ tsc -p tsconfig.json
packages/observability build$ tsc -p tsconfig.json
packages/domain build$ tsc -p tsconfig.json
packages/cart-authorization build$ tsc -p tsconfig.json
packages/domain build: Done
packages/visualizer build$ tsc -p tsconfig.json
packages/contracts build: Done
packages/application build$ tsc -p tsconfig.json
packages/cart-authorization build: Done
packages/observability build: Done
packages/visualizer build: Done
packages/application build: Done
packages/shopify build$ tsc -p tsconfig.json
packages/shopify build: Done
packages/database build$ tsc -p tsconfig.json
packages/database build: Done
apps/storefront build$ tsc --noEmit && vite build && node scripts/copy-theme-asset.mjs
apps/worker build$ tsc -p tsconfig.json
apps/storefront build: vite v8.3.1 building client environment for production...
apps/storefront build: transforming...
apps/storefront build: ✓ 5 modules transformed.
apps/worker build: Done
apps/web build$ astro check && astro build
apps/storefront build: rendering chunks...
apps/storefront build: computing gzip size...
apps/storefront build: dist/insignia-storefront.js  14.03 kB │ gzip: 5.93 kB
apps/storefront build: 
apps/storefront build: ✓ built in 27ms
apps/storefront build: Done
apps/web build: 17:56:30 [@astrojs/node] Enabling sessions with filesystem storage
apps/web build: 17:56:30 [types] Generated 67ms
apps/web build: 17:56:30 [check] Getting diagnostics for Astro files in /home/serveradmin/insignia-m5-014-worktree/apps/web...
apps/web build: Result (28 files): 
apps/web build: - 0 errors
apps/web build: - 0 warnings
apps/web build: - 0 hints
apps/web build: 
apps/web build: 17:56:35 [@astrojs/node] Enabling sessions with filesystem storage
apps/web build: 17:56:35 [types] Generated 66ms
apps/web build: 17:56:35 [build] output: "server"
apps/web build: 17:56:35 [build] mode: "server"
apps/web build: 17:56:35 [build] directory: /home/serveradmin/insignia-m5-014-worktree/apps/web/dist/
apps/web build: 17:56:35 [build] adapter: @astrojs/node
apps/web build: 17:56:35 [build] Collecting build info...
apps/web build: 17:56:35 [build] ✓ Completed in 104ms.
apps/web build: 17:56:35 [build] Building server entrypoints...
apps/web build: 17:56:36 [vite] ✓ built in 214ms
apps/web build: 17:56:37 [vite] ✓ built in 1.57s
apps/web build: 17:56:37 [vite] ✓ built in 212ms
apps/web build: 17:56:37 [build] Rearranging server assets...
apps/web build: 17:56:37 [build] ✓ Completed in 2.06s.
apps/web build: 17:56:37 [build] Server built in 2.17s
apps/web build: 17:56:37 [build] Complete!
apps/web build: Done
$ corepack pnpm --filter @insignia/domain test && corepack pnpm --filter @insignia/contracts test && corepack pnpm --filter @insignia/visualizer test && corepack pnpm --filter @insignia/cart-authorization test && corepack pnpm --filter @insignia/application test && corepack pnpm --filter @insignia/shopify test && corepack pnpm --filter @insignia/observability test && corepack pnpm --filter @insignia/worker test
$ vitest run

 RUN  v5.0.2 /home/serveradmin/insignia-m5-014-worktree/packages/domain


 Test Files  5 passed (5)
      Tests  26 passed (26)
   Start at  17:56:38
   Duration  431ms (transform 49%, tests 33%, import 14%, worker 4%)

$ vitest run

 RUN  v5.0.2 /home/serveradmin/insignia-m5-014-worktree/packages/contracts


 Test Files  2 passed (2)
      Tests  6 passed (6)
   Start at  17:56:39
   Duration  266ms (import 56%, transform 30%, tests 11%, worker 3%)

$ vitest run

 RUN  v5.0.2 /home/serveradmin/insignia-m5-014-worktree/packages/visualizer


 Test Files  2 passed (2)
      Tests  9 passed (9)
   Start at  17:56:40
   Duration  219ms (transform 67%, import 16%, tests 12%, worker 5%)

$ node --experimental-strip-types --test test/*.test.ts
✔ hard subset bounds and untrusted ordinary-line hints (2.223589ms)
✔ 33 buckets are refused before the signer is called (0.442107ms)
✔ every admitted code matches the versioned matrix and unknown/digital values reject (12.310062ms)
✔ production-generated carriers decode, conserve and verify for every complete set (6.190898ms)
✔ PostgreSQL-persisted negative adjustment has exact signed quote and member economics (1.101984ms)
✔ versioned 33-bucket vector rejects before any signing call (0.415412ms)
✔ production decoder and signature bytes preserve the independent v2 wire literal (6.531272ms)
✔ injected synthetic Ed25519 signer covers the complete set and three-day key window (2.757175ms)
✔ invalid window or set refuses signing and noncanonical carrier refuses decoding (0.578065ms)
ℹ tests 9
ℹ suites 0
ℹ pass 9
ℹ fail 0
ℹ cancelled 0
ℹ skipped 0
ℹ todo 0
ℹ duration_ms 190.146342
$ vitest run

 RUN  v5.0.2 /home/serveradmin/insignia-m5-014-worktree/packages/application


 Test Files  15 passed (15)
      Tests  180 passed (180)
   Start at  17:56:41
   Duration  1.49s (transform 41%, import 35%, tests 20%, worker 3%)

    Isolate  15 workers spawned · ~126ms startup each (spawn + environment, per file)
             at least ~504ms faster with isolate: false — reuses workers across files instead of one per file

$ vitest run

 RUN  v5.0.2 /home/serveradmin/insignia-m5-014-worktree/packages/shopify


 Test Files  13 passed (13)
      Tests  260 passed (260)
   Start at  17:56:43
   Duration  1.60s (tests 62%, transform 18%, import 18%, worker 2%)

    Isolate  13 workers spawned · ~120ms startup each (spawn + environment, per file)
             at least ~398ms faster with isolate: false — reuses workers across files instead of one per file

$ node --test test/*.test.mjs
✔ structured runtime events cannot emit arbitrary payload or credential fields (4.820182ms)
✔ metric labels are fixed outcomes and never contain tenant or delivery IDs (2.665776ms)
ℹ tests 2
ℹ suites 0
ℹ pass 2
ℹ fail 0
ℹ cancelled 0
ℹ skipped 0
ℹ todo 0
ℹ duration_ms 128.539147
$ node --test test/*.test.mjs
✔ current and previous synthetic wrapping keys remain available by ID (2.339526ms)
﹣ PostgreSQL claim retries the old refresh token after a lost response and fences stale replacement (0.981055ms) # SKIP
✔ diagnostic decodes and derives synthetic pixels without claiming durable readiness (10.556885ms)
✔ liveness stays separate from durable readiness; loopback metrics expose bounded outcomes (57.036625ms)
﹣ PostgreSQL pg-boss starts, retries, settles and replays after restart (0.956124ms) # SKIP
﹣ pg-boss retry after committed uninstall retains one deactivation and one inbox fact (0.190454ms) # SKIP
✔ process starts queues and workers before readiness; stop makes readiness unavailable (45.292121ms)
✔ startup failure closes a started queue without reporting readiness (1.341207ms)
{"level":30,"time":1791309405793,"event":"worker_started"}
{"level":30,"time":1791309405800,"event":"worker_started"}
{"level":30,"time":1791309405802,"event":"worker_started"}
{"level":30,"time":1791309405805,"event":"worker_started"}
{"level":30,"time":1791309405806,"event":"worker_started"}
{"level":30,"time":1791309405807,"event":"worker_started"}
✔ enqueue confirms exact inbox identity, including completed job replay (10.095502ms)
✔ null send without same persisted job is retryable, never an acknowledgement (1.760563ms)
✔ workers pass IDs only to injected durable handlers; failed attempt retries safely (3.27413ms)
✔ invalid job body and identity fail closed without invoking application (0.859758ms)
✔ enabled worker refuses missing credential-key configuration and stays not ready (0.702281ms)
✔ refresh claim contention is retried rather than silently completing its job (1.19399ms)
{"level":30,"time":1791309405797,"event":"webhook_enqueued","inboxId":"496a1f84-57ce-44b4-860e-8db3125fb1fb"}
{"level":30,"time":1791309405798,"event":"worker_stopped"}
{"level":50,"time":1791309405803,"event":"webhook_process_failed","inboxId":"2491ed44-0032-4cea-b6cf-dee4c78536b3","errorClass":"ProcessingError","attempt":0}
{"level":30,"time":1791309405803,"event":"webhook_process_ok","inboxId":"2491ed44-0032-4cea-b6cf-dee4c78536b3","attempt":1}
{"level":30,"time":1791309405803,"event":"refresh_process_ok","shopId":"d7822605-f04a-4374-b037-a583ea00e434","attempt":0}
{"level":30,"time":1791309405805,"event":"worker_stopped"}
{"level":50,"time":1791309405805,"event":"webhook_process_failed","inboxId":"f5c0bce1-a8cb-4259-a94e-6e9ee0ecfbf2","errorClass":"ProcessingError","attempt":0}
{"level":30,"time":1791309405806,"event":"worker_stopped"}
{"level":50,"time":1791309405807,"event":"refresh_process_failed","errorClass":"RefreshError","attempt":0}
{"level":30,"time":1791309405808,"event":"worker_stopped"}
﹣ configured worker serves liveness and durable readiness, then closes on SIGTERM (1.062629ms) # SKIP
ℹ tests 15
ℹ suites 0
ℹ pass 11
ℹ fail 0
ℹ cancelled 0
ℹ skipped 4
ℹ todo 0
ℹ duration_ms 609.684955
$ node --test scripts/m5-002/read-register.test.mjs scripts/m5-002/built-runtime.test.mjs && node --test scripts/m5-004/operator.test.mjs scripts/m5-009/operator.test.mjs scripts/m5-010/operator.test.mjs scripts/m5-010/binding.test.mjs scripts/m5-010/native-actions.test.mjs && node --test scripts/m5-005/diagnostic.test.mjs && node --test scripts/m5-011/operator.test.mjs scripts/m5-011/binding.test.mjs && node --test scripts/m5-012/operator.test.mjs scripts/m5-012/binding.test.mjs && node --test scripts/m5-013/operator.test.mjs scripts/m5-013/binding.test.mjs
✔ complete built server reproduces CLI development-mode CSP rejection (253.798698ms)
✔ actual launcher runtime preparation admits built hydration without widening CSP (218.38137ms)
✔ actual launcher register reserves durably before synthetic fetch, serializes and denies extra attempts (75.434491ms)
✔ exact SDK online exchange is counted per attempt; mutations, wrong targets and other token/event routes never send (1.702236ms)
✔ ambiguous or inflated history stops before any send (0.482048ms)
✔ one-shot loss applies only after a committed local save and never changes transport counts (1.513696ms)
ℹ tests 6
ℹ suites 0
ℹ pass 6
ℹ fail 0
ℹ cancelled 0
ℹ skipped 0
ℹ todo 0
ℹ duration_ms 543.785504
✔ actual HTTP attempts are durably reserved before dispatch (10.292015ms)
✔ captured M5-004 empty grants stop the actual public workflow before any fixture write (6.667343ms)
✔ fixed targets/documents/variables reject unrelated writes and extra payload before actual HTTP (4.294727ms)
✔ normal reserves cannot consume final 12 reads/3 updates; all attempts count, one lock and one create (197.536595ms)
✔ naturally lost mutation response stops all later writes and cleanup across reopen; no automatic retry (2.312521ms)
✔ real routing identity, nine retained grants and complete empty publication history are mandatory (2.554835ms)
✔ auth exact app/route counts3 and never persists synthetic secret or returned token (1.836904ms)
✔ missing/corrupt history never reinitializes or sends (0.746896ms)
✔ offline gate prevents even credential loading (0.497861ms)
✔ full qualification reuses unchanged actual status/catalog adapters, fresh-process hold reload and drift refusal (560.946768ms)
✔ complete workflow stops on changed installation; no manufacture or unsafe cleanup (25.269835ms)
✔ complete workflow stops on unexpected exposure; no manufacture or unsafe cleanup (25.202234ms)
✔ complete workflow stops on visibility mismatch; no manufacture or unsafe cleanup (170.945888ms)
✔ complete workflow stops on natural lost response; no manufacture or unsafe cleanup (104.793843ms)
✔ complete workflow stops on metadata drift; no manufacture or unsafe cleanup (24.719492ms)
✔ complete workflow stops on malformed success; no manufacture or unsafe cleanup (95.241073ms)
✔ live register is canonical; synthetic initialization rejects unsafe directories and lost history (0.684227ms)
✔ malformed/unsuccessful mutation responses stay unknown; only valid explicit rejection permits finalization (4.898253ms)
✔ lock cannot release while late HTTP/body work can still persist history (1.105024ms)
✔ acknowledged fixture metadata baseline rejects added tags or changed creation identity (1.323636ms)
✔ actual adapter HTTP/GraphQL outcomes survive bounded transport and sanitized response replay (13.753961ms)
✔ foreign live root and stale register binding cannot reach credential loading (20.483318ms)
✔ gate rejects incomplete CI and unbound review receipts even when every supplied workflow is green (27.073122ms)
✔ complete source/build/review/CI gate accepts bound receipts and rejects omissions, stale refs or altered evidence (89.602301ms)
✔ actual adapter user-error failure remains identical when replayed from sanitized mutation evidence (4.298691ms)
✔ malformed success userErrors cannot acknowledge a status mutation or allow cleanup (4.515885ms)
✔ actual availability missing/oversized bodies keep direct/wrapped/replayed shape errors (4.934312ms)
✔ catalog receives original bounded UTF8 bytes and provenance hashes the bytes, not replacement text (2.426232ms)
✔ failed catalog preserves actual normalized results before STOP (269.691782ms)
✔ failed drift preserves actual normalized results before STOP (496.289501ms)
✔ availability preserves its lossy UTF8 semantics while catalog rejects the same original bad bytes (2.225615ms)
✔ reopening a finished run preserves exact normalized evidence and refuses before credential loading (471.89619ms)
✔ catalog successful non200 keeps direct/wrapped/replayed body semantics (3.830967ms)
✔ current product capability accepts write_products without the obsolete nine grants (1.674547ms)
✔ legacy exact-nine guard stays unchanged while successor records current additional grants (3.600999ms)
✔ successor rejects absent capability, malformed grants and every wrong routing identity (0.908795ms)
✔ successor rejects the legacy canonical live directory before writing and cannot reopen legacy history (0.985644ms)
✔ successor documents, request ceilings, ownership, settlement and shared matrix stay source-identical (11.279645ms)
✔ fresh complete successor workflow uses real adapters, current product grants, persisted holds and unchanged matrix (985.485356ms)
✔ public successor workflow stops on missing capability without unsafe cleanup or retries (2.212157ms)
✔ public successor workflow stops on wrong identity without unsafe cleanup or retries (1.947005ms)
✔ public successor workflow stops on lost status acknowledgement without unsafe cleanup or retries (83.124036ms)
✔ successor live entry refuses incomplete gate before the protected credential route (30.001642ms)
✔ successor gate binds its own tree, directory, exact source and independent review/CI receipts (103.218145ms)
✔ captured live publication-field denial stops create settlement and never permits status finalization (4.853145ms)
✔ successor gate binds its own tree, directory, exact source and independent review/CI receipts (126.115235ms)
✔ native release and two-scope consent are durable one-use operations with dependency and ambiguity stops (5.968516ms)
✔ native successful sequence closes after exactly one release/request/approval and rejects reset reservation history (2.874964ms)
✔ 010 requires all publication/product capabilities and permits additional well formed grants (5.483139ms)
✔ 010 denies normal fresh create until fixed predecessor has been safely resolved (3.578727ms)
✔ complete absent predecessor lookup permits one fresh create and retains resolution independently (10.410922ms)
✔ owned unpublished ARCHIVED predecessor requires exact archived readback before fresh create (6.244713ms)
✔ owned unpublished DRAFT predecessor requires exact archived readback before fresh create (4.71162ms)
✔ owned unpublished ACTIVE predecessor requires exact archived readback before fresh create (5.232354ms)
✔ owned unpublished UNLISTED predecessor requires exact archived readback before fresh create (11.16901ms)
✔ predecessor multiple stops without any mutation or second lookup (2.076133ms)
✔ predecessor partial next stops without any mutation or second lookup (1.665913ms)
✔ predecessor partial previous stops without any mutation or second lookup (2.109708ms)
✔ predecessor missing page info stops without any mutation or second lookup (1.766525ms)
✔ predecessor missing nodes stops without any mutation or second lookup (1.409067ms)
✔ predecessor invalid product id stops without any mutation or second lookup (1.522811ms)
✔ predecessor wrong type stops without any mutation or second lookup (1.424784ms)
✔ predecessor wrong handle stops without any mutation or second lookup (1.489825ms)
✔ predecessor wrong title stops without any mutation or second lookup (1.471671ms)
✔ predecessor wrong tag stops without any mutation or second lookup (1.418197ms)
✔ predecessor too early creation stops without any mutation or second lookup (1.413568ms)
✔ predecessor invalid creation stops without any mutation or second lookup (1.477979ms)
✔ predecessor future creation stops without any mutation or second lookup (1.339421ms)
✔ predecessor published stops without any mutation or second lookup (1.280516ms)
✔ predecessor store url stops without any mutation or second lookup (1.373058ms)
✔ predecessor publication membership stops without any mutation or second lookup (1.41822ms)
✔ predecessor resource partial stops without any mutation or second lookup (1.449345ms)
✔ predecessor unpublished partial stops without any mutation or second lookup (1.58497ms)
✔ predecessor missing publications stops without any mutation or second lookup (1.354739ms)
✔ predecessor unsupported status stops without any mutation or second lookup (1.475347ms)
✔ predecessor lookup transport retains stop and never retries or creates (1.644687ms)
✔ predecessor lookup stream failure retains stop and never retries or creates (2.149446ms)
✔ predecessor lookup invalid utf8 retains stop and never retries or creates (1.683543ms)
✔ predecessor lookup http retains stop and never retries or creates (1.416493ms)
✔ predecessor lookup missing body retains stop and never retries or creates (1.436113ms)
✔ predecessor lookup invalid json retains stop and never retries or creates (1.664476ms)
✔ predecessor lookup oversized retains stop and never retries or creates (2.343457ms)
✔ predecessor lookup graphql permission retains stop and never retries or creates (1.68318ms)
✔ predecessor lookup partial graphql data retains stop and never retries or creates (1.660941ms)
✔ predecessor lookup mutation rejected retains stop and never retries or creates (1.699761ms)
✔ predecessor archive transport retains stop and never retries or creates (1.98877ms)
✔ predecessor archive stream failure retains stop and never retries or creates (2.042102ms)
✔ predecessor archive invalid utf8 retains stop and never retries or creates (2.17753ms)
✔ predecessor archive http retains stop and never retries or creates (2.081314ms)
✔ predecessor archive missing body retains stop and never retries or creates (2.050493ms)
✔ predecessor archive invalid json retains stop and never retries or creates (2.062331ms)
✔ predecessor archive oversized retains stop and never retries or creates (2.881893ms)
✔ predecessor archive graphql permission retains stop and never retries or creates (2.078003ms)
✔ predecessor archive partial graphql data retains stop and never retries or creates (2.059751ms)
✔ predecessor archive mutation rejected retains stop and never retries or creates (2.130763ms)
✔ predecessor readback transport retains stop and never retries or creates (5.023253ms)
✔ predecessor readback stream failure retains stop and never retries or creates (2.459327ms)
✔ predecessor readback invalid utf8 retains stop and never retries or creates (2.446764ms)
✔ predecessor readback http retains stop and never retries or creates (2.27968ms)
✔ predecessor readback missing body retains stop and never retries or creates (2.257466ms)
✔ predecessor readback invalid json retains stop and never retries or creates (2.38159ms)
✔ predecessor readback oversized retains stop and never retries or creates (3.08339ms)
✔ predecessor readback graphql permission retains stop and never retries or creates (2.499594ms)
✔ predecessor readback partial graphql data retains stop and never retries or creates (2.784952ms)
✔ predecessor readback mutation rejected retains stop and never retries or creates (2.334851ms)
✔ archive wrong id cannot resolve predecessor (2.064246ms)
✔ archive wrong metadata cannot resolve predecessor (1.723504ms)
✔ archive wrong status cannot resolve predecessor (1.593457ms)
✔ archive exposed cannot resolve predecessor (1.606768ms)
✔ readback wrong id cannot resolve predecessor (2.216237ms)
✔ readback wrong metadata cannot resolve predecessor (2.392174ms)
✔ readback wrong status cannot resolve predecessor (2.318282ms)
✔ readback exposed cannot resolve predecessor (2.942615ms)
✔ public qualification resolves absent predecessor then runs unchanged real adapter matrix (496.254839ms)
✔ public qualification resolves ARCHIVED predecessor then runs unchanged real adapter matrix (473.950922ms)
✔ public qualification resolves ACTIVE predecessor then runs unchanged real adapter matrix (440.056965ms)
✔ fixed predecessor search and status-only allowance cannot be caller substituted (1.931107ms)
✔ reload retains predecessor FOUND, independent identity and one archival reservation (1.726872ms)
✔ reload retains predecessor ARCHIVE_ACKNOWLEDGED, independent identity and one archival reservation (1.926171ms)
✔ reload retains predecessor ARCHIVED_VERIFIED, independent identity and one archival reservation (2.407341ms)
✔ reload retains predecessor STOPPED, independent identity and one archival reservation (2.653786ms)
✔ reload retains predecessor ABSENT, independent identity and one archival reservation (1.602682ms)
✔ reopening refuses forged safe resolution or a retained lookup for a substituted marker (2.373526ms)
✔ serialized archive and readback attempts reserve actual HTTP once and never share the matrix allowance (4.207558ms)
✔ predecessor lookup consumes normal read ceiling and auth remains bounded at three (68.040216ms)
✔ public qualification stops on missing read_publications with no blind retry (1.93556ms)
✔ public qualification stops on wrong identity with no blind retry (1.595613ms)
✔ public qualification stops on predecessor permission failure with no blind retry (2.119871ms)
✔ public qualification stops on fresh create unknown with no blind retry (4.172866ms)
✔ public qualification stops on fresh adapter update unknown with no blind retry (71.866229ms)
✔ 010 cannot reopen closed-profile histories and synthetic qualification rejects every canonical live directory (29.631691ms)
✔ archival permission expiring during durable reservation consumes allowance without HTTP or retry (2.025472ms)
✔ pending predecessor HTTP retains exclusive lock and prevents early operator closure (1.320561ms)
✔ public qualification stops before fresh create after ACTIVE predecessor archive failure (2.964093ms)
✔ public qualification stops before fresh create after ACTIVE predecessor readback failure (3.564583ms)
✔ public qualification stops before fresh create after ARCHIVED predecessor readback failure (2.678791ms)
ℹ tests 136
ℹ suites 0
ℹ pass 136
ℹ fail 0
ℹ cancelled 0
ℹ skipped 0
ℹ todo 0
ℹ duration_ms 2921.364045
✔ one actual diagnostic sequence keeps empty installation distinct from nonempty token/REST/declarations (10.619152ms)
✔ partial stream failure is UNKNOWN and cannot allow a later independent read (2.978985ms)
✔ permission/shape metadata error does not become an empty grant agreement (2.904775ms)
✔ metadata shape failure still permits the independent REST read (2.079658ms)
✔ public sequence preserves missing installation/REST scope semantics (2.15426ms)
✔ public sequence preserves null installation/REST scope semantics (1.8743ms)
✔ public sequence preserves empty installation/REST scope semantics (1.777981ms)
✔ public sequence preserves wrong-type installation/REST scope semantics (3.225491ms)
✔ public sequence preserves duplicates installation/REST scope semantics (1.8696ms)
✔ public sequence preserves bad-handle installation/REST scope semantics (1.914624ms)
✔ token missing is recorded separately without preventing identity verification (1.659632ms)
✔ token null is recorded separately without preventing identity verification (1.529607ms)
✔ token empty is recorded separately without preventing identity verification (1.514455ms)
✔ token wrong-type is recorded separately without preventing identity verification (1.417937ms)
✔ token duplicate is recorded separately without preventing identity verification (1.467694ms)
✔ token bad-handle is recorded separately without preventing identity verification (1.545492ms)
✔ wrong shop identity stops after exactly two attempts (1.198465ms)
✔ wrong domain identity stops after exactly two attempts (0.921324ms)
✔ wrong app identity stops after exactly two attempts (1.045518ms)
✔ wrong client identity stops after exactly two attempts (0.941552ms)
✔ wrong installation identity stops after exactly two attempts (0.927697ms)
✔ wrong development identity stops after exactly two attempts (0.916883ms)
✔ explicit mismatched declared identity stops before REST (1.338095ms)
✔ token-invalid metadata response stops all later work (1.233127ms)
✔ offline unvalidated metadata is NOT_RUN without live document fallback (1.221381ms)
✔ unvalidated identity document stops before credential access (0.438494ms)
✔ actual entrypoint prevents host dispatch (0.962323ms)
✔ actual entrypoint prevents API dispatch (0.816239ms)
✔ actual entrypoint prevents method dispatch (0.824015ms)
✔ actual entrypoint prevents document dispatch (0.897806ms)
✔ actual entrypoint prevents mutation dispatch (0.982387ms)
✔ actual entrypoint prevents variables dispatch (0.917757ms)
✔ fixed REST GET prevents query (1.791961ms)
✔ fixed REST GET prevents body (1.628195ms)
✔ canonical history cannot be reopened, exhausted, corrupted or reset after loss (2.485085ms)
✔ expired credential preparation never dispatches a late HTTP call and retains pending lock (36.689179ms)
✔ ignored abort and late HTTP completion remain UNKNOWN with no later request or evidence rewrite (1023.513848ms)
✔ metadata oversized is shape evidence and allows independent REST (5.183158ms)
✔ metadata invalid-UTF8 is shape evidence and allows independent REST (1.51101ms)
✔ metadata invalid-JSON is shape evidence and allows independent REST (1.510221ms)
✔ metadata missing-body is shape evidence and allows independent REST (1.437441ms)
✔ unusable authentication never authorizes a read (0.707484ms)
✔ unusable authentication never authorizes a read (0.606415ms)
✔ unusable authentication never authorizes a read (0.597891ms)
✔ synthetic entry cannot override its mode to admit a nonsynthetic bearer (0.777705ms)
✔ pinned documented fields validate both exact documents and reject mutation/extra/unknown syntax (0.675601ms)
✔ live entrypoint rejects an unbound offline gate before owner credential metadata (25.978406ms)
✔ complete source/CI/review gate accepts exact receipts and rejects omitted/stale/altered evidence (89.765903ms)
✔ captured four-surface empty scope result replays through the public sequence without authorizing repair (2.033755ms)
ℹ tests 49
ℹ suites 0
ℹ pass 49
ℹ fail 0
ℹ cancelled 0
ℹ skipped 0
ℹ todo 0
ℹ duration_ms 1484.843265
✔ source gate requires two fresh high-effort reviews and every workflow on the frozen source (4.298322ms)
✔ full source binding includes the inherited internal Rust links without following external symlinks (224.486758ms)
✔ exact historical ownership accepts the fixed fixture and rejects an alternate target (2.110005ms)
✔ actual production acquire reports legacy membership conflict; V2 adjudication archives the owned fixture once (43.312212ms)
✔ ownership stops before any status mutation (2.837086ms)
✔ incomplete resourcePublications stops before any status mutation (2.606331ms)
✔ incomplete unpublishedPublications stops before any status mutation (2.737398ms)
✔ incomplete APP stops before any status mutation (4.262774ms)
✔ incomplete MARKET stops before any status mutation (5.423396ms)
✔ incomplete COMPANY_LOCATION stops before any status mutation (9.223656ms)
✔ incomplete NONE stops before any status mutation (5.56596ms)
✔ missing read scope stops before any status mutation (1.633451ms)
✔ initial DRAFT drift stops before any status mutation (5.794758ms)
✔ cross-partition version drift stops before any status mutation (2.95862ms)
✔ observed required grant loss in adapter read stops before any status mutation (8.189299ms)
✔ lost DRAFT acknowledgement never retries or archives (13.252896ms)
✔ DRAFT readback failure never retries or archives (12.641982ms)
✔ post-DRAFT ownership drift never retries or archives (12.15139ms)
✔ post-DRAFT partition drift never retries or archives (16.051865ms)
✔ different V2 behavior is classified from evidence without assuming staged membership (19.597431ms)
✔ ambiguous archive has exactly one bounded final observation and no resend (20.73038ms)
✔ newly appearing DRAFT V2 membership is not described as retained from ACTIVE (19.938576ms)
✔ acknowledgement/readback version drift stops before any post-DRAFT projection or cleanup (11.140934ms)
✔ concrete Shopify AppCatalog metadata permits the fixed adjudication (20.179514ms)
✔ concrete Shopify MarketCatalog metadata permits the fixed adjudication (20.613419ms)
✔ concrete Shopify CompanyLocationCatalog metadata permits the fixed adjudication (18.350806ms)
✔ catalog typename and global ID mismatch stops before any status mutation (6.011028ms)
✔ wrapped production failure preserves {"userError":true} (14.171291ms)
✔ wrapped production failure preserves {"adapterFailure":"http403"} (6.984284ms)
✔ wrapped production failure preserves {"adapterFailure":"graphql"} (6.920895ms)
✔ wrapped production failure preserves {"adapterFailure":"invalidJSON"} (6.971794ms)
✔ wrapped production failure preserves {"adapterFailure":"missingBody"} (7.61455ms)
✔ wrapped production failure preserves {"adapterFailure":"badScopes"} (7.152778ms)
✔ wrapped production failure preserves {"adapterFailure":"badNodes"} (6.787531ms)
✔ wrapped production failure preserves {"adapterFailure":"nullScope"} (6.679362ms)
✔ wrapped production failure preserves {"adapterFailure":"nullScopePost"} (12.131199ms)
✔ wrapped production failure preserves {"adapterFailure":"badHandlePost"} (10.523715ms)
✔ wrapped production failure preserves {"adapterFailure":"scopeString"} (6.763955ms)
✔ outstanding archive transport quarantines all further dispatch {"archiveOutstanding":true} (40.182761ms)
✔ outstanding archive transport quarantines all further dispatch {"archiveBodyOutstanding":true} (39.592604ms)
✔ outstanding archive transport quarantines all further dispatch {"archiveOversizeOutstanding":true} (37.705809ms)
✔ outstanding archive transport quarantines all further dispatch {"archiveBodyAbortOutstanding":true} (39.874883ms)
✔ outstanding archive transport quarantines all further dispatch {"archiveBodyCancelRejected":true} (21.741713ms)
✔ durable transport denies alternate target, ACTIVE, extra fields and arbitrary documents before HTTP (0.877492ms)
✔ quarantined first event zero rejects every subsequent provider dispatch (20.478062ms)
✔ 100 serial synthetic adjudications preserve the fixed ceilings and stop on each ambiguous write (1559.654313ms)
ℹ tests 46
ℹ suites 0
ℹ pass 46
ℹ fail 0
ℹ cancelled 0
ℹ skipped 0
ℹ todo 0
ℹ duration_ms 2418.975324
✔ source gate requires two fresh high-effort reviews and every workflow on the frozen source (3.088ms)
✔ full source binding includes the inherited internal Rust links without following external symlinks (191.700726ms)
✔ alternate product and broad search are refused before HTTP (2.948217ms)
✔ fixed intent reads clean up one owned DRAFT and close with exact ARCHIVED settlement (26.967053ms)
✔ already ARCHIVED fixture is observed with no cleanup mutation (9.938189ms)
✔ complete negative intent surfaces report NO_INTENT_OBSERVED before cleanup (12.749857ms)
✔ unexpected ownership stops before cleanup (2.858372ms)
✔ unexpected ACTIVE stops before cleanup (2.694352ms)
✔ initial version drift stops before cleanup (2.489152ms)
✔ scope loss stops before cleanup (1.649126ms)
✔ incomplete includedProducts stops before cleanup (4.749412ms)
✔ foreign exact-ID result stops before cleanup (6.804301ms)
✔ duplicate exact-ID result stops before cleanup (5.206164ms)
✔ one-second observation drift stops before cleanup (5.141773ms)
✔ changed publication identity stops before cleanup (3.042142ms)
✔ search anchor disagrees stops before cleanup (5.572283ms)
✔ contradictory inclusion/search results stop before cleanup (9.347487ms)
✔ three qualified intent positives confirm intent with an empty diagnostic association (13.189634ms)
✔ diagnostic association cannot change negative consensus or resolve actual intent disagreement (37.114555ms)
✔ effective publication stays separate from matching configured-intent observations (8.844523ms)
✔ corrected interpretation cannot reopen the frozen closed attempt or authorize cleanup (4.339178ms)
✔ effective publication on DRAFT makes intent inconsistent and refuses cleanup (7.687577ms)
✔ ambiguous archive response consumes one final exact read without resend (9.547734ms)
✔ one-second archive acknowledgement/readback drift stays a conflict (11.712277ms)
✔ authentication failure closes the fresh register without Admin requests (1.043986ms)
✔ quarantined outstanding archive forbids final read and any overlapping request (8012.251025ms)
✔ fixed documents and variables exclude every alternate target before HTTP (122.20402ms)
✔ fixed source query literals are exactly the authorized ID filters and first:2 (0.55323ms)
✔ closed register cannot be initialized a second time (9.203549ms)
✔ 100 serial synthetic runs preserve zero or one mutation and never overlap (862.374647ms)
✔ invalid or malformed runtime search metadata stops before cleanup (6.822208ms)
✔ malformed GraphQL errors values never authorize cleanup (15.97721ms)
✔ rejected foreign descriptive data is absent from register and qualification evidence (7.827214ms)
✔ a failed read reservation cannot be retried or lead to unverifiable cleanup (1.322334ms)
✔ documented search diagnostics without warnings preserve exact intent reads (9.211481ms)
ℹ tests 35
ℹ suites 0
ℹ pass 35
ℹ fail 0
ℹ cancelled 0
ℹ skipped 0
ℹ todo 0
ℹ duration_ms 9494.24731
✔ source gate requires two fresh high-effort reviews and every workflow on the frozen source (3.069384ms)
✔ full source binding includes the inherited internal Rust links without following external symlinks (194.939411ms)
✔ alternate exact product is refused before HTTP (2.787411ms)
✔ disposable cleanup settles exact final ARCHIVED despite a one-second acknowledgement timestamp difference (17.456783ms)
✔ already ARCHIVED is verified with no update (4.258247ms)
✔ foreign ownership stops with zero update (2.494717ms)
✔ ACTIVE state stops with zero update (2.125588ms)
✔ UNLISTED state stops with zero update (1.757742ms)
✔ effective publication stops with zero update (1.874028ms)
✔ published timestamp stops with zero update (1.877162ms)
✔ online store URL stops with zero update (2.020416ms)
✔ legacy effective membership stops with zero update (1.999877ms)
✔ incomplete legacy stops with zero update (1.556582ms)
✔ wrong installation stops with zero update (1.489696ms)
✔ scope loss stops with zero update (1.375006ms)
✔ malformed GraphQL error fields are rejected before mutation (6.83514ms)
✔ ambiguous archive is not resent and one final exact read settles ARCHIVED (4.049107ms)
✔ final DRAFT or effective-publication drift is unsettled with no retry (7.986807ms)
✔ unsettled archive transport forbids final read and any overlap (8005.36074ms)
✔ exact source documents have no searches or alternate mutation fields (13.725202ms)
✔ alternate documents, extra fields and non-ARCHIVED statuses are denied before dispatch (15.063561ms)
✔ closed cleanup register rejects any second initialization (6.085752ms)
✔ 100 serial disposable cleanup cases never exceed one update (282.379832ms)
✔ failed authentication cannot admit an Admin read through the public operator (1.302365ms)
✔ failed prestate or final reads cannot be retried and archive cannot be resent (4.079987ms)
✔ auth response disposal failure quarantines pending event index zero (1.235828ms)
ℹ tests 26
ℹ suites 0
ℹ pass 26
ℹ fail 0
ℹ cancelled 0
ℹ skipped 0
ℹ todo 0
ℹ duration_ms 8651.697538
$ tsc -p scripts/m1-functions/tsconfig.json && node --test scripts/m1-functions/check-vector.test.ts
✔ TypeScript/Node and Rust share the exact experimental-v2 envelope/member bytes (4.732486ms)
ℹ tests 1
ℹ suites 0
ℹ pass 1
ℹ fail 0
ℹ cancelled 0
ℹ skipped 0
ℹ todo 0
ℹ duration_ms 123.714875
$ node scripts/boundaries/check.mjs && node scripts/boundaries/check-database-api.mjs && node scripts/boundaries/check-domain-effects.mjs && node --test scripts/boundaries/domain-effects.test.mjs
Boundary checks passed: 191 real modules, 4 browser modules, 19 negative source fixtures, 2 rejected browser bundles and exports.
Database public API rejects 19 compiler probes and 4 runtime deep imports.
6 production domain modules have no prohibited ambient effects
✔ Date.now is rejected in a production domain helper (8.810321ms)
✔ new Date is rejected in a production domain helper (0.734738ms)
✔ Math.random is rejected in a production domain helper (0.482414ms)
✔ globalThis.Date.now is rejected in a production domain helper (0.499767ms)
✔ fetch is rejected in a production domain helper (1.181446ms)
✔ globalThis.crypto is rejected in a production domain helper (0.413093ms)
✔ computed random is rejected in a production domain helper (0.886868ms)
✔ template random is rejected in a production domain helper (0.667436ms)
✔ dynamic Math member is rejected in a production domain helper (1.169375ms)
✔ spread Date is rejected in a production domain helper (1.552421ms)
✔ random destructuring is rejected in a production domain helper (0.728483ms)
✔ date alias is rejected in a production domain helper (0.349798ms)
✔ math alias is rejected in a production domain helper (0.290358ms)
✔ import meta is rejected in a production domain helper (0.374649ms)
✔ process environment is rejected in a production domain helper (0.233929ms)
✔ deterministic numeric and explicit-value operations stay allowed (1.318807ms)
✔ type-only properties are not ambient API references (2.060675ms)
✔ compiled graph includes an imported module with an excluded test-like filename (553.566219ms)
ℹ tests 18
ℹ suites 0
ℹ pass 18
ℹ fail 0
ℹ cancelled 0
ℹ skipped 0
ℹ todo 0
ℹ duration_ms 973.955266
$ node scripts/boundaries/check-secrets.mjs
Secret/fixture provenance check passed: 110 production source files, 83 separately scanned test/fixture files, 2 browser artifacts, 2 explicitly synthetic seeds.
20 archived Cargo manifests remain independent
$ bash scripts/m1-functions/check.sh
    Finished `dev` profile [unoptimized + debuginfo] target(s) in 0.08s
    Finished `test` profile [unoptimized + debuginfo] target(s) in 0.07s
     Running unittests src/lib.rs (target/debug/deps/cart_authorization-428bc6dab939b9b3)

running 0 tests

test result: ok. 0 passed; 0 failed; 0 ignored; 0 measured; 0 filtered out; finished in 0.00s

     Running tests/currency_matrix.rs (target/debug/deps/currency_matrix-a76cbbc666a7ab20)

running 1 test
test every_admitted_currency_agrees_with_versioned_ts_matrix ... ok

test result: ok. 1 passed; 0 failed; 0 ignored; 0 measured; 0 filtered out; finished in 0.01s

     Running tests/production_vectors.rs (target/debug/deps/production_vectors-931358b74671ec5f)

running 1 test
test production_typescript_vectors_verify_with_complete_rust_core ... ok

test result: ok. 1 passed; 0 failed; 0 ignored; 0 measured; 0 filtered out; finished in 0.11s

     Running tests/whole_quote.rs (target/debug/deps/whole_quote-dd6e3b33eb9f8a50)

running 13 tests
test canonical_carriers_reject_length_padding_alphabet_and_tail_bits ... ok
test complete_ordered_set_verifies_once_and_matches_observed_price ... ok
test compensated_price_mutations_cannot_preserve_authorization_by_preserving_total ... ok
test every_header_byte_class_is_signed_and_structural_header_is_strict ... ok
test last_member_change_invalidates_everything ... ok
test independent_context_keys_date_and_physical_economics_reject ... ok
test missing_duplicate_unsigned_and_extra_members_fail_closed ... ok
test member_from_a_different_signed_quote_cannot_mix_with_original_envelope ... ok
test noncanonical_public_point_and_revoked_or_out_of_window_keys_reject ... ok
test shared_python_typescript_rust_golden_vector_agrees ... ok
test signature_and_arithmetic_profiles_reject_mutations ... ok
test large_complete_quantity_and_500_unit_tier_cannot_be_partially_reused ... ok
test fifteen_independently_signed_high_bit_magic_variants_reject ... ok

test result: ok. 13 passed; 0 failed; 0 ignored; 0 measured; 0 filtered out; finished in 0.30s

     Running unittests src/main.rs (target/debug/deps/cart_transform-358275b5ea2405f6)

running 20 tests
test capacity::tests::cart_line_width_and_grammar ... ok
test capacity::tests::exact_output_bound_has_headroom ... ok
test product_policy::tests::illegible_lone_anchor_cannot_authorize_a_signed_quote ... ok
test product_policy::tests::absent_fields_are_unmanaged_but_a_single_lost_field_is_uncertain ... ok
test product_policy::tests::matching_ready_fields_classify_required_and_optional ... ok
test product_policy::tests::pending_malformed_and_stale_fields_block_plain_but_preserve_signed ... ok
test product_policy::tests::wrong_installation_generation_rejects_signed_too ... ok
test product_policy::tests::strict_grammar_rejects_unknown_states_and_noncanonical_revisions ... ok
test tests::no_partial_expansion_for_incomplete_or_tampered_set ... ok
test tests::revoked_and_out_of_window_public_keys_emit_no_price_operation ... ok
test tests::complete_set_sets_both_prices_and_copies_compact_member ... ok
test tests::signed_quote_with_only_illegible_policy_emits_no_price ... ok
test tests::context_physical_line_policy_and_cart_order_are_enforced ... ok
test tests::signed_quote_with_no_product_anchors_still_requires_shop_keys ... ok
test tests::signed_prices_survive_policy_revision_and_one_lost_anchor ... ok
test tests::ten_thousand_physical_units_use_two_expansions ... ok
test tests::unsigned_marker_removed_and_invalid_signature_emit_no_price ... ok
test tests::transform_accepts_canonical_zero_and_echoes_target_local_id ... ok
test tests::untrusted_config_cannot_raise_experiment_ceiling ... ok
test tests::ten_bucket_output_is_bounded_and_oversized_sets_emit_no_partial_operation ... ok

test result: ok. 20 passed; 0 failed; 0 ignored; 0 measured; 0 filtered out; finished in 0.05s

     Running unittests src/main.rs (target/debug/deps/cart_validation-95daed9c7c60dc1b)

running 24 tests
test capacity::tests::cart_line_width_and_grammar ... ok
test capacity::tests::exact_output_bound_has_headroom ... ok
test product_policy::tests::illegible_lone_anchor_cannot_authorize_a_signed_quote ... ok
test product_policy::tests::absent_fields_are_unmanaged_but_a_single_lost_field_is_uncertain ... ok
test product_policy::tests::matching_ready_fields_classify_required_and_optional ... ok
test product_policy::tests::wrong_installation_generation_rejects_signed_too ... ok
test product_policy::tests::strict_grammar_rejects_unknown_states_and_noncanonical_revisions ... ok
test product_policy::tests::pending_malformed_and_stale_fields_block_plain_but_preserve_signed ... ok
test tests::incomplete_tampered_and_unsigned_required_sets_reject ... ok
test tests::malformed_stale_pending_and_wrong_generation_policy_fail_plain ... ok
test tests::complete_set_compares_observed_exact_subtotals ... ok
test tests::buyer_marker_removal_cannot_turn_known_required_into_plain ... ok
test tests::one_lost_anchor_blocks_plain_while_explicit_optional_and_unmanaged_pass ... ok
test tests::revoked_and_out_of_window_public_keys_reject_checkout ... ok
test tests::cart_order_context_and_physical_claim_changes_fail_at_checkout ... ok
test tests::signed_quote_with_only_illegible_policy_rejects ... ok
test tests::signed_quote_with_no_product_anchors_needs_healthy_shop_keys ... ok
test tests::signed_historical_quote_survives_same_generation_policy_revision ... ok
test tests::untrusted_config_cannot_raise_experiment_ceiling ... ok
test tests::ten_thousand_physical_units_validate_without_per_unit_expansion ... ok
test tests::zero_based_cartline_does_not_bypass_economics_or_trust_at_checkout ... ok
test tests::mixed_200_line_cart_blocks_damaged_managed_line_then_recovers ... ok
test tests::ten_bucket_set_validates_and_oversized_sets_reject ... ok
test tests::zero_based_cartline_preserves_complete_signed_checkout_at_both_steps ... ok

test result: ok. 24 passed; 0 failed; 0 ignored; 0 measured; 0 filtered out; finished in 0.11s

   Doc-tests cart_authorization

running 0 tests

test result: ok. 0 passed; 0 failed; 0 ignored; 0 measured; 0 filtered out; finished in 0.00s

/home/serveradmin/insignia-m5-014-worktree/crates/cart-transform/target/m1-tools/shopify-function-trampoline-2.0.1: OK
    Finished `release` profile [optimized] target(s) in 0.04s
c20cbda370e8ce19c309a49a71f497edb36e2f2db6b4667eced22073cb76fc17  /home/serveradmin/insignia-m5-014-worktree/extensions/insignia-cart-transform/target/cart-transform.raw.wasm
49248769ae4ce578af7c5e7fa77f8c230c8fd4f45b2d673c22cfed87ff946576  /home/serveradmin/insignia-m5-014-worktree/extensions/insignia-cart-transform/target/cart-transform.wasm
184312 /home/serveradmin/insignia-m5-014-worktree/extensions/insignia-cart-transform/target/cart-transform.raw.wasm
181378 /home/serveradmin/insignia-m5-014-worktree/extensions/insignia-cart-transform/target/cart-transform.wasm
365690 total
/home/serveradmin/insignia-m5-014-worktree/crates/cart-validation/target/m1-tools/shopify-function-trampoline-2.0.1: OK
    Finished `release` profile [optimized] target(s) in 0.04s
1c2e43c03c62fb1983089d3b8623eeb6a3ffc90211893c9abb7a2b67fa9ad763  /home/serveradmin/insignia-m5-014-worktree/extensions/insignia-cart-validation/target/cart-validation.raw.wasm
3193f60bbb29cdc473ce7ae73e88d1064ca7be2f03da2aade4e17ae1390366c6  /home/serveradmin/insignia-m5-014-worktree/extensions/insignia-cart-validation/target/cart-validation.wasm
185960 /home/serveradmin/insignia-m5-014-worktree/extensions/insignia-cart-validation/target/cart-validation.raw.wasm
182968 /home/serveradmin/insignia-m5-014-worktree/extensions/insignia-cart-validation/target/cart-validation.wasm
368928 total
/home/serveradmin/insignia-m5-014-worktree/.m1-artifacts/tools/function-runner-9.2.2: OK
transform 8 c20cbda370e8ce19c309a49a71f497edb36e2f2db6b4667eced22073cb76fc17 49248769ae4ce578af7c5e7fa77f8c230c8fd4f45b2d673c22cfed87ff946576
validation 18 1c2e43c03c62fb1983089d3b8623eeb6a3ffc90211893c9abb7a2b67fa9ad763 3193f60bbb29cdc473ce7ae73e88d1064ca7be2f03da2aade4e17ae1390366c6
{
  "rows": 230,
  "positive": 16,
  "vectorsSha256": "7f0046b88183b79cbccc305c883aab0483a6cda1eddb191297e2295c35ac1eda",
  "transformWasmSha256": "49248769ae4ce578af7c5e7fa77f8c230c8fd4f45b2d673c22cfed87ff946576",
  "validationWasmSha256": "3193f60bbb29cdc473ce7ae73e88d1064ca7be2f03da2aade4e17ae1390366c6"
}
M4-003 production builder config passed 6 complete Function runs.
$ corepack pnpm --filter @insignia/web test && corepack pnpm --filter @insignia/storefront test
$ node --test test/*.test.mjs test/admin/*.test.mjs
﹣ real PG activation composes trusted release, synthetic Shopify hold and immutable evidence (0.938679ms) # SKIP
✔ admin distinguishes activation waiting, held, restoration and conflict without manufacturing ACTIVE (1.337686ms)
✔ publication conflict outranks a retained held/pending activation state (0.209373ms)
✔ terminal operator hold outranks stale held activation (0.170899ms)
✔ current staff and installation grant read and edit; reinstallation is checked every request (1.852538ms)
✔ staff read access does not grant mutation (1.138403ms)
✔ expired or cross-shop identity and stale installation fail closed (0.491266ms)
✔ read requires current verified staff and exact shop, even on deep links (27.037317ms)
✔ mutation refuses cross-origin and staff denial before invoking command (2.335856ms)
✔ save carries exact product, draft version and idempotency to durable command (1.684697ms)
✔ stale draft save is a conflict, never a success response (1.043089ms)
✔ publish returns activation-pending truthfully and requires current edit grant (1.125386ms)
✔ a product missing from the verified shop cannot be changed (1.113143ms)
✔ expired identity and shop supplied in command body cannot create a config (1.317571ms)
✔ unwired admin backend serves no private catalog data (0.727938ms)
✔ unknown durable command failures remain unavailable without leaking details (1.136712ms)
✔ editor-generated fixed, override and tier defaults price through unchanged M2 in zero/two/three exponent currencies (3541.162117ms)
✔ real browser editor syncs typed view, variant and step controls with direct Konva canvas and saved draft (1947.24903ms)
✔ removing named choices drops only their labels including nested option value labels before save (1191.534047ms)
✔ variant without a saved image override retains the portrait default until explicit landscape adoption (956.040041ms)
✔ merchant currency adoption refreshes saved publication eligibility and later failed or stale reads fail closed (952.74583ms)
✔ mobile deep link, cookie-free reload, interrupted save, stale conflict, and missing Polaris control (2014.533137ms)
✔ interrupted publication resumes the identical request after reload and reaches a durable phase (869.566816ms)
✔ numeric placement input reaches owner state before blur and survives an owner rerender (1353.747072ms)
✔ publication success preserves dirty local edits and exact save recovery [1/1] (929.34306ms)
✔ publication failed preserves dirty local edits and exact save recovery [1/1] (847.322027ms)
✔ publication success preserves ambiguous local edits and exact save recovery [1/1] (915.348026ms)
✔ publication failed preserves ambiguous local edits and exact save recovery [1/1] (918.174316ms)
✔ publication retry keeps the original version after a newer draft edit when embedded storage is denied (883.227192ms)
✔ stale stored publication is replaced by the current immutable intent despite newer ineligible draft (728.935095ms)
✔ reinstalled Admin discards prior-generation browser request and publishes with a new key (670.773717ms)
✔ concurrent editor refreshes share one App Bridge identity request (1310.832358ms)
✔ empty merchant draft can be configured through typed controls and pass M2 validation (1090.039261ms)
﹣ overlapping distinct-key M5 creates serialize before the command FK lock upgrade (1.021382ms) # SKIP
﹣ currency precision rejects invalid saved and legacy publication amounts without rounding or durable intent (0.174434ms) # SKIP
﹣ durable editor CAS, exact-key replay, independent copy, immutable geometry, and reinstall fence (0.136148ms) # SKIP
﹣ actual M4 prepare/advance over immutable M5 revision reports ready, conflict and hold truthfully (0.987737ms) # SKIP
✔ diagnostic preview requires accounting and HTTPS before any provider access (441.993637ms)
﹣ live-style SDK identity, local PG create/save/reload/CAS/exact ambiguous replay and mutation refusal (0.436543ms) # SKIP
✔ preview same-token single flight; replacement and current-installation invalidation exchange fresh (1.571939ms)
✔ preview rejected exchange is not cached and expired or long-lived identity is denied (0.891511ms)
﹣ production composition uses signed staff SDK, current feature policy and real M4 prepare with admission hold (1.151961ms) # SKIP
✔ server activation composition cannot promote a diagnostic observation without trusted release source (3.547208ms)
✔ server composition binds trusted provider reads to one signed immutable quote candidate (44.402315ms)
✔ built SSR serves public shell and a real Polaris/Preact interaction (5968.303314ms)
✔ HTTP 5xx after durable inbox commit leads to same-ID retry and a single queue handoff (14.818391ms)
✔ stream bound rejects a lying or absent Content-Length before trusted metadata is stored (4.849471ms)
﹣ built HTTP ingress authenticates raw bytes and durably deduplicates through PostgreSQL and queue (0.979232ms) # SKIP
ℹ tests 48
ℹ suites 0
ℹ pass 40
ℹ fail 0
ℹ cancelled 0
ℹ skipped 8
ℹ todo 0
ℹ duration_ms 21835.49715
$ node --test test/*.test.mjs
✔ custom element mounts, unmounts, and contains DOM, state and events (727.221039ms)
ℹ tests 1
ℹ suites 0
ℹ pass 1
ℹ fail 0
ℹ cancelled 0
ℹ skipped 0
ℹ todo 0
ℹ duration_ms 1158.565762
{"archivedArchitectureRef": "0f2c80a316228bd69fdd2ff272e967ff14647b2b", "archivedArchitectureVerified": true, "archivedV1_2Ref": "662a78cd27507d8a2f1eaa976f1c644c93edd1be", "archivedV1_2Sha256": {"docs/architecture/OPTION-A-APPROVED.md": "321f86f5823a0b73b6a6483c172e5d56a0172de442f38dc79ae337de51adf209", "docs/architecture/decision-ledger.md": "97ebb79ddc53000c53c46218ba8c83a5ba2279720ed07ff50809706b4f1a800a", "docs/architecture/implementation-plan.md": "8bb45ac9e2834bf047824a2e3dda4da7f76692bae685f6657da7b3ab03d0b145"}, "archivedV1_3Ref": "4209bb16a09cff95d5cbbc1bbcb082e8c1fa8899", "archivedV1_3Sha256": {"docs/architecture/decision-ledger.md": "d4297182b12978822dae124a040a0d47aafcdb7749f7ad8602f0626e964937e9", "docs/architecture/implementation-plan.md": "b730c0dc274af8180a9aae3290189a8fd61b6b92e06681d345fe5d9aab22c06d"}, "currentArchitectureSha256": {"docs/architecture/OPTION-A-APPROVED.md": "321f86f5823a0b73b6a6483c172e5d56a0172de442f38dc79ae337de51adf209", "docs/architecture/decision-ledger.md": "3d1e8fe50c948822ba3403facfc142402d4fc6631d8d667a2e3341ff6cdbd802", "docs/architecture/implementation-plan.md": "cd59fd361d69adc3f307ee9b88ba1f5509ffeefb68aea90a15f9b88757b4e792"}, "currentArchitectureVersion": "1.4", "historicalMerge": "eaa386c90786e560d49f8311878c95d26cc3c7b8", "manifestSha256": "c2d017f70c4e781d174695c27b9a8c3295666c105af598d8caed6ce9a18160e8", "oldSourceCount": 41, "unchangedReceiptCount": 120}
{"draftProducts": 2, "hashedSetupReceipts": 14, "initialUnits": 272, "ownedFunctions": 2, "status": "PASS", "variants": 3}
48 required files hashed: .m1-artifacts/manifest.json
