
 RUN  v5.0.2 /home/serveradmin/insignia-m5-014-worktree/packages/shopify

 ❯ test/availability-hold-v2.test.ts (34 tests | 1 failed) 265ms
   × scheduled intent changing between pages fails consistency even with identical provider updatedAt 8ms

⎯⎯⎯⎯⎯⎯⎯ Failed Tests 1 ⎯⎯⎯⎯⎯⎯⎯

 FAIL  test/availability-hold-v2.test.ts > scheduled intent changing between pages fails consistency even with identical provider updatedAt
AssertionError: promise resolved "{ …(11) }" instead of rejecting

- Expected
+ Received

- Error {
-   "message": "rejected promise",
+ {
+   "configuredIntent": {
+     "includedPublicationIds": [
+       "gid://shopify/Publication/303",
+       "gid://shopify/Publication/304",
+     ],
+     "publicationSettings": [
+       {
+         "autoPublish": true,
+         "publicationId": "gid://shopify/Publication/303",
+         "supportsFuturePublishing": false,
+       },
+       {
+         "autoPublish": true,
+         "publicationId": "gid://shopify/Publication/304",
+         "supportsFuturePublishing": false,
+       },
+     ],
+     "scheduled": [
+       {
+         "publicationId": "gid://shopify/Publication/303",
+         "publishDate": "2026-10-02T11:01:00.000Z",
+       },
+     ],
+   },
+   "effectiveDigest": "0bcfa96aee0883f6cef8a95c673080105759b704ccc98b5f6897b9e7299ead6c",
+   "effectiveVisibility": {
+     "onlineStore": {
+       "publishedAtPresent": false,
+       "urlPresent": false,
+     },
+     "onlineStoreUrl": null,
+     "publicationEvidence": [
+       {
+         "isPublished": false,
+         "publicationId": "gid://shopify/Publication/303",
+         "publishDate": "2026-10-02T11:01:00.000Z",
+       },
+     ],
+     "publishedAt": null,
+     "publishedPublicationIds": [],
+   },
+   "intentDigest": "0d447beb7fed7394114f14e736a3123c8b4d7e1f240b1c1e21fd71a856246ff7",
+   "observedAt": "2026-10-01T12:00:00.000Z",
+   "productId": "gid://shopify/Product/202",
+   "providerUpdatedAt": "2026-10-01T11:00:00.000Z",
+   "receivedAt": "2026-10-01T12:00:00.000Z",
+   "scope": {
+     "appClientId": "aaaaaaaaaaaaaaaaaaaaaaaaaaaaaaaa",
+     "installationGeneration": "7",
+     "shopId": "synthetic-shop",
+     "shopifyShopId": "gid://shopify/Shop/101",
+   },
+   "state": "available",
+   "version": "m5-product-availability-snapshot-v2",
  }

 ❯ test/availability-hold-v2.test.ts:449:80


⎯⎯⎯⎯⎯⎯⎯⎯⎯⎯⎯⎯⎯⎯⎯⎯⎯⎯⎯⎯⎯⎯⎯⎯[1/1]⎯


 Test Files  1 failed (1)
      Tests  1 failed | 33 passed (34)
   Start at  17:52:40
   Duration  678ms (tests 48%, transform 38%, import 12%, worker 1%)

Error: ERR_PNPM_RECURSIVE_EXEC_FIRST_FAIL

  × "pnpm recursive exec" failed in /home/serveradmin/insignia-m5-014-
  │ worktree/packages/shopify

