$ M5_PUBLICATION_STRESS_ITERATIONS=25 corepack pnpm --filter @insignia/web exec node --test --test-name-pattern="publication (success|failed) preserves" test/admin/editor-browser.test.mjs
✔ publication success preserves dirty local edits and exact save recovery [1/25] (938.887694ms)
✔ publication failed preserves dirty local edits and exact save recovery [1/25] (940.995815ms)
✔ publication success preserves ambiguous local edits and exact save recovery [1/25] (949.194842ms)
✔ publication failed preserves ambiguous local edits and exact save recovery [1/25] (897.727968ms)
✔ publication success preserves dirty local edits and exact save recovery [2/25] (911.937552ms)
✔ publication failed preserves dirty local edits and exact save recovery [2/25] (900.358001ms)
✔ publication success preserves ambiguous local edits and exact save recovery [2/25] (983.454023ms)
✔ publication failed preserves ambiguous local edits and exact save recovery [2/25] (917.489689ms)
✔ publication success preserves dirty local edits and exact save recovery [3/25] (854.82273ms)
✔ publication failed preserves dirty local edits and exact save recovery [3/25] (882.7491ms)
✔ publication success preserves ambiguous local edits and exact save recovery [3/25] (1043.646259ms)
✔ publication failed preserves ambiguous local edits and exact save recovery [3/25] (1019.780726ms)
✔ publication success preserves dirty local edits and exact save recovery [4/25] (866.324653ms)
✔ publication failed preserves dirty local edits and exact save recovery [4/25] (922.634067ms)
✔ publication success preserves ambiguous local edits and exact save recovery [4/25] (916.870183ms)
✔ publication failed preserves ambiguous local edits and exact save recovery [4/25] (1011.681191ms)
✔ publication success preserves dirty local edits and exact save recovery [5/25] (902.749644ms)
✔ publication failed preserves dirty local edits and exact save recovery [5/25] (831.209983ms)
✔ publication success preserves ambiguous local edits and exact save recovery [5/25] (986.932188ms)
✔ publication failed preserves ambiguous local edits and exact save recovery [5/25] (966.469171ms)
✔ publication success preserves dirty local edits and exact save recovery [6/25] (850.845267ms)
✔ publication failed preserves dirty local edits and exact save recovery [6/25] (875.959274ms)
✔ publication success preserves ambiguous local edits and exact save recovery [6/25] (970.540294ms)
✔ publication failed preserves ambiguous local edits and exact save recovery [6/25] (913.290536ms)
✔ publication success preserves dirty local edits and exact save recovery [7/25] (849.308022ms)
✔ publication failed preserves dirty local edits and exact save recovery [7/25] (1005.279235ms)
✔ publication success preserves ambiguous local edits and exact save recovery [7/25] (927.711399ms)
✔ publication failed preserves ambiguous local edits and exact save recovery [7/25] (917.131694ms)
✔ publication success preserves dirty local edits and exact save recovery [8/25] (867.864685ms)
✔ publication failed preserves dirty local edits and exact save recovery [8/25] (852.634174ms)
✔ publication success preserves ambiguous local edits and exact save recovery [8/25] (946.464722ms)
✔ publication failed preserves ambiguous local edits and exact save recovery [8/25] (899.22716ms)
✔ publication success preserves dirty local edits and exact save recovery [9/25] (867.194943ms)
✔ publication failed preserves dirty local edits and exact save recovery [9/25] (884.232234ms)
✔ publication success preserves ambiguous local edits and exact save recovery [9/25] (981.108312ms)
✔ publication failed preserves ambiguous local edits and exact save recovery [9/25] (967.995964ms)
✔ publication success preserves dirty local edits and exact save recovery [10/25] (916.715854ms)
✔ publication failed preserves dirty local edits and exact save recovery [10/25] (839.797937ms)
✔ publication success preserves ambiguous local edits and exact save recovery [10/25] (936.801214ms)
✔ publication failed preserves ambiguous local edits and exact save recovery [10/25] (950.778975ms)
✔ publication success preserves dirty local edits and exact save recovery [11/25] (831.31463ms)
✔ publication failed preserves dirty local edits and exact save recovery [11/25] (863.496279ms)
✔ publication success preserves ambiguous local edits and exact save recovery [11/25] (906.081135ms)
✔ publication failed preserves ambiguous local edits and exact save recovery [11/25] (920.723987ms)
✔ publication success preserves dirty local edits and exact save recovery [12/25] (898.90851ms)
✔ publication failed preserves dirty local edits and exact save recovery [12/25] (934.697455ms)
✔ publication success preserves ambiguous local edits and exact save recovery [12/25] (977.577362ms)
✔ publication failed preserves ambiguous local edits and exact save recovery [12/25] (923.062867ms)
✔ publication success preserves dirty local edits and exact save recovery [13/25] (856.140919ms)
✔ publication failed preserves dirty local edits and exact save recovery [13/25] (822.871086ms)
✔ publication success preserves ambiguous local edits and exact save recovery [13/25] (921.09286ms)
✔ publication failed preserves ambiguous local edits and exact save recovery [13/25] (967.176588ms)
✔ publication success preserves dirty local edits and exact save recovery [14/25] (871.396951ms)
✔ publication failed preserves dirty local edits and exact save recovery [14/25] (846.779575ms)
✔ publication success preserves ambiguous local edits and exact save recovery [14/25] (944.465407ms)
✔ publication failed preserves ambiguous local edits and exact save recovery [14/25] (911.982938ms)
✔ publication success preserves dirty local edits and exact save recovery [15/25] (859.273722ms)
✔ publication failed preserves dirty local edits and exact save recovery [15/25] (869.884287ms)
✔ publication success preserves ambiguous local edits and exact save recovery [15/25] (979.089622ms)
✔ publication failed preserves ambiguous local edits and exact save recovery [15/25] (909.848892ms)
✔ publication success preserves dirty local edits and exact save recovery [16/25] (875.59179ms)
✔ publication failed preserves dirty local edits and exact save recovery [16/25] (900.537496ms)
✔ publication success preserves ambiguous local edits and exact save recovery [16/25] (945.830065ms)
✔ publication failed preserves ambiguous local edits and exact save recovery [16/25] (1014.81709ms)
✔ publication success preserves dirty local edits and exact save recovery [17/25] (839.985213ms)
✔ publication failed preserves dirty local edits and exact save recovery [17/25] (844.03974ms)
✔ publication success preserves ambiguous local edits and exact save recovery [17/25] (989.677309ms)
✔ publication failed preserves ambiguous local edits and exact save recovery [17/25] (959.867883ms)
✔ publication success preserves dirty local edits and exact save recovery [18/25] (831.378646ms)
✔ publication failed preserves dirty local edits and exact save recovery [18/25] (895.151079ms)
✔ publication success preserves ambiguous local edits and exact save recovery [18/25] (965.640643ms)
✔ publication failed preserves ambiguous local edits and exact save recovery [18/25] (1039.572978ms)
✔ publication success preserves dirty local edits and exact save recovery [19/25] (886.037486ms)
✔ publication failed preserves dirty local edits and exact save recovery [19/25] (863.996485ms)
✔ publication success preserves ambiguous local edits and exact save recovery [19/25] (953.530522ms)
✔ publication failed preserves ambiguous local edits and exact save recovery [19/25] (1040.172354ms)
✔ publication success preserves dirty local edits and exact save recovery [20/25] (910.318648ms)
✔ publication failed preserves dirty local edits and exact save recovery [20/25] (924.038292ms)
✔ publication success preserves ambiguous local edits and exact save recovery [20/25] (951.340743ms)
✔ publication failed preserves ambiguous local edits and exact save recovery [20/25] (919.689606ms)
✔ publication success preserves dirty local edits and exact save recovery [21/25] (878.175866ms)
✔ publication failed preserves dirty local edits and exact save recovery [21/25] (847.695098ms)
✔ publication success preserves ambiguous local edits and exact save recovery [21/25] (907.179001ms)
✔ publication failed preserves ambiguous local edits and exact save recovery [21/25] (931.648737ms)
✔ publication success preserves dirty local edits and exact save recovery [22/25] (836.023679ms)
✔ publication failed preserves dirty local edits and exact save recovery [22/25] (836.483302ms)
✔ publication success preserves ambiguous local edits and exact save recovery [22/25] (994.017951ms)
✔ publication failed preserves ambiguous local edits and exact save recovery [22/25] (908.476924ms)
✔ publication success preserves dirty local edits and exact save recovery [23/25] (1155.942219ms)
✔ publication failed preserves dirty local edits and exact save recovery [23/25] (1934.547386ms)
✔ publication success preserves ambiguous local edits and exact save recovery [23/25] (1310.729214ms)
✔ publication failed preserves ambiguous local edits and exact save recovery [23/25] (1170.371044ms)
✔ publication success preserves dirty local edits and exact save recovery [24/25] (1075.514817ms)
✔ publication failed preserves dirty local edits and exact save recovery [24/25] (1064.953208ms)
✔ publication success preserves ambiguous local edits and exact save recovery [24/25] (1197.902964ms)
✔ publication failed preserves ambiguous local edits and exact save recovery [24/25] (1459.640456ms)
✔ publication success preserves dirty local edits and exact save recovery [25/25] (1147.245489ms)
✔ publication failed preserves dirty local edits and exact save recovery [25/25] (938.79504ms)
✔ publication success preserves ambiguous local edits and exact save recovery [25/25] (1212.433465ms)
✔ publication failed preserves ambiguous local edits and exact save recovery [25/25] (1132.188799ms)
ℹ tests 100
ℹ suites 0
ℹ pass 100
ℹ fail 0
ℹ cancelled 0
ℹ skipped 0
ℹ todo 0
ℹ duration_ms 95862.518334
