{"level":30,"time":1791542552755,"event":"worker_started"}
{"level":30,"time":1791542552821,"event":"webhook_enqueued","inboxId":"83af9c17-bd8e-49e1-85db-0962ea3c9f6b"}
{"level":30,"time":1791542552824,"event":"webhook_enqueued","inboxId":"43d4c865-c49b-4507-b99b-08a338004613"}
{"level":30,"time":1791542552827,"event":"webhook_enqueued","inboxId":"bf9dfb48-19b9-4c0f-b20b-4b21878ce3d3"}
{"level":30,"time":1791542552830,"event":"webhook_enqueued","inboxId":"061da440-028c-4887-a170-ab9c0eed75d0"}
{"level":30,"time":1791542566443,"event":"webhook_enqueued","inboxId":"e7b43191-989a-4873-ad01-660a20a890b8"}
{"level":30,"time":1791542571907,"event":"worker_stopped"}
✔ real process death before transaction and after commit recovers durable queued uninstalls once (19237.645132ms)
{"level":30,"time":1791542577639,"event":"worker_started"}
{"level":50,"time":1791542577673,"event":"worker_start_failed","errorClass":"QueueStartupError"}
{"level":30,"time":1791542577673,"event":"worker_stopped"}
{"level":30,"time":1791542577705,"event":"webhook_enqueued","inboxId":"19629289-9ae2-4608-874d-2c7cf20bfb3d"}
{"level":30,"time":1791542577716,"event":"worker_stopped"}
{"level":30,"time":1791542577727,"event":"worker_started"}
{"level":30,"time":1791542577740,"event":"worker_started"}
{"level":50,"time":1791542577759,"event":"webhook_process_failed","inboxId":"19629289-9ae2-4608-874d-2c7cf20bfb3d","errorClass":"ProcessingError","attempt":0}
{"level":30,"time":1791542581747,"event":"webhook_process_ok","inboxId":"19629289-9ae2-4608-874d-2c7cf20bfb3d","attempt":1}
{"level":30,"time":1791542581842,"event":"worker_stopped"}
{"level":30,"time":1791542581878,"event":"webhook_enqueued","inboxId":"bd373268-08fb-4f86-a228-b5cbc9fce678"}
{"level":30,"time":1791542581897,"event":"worker_started"}
{"level":30,"time":1791542581967,"event":"webhook_process_ok","inboxId":"bd373268-08fb-4f86-a228-b5cbc9fce678","attempt":0}
{"level":30,"time":1791542582017,"event":"worker_stopped"}
{"level":30,"time":1791542582076,"event":"worker_stopped"}
✔ separate owner installation and restricted queue roles preserve messages across restart and deny DDL (4699.016105ms)
ℹ tests 2
ℹ suites 0
ℹ pass 2
ℹ fail 0
ℹ cancelled 0
ℹ skipped 0
ℹ todo 0
ℹ duration_ms 29935.741185
