✖ complete one-page collection reserves every attempt durably and returns only opaque observations (22.555706ms)
ℹ tests 1
ℹ suites 0
ℹ pass 0
ℹ fail 1
ℹ cancelled 0
ℹ skipped 0
ℹ todo 0
ℹ duration_ms 181.343563

✖ failing tests:

test at scripts/m5-native-inventory/collector.test.mjs:63:1
✖ complete one-page collection reserves every attempt durably and returns only opaque observations (22.555706ms)
  AssertionError [ERR_ASSERTION]: Expected values to be strictly deep-equal:
  + actual - expected
  
    {
  +   outcome: 'STOP_NOT_IMPLEMENTED',
  +   requests: 0
  -   destinations: [
  -     {
  -       apiVersion: '2026-07',
  -       format: 'JSON',
  -       label: 'destination-001',
  -       topic: 'APP_UNINSTALLED',
  -       transport: 'HTTPS'
  -     }
  -   ],
  -   outcome: 'COLLECTED_SHOP_SCOPED_NON_ATOMIC',
  -   pages: 1,
  -   qualification: 'STOP_PRE_INSTALL_DESTINATION_EFFECTS_UNQUALIFIED',
  -   records: 1,
  -   requests: 2
    }
  
      at TestContext.<anonymous> (file:///home/serveradmin/insignia-m5-native-inventory-worktree/scripts/m5-native-inventory/collector.test.mjs:72:10)
      at process.processTicksAndRejections (node:internal/process/task_queues:104:5)
      at async Test.run (node:internal/test_runner/test:1409:7)
      at async startSubtestAfterBootstrap (node:internal/test_runner/harness:387:3) {
    generatedMessage: true,
    code: 'ERR_ASSERTION',
    actual: { outcome: 'STOP_NOT_IMPLEMENTED', requests: 0 },
    expected: { outcome: 'COLLECTED_SHOP_SCOPED_NON_ATOMIC', requests: 2, pages: 1, records: 1, destinations: [ [Object] ], qualification: 'STOP_PRE_INSTALL_DESTINATION_EFFECTS_UNQUALIFIED' },
    operator: 'deepStrictEqual',
    diff: 'simple'
  }
