✔ complete one-page collection reserves every attempt durably and returns only opaque observations (39.113918ms)
▶ unallocated or broadened owner inputs stop before any HTTP request or evidence creation
  ✔ missing allocation (4.579597ms)
  ✔ request template is not permission (1.704727ms)
  ✔ no approval reference (1.562846ms)
  ✔ wrong endpoint (1.540586ms)
  ✔ wrong optional scopes (1.294304ms)
  ✔ required scope expansion (1.204144ms)
  ✔ grant expansion (1.231947ms)
  ✔ mutations (1.185957ms)
  ✔ wrong operation (1.255564ms)
  ✔ too many requests (1.209581ms)
  ✔ too long retention (1.046358ms)
  ✔ expired grant (1.104717ms)
  ✔ wrong private destination (1.981339ms)
  ✔ credential absent (1.040394ms)
✔ unallocated or broadened owner inputs stop before any HTTP request or evidence creation (24.443008ms)
✔ two pages follow the exact private cursor then final identity within three total requests (10.512857ms)
▶ incomplete, drifting, duplicate or over-cap provider observations seal immediately without boundary claims
  ✔ GraphQL errors (6.999724ms)
  ✔ missing shop (5.131611ms)
  ✔ wrong shop (4.679435ms)
  ✔ wrong client (5.130623ms)
  ✔ wrong app (5.817013ms)
  ✔ wrong installation (5.693525ms)
  ✔ grant drift (5.230911ms)
  ✔ grant duplicate (6.5777ms)
  ✔ connection missing (4.066517ms)
  ✔ page info missing (4.621609ms)
  ✔ next cursor missing (4.567908ms)
  ✔ topic missing (4.43933ms)
  ✔ unsupported version (4.509465ms)
  ✔ unsupported format (4.953051ms)
  ✔ URI missing (6.708965ms)
  ✔ duplicate ID (3.710443ms)
  ✔ URI conflict (3.886103ms)
  ✔ page over 250 (5.460796ms)
✔ incomplete, drifting, duplicate or over-cap provider observations seal immediately without boundary claims (94.930826ms)
▶ transport failures, redirects, API fallback, oversized bodies and absolute timeouts consume one attempt with no retry
  ✔ permission (5.209176ms)
  ✔ throttle (5.965306ms)
  ✔ redirect (4.330506ms)
  ✔ API fallback (4.675988ms)
  ✔ missing API header (3.683412ms)
  ✔ not JSON (4.985766ms)
  ✔ encoding (4.160702ms)
  ✔ malformed body (4.463584ms)
  ✔ over 1 MiB (10.8083ms)
  ✔ lost response (4.877099ms)
  ✔ absolute timeout (24.354365ms)
✔ transport failures, redirects, API fallback, oversized bodies and absolute timeouts consume one attempt with no retry (79.232984ms)
✔ run deadline and expired allocation stop in flight and preserve consumed reservations (28.99922ms)
✔ CLI reads one bounded existing token from inherited descriptor and prints only the public result (183.243348ms)
✔ killed in-flight process leaves a consumed reservation; seal never resumes or retries it (84.979884ms)
▶ unknown identity and connection shapes cannot silently qualify a partial provider response
  ✔ unexpected queried object field (4.976757ms)
  ✔ unexpected queried object field (4.752258ms)
  ✔ unexpected queried object field (4.175878ms)
  ✔ unexpected queried object field (4.844894ms)
  ✔ unexpected queried object field (7.824325ms)
✔ unknown identity and connection shapes cannot silently qualify a partial provider response (27.525405ms)
ℹ tests 57
ℹ suites 0
ℹ pass 57
ℹ fail 0
ℹ cancelled 0
ℹ skipped 0
ℹ todo 0
ℹ duration_ms 675.24223
