✔ complete one-page collection reserves every attempt durably and returns only opaque observations (40.883692ms)
▶ unallocated or broadened owner inputs stop before any HTTP request or evidence creation
  ✔ missing allocation (4.572108ms)
  ✔ request template is not permission (1.39185ms)
  ✔ no approval reference (1.46854ms)
  ✔ wrong endpoint (1.590633ms)
  ✔ wrong optional scopes (1.34658ms)
  ✔ required scope expansion (1.214822ms)
  ✔ grant expansion (1.199753ms)
  ✔ mutations (1.242427ms)
  ✔ wrong operation (1.262402ms)
  ✔ too many requests (1.249756ms)
  ✔ too long retention (1.128385ms)
  ✔ expired grant (1.16803ms)
  ✔ wrong private destination (1.958693ms)
  ✔ credential absent (1.229188ms)
✔ unallocated or broadened owner inputs stop before any HTTP request or evidence creation (24.590301ms)
✔ two pages follow the exact private cursor then final identity within three total requests (10.135931ms)
▶ incomplete, drifting, duplicate or over-cap provider observations seal immediately without boundary claims
  ✔ GraphQL errors (6.823918ms)
  ✔ missing shop (5.143216ms)
  ✔ wrong shop (4.858643ms)
  ✔ wrong client (4.546697ms)
  ✔ wrong app (5.75689ms)
  ✔ wrong installation (5.460132ms)
  ✔ grant drift (4.782788ms)
  ✔ grant duplicate (8.191297ms)
  ✔ connection missing (4.14565ms)
  ✔ page info missing (4.713949ms)
  ✔ next cursor missing (4.842386ms)
  ✔ topic missing (4.711832ms)
  ✔ unsupported version (4.844311ms)
  ✔ unsupported format (5.78542ms)
  ✔ URI missing (6.59622ms)
  ✔ duplicate ID (3.819143ms)
  ✔ URI conflict (3.95237ms)
  ✔ page over 250 (5.050542ms)
✔ incomplete, drifting, duplicate or over-cap provider observations seal immediately without boundary claims (96.96728ms)
▶ transport failures, redirects, API fallback, oversized bodies and absolute timeouts consume one attempt with no retry
  ✔ permission (4.550294ms)
  ✔ throttle (5.649246ms)
  ✔ redirect (4.175264ms)
  ✔ API fallback (4.282717ms)
  ✔ missing API header (3.820535ms)
  ✔ not JSON (4.641027ms)
  ✔ encoding (4.21391ms)
  ✔ malformed body (4.178826ms)
  ✔ over 1 MiB (10.928198ms)
  ✔ lost response (4.442121ms)
  ✔ absolute timeout (24.690237ms)
✔ transport failures, redirects, API fallback, oversized bodies and absolute timeouts consume one attempt with no retry (77.306261ms)
✔ run deadline and expired allocation stop in flight and preserve consumed reservations (28.88662ms)
✔ CLI reads one bounded existing token from inherited descriptor and prints only the public result (187.852715ms)
✔ killed in-flight process leaves a consumed reservation; seal never resumes or retries it (83.645118ms)
▶ unknown identity and connection shapes cannot silently qualify a partial provider response
  ✔ unexpected queried object field (4.843917ms)
  ✔ unexpected queried object field (4.430202ms)
  ✔ unexpected queried object field (4.498768ms)
  ✔ unexpected queried object field (7.457439ms)
  ✔ unexpected queried object field (3.997398ms)
✔ unknown identity and connection shapes cannot silently qualify a partial provider response (26.137326ms)
✔ credential reflection is withheld from disk and public errors while the attempted request remains consumed (4.571193ms)
ℹ tests 58
ℹ suites 0
ℹ pass 58
ℹ fail 0
ℹ cancelled 0
ℹ skipped 0
ℹ todo 0
ℹ duration_ms 685.689077
