✔ complete one-page collection reserves every attempt durably and returns only opaque observations (39.141267ms)
▶ unallocated or broadened owner inputs stop before any HTTP request or evidence creation
  ✔ missing allocation (5.005514ms)
  ✔ request template is not permission (1.362497ms)
  ✔ no approval reference (1.16216ms)
  ✔ wrong endpoint (1.362593ms)
  ✔ wrong optional scopes (1.169229ms)
  ✔ required scope expansion (1.229812ms)
  ✔ grant expansion (1.302474ms)
  ✔ mutations (1.199771ms)
  ✔ wrong operation (1.295895ms)
  ✔ too many requests (1.389984ms)
  ✔ too long retention (1.258358ms)
  ✔ expired grant (1.156084ms)
  ✔ wrong private destination (1.965343ms)
  ✔ credential absent (1.039151ms)
✔ unallocated or broadened owner inputs stop before any HTTP request or evidence creation (24.379756ms)
✔ two pages follow the exact private cursor then final identity within three total requests (11.537585ms)
▶ incomplete, drifting, duplicate or over-cap provider observations seal immediately without boundary claims
  ✔ GraphQL errors (6.263088ms)
  ✔ missing shop (5.497773ms)
  ✔ wrong shop (4.77431ms)
  ✔ wrong client (4.628435ms)
  ✔ wrong app (5.457451ms)
  ✔ wrong installation (5.108763ms)
  ✔ grant drift (4.743982ms)
  ✔ grant duplicate (9.884071ms)
  ✔ connection missing (6.780213ms)
  ✔ page info missing (4.521742ms)
  ✔ next cursor missing (4.434718ms)
  ✔ topic missing (5.759457ms)
  ✔ unsupported version (3.990497ms)
  ✔ unsupported format (4.144696ms)
  ✔ URI missing (6.150682ms)
  ✔ duplicate ID (3.912252ms)
  ✔ URI conflict (5.692026ms)
  ✔ page over 250 (4.998657ms)
✔ incomplete, drifting, duplicate or over-cap provider observations seal immediately without boundary claims (99.59481ms)
▶ transport failures, redirects, API fallback, oversized bodies and absolute timeouts consume one attempt with no retry
  ✔ permission (5.577158ms)
  ✔ throttle (5.52494ms)
  ✔ redirect (4.740257ms)
  ✔ API fallback (4.264756ms)
  ✔ missing API header (3.881178ms)
  ✔ not JSON (4.943548ms)
  ✔ encoding (4.326541ms)
  ✔ malformed body (4.33128ms)
  ✔ over 1 MiB (7.284767ms)
  ✔ lost response (10.104797ms)
  ✔ absolute timeout (26.920733ms)
✔ transport failures, redirects, API fallback, oversized bodies and absolute timeouts consume one attempt with no retry (83.768469ms)
✔ run deadline and expired allocation stop in flight and preserve consumed reservations (35.950144ms)
✔ CLI reads one bounded existing token from inherited descriptor and prints only the public result (175.358139ms)
✔ killed in-flight process leaves a consumed reservation; seal never resumes or retries it (84.305857ms)
▶ unknown identity and connection shapes cannot silently qualify a partial provider response
  ✔ unexpected queried object field (4.624737ms)
  ✔ unexpected queried object field (4.00284ms)
  ✔ unexpected queried object field (4.461437ms)
  ✔ unexpected queried object field (3.823121ms)
  ✔ unexpected queried object field (7.92618ms)
✔ unknown identity and connection shapes cannot silently qualify a partial provider response (25.811522ms)
✔ credential reflection is withheld from disk and public errors while the attempted request remains consumed (5.09402ms)
✔ private response-write failure seals the acknowledged request as uncertain without another transport (4.357894ms)
ℹ tests 59
ℹ suites 0
ℹ pass 59
ℹ fail 0
ℹ cancelled 0
ℹ skipped 0
ℹ todo 0
ℹ duration_ms 688.469679
