✔ complete one-page collection reserves every attempt durably and returns only opaque observations (39.846658ms)
▶ unallocated or broadened owner inputs stop before any HTTP request or evidence creation
  ✔ missing allocation (8.198587ms)
  ✔ request template is not permission (1.473384ms)
  ✔ no approval reference (1.312265ms)
  ✔ wrong endpoint (1.422683ms)
  ✔ wrong optional scopes (1.270492ms)
  ✔ required scope expansion (1.24127ms)
  ✔ grant expansion (1.221173ms)
  ✔ mutations (1.232723ms)
  ✔ wrong operation (1.339186ms)
  ✔ too many requests (1.380395ms)
  ✔ too long retention (1.250639ms)
  ✔ expired grant (1.407007ms)
  ✔ wrong private destination (2.135438ms)
  ✔ credential absent (1.033981ms)
✔ unallocated or broadened owner inputs stop before any HTTP request or evidence creation (28.462033ms)
✔ two pages follow the exact private cursor then final identity within three total requests (11.345136ms)
▶ incomplete, drifting, duplicate or over-cap provider observations seal immediately without boundary claims
  ✔ GraphQL errors (6.814682ms)
  ✔ missing shop (5.451572ms)
  ✔ wrong shop (4.81916ms)
  ✔ wrong client (4.584259ms)
  ✔ wrong app (5.773863ms)
  ✔ wrong installation (5.313762ms)
  ✔ grant drift (4.951796ms)
  ✔ grant duplicate (6.55884ms)
  ✔ connection missing (4.169736ms)
  ✔ page info missing (4.61026ms)
  ✔ next cursor missing (4.306364ms)
  ✔ topic missing (4.8744ms)
  ✔ unsupported version (5.025048ms)
  ✔ unsupported format (4.515088ms)
  ✔ URI missing (6.172118ms)
  ✔ duplicate ID (4.539724ms)
  ✔ URI conflict (4.389468ms)
  ✔ page over 250 (4.678344ms)
✔ incomplete, drifting, duplicate or over-cap provider observations seal immediately without boundary claims (94.373543ms)
▶ transport failures, redirects, API fallback, oversized bodies and absolute timeouts consume one attempt with no retry
  ✔ permission (5.069895ms)
  ✔ throttle (6.558078ms)
  ✔ redirect (4.366081ms)
  ✔ API fallback (4.713287ms)
  ✔ missing API header (4.687054ms)
  ✔ not JSON (3.451664ms)
  ✔ encoding (3.930737ms)
  ✔ malformed body (4.537434ms)
  ✔ over 1 MiB (10.030215ms)
  ✔ lost response (5.230111ms)
  ✔ absolute timeout (24.630637ms)
✔ transport failures, redirects, API fallback, oversized bodies and absolute timeouts consume one attempt with no retry (79.093555ms)
✔ run deadline and expired allocation stop in flight and preserve consumed reservations (28.543163ms)
✔ CLI reads one bounded existing token from inherited descriptor and prints only the public result (182.638266ms)
✔ killed in-flight process leaves a consumed reservation; seal never resumes or retries it (83.536606ms)
▶ unknown identity and connection shapes cannot silently qualify a partial provider response
  ✔ unexpected queried object field (4.000278ms)
  ✔ unexpected queried object field (4.174249ms)
  ✔ unexpected queried object field (5.161419ms)
  ✔ unexpected queried object field (7.077073ms)
  ✔ unexpected queried object field (4.800143ms)
✔ unknown identity and connection shapes cannot silently qualify a partial provider response (26.123346ms)
✔ credential reflection is withheld from disk and public errors while the attempted request remains consumed (5.086285ms)
✔ private response-write failure seals the acknowledged request as uncertain without another transport (4.71186ms)
✔ full 500-record envelope needs exactly two pages and one final identity read (15.919348ms)
▶ third page, cursor cycle, cross-page duplicates and boundary drift never extend the request envelope
  ✔ third page (7.981531ms)
  ✔ cursor cycle (6.485949ms)
  ✔ cross-page duplicate (14.907525ms)
  ✔ boundary drift (6.164449ms)
  ✔ boundary error (5.897656ms)
✔ third page, cursor cycle, cross-page duplicates and boundary drift never extend the request envelope (42.396173ms)
▶ allocation may tighten ceilings and injected test endpoints cannot leave loopback
  ✔ tight requests (4.481757ms)
  ✔ tight pages (4.063461ms)
  ✔ tight records (4.266648ms)
  ✔ invalid endpoint denied before transport (1.156226ms)
  ✔ invalid endpoint denied before transport (0.833204ms)
  ✔ invalid endpoint denied before transport (0.862827ms)
  ✔ invalid endpoint denied before transport (0.932435ms)
  ✔ invalid endpoint denied before transport (1.340154ms)
✔ allocation may tighten ceilings and injected test endpoints cannot leave loopback (19.150616ms)
✔ failed journal persistence keeps reservation durable and forbids reinvocation despite an unsealed run (6.407904ms)
▶ CLI refuses arbitrary queries, environment credential switches and duplicate flags before transport
  ✔ --query (76.948085ms)
  ✔ --token-env (82.936085ms)
  ✔ --token-fd (69.378438ms)
✔ CLI refuses arbitrary queries, environment credential switches and duplicate flags before transport (230.063109ms)
▶ resource declaration must name an existing supported capability and cannot smuggle a second token store
  ✔ unsupported owner input (1.285171ms)
  ✔ unsupported owner input (0.901382ms)
✔ resource declaration must name an existing supported capability and cannot smuggle a second token store (2.711949ms)
ℹ tests 83
ℹ suites 0
ℹ pass 83
ℹ fail 0
ℹ cancelled 0
ℹ skipped 0
ℹ todo 0
ℹ duration_ms 1006.007304
