✔ complete one-page collection reserves every attempt durably and returns only opaque observations (66.15378ms)
▶ unallocated or broadened owner inputs stop before any HTTP request or evidence creation
  ✔ missing allocation (13.176491ms)
  ✔ request template is not permission (4.959185ms)
  ✔ no approval reference (3.295803ms)
  ✔ wrong endpoint (2.955589ms)
  ✔ wrong optional scopes (5.888469ms)
  ✔ required scope expansion (2.444028ms)
  ✔ grant expansion (1.830394ms)
  ✔ mutations (2.798669ms)
  ✔ wrong operation (3.662811ms)
  ✔ too many requests (1.618376ms)
  ✔ too long retention (1.749342ms)
  ✔ expired grant (1.344675ms)
  ✔ wrong private destination (2.923842ms)
  ✔ credential absent (1.15806ms)
✔ unallocated or broadened owner inputs stop before any HTTP request or evidence creation (52.906358ms)
✔ two pages follow the exact private cursor then final identity within three total requests (15.414586ms)
▶ incomplete, drifting, duplicate or over-cap provider observations seal immediately without boundary claims
  ✔ GraphQL errors (8.104402ms)
  ✔ missing shop (5.16967ms)
  ✔ wrong shop (4.821803ms)
  ✔ wrong client (6.494942ms)
  ✔ wrong app (10.364812ms)
  ✔ wrong installation (5.29042ms)
  ✔ grant drift (7.059567ms)
  ✔ grant duplicate (12.287498ms)
  ✔ connection missing (5.015432ms)
  ✔ page info missing (4.955613ms)
  ✔ next cursor missing (7.349624ms)
  ✔ topic missing (12.731732ms)
  ✔ unsupported version (4.521336ms)
  ✔ unsupported format (4.294796ms)
  ✔ URI missing (5.406235ms)
  ✔ duplicate ID (4.411553ms)
  ✔ URI conflict (10.215157ms)
  ✔ page over 250 (7.146165ms)
✔ incomplete, drifting, duplicate or over-cap provider observations seal immediately without boundary claims (128.672159ms)
▶ transport failures, redirects, API fallback, oversized bodies and absolute timeouts consume one attempt with no retry
  ✔ permission (4.13705ms)
  ✔ throttle (3.6364ms)
  ✔ redirect (5.273681ms)
  ✔ API fallback (4.941131ms)
  ✔ missing API header (6.325914ms)
  ✔ not JSON (8.068868ms)
  ✔ encoding (3.598062ms)
  ✔ malformed body (3.448486ms)
  ✔ over 1 MiB (8.25138ms)
  ✔ lost response (5.093375ms)
  ✔ absolute timeout (26.276174ms)
✔ transport failures, redirects, API fallback, oversized bodies and absolute timeouts consume one attempt with no retry (80.89411ms)
✔ run deadline and expired allocation stop in flight and preserve consumed reservations (33.271049ms)
✔ CLI reads one bounded existing token from inherited descriptor and prints only the public result (184.070616ms)
✔ killed in-flight process leaves a consumed reservation; seal never resumes or retries it (98.008229ms)
▶ unknown identity and connection shapes cannot silently qualify a partial provider response
  ✔ unexpected queried object field (5.479058ms)
  ✔ unexpected queried object field (4.040313ms)
  ✔ unexpected queried object field (4.451386ms)
  ✔ unexpected queried object field (5.160556ms)
  ✔ unexpected queried object field (6.049578ms)
✔ unknown identity and connection shapes cannot silently qualify a partial provider response (26.109857ms)
✔ credential reflection is withheld from disk and public errors while the attempted request remains consumed (4.864542ms)
✔ private response-write failure seals the acknowledged request as uncertain without another transport (4.401535ms)
✔ full 500-record envelope needs exactly two pages and one final identity read (19.959433ms)
▶ third page, cursor cycle, cross-page duplicates and boundary drift never extend the request envelope
  ✔ third page (5.319507ms)
  ✔ cursor cycle (6.333626ms)
  ✔ cross-page duplicate (6.045642ms)
  ✔ boundary drift (7.544919ms)
  ✔ boundary error (5.420182ms)
✔ third page, cursor cycle, cross-page duplicates and boundary drift never extend the request envelope (31.604057ms)
▶ allocation may tighten ceilings and injected test endpoints cannot leave loopback
  ✔ tight requests (3.759784ms)
  ✔ tight pages (3.499735ms)
  ✔ tight records (4.670619ms)
  ✔ invalid endpoint denied before transport (0.899621ms)
  ✔ invalid endpoint denied before transport (0.997256ms)
  ✔ invalid endpoint denied before transport (0.794387ms)
  ✔ invalid endpoint denied before transport (1.029654ms)
  ✔ invalid endpoint denied before transport (0.823747ms)
✔ allocation may tighten ceilings and injected test endpoints cannot leave loopback (17.72225ms)
✔ failed journal persistence keeps reservation durable and forbids reinvocation despite an unsealed run (16.297109ms)
▶ CLI refuses arbitrary queries, environment credential switches and duplicate flags before transport
  ✔ --query (87.908646ms)
  ✔ --token-env (79.759695ms)
  ✔ --token-fd (86.015862ms)
✔ CLI refuses arbitrary queries, environment credential switches and duplicate flags before transport (254.460148ms)
▶ resource declaration must name an existing supported capability and cannot smuggle a second token store
  ✔ unsupported owner input (1.407328ms)
  ✔ unsupported owner input (1.095099ms)
✔ resource declaration must name an existing supported capability and cannot smuggle a second token store (3.020925ms)
✔ unexpected topic bytes remain private while the public observation uses an opaque category (8.584273ms)
ℹ tests 84
ℹ suites 0
ℹ pass 84
ℹ fail 0
ℹ cancelled 0
ℹ skipped 0
ℹ todo 0
ℹ duration_ms 1169.388516
