✔ complete one-page collection reserves every attempt durably and returns only opaque observations (64.753127ms)
▶ unallocated or broadened owner inputs stop before any HTTP request or evidence creation
  ✔ missing allocation (8.672391ms)
  ✔ request template is not permission (2.715919ms)
  ✔ no approval reference (2.862037ms)
  ✔ wrong endpoint (1.855407ms)
  ✔ wrong optional scopes (2.098563ms)
  ✔ required scope expansion (2.389914ms)
  ✔ grant expansion (2.899754ms)
  ✔ mutations (2.743628ms)
  ✔ wrong operation (5.17959ms)
  ✔ too many requests (2.87133ms)
  ✔ too long retention (2.334894ms)
  ✔ expired grant (1.978446ms)
  ✔ wrong private destination (5.01875ms)
  ✔ credential absent (1.805029ms)
✔ unallocated or broadened owner inputs stop before any HTTP request or evidence creation (48.963836ms)
✔ two pages follow the exact private cursor then final identity within three total requests (19.89658ms)
▶ incomplete, drifting, duplicate or over-cap provider observations seal immediately without boundary claims
  ✔ GraphQL errors (10.07263ms)
  ✔ missing shop (6.965243ms)
  ✔ wrong shop (7.545203ms)
  ✔ wrong client (9.031532ms)
  ✔ wrong app (9.695957ms)
  ✔ wrong installation (7.231569ms)
  ✔ grant drift (6.579235ms)
  ✔ grant duplicate (11.302921ms)
  ✔ connection missing (7.157982ms)
  ✔ page info missing (6.828275ms)
  ✔ next cursor missing (7.305733ms)
  ✔ topic missing (14.232276ms)
  ✔ unsupported version (8.992595ms)
  ✔ unsupported format (10.857429ms)
  ✔ URI missing (12.450368ms)
  ✔ duplicate ID (10.398626ms)
  ✔ URI conflict (18.12577ms)
  ✔ page over 250 (17.933694ms)
✔ incomplete, drifting, duplicate or over-cap provider observations seal immediately without boundary claims (186.089811ms)
▶ transport failures, redirects, API fallback, oversized bodies and absolute timeouts consume one attempt with no retry
  ✔ permission (14.286089ms)
  ✔ throttle (24.280211ms)
  ✔ redirect (20.740242ms)
  ✔ API fallback (10.400307ms)
  ✔ missing API header (5.95986ms)
  ✔ not JSON (5.042021ms)
  ✔ encoding (6.087489ms)
  ✔ malformed body (5.051756ms)
  ✔ over 1 MiB (8.613056ms)
  ✔ lost response (6.867246ms)
  ✔ absolute timeout (31.689347ms)
✔ transport failures, redirects, API fallback, oversized bodies and absolute timeouts consume one attempt with no retry (141.109875ms)
✔ run deadline and expired allocation stop in flight and preserve consumed reservations (53.121452ms)
✔ CLI reads one bounded existing token from inherited descriptor and prints only the public result (289.340512ms)
✔ killed in-flight process leaves a consumed reservation; seal never resumes or retries it (139.869018ms)
▶ unknown identity and connection shapes cannot silently qualify a partial provider response
  ✔ unexpected queried object field (4.977706ms)
  ✔ unexpected queried object field (8.897619ms)
  ✔ unexpected queried object field (5.614703ms)
  ✔ unexpected queried object field (4.620644ms)
  ✔ unexpected queried object field (6.238779ms)
✔ unknown identity and connection shapes cannot silently qualify a partial provider response (31.481623ms)
✔ credential reflection is withheld from disk and public errors while the attempted request remains consumed (5.838639ms)
✔ private response-write failure seals the acknowledged request as uncertain without another transport (21.113708ms)
✔ full 500-record envelope needs exactly two pages and one final identity read (22.796612ms)
▶ third page, cursor cycle, cross-page duplicates and boundary drift never extend the request envelope
  ✔ third page (11.129344ms)
  ✔ cursor cycle (9.643522ms)
  ✔ cross-page duplicate (10.602144ms)
  ✔ boundary drift (9.815373ms)
  ✔ boundary error (16.166179ms)
✔ third page, cursor cycle, cross-page duplicates and boundary drift never extend the request envelope (58.54586ms)
▶ allocation may tighten ceilings and injected test endpoints cannot leave loopback
  ✔ tight requests (7.929889ms)
  ✔ tight pages (6.854137ms)
  ✔ tight records (6.382414ms)
  ✔ invalid endpoint denied before transport (3.334257ms)
  ✔ invalid endpoint denied before transport (2.906451ms)
  ✔ invalid endpoint denied before transport (1.667754ms)
  ✔ invalid endpoint denied before transport (1.395575ms)
  ✔ invalid endpoint denied before transport (2.46318ms)
✔ allocation may tighten ceilings and injected test endpoints cannot leave loopback (34.59246ms)
✔ failed journal persistence keeps reservation durable and forbids reinvocation despite an unsealed run (10.646458ms)
▶ CLI refuses arbitrary queries, environment credential switches and duplicate flags before transport
  ✔ --query (99.405321ms)
  ✔ --token-env (112.65828ms)
  ✔ --token-fd (156.644305ms)
✔ CLI refuses arbitrary queries, environment credential switches and duplicate flags before transport (369.55007ms)
▶ resource declaration must name an existing supported capability and cannot smuggle a second token store
  ✔ unsupported owner input (7.022092ms)
  ✔ unsupported owner input (2.923917ms)
✔ resource declaration must name an existing supported capability and cannot smuggle a second token store (10.622904ms)
✔ unexpected topic bytes remain private while the public observation uses an opaque category (22.915024ms)
✔ distinct topics can share one coherent receiver while duplicate URI/topic bindings still stop (16.595773ms)
ℹ tests 85
ℹ suites 0
ℹ pass 85
ℹ fail 0
ℹ cancelled 0
ℹ skipped 0
ℹ todo 0
ℹ duration_ms 1754.284683
