$ corepack pnpm check:style && corepack pnpm build && corepack pnpm test:unit && corepack pnpm test:m5-operator && corepack pnpm test:vectors && corepack pnpm check:boundaries && corepack pnpm check:secrets && python3 -B scripts/boundaries/check-cargo-workspace.py && corepack pnpm check:rust && M1_FUNCTION_RUNNER=.m1-artifacts/tools/function-runner-9.2.2 python3 -B scripts/m4-002/replay-production-vectors.py && M1_FUNCTION_RUNNER=.m1-artifacts/tools/function-runner-9.2.2 node scripts/m4-003/replay-public-config.mjs && corepack pnpm test:browser && python3 -B spikes/m0-007/scripts/check-history.py && python3 -B spikes/m0-014/scripts/check-live-setup.py && python3 -B scripts/m1-functions/artifact-manifest.py
$ biome check .dependency-cruiser.cjs apps/storefront/src apps/storefront/test apps/storefront/scripts apps/storefront/vite.config.ts apps/web/src/islands apps/web/src/pages/live.ts apps/web/src/pages/api apps/web/src/server apps/web/src/shared apps/web/src/styles apps/web/test apps/web/astro.config.mjs apps/worker/src apps/worker/test packages/contracts/src packages/domain/src packages/cart-authorization/src packages/cart-authorization/test packages/application/src packages/database/src packages/database/test packages/shopify/src packages/shopify/test packages/visualizer/src packages/observability/src packages/observability/test scripts/boundaries scripts/m1-functions/check-vector.test.ts scripts/m5-002 scripts/m5-003 scripts/m5-004 scripts/m5-005 scripts/m5-009 scripts/m5-010 scripts/m5-011 scripts/m5-012 scripts/m5-013 scripts/m5-015 scripts/m5-015r scripts/m5-016 scripts/m5-017
apps/web/src/server/admin/production.ts:81:57 lint/style/useTemplate  FIXABLE  ━━━━━━━━━━━━━━━━━━━━━

  i Template literals are preferred over string concatenation.
  
    79 │   const appOrigin = required(env, 'APP_URL');
    80 │   const appId = env.INSIGNIA_SHOPIFY_APP_ID;
  > 81 │   const appGid = appId && /^[1-9][0-9]*$/.test(appId) ? 'gid://shopify/App/' + appId : null;
       │                                                         ^^^^^^^^^^^^^^^^^^^^^^^^^^^^
    82 │   const shopify = createAdminOnlineIdentity({ apiKey, apiSecret, hostName: new URL(appOrigin).host });
    83 │   const core = createDurableCore(databasePool ?? new Pool({ connectionString: databaseUrl }));
  
  i Unsafe fix: Use a template literal.
  
     79  79 │     const appOrigin = required(env, 'APP_URL');
     80  80 │     const appId = env.INSIGNIA_SHOPIFY_APP_ID;
     81     │ - ··const·appGid·=·appId·&&·/^[1-9][0-9]*$/.test(appId)·?·'gid://shopify/App/'·+·appId·:·null;
         81 │ + ··const·appGid·=·appId·&&·/^[1-9][0-9]*$/.test(appId)·?·`gid://shopify/App/${appId}`·:·null;
     82  82 │     const shopify = createAdminOnlineIdentity({ apiKey, apiSecret, hostName: new URL(appOrigin).host });
     83  83 │     const core = createDurableCore(databasePool ?? new Pool({ connectionString: databaseUrl }));
  

apps/web/src/server/admin/production.ts:104:54 lint/style/useTemplate  FIXABLE  ━━━━━━━━━━━━━━━━━━━━

  i Template literals are preferred over string concatenation.
  
    102 │       installationGeneration: actor.installationGeneration,
    103 │     });
  > 104 │     if (!scope || scope.shopDomain !== actor.shop || 'gid://shopify/Shop/' + scope.shopifyShopId !== actor.shopId)
        │                                                      ^^^^^^^^^^^^^^^^^^^^^^^^^^^^^^^^^^^^^^^^^^^
    105 │       throw new Error('Admin installation changed');
    106 │   }
  
  i Unsafe fix: Use a template literal.
  
    102 102 │         installationGeneration: actor.installationGeneration,
    103 103 │       });
    104     │ - ····if·(!scope·||·scope.shopDomain·!==·actor.shop·||·'gid://shopify/Shop/'·+·scope.shopifyShopId·!==·actor.shopId)
        104 │ + ····if·(!scope·||·scope.shopDomain·!==·actor.shop·||·`gid://shopify/Shop/${scope.shopifyShopId}`·!==·actor.shopId)
    105 105 │         throw new Error('Admin installation changed');
    106 106 │     }
  

apps/web/src/server/admin/production.ts:292:53 lint/style/useTemplate  FIXABLE  ━━━━━━━━━━━━━━━━━━━━

  i Template literals are preferred over string concatenation.
  
    290 │               throw new AdminInstallationReconciliationError('TENANT_READ_FAILED');
    291 │             });
  > 292 │             if (!tenant || !tenant.shopifyShopId || 'gid://shopify/Shop/' + tenant.shopifyShopId !== provider.shopId)
        │                                                     ^^^^^^^^^^^^^^^^^^^^^^^^^^^^^^^^^^^^^^^^^^^^
    293 │               throw new AdminInstallationReconciliationError('TENANT_NOT_FOUND_OR_SHOP_ID_MISMATCH');
    294 │             const installed = await core.tenants.getCurrentAdminInstallation(tenant.shopId).catch(() => {
  
  i Unsafe fix: Use a template literal.
  
    290 290 │                 throw new AdminInstallationReconciliationError('TENANT_READ_FAILED');
    291 291 │               });
    292     │ - ············if·(!tenant·||·!tenant.shopifyShopId·||·'gid://shopify/Shop/'·+·tenant.shopifyShopId·!==·provider.shopId)
        292 │ + ············if·(!tenant·||·!tenant.shopifyShopId·||·`gid://shopify/Shop/${tenant.shopifyShopId}`·!==·provider.shopId)
    293 293 │                 throw new AdminInstallationReconciliationError('TENANT_NOT_FOUND_OR_SHOP_ID_MISMATCH');
    294 294 │               const installed = await core.tenants.getCurrentAdminInstallation(tenant.shopId).catch(() => {
  

scripts/m5-017/qualification.mjs:301:9 lint/complexity/noUselessCatch  FIXABLE  ━━━━━━━━━━━━━━━━━━━━

  i The catch clause that only rethrows the original error is useless.
  
    299 │         save();
    300 │       } catch (error) {
  > 301 │         throw error;
        │         ^^^^^^^^^^^^
    302 │       }
    303 │       requireValue((await owner()).status === 'DRAFT', 'initial_draft');
  
  i An unnecessary catch clause can be confusing.
  
  i Unsafe fix: Remove the try/catch clause.
  
    292 292 │       if (phase === 'start') {
    293 293 │         op.mode('create');
    294     │ - ······try·{
    295 294 │           const s = op.state();
    296 295 │           evidence.create = (
    ······· │ 
    298 297 │           ).productCreate.product;
    299 298 │           save();
    300     │ - ······}·catch·(error)·{
    301     │ - ········throw·error;
    302     │ - ······}
    303 299 │         requireValue((await owner()).status === 'DRAFT', 'initial_draft');
    304 300 │         evidence.draft = await snapshot('draft');
  

apps/web/src/server/admin/auth.ts:64:48 lint/style/noNonNullAssertion ━━━━━━━━━━━━━━━━━━━━━━━━━━━━━━

  ! Forbidden non-null assertion.
  
    62 │     let identity: VerifiedAdminIdentity;
    63 │     try {
  > 64 │       identity = await port.verifySessionToken(match[1]!);
       │                                                ^^^^^^^^^
    65 │     } catch {
    66 │       return null;
  

apps/web/src/server/admin/auth.ts:79:46 lint/style/noNonNullAssertion ━━━━━━━━━━━━━━━━━━━━━━━━━━━━━━

  ! Forbidden non-null assertion.
  
    77 │     let grant: OnlineAdminGrant;
    78 │     try {
  > 79 │       grant = await port.exchangeOnlineGrant(match[1]!, identity);
       │                                              ^^^^^^^^^
    80 │     } catch (error) {
    81 │       diagnostic(error instanceof AdminOnlineIdentityError ? error.stage : 'ONLINE_EXCHANGE_FAILED');
  

apps/web/src/server/admin/preview.ts:109:28 lint/style/noNonNullAssertion ━━━━━━━━━━━━━━━━━━━━━━━━━━

  ! Forbidden non-null assertion.
  
    107 │             .then((found) => (found ? project(found) : null)),
    108 │         );
  > 109 │       const result = await map.get(id)!;
        │                            ^^^^^^^^^^^^
    110 │       await active(actor);
    111 │       return result;
  

apps/web/src/server/admin/preview.ts:116:28 lint/style/noNonNullAssertion ━━━━━━━━━━━━━━━━━━━━━━━━━━

  ! Forbidden non-null assertion.
  
    114 │       await active(actor);
    115 │       if (!currencies.has(actor)) currencies.set(actor, reader(actor).shopCurrency());
  > 116 │       const result = await currencies.get(actor)!;
        │                            ^^^^^^^^^^^^^^^^^^^^^^
    117 │       await active(actor);
    118 │       return result;
  

apps/web/src/server/admin/preview.ts:163:34 lint/style/noNonNullAssertion ━━━━━━━━━━━━━━━━━━━━━━━━━━

  ! Forbidden non-null assertion.
  
    161 │                   shopId: randomUUID(),
    162 │                   shopDomain: shop,
  > 163 │                   shopifyShopId: shopId.split('/').at(-1)!,
        │                                  ^^^^^^^^^^^^^^^^^^^^^^^^^
    164 │                   externalInstallationId: provider.installationId,
    165 │                 }),
  

apps/web/src/server/admin/preview.ts:223:26 lint/style/noNonNullAssertion ━━━━━━━━━━━━━━━━━━━━━━━━━━

  ! Forbidden non-null assertion.
  
    221 │                   installationGeneration: bound.installationGeneration,
    222 │                   shopifyShopId: shopId,
  > 223 │                   appId: env.INSIGNIA_M5_002_APP_RESOURCE!,
        │                          ^^^^^^^^^^^^^^^^^^^^^^^^^^^^^^^^^
    224 │                 },
    225 │                 {
  

apps/web/src/server/admin/preview.ts:227:46 lint/style/noNonNullAssertion ━━━━━━━━━━━━━━━━━━━━━━━━━━

  ! Forbidden non-null assertion.
  
    225 │                 {
    226 │                   appKey: client,
  > 227 │                   transformInputQuerySha256: env.INSIGNIA_M5_002_TRANSFORM_QUERY_HASH!,
        │                                              ^^^^^^^^^^^^^^^^^^^^^^^^^^^^^^^^^^^^^^^^^
    228 │                   validationInputQuerySha256: env.INSIGNIA_M5_002_VALIDATION_QUERY_HASH!,
    229 │                 },
  

apps/web/src/server/admin/preview.ts:228:47 lint/style/noNonNullAssertion ━━━━━━━━━━━━━━━━━━━━━━━━━━

  ! Forbidden non-null assertion.
  
    226 │                   appKey: client,
    227 │                   transformInputQuerySha256: env.INSIGNIA_M5_002_TRANSFORM_QUERY_HASH!,
  > 228 │                   validationInputQuerySha256: env.INSIGNIA_M5_002_VALIDATION_QUERY_HASH!,
        │                                               ^^^^^^^^^^^^^^^^^^^^^^^^^^^^^^^^^^^^^^^^^^
    229 │                 },
    230 │               );
  

apps/web/src/server/admin/production.ts:292:17 lint/complexity/useOptionalChain  FIXABLE  ━━━━━━━━━━

  ! Change to an optional chain.
  
    290 │               throw new AdminInstallationReconciliationError('TENANT_READ_FAILED');
    291 │             });
  > 292 │             if (!tenant || !tenant.shopifyShopId || 'gid://shopify/Shop/' + tenant.shopifyShopId !== provider.shopId)
        │                 ^^^^^^^^^^^^^^^^^^^^^^^^^^^^^^^^
    293 │               throw new AdminInstallationReconciliationError('TENANT_NOT_FOUND_OR_SHOP_ID_MISMATCH');
    294 │             const installed = await core.tenants.getCurrentAdminInstallation(tenant.shopId).catch(() => {
  
  i Unsafe fix: Change to an optional chain.
  
    290 290 │                 throw new AdminInstallationReconciliationError('TENANT_READ_FAILED');
    291 291 │               });
    292     │ - ············if·(!tenant·||·!tenant.shopifyShopId·||·'gid://shopify/Shop/'·+·tenant.shopifyShopId·!==·provider.shopId)
        292 │ + ············if·(!tenant?.shopifyShopId·||·'gid://shopify/Shop/'·+·tenant.shopifyShopId·!==·provider.shopId)
    293 293 │                 throw new AdminInstallationReconciliationError('TENANT_NOT_FOUND_OR_SHOP_ID_MISMATCH');
    294 294 │               const installed = await core.tenants.getCurrentAdminInstallation(tenant.shopId).catch(() => {
  

apps/web/src/server/merchant-config.ts:174:28 lint/style/noNonNullAssertion ━━━━━━━━━━━━━━━━━━━━━━━━

  ! Forbidden non-null assertion.
  
    172 │         option.allowedValueIds.flatMap((id) => {
    173 │           const label = oldLabels?.[id];
  > 174 │           return label ? [[values.get(id)!, label]] : [];
        │                            ^^^^^^^^^^^^^^^
    175 │         }),
    176 │       );
  

apps/web/src/server/merchant-config.ts:177:47 lint/style/noNonNullAssertion ━━━━━━━━━━━━━━━━━━━━━━━━

  ! Forbidden non-null assertion.
  
    175 │         }),
    176 │       );
  > 177 │       return Object.keys(remapped).length ? [[options.get(option.id)!, remapped]] : [];
        │                                               ^^^^^^^^^^^^^^^^^^^^^^^
    178 │     }),
    179 │   );
  

apps/web/src/server/merchant-config.ts:183:50 lint/style/noNonNullAssertion ━━━━━━━━━━━━━━━━━━━━━━━━

  ! Forbidden non-null assertion.
  
    181 │     ...source,
    182 │     labels,
  > 183 │     methods: source.methods.map((item) => ({ id: methods.get(item.id)! })),
        │                                                  ^^^^^^^^^^^^^^^^^^^^^
    184 │     placements: source.placements.map((item) => ({
    185 │       ...item,
  

apps/web/src/server/merchant-config.ts:186:11 lint/style/noNonNullAssertion ━━━━━━━━━━━━━━━━━━━━━━━━

  ! Forbidden non-null assertion.
  
    184 │     placements: source.placements.map((item) => ({
    185 │       ...item,
  > 186 │       id: placements.get(item.id)!,
        │           ^^^^^^^^^^^^^^^^^^^^^^^^
    187 │       allowedMethodIds: item.allowedMethodIds.map((id) => methods.get(id)!),
    188 │       allowedStepIds: item.allowedStepIds.map((id) => steps.get(id)!),
  

apps/web/src/server/merchant-config.ts:187:59 lint/style/noNonNullAssertion ━━━━━━━━━━━━━━━━━━━━━━━━

  ! Forbidden non-null assertion.
  
    185 │       ...item,
    186 │       id: placements.get(item.id)!,
  > 187 │       allowedMethodIds: item.allowedMethodIds.map((id) => methods.get(id)!),
        │                                                           ^^^^^^^^^^^^^^^^
    188 │       allowedStepIds: item.allowedStepIds.map((id) => steps.get(id)!),
    189 │     })),
  

apps/web/src/server/merchant-config.ts:188:55 lint/style/noNonNullAssertion ━━━━━━━━━━━━━━━━━━━━━━━━

  ! Forbidden non-null assertion.
  
    186 │       id: placements.get(item.id)!,
    187 │       allowedMethodIds: item.allowedMethodIds.map((id) => methods.get(id)!),
  > 188 │       allowedStepIds: item.allowedStepIds.map((id) => steps.get(id)!),
        │                                                       ^^^^^^^^^^^^^^
    189 │     })),
    190 │     productionOptions: source.productionOptions.map((item) => ({
  

apps/web/src/server/merchant-config.ts:191:11 lint/style/noNonNullAssertion ━━━━━━━━━━━━━━━━━━━━━━━━

  ! Forbidden non-null assertion.
  
    189 │     })),
    190 │     productionOptions: source.productionOptions.map((item) => ({
  > 191 │       id: options.get(item.id)!,
        │           ^^^^^^^^^^^^^^^^^^^^^
    192 │       allowedValueIds: item.allowedValueIds.map((id) => values.get(id)!),
    193 │     })),
  

The number of diagnostics exceeds the limit allowed. Use --max-diagnostics to increase it.
Diagnostics not shown: 181.
Checked 294 files in 2s. No fixes applied.
Found 84 warnings.
Found 117 infos.
$ corepack pnpm -r --filter './packages/**' build && corepack pnpm -r --filter './apps/**' build
packages/cart-authorization build$ tsc -p tsconfig.json
packages/contracts build$ tsc -p tsconfig.json
packages/observability build$ tsc -p tsconfig.json
packages/domain build$ tsc -p tsconfig.json
packages/domain build: Done
packages/visualizer build$ tsc -p tsconfig.json
packages/contracts build: Done
packages/application build$ tsc -p tsconfig.json
packages/cart-authorization build: Done
packages/observability build: Done
packages/visualizer build: Done
packages/application build: Done
packages/shopify build$ tsc -p tsconfig.json
packages/shopify build: Done
packages/database build$ tsc -p tsconfig.json
packages/database build: Done
apps/storefront build$ tsc --noEmit && vite build && node scripts/copy-theme-asset.mjs
apps/worker build$ tsc -p tsconfig.json
apps/storefront build: vite v8.3.1 building client environment for production...
apps/storefront build: transforming...
apps/storefront build: ✓ 5 modules transformed.
apps/storefront build: rendering chunks...
apps/storefront build: computing gzip size...
apps/storefront build: dist/insignia-storefront.js  14.03 kB │ gzip: 5.93 kB
apps/storefront build: 
apps/storefront build: ✓ built in 43ms
apps/storefront build: Done
apps/worker build: Done
apps/web build$ astro check && astro build
apps/web build: 11:14:33 [@astrojs/node] Enabling sessions with filesystem storage
apps/web build: 11:14:33 [types] Generated 79ms
apps/web build: 11:14:33 [check] Getting diagnostics for Astro files in /home/serveradmin/insignia-m5-022-worktree/apps/web...
apps/web build: Result (28 files): 
apps/web build: - 0 errors
apps/web build: - 0 warnings
apps/web build: - 0 hints
apps/web build: 
apps/web build: 11:14:41 [@astrojs/node] Enabling sessions with filesystem storage
apps/web build: 11:14:41 [types] Generated 85ms
apps/web build: 11:14:41 [build] output: "server"
apps/web build: 11:14:41 [build] mode: "server"
apps/web build: 11:14:41 [build] directory: /home/serveradmin/insignia-m5-022-worktree/apps/web/dist/
apps/web build: 11:14:41 [build] adapter: @astrojs/node
apps/web build: 11:14:41 [build] Collecting build info...
apps/web build: 11:14:41 [build] ✓ Completed in 134ms.
apps/web build: 11:14:41 [build] Building server entrypoints...
apps/web build: 11:14:41 [vite] ✓ built in 284ms
apps/web build: 11:14:44 [vite] ✓ built in 3.01s
apps/web build: 11:14:45 [vite] ✓ built in 418ms
apps/web build: 11:14:45 [build] Rearranging server assets...
apps/web build: 11:14:45 [build] ✓ Completed in 3.80s.
apps/web build: 11:14:45 [build] Server built in 3.94s
apps/web build: 11:14:45 [build] Complete!
apps/web build: Done
$ corepack pnpm --filter @insignia/domain test && corepack pnpm --filter @insignia/contracts test && corepack pnpm --filter @insignia/visualizer test && corepack pnpm --filter @insignia/cart-authorization test && corepack pnpm --filter @insignia/application test && corepack pnpm --filter @insignia/shopify test && corepack pnpm --filter @insignia/observability test && corepack pnpm --filter @insignia/worker test
$ vitest run

 RUN  v5.0.2 /home/serveradmin/insignia-m5-022-worktree/packages/domain


 Test Files  5 passed (5)
      Tests  26 passed (26)
   Start at  11:14:45
   Duration  831ms (tests 44%, transform 36%, import 17%, worker 3%)

$ vitest run

 RUN  v5.0.2 /home/serveradmin/insignia-m5-022-worktree/packages/contracts


 Test Files  2 passed (2)
      Tests  6 passed (6)
   Start at  11:14:47
   Duration  388ms (import 58%, transform 31%, tests 9%, worker 2%)

$ vitest run

 RUN  v5.0.2 /home/serveradmin/insignia-m5-022-worktree/packages/visualizer


 Test Files  2 passed (2)
      Tests  9 passed (9)
   Start at  11:14:48
   Duration  320ms (transform 66%, import 15%, tests 15%, worker 4%)

$ node --experimental-strip-types --test test/*.test.ts
✔ hard subset bounds and untrusted ordinary-line hints (3.00127ms)
✔ 33 buckets are refused before the signer is called (0.523443ms)
✔ every admitted code matches the versioned matrix and unknown/digital values reject (37.188235ms)
✔ production-generated carriers decode, conserve and verify for every complete set (16.059643ms)
✔ PostgreSQL-persisted negative adjustment has exact signed quote and member economics (6.548321ms)
✔ versioned 33-bucket vector rejects before any signing call (0.530067ms)
✔ production decoder and signature bytes preserve the independent v2 wire literal (14.693942ms)
✔ injected synthetic Ed25519 signer covers the complete set and three-day key window (3.125468ms)
✔ invalid window or set refuses signing and noncanonical carrier refuses decoding (0.627306ms)
ℹ tests 9
ℹ suites 0
ℹ pass 9
ℹ fail 0
ℹ cancelled 0
ℹ skipped 0
ℹ todo 0
ℹ duration_ms 337.47679
$ vitest run

 RUN  v5.0.2 /home/serveradmin/insignia-m5-022-worktree/packages/application


 Test Files  16 passed (16)
      Tests  201 passed (201)
   Start at  11:14:49
   Duration  3.00s (transform 44%, import 36%, tests 16%, worker 3%)

  Transform  transforming modules took 2.25s · 44% of tracked time, re-done on every run
             persist transforms across runs with fsModuleCache: true
             learn more: https://vitest.dev/guide/improving-performance#caching-between-reruns

$ vitest run

 RUN  v5.0.2 /home/serveradmin/insignia-m5-022-worktree/packages/shopify


 Test Files  14 passed (14)
      Tests  334 passed (334)
   Start at  11:14:53
   Duration  3.92s (tests 61%, transform 23%, import 15%, worker 2%)

    Isolate  14 workers spawned · ~287ms startup each (spawn + environment, per file)
             at least ~1.05s faster with isolate: false — reuses workers across files instead of one per file

$ node --test test/*.test.mjs
✔ structured runtime events cannot emit arbitrary payload or credential fields (5.118123ms)
✔ metric labels are fixed outcomes and never contain tenant or delivery IDs (2.692602ms)
✔ admin auth diagnostics emit only a bounded stage and independent correlation, never identity or secrets (1.856899ms)
ℹ tests 3
ℹ suites 0
ℹ pass 3
ℹ fail 0
ℹ cancelled 0
ℹ skipped 0
ℹ todo 0
ℹ duration_ms 186.770433
$ node --test test/*.test.mjs
✔ current and previous synthetic wrapping keys remain available by ID (2.490097ms)
✔ PostgreSQL claim retries the old refresh token after a lost response and fences stale replacement (200.20543ms)
✔ diagnostic decodes and derives synthetic pixels without claiming durable readiness (14.436786ms)
✔ liveness stays separate from durable readiness; loopback metrics expose bounded outcomes (106.224659ms)
{"level":30,"time":1791458098901,"event":"worker_started"}
{"level":30,"time":1791458098920,"event":"webhook_enqueued","inboxId":"ed5a7604-e94e-4881-b235-5e32ea4dc9c7"}
{"level":50,"time":1791458098934,"event":"webhook_process_failed","inboxId":"ed5a7604-e94e-4881-b235-5e32ea4dc9c7","errorClass":"ProcessingError","attempt":0}
{"level":30,"time":1791458102927,"event":"webhook_process_ok","inboxId":"ed5a7604-e94e-4881-b235-5e32ea4dc9c7","attempt":1}
{"level":30,"time":1791458102976,"event":"worker_stopped"}
{"level":30,"time":1791458102996,"event":"worker_started"}
{"level":30,"time":1791458103012,"event":"worker_stopped"}
✔ PostgreSQL pg-boss starts, retries, settles and replays after restart (4251.390426ms)
{"level":30,"time":1791458103059,"event":"worker_started"}
{"level":30,"time":1791458103064,"event":"webhook_enqueued","inboxId":"901436ec-9302-494e-9a5e-e1286a8f6676"}
{"level":50,"time":1791458103080,"event":"webhook_process_failed","inboxId":"901436ec-9302-494e-9a5e-e1286a8f6676","errorClass":"ProcessingError","attempt":0}
{"level":30,"time":1791458107070,"event":"webhook_process_ok","inboxId":"901436ec-9302-494e-9a5e-e1286a8f6676","attempt":1}
{"level":30,"time":1791458107113,"event":"worker_stopped"}
✔ pg-boss retry after committed uninstall retains one deactivation and one inbox fact (4099.912321ms)
✔ process starts queues and workers before readiness; stop makes readiness unavailable (46.089123ms)
✔ startup failure closes a started queue without reporting readiness (1.601833ms)
{"level":30,"time":1791458098854,"event":"worker_started"}
{"level":30,"time":1791458098859,"event":"worker_started"}
{"level":30,"time":1791458098861,"event":"worker_started"}
{"level":30,"time":1791458098864,"event":"worker_started"}
{"level":30,"time":1791458098866,"event":"worker_started"}
{"level":30,"time":1791458098868,"event":"worker_started"}
✔ enqueue confirms exact inbox identity, including completed job replay (10.087413ms)
✔ null send without same persisted job is retryable, never an acknowledgement (2.422074ms)
✔ workers pass IDs only to injected durable handlers; failed attempt retries safely (3.784381ms)
✔ invalid job body and identity fail closed without invoking application (1.322553ms)
✔ enabled worker refuses missing credential-key configuration and stays not ready (2.03333ms)
✔ refresh claim contention is retried rather than silently completing its job (2.101243ms)
{"level":30,"time":1791458098855,"event":"webhook_enqueued","inboxId":"d9333b57-119b-441d-afe8-a6ff455ebd00"}
{"level":30,"time":1791458098856,"event":"worker_stopped"}
{"level":50,"time":1791458098861,"event":"webhook_process_failed","inboxId":"a79aad6e-3138-49fb-82c3-24799dd0ec44","errorClass":"ProcessingError","attempt":0}
{"level":30,"time":1791458098862,"event":"webhook_process_ok","inboxId":"a79aad6e-3138-49fb-82c3-24799dd0ec44","attempt":1}
{"level":30,"time":1791458098862,"event":"refresh_process_ok","shopId":"db4343b2-5bac-4788-a947-fb28c685944b","attempt":0}
{"level":30,"time":1791458098863,"event":"worker_stopped"}
{"level":50,"time":1791458098865,"event":"webhook_process_failed","inboxId":"b2394b40-3d05-4704-a564-7e2ff086ab7c","errorClass":"ProcessingError","attempt":0}
{"level":30,"time":1791458098866,"event":"worker_stopped"}
{"level":50,"time":1791458098869,"event":"refresh_process_failed","errorClass":"RefreshError","attempt":0}
{"level":30,"time":1791458098869,"event":"worker_stopped"}
✔ configured worker serves liveness and durable readiness, then closes on SIGTERM (1032.250437ms)
ℹ tests 15
ℹ suites 0
ℹ pass 15
ℹ fail 0
ℹ cancelled 0
ℹ skipped 0
ℹ todo 0
ℹ duration_ms 9234.8964
$ node --test scripts/m5-002/read-register.test.mjs scripts/m5-002/built-runtime.test.mjs && node --test scripts/m5-004/operator.test.mjs scripts/m5-009/operator.test.mjs scripts/m5-010/operator.test.mjs scripts/m5-010/binding.test.mjs scripts/m5-010/native-actions.test.mjs && node --test scripts/m5-005/diagnostic.test.mjs && node --test scripts/m5-011/operator.test.mjs scripts/m5-011/binding.test.mjs && node --test scripts/m5-012/operator.test.mjs scripts/m5-012/binding.test.mjs && node --test scripts/m5-013/operator.test.mjs scripts/m5-013/binding.test.mjs scripts/m5-015/*.test.mjs scripts/m5-015r/*.test.mjs && node --test scripts/m5-016/*.test.mjs && node --test scripts/m5-017/*.test.mjs
✔ complete built server reproduces CLI development-mode CSP rejection (261.000803ms)
✔ actual launcher runtime preparation admits built hydration without widening CSP (237.453048ms)
✔ actual launcher register reserves durably before synthetic fetch, serializes and denies extra attempts (80.382815ms)
✔ exact SDK online exchange is counted per attempt; mutations, wrong targets and other token/event routes never send (2.534866ms)
✔ ambiguous or inflated history stops before any send (0.473844ms)
✔ one-shot loss applies only after a committed local save and never changes transport counts (1.648142ms)
ℹ tests 6
ℹ suites 0
ℹ pass 6
ℹ fail 0
ℹ cancelled 0
ℹ skipped 0
ℹ todo 0
ℹ duration_ms 582.486557
✔ actual HTTP attempts are durably reserved before dispatch (12.660989ms)
✔ captured M5-004 empty grants stop the actual public workflow before any fixture write (9.103493ms)
✔ fixed targets/documents/variables reject unrelated writes and extra payload before actual HTTP (5.125274ms)
✔ normal reserves cannot consume final 12 reads/3 updates; all attempts count, one lock and one create (237.867699ms)
✔ naturally lost mutation response stops all later writes and cleanup across reopen; no automatic retry (2.649371ms)
✔ real routing identity, nine retained grants and complete empty publication history are mandatory (2.834284ms)
✔ auth exact app/route counts3 and never persists synthetic secret or returned token (1.770632ms)
✔ missing/corrupt history never reinitializes or sends (0.735969ms)
✔ offline gate prevents even credential loading (0.562943ms)
✔ full qualification reuses unchanged actual status/catalog adapters, fresh-process hold reload and drift refusal (717.350138ms)
✔ complete workflow stops on changed installation; no manufacture or unsafe cleanup (42.351915ms)
✔ complete workflow stops on unexpected exposure; no manufacture or unsafe cleanup (30.484412ms)
✔ complete workflow stops on visibility mismatch; no manufacture or unsafe cleanup (188.993235ms)
✔ complete workflow stops on natural lost response; no manufacture or unsafe cleanup (128.453224ms)
✔ complete workflow stops on metadata drift; no manufacture or unsafe cleanup (33.686199ms)
✔ complete workflow stops on malformed success; no manufacture or unsafe cleanup (132.618276ms)
✔ live register is canonical; synthetic initialization rejects unsafe directories and lost history (0.692463ms)
✔ malformed/unsuccessful mutation responses stay unknown; only valid explicit rejection permits finalization (7.817201ms)
✔ lock cannot release while late HTTP/body work can still persist history (1.167045ms)
✔ acknowledged fixture metadata baseline rejects added tags or changed creation identity (1.171758ms)
✔ actual adapter HTTP/GraphQL outcomes survive bounded transport and sanitized response replay (17.390075ms)
✔ foreign live root and stale register binding cannot reach credential loading (22.47911ms)
✔ gate rejects incomplete CI and unbound review receipts even when every supplied workflow is green (30.019307ms)
✔ complete source/build/review/CI gate accepts bound receipts and rejects omissions, stale refs or altered evidence (101.07377ms)
✔ actual adapter user-error failure remains identical when replayed from sanitized mutation evidence (10.519291ms)
✔ malformed success userErrors cannot acknowledge a status mutation or allow cleanup (4.97131ms)
✔ actual availability missing/oversized bodies keep direct/wrapped/replayed shape errors (5.148846ms)
✔ catalog receives original bounded UTF8 bytes and provenance hashes the bytes, not replacement text (4.67009ms)
✔ failed catalog preserves actual normalized results before STOP (287.993642ms)
✔ failed drift preserves actual normalized results before STOP (542.309176ms)
✔ availability preserves its lossy UTF8 semantics while catalog rejects the same original bad bytes (2.553239ms)
✔ reopening a finished run preserves exact normalized evidence and refuses before credential loading (526.818793ms)
✔ catalog successful non200 keeps direct/wrapped/replayed body semantics (3.907893ms)
✔ current product capability accepts write_products without the obsolete nine grants (2.030283ms)
✔ legacy exact-nine guard stays unchanged while successor records current additional grants (4.036891ms)
✔ successor rejects absent capability, malformed grants and every wrong routing identity (1.014657ms)
✔ successor rejects the legacy canonical live directory before writing and cannot reopen legacy history (1.129319ms)
✔ successor documents, request ceilings, ownership, settlement and shared matrix stay source-identical (11.722642ms)
✔ fresh complete successor workflow uses real adapters, current product grants, persisted holds and unchanged matrix (1195.213573ms)
✔ public successor workflow stops on missing capability without unsafe cleanup or retries (2.943759ms)
✔ public successor workflow stops on wrong identity without unsafe cleanup or retries (2.121644ms)
✔ public successor workflow stops on lost status acknowledgement without unsafe cleanup or retries (112.21264ms)
✔ successor live entry refuses incomplete gate before the protected credential route (36.714604ms)
✔ successor gate binds its own tree, directory, exact source and independent review/CI receipts (133.683954ms)
✔ captured live publication-field denial stops create settlement and never permits status finalization (4.479471ms)
✔ successor gate binds its own tree, directory, exact source and independent review/CI receipts (242.612981ms)
✔ native release and two-scope consent are durable one-use operations with dependency and ambiguity stops (12.327963ms)
✔ native successful sequence closes after exactly one release/request/approval and rejects reset reservation history (8.865761ms)
✔ 010 requires all publication/product capabilities and permits additional well formed grants (5.533681ms)
✔ 010 denies normal fresh create until fixed predecessor has been safely resolved (4.037301ms)
✔ complete absent predecessor lookup permits one fresh create and retains resolution independently (11.360423ms)
✔ owned unpublished ARCHIVED predecessor requires exact archived readback before fresh create (6.545597ms)
✔ owned unpublished DRAFT predecessor requires exact archived readback before fresh create (6.019053ms)
✔ owned unpublished ACTIVE predecessor requires exact archived readback before fresh create (9.246274ms)
✔ owned unpublished UNLISTED predecessor requires exact archived readback before fresh create (5.099854ms)
✔ predecessor multiple stops without any mutation or second lookup (2.503095ms)
✔ predecessor partial next stops without any mutation or second lookup (2.383375ms)
✔ predecessor partial previous stops without any mutation or second lookup (3.188292ms)
✔ predecessor missing page info stops without any mutation or second lookup (1.885405ms)
✔ predecessor missing nodes stops without any mutation or second lookup (1.403577ms)
✔ predecessor invalid product id stops without any mutation or second lookup (1.752718ms)
✔ predecessor wrong type stops without any mutation or second lookup (1.419907ms)
✔ predecessor wrong handle stops without any mutation or second lookup (1.3785ms)
✔ predecessor wrong title stops without any mutation or second lookup (1.51745ms)
✔ predecessor wrong tag stops without any mutation or second lookup (1.558626ms)
✔ predecessor too early creation stops without any mutation or second lookup (1.649837ms)
✔ predecessor invalid creation stops without any mutation or second lookup (1.411509ms)
✔ predecessor future creation stops without any mutation or second lookup (3.0972ms)
✔ predecessor published stops without any mutation or second lookup (1.402675ms)
✔ predecessor store url stops without any mutation or second lookup (1.39974ms)
✔ predecessor publication membership stops without any mutation or second lookup (1.529346ms)
✔ predecessor resource partial stops without any mutation or second lookup (1.789154ms)
✔ predecessor unpublished partial stops without any mutation or second lookup (2.011474ms)
✔ predecessor missing publications stops without any mutation or second lookup (1.452012ms)
✔ predecessor unsupported status stops without any mutation or second lookup (2.164557ms)
✔ predecessor lookup transport retains stop and never retries or creates (1.775044ms)
✔ predecessor lookup stream failure retains stop and never retries or creates (2.371523ms)
✔ predecessor lookup invalid utf8 retains stop and never retries or creates (1.883447ms)
✔ predecessor lookup http retains stop and never retries or creates (1.365014ms)
✔ predecessor lookup missing body retains stop and never retries or creates (1.920257ms)
✔ predecessor lookup invalid json retains stop and never retries or creates (1.74893ms)
✔ predecessor lookup oversized retains stop and never retries or creates (2.650937ms)
✔ predecessor lookup graphql permission retains stop and never retries or creates (2.127672ms)
✔ predecessor lookup partial graphql data retains stop and never retries or creates (2.319888ms)
✔ predecessor lookup mutation rejected retains stop and never retries or creates (2.298517ms)
✔ predecessor archive transport retains stop and never retries or creates (2.132883ms)
✔ predecessor archive stream failure retains stop and never retries or creates (2.063972ms)
✔ predecessor archive invalid utf8 retains stop and never retries or creates (2.591653ms)
✔ predecessor archive http retains stop and never retries or creates (2.22127ms)
✔ predecessor archive missing body retains stop and never retries or creates (3.242197ms)
✔ predecessor archive invalid json retains stop and never retries or creates (2.386232ms)
✔ predecessor archive oversized retains stop and never retries or creates (3.192829ms)
✔ predecessor archive graphql permission retains stop and never retries or creates (2.153649ms)
✔ predecessor archive partial graphql data retains stop and never retries or creates (2.137939ms)
✔ predecessor archive mutation rejected retains stop and never retries or creates (2.370833ms)
✔ predecessor readback transport retains stop and never retries or creates (6.093404ms)
✔ predecessor readback stream failure retains stop and never retries or creates (5.353514ms)
✔ predecessor readback invalid utf8 retains stop and never retries or creates (2.443501ms)
✔ predecessor readback http retains stop and never retries or creates (2.712135ms)
✔ predecessor readback missing body retains stop and never retries or creates (2.487335ms)
✔ predecessor readback invalid json retains stop and never retries or creates (2.64933ms)
✔ predecessor readback oversized retains stop and never retries or creates (4.193999ms)
✔ predecessor readback graphql permission retains stop and never retries or creates (3.486635ms)
✔ predecessor readback partial graphql data retains stop and never retries or creates (3.074984ms)
✔ predecessor readback mutation rejected retains stop and never retries or creates (6.994076ms)
✔ archive wrong id cannot resolve predecessor (2.072801ms)
✔ archive wrong metadata cannot resolve predecessor (1.715038ms)
✔ archive wrong status cannot resolve predecessor (1.956478ms)
✔ archive exposed cannot resolve predecessor (1.801769ms)
✔ readback wrong id cannot resolve predecessor (2.476987ms)
✔ readback wrong metadata cannot resolve predecessor (2.761449ms)
✔ readback wrong status cannot resolve predecessor (2.500633ms)
✔ readback exposed cannot resolve predecessor (3.479165ms)
✔ public qualification resolves absent predecessor then runs unchanged real adapter matrix (711.113665ms)
✔ public qualification resolves ARCHIVED predecessor then runs unchanged real adapter matrix (525.212061ms)
✔ public qualification resolves ACTIVE predecessor then runs unchanged real adapter matrix (510.52909ms)
✔ fixed predecessor search and status-only allowance cannot be caller substituted (2.303341ms)
✔ reload retains predecessor FOUND, independent identity and one archival reservation (1.755038ms)
✔ reload retains predecessor ARCHIVE_ACKNOWLEDGED, independent identity and one archival reservation (1.933823ms)
✔ reload retains predecessor ARCHIVED_VERIFIED, independent identity and one archival reservation (2.390025ms)
✔ reload retains predecessor STOPPED, independent identity and one archival reservation (1.909592ms)
✔ reload retains predecessor ABSENT, independent identity and one archival reservation (1.306199ms)
✔ reopening refuses forged safe resolution or a retained lookup for a substituted marker (2.574457ms)
✔ serialized archive and readback attempts reserve actual HTTP once and never share the matrix allowance (5.603457ms)
✔ predecessor lookup consumes normal read ceiling and auth remains bounded at three (73.52253ms)
✔ public qualification stops on missing read_publications with no blind retry (2.419394ms)
✔ public qualification stops on wrong identity with no blind retry (2.444334ms)
✔ public qualification stops on predecessor permission failure with no blind retry (2.253512ms)
✔ public qualification stops on fresh create unknown with no blind retry (4.517453ms)
✔ public qualification stops on fresh adapter update unknown with no blind retry (83.443534ms)
✔ 010 cannot reopen closed-profile histories and synthetic qualification rejects every canonical live directory (34.441409ms)
✔ archival permission expiring during durable reservation consumes allowance without HTTP or retry (2.022004ms)
✔ pending predecessor HTTP retains exclusive lock and prevents early operator closure (1.338827ms)
✔ public qualification stops before fresh create after ACTIVE predecessor archive failure (3.387077ms)
✔ public qualification stops before fresh create after ACTIVE predecessor readback failure (3.64196ms)
✔ public qualification stops before fresh create after ARCHIVED predecessor readback failure (2.941812ms)
ℹ tests 136
ℹ suites 0
ℹ pass 136
ℹ fail 0
ℹ cancelled 0
ℹ skipped 0
ℹ todo 0
ℹ duration_ms 3548.405516
✔ one actual diagnostic sequence keeps empty installation distinct from nonempty token/REST/declarations (10.881194ms)
✔ partial stream failure is UNKNOWN and cannot allow a later independent read (3.028131ms)
✔ permission/shape metadata error does not become an empty grant agreement (3.312487ms)
✔ metadata shape failure still permits the independent REST read (2.139361ms)
✔ public sequence preserves missing installation/REST scope semantics (2.150694ms)
✔ public sequence preserves null installation/REST scope semantics (1.878819ms)
✔ public sequence preserves empty installation/REST scope semantics (1.80767ms)
✔ public sequence preserves wrong-type installation/REST scope semantics (3.522502ms)
✔ public sequence preserves duplicates installation/REST scope semantics (1.834299ms)
✔ public sequence preserves bad-handle installation/REST scope semantics (2.082282ms)
✔ token missing is recorded separately without preventing identity verification (1.733181ms)
✔ token null is recorded separately without preventing identity verification (1.60797ms)
✔ token empty is recorded separately without preventing identity verification (1.53614ms)
✔ token wrong-type is recorded separately without preventing identity verification (1.445261ms)
✔ token duplicate is recorded separately without preventing identity verification (1.520336ms)
✔ token bad-handle is recorded separately without preventing identity verification (1.468147ms)
✔ wrong shop identity stops after exactly two attempts (1.242106ms)
✔ wrong domain identity stops after exactly two attempts (0.917775ms)
✔ wrong app identity stops after exactly two attempts (1.033826ms)
✔ wrong client identity stops after exactly two attempts (0.930409ms)
✔ wrong installation identity stops after exactly two attempts (0.920313ms)
✔ wrong development identity stops after exactly two attempts (1.08599ms)
✔ explicit mismatched declared identity stops before REST (1.480711ms)
✔ token-invalid metadata response stops all later work (1.330596ms)
✔ offline unvalidated metadata is NOT_RUN without live document fallback (1.230952ms)
✔ unvalidated identity document stops before credential access (0.421899ms)
✔ actual entrypoint prevents host dispatch (0.949523ms)
✔ actual entrypoint prevents API dispatch (0.853524ms)
✔ actual entrypoint prevents method dispatch (0.811061ms)
✔ actual entrypoint prevents document dispatch (0.88551ms)
✔ actual entrypoint prevents mutation dispatch (0.875262ms)
✔ actual entrypoint prevents variables dispatch (0.92526ms)
✔ fixed REST GET prevents query (1.789556ms)
✔ fixed REST GET prevents body (1.604984ms)
✔ canonical history cannot be reopened, exhausted, corrupted or reset after loss (2.589548ms)
✔ expired credential preparation never dispatches a late HTTP call and retains pending lock (34.339934ms)
✔ ignored abort and late HTTP completion remain UNKNOWN with no later request or evidence rewrite (1022.150605ms)
✔ metadata oversized is shape evidence and allows independent REST (2.523185ms)
✔ metadata invalid-UTF8 is shape evidence and allows independent REST (1.51347ms)
✔ metadata invalid-JSON is shape evidence and allows independent REST (1.548725ms)
✔ metadata missing-body is shape evidence and allows independent REST (1.412117ms)
✔ unusable authentication never authorizes a read (0.702888ms)
✔ unusable authentication never authorizes a read (0.600254ms)
✔ unusable authentication never authorizes a read (0.60472ms)
✔ synthetic entry cannot override its mode to admit a nonsynthetic bearer (0.925777ms)
✔ pinned documented fields validate both exact documents and reject mutation/extra/unknown syntax (0.728882ms)
✔ live entrypoint rejects an unbound offline gate before owner credential metadata (27.002908ms)
✔ complete source/CI/review gate accepts exact receipts and rejects omitted/stale/altered evidence (95.814657ms)
✔ captured four-surface empty scope result replays through the public sequence without authorizing repair (2.084258ms)
ℹ tests 49
ℹ suites 0
ℹ pass 49
ℹ fail 0
ℹ cancelled 0
ℹ skipped 0
ℹ todo 0
ℹ duration_ms 1507.357724
✔ source gate requires two fresh high-effort reviews and every workflow on the frozen source (5.795529ms)
✔ full source binding includes the inherited internal Rust links without following external symlinks (338.329012ms)
✔ exact historical ownership accepts the fixed fixture and rejects an alternate target (2.50832ms)
✔ actual production acquire reports legacy membership conflict; V2 adjudication archives the owned fixture once (65.255927ms)
✔ ownership stops before any status mutation (4.687484ms)
✔ incomplete resourcePublications stops before any status mutation (6.209634ms)
✔ incomplete unpublishedPublications stops before any status mutation (3.752997ms)
✔ incomplete APP stops before any status mutation (5.00747ms)
✔ incomplete MARKET stops before any status mutation (7.189835ms)
✔ incomplete COMPANY_LOCATION stops before any status mutation (6.261657ms)
✔ incomplete NONE stops before any status mutation (14.476246ms)
✔ missing read scope stops before any status mutation (4.943868ms)
✔ initial DRAFT drift stops before any status mutation (13.222608ms)
✔ cross-partition version drift stops before any status mutation (3.272648ms)
✔ observed required grant loss in adapter read stops before any status mutation (10.129148ms)
✔ lost DRAFT acknowledgement never retries or archives (15.820961ms)
✔ DRAFT readback failure never retries or archives (13.92114ms)
✔ post-DRAFT ownership drift never retries or archives (18.26465ms)
✔ post-DRAFT partition drift never retries or archives (17.934911ms)
✔ different V2 behavior is classified from evidence without assuming staged membership (29.921303ms)
✔ ambiguous archive has exactly one bounded final observation and no resend (26.430746ms)
✔ newly appearing DRAFT V2 membership is not described as retained from ACTIVE (26.280306ms)
✔ acknowledgement/readback version drift stops before any post-DRAFT projection or cleanup (16.450972ms)
✔ concrete Shopify AppCatalog metadata permits the fixed adjudication (20.260558ms)
✔ concrete Shopify MarketCatalog metadata permits the fixed adjudication (23.141313ms)
✔ concrete Shopify CompanyLocationCatalog metadata permits the fixed adjudication (21.869599ms)
✔ catalog typename and global ID mismatch stops before any status mutation (6.262764ms)
✔ wrapped production failure preserves {"userError":true} (15.388736ms)
✔ wrapped production failure preserves {"adapterFailure":"http403"} (8.445514ms)
✔ wrapped production failure preserves {"adapterFailure":"graphql"} (7.877039ms)
✔ wrapped production failure preserves {"adapterFailure":"invalidJSON"} (6.893458ms)
✔ wrapped production failure preserves {"adapterFailure":"missingBody"} (7.348626ms)
✔ wrapped production failure preserves {"adapterFailure":"badScopes"} (7.363895ms)
✔ wrapped production failure preserves {"adapterFailure":"badNodes"} (8.455781ms)
✔ wrapped production failure preserves {"adapterFailure":"nullScope"} (6.62756ms)
✔ wrapped production failure preserves {"adapterFailure":"nullScopePost"} (11.134543ms)
✔ wrapped production failure preserves {"adapterFailure":"badHandlePost"} (12.217958ms)
✔ wrapped production failure preserves {"adapterFailure":"scopeString"} (6.893224ms)
✔ outstanding archive transport quarantines all further dispatch {"archiveOutstanding":true} (38.145241ms)
✔ outstanding archive transport quarantines all further dispatch {"archiveBodyOutstanding":true} (38.457956ms)
✔ outstanding archive transport quarantines all further dispatch {"archiveOversizeOutstanding":true} (41.177254ms)
✔ outstanding archive transport quarantines all further dispatch {"archiveBodyAbortOutstanding":true} (41.380985ms)
✔ outstanding archive transport quarantines all further dispatch {"archiveBodyCancelRejected":true} (23.648227ms)
✔ durable transport denies alternate target, ACTIVE, extra fields and arbitrary documents before HTTP (1.037339ms)
✔ quarantined first event zero rejects every subsequent provider dispatch (21.323293ms)
✔ 100 serial synthetic adjudications preserve the fixed ceilings and stop on each ambiguous write (1618.308014ms)
ℹ tests 46
ℹ suites 0
ℹ pass 46
ℹ fail 0
ℹ cancelled 0
ℹ skipped 0
ℹ todo 0
ℹ duration_ms 2624.82901
✔ source gate requires two fresh high-effort reviews and every workflow on the frozen source (3.304866ms)
✔ full source binding includes the inherited internal Rust links without following external symlinks (301.299105ms)
✔ alternate product and broad search are refused before HTTP (3.644475ms)
✔ fixed intent reads clean up one owned DRAFT and close with exact ARCHIVED settlement (39.257677ms)
✔ already ARCHIVED fixture is observed with no cleanup mutation (10.767727ms)
✔ complete negative intent surfaces report NO_INTENT_OBSERVED before cleanup (15.260557ms)
✔ unexpected ownership stops before cleanup (4.142341ms)
✔ unexpected ACTIVE stops before cleanup (2.874878ms)
✔ initial version drift stops before cleanup (2.590591ms)
✔ scope loss stops before cleanup (2.068113ms)
✔ incomplete includedProducts stops before cleanup (5.295365ms)
✔ foreign exact-ID result stops before cleanup (8.707206ms)
✔ duplicate exact-ID result stops before cleanup (6.75081ms)
✔ one-second observation drift stops before cleanup (6.534464ms)
✔ changed publication identity stops before cleanup (3.155855ms)
✔ search anchor disagrees stops before cleanup (5.673505ms)
✔ contradictory inclusion/search results stop before cleanup (10.972294ms)
✔ three qualified intent positives confirm intent with an empty diagnostic association (14.84991ms)
✔ diagnostic association cannot change negative consensus or resolve actual intent disagreement (37.385801ms)
✔ effective publication stays separate from matching configured-intent observations (9.721446ms)
✔ corrected interpretation cannot reopen the frozen closed attempt or authorize cleanup (4.798628ms)
✔ effective publication on DRAFT makes intent inconsistent and refuses cleanup (10.998313ms)
✔ ambiguous archive response consumes one final exact read without resend (12.484663ms)
✔ one-second archive acknowledgement/readback drift stays a conflict (10.533636ms)
✔ authentication failure closes the fresh register without Admin requests (1.084378ms)
✔ quarantined outstanding archive forbids final read and any overlapping request (8008.899676ms)
✔ fixed documents and variables exclude every alternate target before HTTP (118.715771ms)
✔ fixed source query literals are exactly the authorized ID filters and first:2 (0.553028ms)
✔ closed register cannot be initialized a second time (10.97233ms)
✔ 100 serial synthetic runs preserve zero or one mutation and never overlap (905.589177ms)
✔ invalid or malformed runtime search metadata stops before cleanup (7.894526ms)
✔ malformed GraphQL errors values never authorize cleanup (21.740242ms)
✔ rejected foreign descriptive data is absent from register and qualification evidence (7.9426ms)
✔ a failed read reservation cannot be retried or lead to unverifiable cleanup (1.341024ms)
✔ documented search diagnostics without warnings preserve exact intent reads (9.288494ms)
ℹ tests 35
ℹ suites 0
ℹ pass 35
ℹ fail 0
ℹ cancelled 0
ℹ skipped 0
ℹ todo 0
ℹ duration_ms 9662.883799
✔ source gate requires two fresh high-effort reviews and every workflow on the frozen source (7.378704ms)
✔ full source binding includes the inherited internal Rust links without following external symlinks (353.425494ms)
✔ alternate exact product is refused before HTTP (3.516519ms)
✔ disposable cleanup settles exact final ARCHIVED despite a one-second acknowledgement timestamp difference (19.082324ms)
✔ already ARCHIVED is verified with no update (6.364126ms)
✔ foreign ownership stops with zero update (6.768939ms)
✔ ACTIVE state stops with zero update (4.886334ms)
✔ UNLISTED state stops with zero update (1.929757ms)
✔ effective publication stops with zero update (2.082349ms)
✔ published timestamp stops with zero update (2.822402ms)
✔ online store URL stops with zero update (2.93368ms)
✔ legacy effective membership stops with zero update (2.84739ms)
✔ incomplete legacy stops with zero update (2.045867ms)
✔ wrong installation stops with zero update (2.38289ms)
✔ scope loss stops with zero update (2.193468ms)
✔ malformed GraphQL error fields are rejected before mutation (9.943425ms)
✔ ambiguous archive is not resent and one final exact read settles ARCHIVED (4.890185ms)
✔ final DRAFT or effective-publication drift is unsettled with no retry (10.986594ms)
✔ unsettled archive transport forbids final read and any overlap (8003.136183ms)
✔ exact source documents have no searches or alternate mutation fields (4.146699ms)
✔ alternate documents, extra fields and non-ARCHIVED statuses are denied before dispatch (6.577334ms)
✔ closed cleanup register rejects any second initialization (3.562557ms)
✔ 100 serial disposable cleanup cases never exceed one update (287.288591ms)
✔ failed authentication cannot admit an Admin read through the public operator (1.013573ms)
✔ failed prestate or final reads cannot be retried and archive cannot be resent (3.716638ms)
✔ auth response disposal failure quarantines pending event index zero (1.142381ms)
✔ gate demands exact source/tree/binding, two actual model reviews and ten unique attempt-one workflows (3.896881ms)
✔ zero ACTIVE effective membership is PARTIAL with one create and safe archive, without acquire or restore (79.162997ms)
✔ production v2 core lifecycle survives an actual fresh process, with capability=true and exact persisted hold bytes (858.499695ms)
✔ absence of future capability is recorded without weakening core qualification (760.478645ms)
✔ exact shop fence prevents creation (3.45766ms)
✔ exact domain fence prevents creation (2.062112ms)
✔ exact development fence prevents creation (2.163794ms)
✔ exact app fence prevents creation (3.64154ms)
✔ exact client fence prevents creation (1.900444ms)
✔ exact installation fence prevents creation (1.78645ms)
✔ exact grants fence prevents creation (2.266622ms)
✔ ownership drift stops before setup and denies archival cleanup (7.764707ms)
✔ actual schedule stops setup; explicit archive cannot turn persistent schedule into PASS (17.016635ms)
✔ configured intent drift after setup stops acquire and permits separately settled cleanup (26.096102ms)
✔ ambiguous create has one exact-marker recovery read and no further mutation (4.733451ms)
✔ lost acquire acknowledgement never causes restore, replay or cleanup mutation (23.328227ms)
✔ closed register rejects reentry before loading even synthetic credentials (23.783064ms)
✔ unsafe synthetic directory and live gate reject before any request (0.389899ms)
✔ global attempts, document denial, token replacement and serial reservation are durable (148.484016ms)
✔ one-second ACK/readback difference is retained while v2 semantics complete in fresh process (834.407208ms)
✔ lost restore acknowledgement in fresh process never retries or archives (796.743922ms)
✔ incomplete configured-intent connection stops lifecycle before setup (9.48298ms)
✔ production pagination consumes global budget and repeated cursor stops without mutation (13.809132ms)
✔ fresh-process-only resume rejects same PID before credential load in live operator seam (17.58812ms)
✔ non-quiescent fetch timeout retains pending reservation and forbids another request (8001.928656ms)
✔ malformed production mutation acknowledgement is not considered settled for archival authority (19.350117ms)
✔ failed disposal of an oversized body quarantines the outbound attempt (1.991007ms)
✔ persisted hold tampering stops fresh-process resume before a second auth or cleanup request (591.0687ms)
✔ gate demands exact source/tree/binding, two actual model reviews and ten unique attempt-one workflows (4.122009ms)
✔ missing adapter transport / import proof uses only the guarded operator or denies locally (345.543823ms)
✔ misspelled adapter transport / import proof uses only the guarded operator or denies locally (273.365366ms)
✔ imports adapter transport / import proof uses only the guarded operator or denies locally (236.722839ms)
✔ correct adapter transport / import proof uses only the guarded operator or denies locally (390.36956ms)
✔ zero ACTIVE effective membership is PARTIAL with one create and safe archive, without acquire or restore (60.519852ms)
✔ production v2 core lifecycle survives an actual fresh process, with capability=true and exact persisted hold bytes (895.669096ms)
✔ absence of future capability is recorded without weakening core qualification (799.447497ms)
✔ exact shop fence prevents creation (3.860648ms)
✔ exact domain fence prevents creation (2.813219ms)
✔ exact development fence prevents creation (2.73886ms)
✔ exact app fence prevents creation (2.561561ms)
✔ exact client fence prevents creation (3.116479ms)
✔ exact installation fence prevents creation (2.886733ms)
✔ exact grants fence prevents creation (4.209614ms)
✔ ownership drift stops before setup and denies archival cleanup (9.515815ms)
✔ actual schedule stops setup; explicit archive cannot turn persistent schedule into PASS (25.526957ms)
✔ configured intent drift after setup stops acquire and permits separately settled cleanup (36.145163ms)
✔ ambiguous create has one exact-marker recovery read and no further mutation (5.596918ms)
✔ lost acquire acknowledgement never causes restore, replay or cleanup mutation (26.650535ms)
✔ closed register rejects reentry before loading even synthetic credentials (30.800444ms)
✔ unsafe synthetic directory and live gate reject before any request (0.380526ms)
✔ global attempts, document denial, token replacement and serial reservation are durable (147.607311ms)
✔ one-second ACK/readback difference is retained while v2 semantics complete in fresh process (686.730345ms)
✔ lost restore acknowledgement in fresh process never retries or archives (647.563381ms)
✔ incomplete configured-intent connection stops lifecycle before setup (10.931528ms)
✔ production pagination consumes global budget and repeated cursor stops without mutation (14.696732ms)
✔ fresh-process-only resume rejects same PID before credential load in live operator seam (27.261678ms)
✔ non-quiescent fetch timeout retains pending reservation and forbids another request (8002.99821ms)
✔ malformed production mutation acknowledgement is not considered settled for archival authority (47.431159ms)
✔ failed disposal of an oversized body quarantines the outbound attempt (2.210098ms)
✔ persisted hold tampering stops fresh-process resume before a second auth or cleanup request (800.867429ms)
✔ all synthetic auth/create/status/production reads dispatch only after matching durable events (47.057561ms)
✔ durable accounting corruption prevents create dispatch and any cleanup mutation (4.249149ms)
✔ zero-effective PARTIAL branch becomes STOPPED if archive applied but acknowledgement is lost (30.278906ms)
✔ lost archive ACK permits only one exact ownership/status classification read and no final snapshot or retry (29.794364ms)
ℹ tests 90
ℹ suites 0
ℹ pass 90
ℹ fail 0
ℹ cancelled 0
ℹ skipped 0
ℹ todo 0
ℹ duration_ms 14900.748596
✔ gate demands exact source/tree/binding, two actual model reviews and ten unique attempt-one workflows (8.995792ms)
✔ missing adapter transport / import proof uses only the guarded operator or denies locally (380.243057ms)
✔ misspelled adapter transport / import proof uses only the guarded operator or denies locally (392.677942ms)
✔ imports adapter transport / import proof uses only the guarded operator or denies locally (286.966407ms)
✔ correct adapter transport / import proof uses only the guarded operator or denies locally (579.096193ms)
✔ complete explicit APP discovery and exact inclusion authorize only the fixed archival cleanup (84.23564ms)
✔ direct inclusion without either generic discovery surface classifies DIRECT_ONLY and still cleans the disposable fixture (49.807798ms)
✔ complete APP catalogs independently establish the generic surface when typed publications omit the target (39.188925ms)
✔ a denied second discovery surface is retained but cannot negate independently complete positive generic evidence (42.015473ms)
✔ denied generic reads without complete positive evidence classify UNRESOLVED without retries (51.392599ms)
✔ direct null remains UNRESOLVED despite generic positives (42.222507ms)
✔ direct not-included remains UNRESOLVED despite generic positives (32.592932ms)
✔ direct incomplete remains UNRESOLVED despite generic positives (15.271051ms)
✔ direct error remains UNRESOLVED despite generic positives (11.656595ms)
✔ capability drift between direct and generic observations is coverage ambiguity (12.580425ms)
✔ multiple APP catalogs claiming the target Publication are coverage ambiguity (13.179919ms)
✔ observed conflicting catalogs followed by a denied page remain UNRESOLVED despite complete positive publications (16.652608ms)
✔ empty nonterminal publications page fails before any continuation (22.841884ms)
✔ empty nonterminal catalogs page fails before any continuation (17.285223ms)
✔ duplicate generic IDs and repeated cursors fail closed with cleanup capacity preserved (17.233464ms)
✔ infinite unique discovery pages reserve one catalog attempt and exact cleanup/final read within sixteen GraphQL attempts (69.346521ms)
✔ prestate identity drift stops before discovery or mutation (2.831976ms)
✔ prestate ownership drift stops before discovery or mutation (2.6355ms)
✔ prestate status drift stops before discovery or mutation (3.117746ms)
✔ prestate target-effective drift stops before discovery or mutation (4.505054ms)
✔ prestate connection drift stops before discovery or mutation (3.213705ms)
✔ identity drift in discovery revokes cleanup before any mutation (5.20674ms)
✔ identity mismatch combined with malformed operation data latches the fence before projection (4.202252ms)
✔ GraphQL error with contradictory direct identity prevents archival (5.352102ms)
✔ GraphQL error with contradictory catalog identity prevents archival (7.954923ms)
✔ conflicting duplicate publications metadata cannot hide behind rejection (16.052853ms)
✔ conflicting duplicate catalogs metadata cannot hide behind rejection (14.923424ms)
✔ partial error publications data retains contradictory coverage evidence (13.610203ms)
✔ partial error catalogs data retains contradictory coverage evidence (13.677038ms)
✔ lost archive acknowledgement gets exactly one final classification read and never a resend (14.736513ms)
✔ final exact state settlement records updatedAt difference without timestamp equality (20.651618ms)
✔ a failed final publication predicate closes STOPPED without another mutation or read (14.12318ms)
✔ source drift before credentials produces no provider request (0.788885ms)
✔ corrupt reservation accounting denies the captured transport before its first native call (1.545847ms)
✔ canonical entry exposes no resume phase and a closed synthetic register cannot be reopened (15.368081ms)
✔ identity contradiction in the final read invalidates the classification without another write (14.755746ms)
✔ HTTP 500 error with reported identity drift blocks cleanup (4.81204ms)
✔ HTTP 403 error with reported identity drift blocks cleanup (11.794327ms)
✔ a qualified HTTP 403 denial cannot negate a complete independent positive surface (14.3291ms)
✔ malformed partial error publications remains coverage ambiguity (26.786151ms)
✔ HTTP error partial publications contradictions remain visible (20.477938ms)
✔ malformed partial error catalogs remains coverage ambiguity (12.89323ms)
✔ HTTP error partial catalogs contradictions remain visible (13.601462ms)
✔ ownership freshness starts before I/O and cannot be renewed by slow response completion (13.208248ms)
✔ a backwards local clock cannot make future observation origins fresh for cleanup (11.949457ms)
✔ falsy malformed publications false is coverage ambiguity (41.997325ms)
✔ falsy malformed publications 0 is coverage ambiguity (24.710401ms)
✔ falsy malformed publications "" is coverage ambiguity (19.605508ms)
✔ malformed publications error envelope empty-array cannot qualify generic discovery (10.669976ms)
✔ malformed publications error envelope object cannot qualify generic discovery (10.316773ms)
✔ malformed publications error envelope null cannot qualify generic discovery (10.846111ms)
✔ malformed publications error envelope null-member cannot qualify generic discovery (12.241117ms)
✔ malformed publications error envelope numeric-message cannot qualify generic discovery (15.937588ms)
✔ malformed publications error envelope empty-message cannot qualify generic discovery (10.272472ms)
✔ malformed publications error envelope nonobject-extensions cannot qualify generic discovery (10.575384ms)
✔ falsy malformed catalogs false is coverage ambiguity (14.266973ms)
✔ falsy malformed catalogs 0 is coverage ambiguity (10.453589ms)
✔ falsy malformed catalogs "" is coverage ambiguity (10.496499ms)
✔ malformed catalogs error envelope empty-array cannot qualify generic discovery (11.395165ms)
✔ malformed catalogs error envelope object cannot qualify generic discovery (10.199695ms)
✔ malformed catalogs error envelope null cannot qualify generic discovery (11.51487ms)
✔ malformed catalogs error envelope null-member cannot qualify generic discovery (9.80613ms)
✔ malformed catalogs error envelope numeric-message cannot qualify generic discovery (11.075933ms)
✔ malformed catalogs error envelope empty-message cannot qualify generic discovery (11.239376ms)
✔ malformed catalogs error envelope nonobject-extensions cannot qualify generic discovery (9.805729ms)
✔ archive freshness is rechecked after reservation immediately before native dispatch (9.175796ms)
✔ early source gate rejection settles its reserved but unsent archival request exactly (12.493153ms)
✔ wall rollback followed by successful reads cannot renew elapsed ownership freshness (11.369998ms)
ℹ tests 73
ℹ suites 0
ℹ pass 73
ℹ fail 0
ℹ cancelled 0
ℹ skipped 0
ℹ todo 0
ℹ duration_ms 1806.025205
✔ gate demands exact source/tree/binding, two actual model reviews and eleven unique attempt-one workflows (3.820541ms)
✔ the slice-specific history workflow is mandatory rather than optional diagnostic CI (0.9842ms)
✔ missing adapter transport / import proof uses only the guarded operator or denies locally (349.76313ms)
✔ misspelled adapter transport / import proof uses only the guarded operator or denies locally (521.762223ms)
✔ imports adapter transport / import proof uses only the guarded operator or denies locally (286.747006ms)
✔ correct adapter transport / import proof uses only the guarded operator or denies locally (551.220693ms)
✔ production v3 hidden-anchor lifecycle survives a genuinely fresh process and exact hold bytes (1453.221571ms)
✔ naturally mismatched settled restore invokes only production compensation, is STOPPED and safely archived (985.587049ms)
✔ lost restore response never compensates, retries, or cleans up an unsettled transition (926.497115ms)
✔ visible schedule stops before acquire; known settled setup may receive one archival cleanup (67.852148ms)
✔ tampered persisted hold stops the fresh process before its credential exchange or mutation (648.384662ms)
✔ fresh register cannot be started twice even without provider access (2.668647ms)
✔ zero effective ACTIVE membership is partial with one create, one cleanup and no adapter write (60.465346ms)
✔ global GraphQL ceiling and closed register reject before another injected transport invocation (401.757463ms)
✔ guarded dispatch denies freshness-at-dispatch without a native create and preserves known unsent accounting (5.227006ms)
✔ guarded dispatch denies transport-expiry without a native create and preserves known unsent accounting (4.825193ms)
✔ guarded dispatch denies elapsed-freshness without a native create and preserves known unsent accounting (3.450308ms)
✔ guarded dispatch denies backward-clock without a native create and preserves known unsent accounting (4.161452ms)
✔ guarded dispatch denies slow-identity without a native create and preserves known unsent accounting (3.287608ms)
✔ guarded dispatch denies source-gate-denial without a native create and preserves known unsent accounting (4.351781ms)
✔ final transport fence rejects freshness crossing 29950 to 30050ms independently of the eight-second request timer (4.529314ms)
✔ final transport fence rejects operation-deadline crossing 29950 to 30050ms independently of the eight-second request timer (6.290595ms)
✔ reported identity drift with malformed-product stops before cleanup without renewing old ownership (7.228224ms)
✔ reported identity drift with http-error stops before cleanup without renewing old ownership (8.22637ms)
✔ sealed live restore responses replay as RESTORED in a network-denied fresh process without compensation (701.883696ms)
ℹ tests 25
ℹ suites 0
ℹ pass 25
ℹ fail 0
ℹ cancelled 0
ℹ skipped 0
ℹ todo 0
ℹ duration_ms 5118.545966
$ tsc -p scripts/m1-functions/tsconfig.json && node --test scripts/m1-functions/check-vector.test.ts
✔ TypeScript/Node and Rust share the exact experimental-v2 envelope/member bytes (4.759592ms)
ℹ tests 1
ℹ suites 0
ℹ pass 1
ℹ fail 0
ℹ cancelled 0
ℹ skipped 0
ℹ todo 0
ℹ duration_ms 141.230013
$ node scripts/boundaries/check.mjs && node scripts/boundaries/check-database-api.mjs && node scripts/boundaries/check-domain-effects.mjs && node --test scripts/boundaries/domain-effects.test.mjs
Boundary checks passed: 197 real modules, 4 browser modules, 19 negative source fixtures, 2 rejected browser bundles and exports.
Database public API rejects 19 compiler probes and 4 runtime deep imports.
6 production domain modules have no prohibited ambient effects
✔ Date.now is rejected in a production domain helper (9.545357ms)
✔ new Date is rejected in a production domain helper (0.89645ms)
✔ Math.random is rejected in a production domain helper (0.538192ms)
✔ globalThis.Date.now is rejected in a production domain helper (0.585036ms)
✔ fetch is rejected in a production domain helper (1.350398ms)
✔ globalThis.crypto is rejected in a production domain helper (0.490736ms)
✔ computed random is rejected in a production domain helper (1.072414ms)
✔ template random is rejected in a production domain helper (0.819151ms)
✔ dynamic Math member is rejected in a production domain helper (1.369581ms)
✔ spread Date is rejected in a production domain helper (1.802932ms)
✔ random destructuring is rejected in a production domain helper (0.884751ms)
✔ date alias is rejected in a production domain helper (0.464466ms)
✔ math alias is rejected in a production domain helper (0.312896ms)
✔ import meta is rejected in a production domain helper (0.580989ms)
✔ process environment is rejected in a production domain helper (0.264189ms)
✔ deterministic numeric and explicit-value operations stay allowed (1.539799ms)
✔ type-only properties are not ambient API references (2.378394ms)
✔ compiled graph includes an imported module with an excluded test-like filename (649.216661ms)
ℹ tests 18
ℹ suites 0
ℹ pass 18
ℹ fail 0
ℹ cancelled 0
ℹ skipped 0
ℹ todo 0
ℹ duration_ms 1095.693428
$ node scripts/boundaries/check-secrets.mjs
Secret/fixture provenance check passed: 113 production source files, 88 separately scanned test/fixture files, 2 browser artifacts, 2 explicitly synthetic seeds.
20 archived Cargo manifests remain independent
$ bash scripts/m1-functions/check.sh
   Compiling proc-macro2 v1.0.107
   Compiling quote v1.0.47
   Compiling unicode-ident v1.0.26
   Compiling semver v1.0.28
   Compiling zmij v1.0.23
   Compiling rustc_version v0.4.1
   Compiling serde_json v1.0.151
   Compiling version_check v0.9.5
   Compiling heck v0.5.0
   Compiling serde_core v1.0.229
    Checking typenum v1.20.1
   Compiling generic-array v0.14.7
   Compiling serde v1.0.229
   Compiling logos-codegen v0.15.1
   Compiling syn v2.0.119
   Compiling syn v3.0.6
    Checking crypto-common v0.1.7
    Checking block-buffer v0.10.4
    Checking digest v0.10.7
   Compiling curve25519-dalek v4.1.3
    Checking cpufeatures v0.2.17
   Compiling regex-syntax v0.8.11
    Checking memchr v2.8.3
    Checking itoa v1.0.18
   Compiling fnv v1.0.7
   Compiling lazy_static v1.5.0
    Checking cfg-if v1.0.5
   Compiling beef v0.5.2
   Compiling autocfg v1.5.1
   Compiling num-traits v0.2.19
   Compiling serde_derive v1.0.229
   Compiling strum_macros v0.27.2
   Compiling curve25519-dalek-derive v0.1.1
    Checking subtle v2.6.1
    Checking signature v2.2.0
   Compiling either v1.18.0
    Checking ed25519 v2.2.3
   Compiling itertools v0.14.0
   Compiling strum v0.27.2
   Compiling logos-derive v0.15.1
   Compiling enum-as-inner v0.6.1
    Checking sha2 v0.10.9
   Compiling yansi v1.0.1
   Compiling unicode-width v0.1.14
   Compiling paste v1.0.15
   Compiling ariadne v0.5.1
    Checking ed25519-dalek v2.2.0
   Compiling bluejay-core v0.3.1
   Compiling logos v0.15.1
   Compiling seq-macro v0.3.6
    Checking base64 v0.22.1
   Compiling unicode-segmentation v1.13.3
   Compiling bluejay-parser v0.3.1
    Checking rmp v0.8.15
   Compiling thiserror v2.0.21
    Checking shopify_function_wasm_api_core v0.2.0
   Compiling convert_case v0.8.0
    Checking cart-authorization v0.1.0 (/home/serveradmin/insignia-m5-022-worktree/crates/cart-authorization)
   Compiling thiserror-impl v2.0.21
    Checking bumpalo v3.20.3
    Checking rmp-serde v1.3.1
    Checking shopify_function_provider v2.0.1
   Compiling bluejay-validator v0.3.1
   Compiling convert_case v0.11.0
    Checking ryu v1.0.23
    Checking shopify_function_wasm_api v0.3.1
   Compiling bluejay-typegen-codegen v0.3.1
   Compiling shopify_function_macro v2.2.0
    Checking shopify_function v2.2.0
    Checking cart-validation v0.1.0 (/home/serveradmin/insignia-m5-022-worktree/crates/cart-validation)
    Checking cart-transform v0.1.0 (/home/serveradmin/insignia-m5-022-worktree/crates/cart-transform)
    Finished `dev` profile [unoptimized + debuginfo] target(s) in 29.50s
   Compiling zmij v1.0.23
   Compiling memchr v2.8.3
   Compiling itoa v1.0.18
   Compiling typenum v1.20.1
   Compiling serde_core v1.0.229
   Compiling strum v0.27.2
   Compiling cfg-if v1.0.5
   Compiling cpufeatures v0.2.17
   Compiling signature v2.2.0
   Compiling subtle v2.6.1
   Compiling ed25519 v2.2.3
   Compiling generic-array v0.14.7
   Compiling serde_json v1.0.151
   Compiling base64 v0.22.1
   Compiling num-traits v0.2.19
   Compiling crypto-common v0.1.7
   Compiling block-buffer v0.10.4
   Compiling digest v0.10.7
   Compiling curve25519-dalek v4.1.3
   Compiling sha2 v0.10.9
   Compiling bluejay-core v0.3.1
   Compiling serde v1.0.229
   Compiling ed25519-dalek v2.2.0
   Compiling bluejay-parser v0.3.1
   Compiling rmp v0.8.15
   Compiling shopify_function_wasm_api_core v0.2.0
   Compiling bumpalo v3.20.3
   Compiling thiserror v2.0.21
   Compiling rmp-serde v1.3.1
   Compiling cart-authorization v0.1.0 (/home/serveradmin/insignia-m5-022-worktree/crates/cart-authorization)
   Compiling shopify_function_provider v2.0.1
   Compiling ryu v1.0.23
   Compiling bluejay-validator v0.3.1
   Compiling shopify_function_wasm_api v0.3.1
   Compiling bluejay-typegen-codegen v0.3.1
   Compiling shopify_function_macro v2.2.0
   Compiling shopify_function v2.2.0
   Compiling cart-validation v0.1.0 (/home/serveradmin/insignia-m5-022-worktree/crates/cart-validation)
   Compiling cart-transform v0.1.0 (/home/serveradmin/insignia-m5-022-worktree/crates/cart-transform)
    Finished `test` profile [unoptimized + debuginfo] target(s) in 13.29s
     Running unittests src/lib.rs (target/debug/deps/cart_authorization-428bc6dab939b9b3)

running 0 tests

test result: ok. 0 passed; 0 failed; 0 ignored; 0 measured; 0 filtered out; finished in 0.00s

     Running tests/currency_matrix.rs (target/debug/deps/currency_matrix-a76cbbc666a7ab20)

running 1 test
test every_admitted_currency_agrees_with_versioned_ts_matrix ... ok

test result: ok. 1 passed; 0 failed; 0 ignored; 0 measured; 0 filtered out; finished in 0.01s

     Running tests/production_vectors.rs (target/debug/deps/production_vectors-931358b74671ec5f)

running 1 test
test production_typescript_vectors_verify_with_complete_rust_core ... ok

test result: ok. 1 passed; 0 failed; 0 ignored; 0 measured; 0 filtered out; finished in 0.13s

     Running tests/whole_quote.rs (target/debug/deps/whole_quote-dd6e3b33eb9f8a50)

running 13 tests
test canonical_carriers_reject_length_padding_alphabet_and_tail_bits ... ok
test compensated_price_mutations_cannot_preserve_authorization_by_preserving_total ... ok
test complete_ordered_set_verifies_once_and_matches_observed_price ... ok
test every_header_byte_class_is_signed_and_structural_header_is_strict ... ok
test last_member_change_invalidates_everything ... ok
test independent_context_keys_date_and_physical_economics_reject ... ok
test missing_duplicate_unsigned_and_extra_members_fail_closed ... ok
test noncanonical_public_point_and_revoked_or_out_of_window_keys_reject ... ok
test large_complete_quantity_and_500_unit_tier_cannot_be_partially_reused ... ok
test shared_python_typescript_rust_golden_vector_agrees ... ok
test signature_and_arithmetic_profiles_reject_mutations ... ok
test member_from_a_different_signed_quote_cannot_mix_with_original_envelope ... ok
test fifteen_independently_signed_high_bit_magic_variants_reject ... ok

test result: ok. 13 passed; 0 failed; 0 ignored; 0 measured; 0 filtered out; finished in 0.62s

     Running unittests src/main.rs (target/debug/deps/cart_transform-358275b5ea2405f6)

running 20 tests
test capacity::tests::cart_line_width_and_grammar ... ok
test capacity::tests::exact_output_bound_has_headroom ... ok
test product_policy::tests::absent_fields_are_unmanaged_but_a_single_lost_field_is_uncertain ... ok
test product_policy::tests::illegible_lone_anchor_cannot_authorize_a_signed_quote ... ok
test product_policy::tests::matching_ready_fields_classify_required_and_optional ... ok
test product_policy::tests::strict_grammar_rejects_unknown_states_and_noncanonical_revisions ... ok
test product_policy::tests::wrong_installation_generation_rejects_signed_too ... ok
test product_policy::tests::pending_malformed_and_stale_fields_block_plain_but_preserve_signed ... ok
test tests::no_partial_expansion_for_incomplete_or_tampered_set ... ok
test tests::revoked_and_out_of_window_public_keys_emit_no_price_operation ... ok
test tests::complete_set_sets_both_prices_and_copies_compact_member ... ok
test tests::signed_quote_with_only_illegible_policy_emits_no_price ... ok
test tests::signed_quote_with_no_product_anchors_still_requires_shop_keys ... ok
test tests::context_physical_line_policy_and_cart_order_are_enforced ... ok
test tests::ten_thousand_physical_units_use_two_expansions ... ok
test tests::unsigned_marker_removed_and_invalid_signature_emit_no_price ... ok
test tests::untrusted_config_cannot_raise_experiment_ceiling ... ok
test tests::transform_accepts_canonical_zero_and_echoes_target_local_id ... ok
test tests::signed_prices_survive_policy_revision_and_one_lost_anchor ... ok
test tests::ten_bucket_output_is_bounded_and_oversized_sets_emit_no_partial_operation ... ok

test result: ok. 20 passed; 0 failed; 0 ignored; 0 measured; 0 filtered out; finished in 0.08s

     Running unittests src/main.rs (target/debug/deps/cart_validation-95daed9c7c60dc1b)

running 24 tests
test capacity::tests::cart_line_width_and_grammar ... ok
test capacity::tests::exact_output_bound_has_headroom ... ok
test product_policy::tests::absent_fields_are_unmanaged_but_a_single_lost_field_is_uncertain ... ok
test product_policy::tests::illegible_lone_anchor_cannot_authorize_a_signed_quote ... ok
test product_policy::tests::matching_ready_fields_classify_required_and_optional ... ok
test product_policy::tests::strict_grammar_rejects_unknown_states_and_noncanonical_revisions ... ok
test product_policy::tests::wrong_installation_generation_rejects_signed_too ... ok
test product_policy::tests::pending_malformed_and_stale_fields_block_plain_but_preserve_signed ... ok
test tests::incomplete_tampered_and_unsigned_required_sets_reject ... ok
test tests::malformed_stale_pending_and_wrong_generation_policy_fail_plain ... ok
test tests::buyer_marker_removal_cannot_turn_known_required_into_plain ... ok
test tests::one_lost_anchor_blocks_plain_while_explicit_optional_and_unmanaged_pass ... ok
test tests::complete_set_compares_observed_exact_subtotals ... ok
test tests::cart_order_context_and_physical_claim_changes_fail_at_checkout ... ok
test tests::revoked_and_out_of_window_public_keys_reject_checkout ... ok
test tests::signed_quote_with_only_illegible_policy_rejects ... ok
test tests::signed_quote_with_no_product_anchors_needs_healthy_shop_keys ... ok
test tests::ten_thousand_physical_units_validate_without_per_unit_expansion ... ok
test tests::untrusted_config_cannot_raise_experiment_ceiling ... ok
test tests::signed_historical_quote_survives_same_generation_policy_revision ... ok
test tests::zero_based_cartline_does_not_bypass_economics_or_trust_at_checkout ... ok
test tests::mixed_200_line_cart_blocks_damaged_managed_line_then_recovers ... ok
test tests::ten_bucket_set_validates_and_oversized_sets_reject ... ok
test tests::zero_based_cartline_preserves_complete_signed_checkout_at_both_steps ... ok

test result: ok. 24 passed; 0 failed; 0 ignored; 0 measured; 0 filtered out; finished in 0.15s

   Doc-tests cart_authorization

running 0 tests

test result: ok. 0 passed; 0 failed; 0 ignored; 0 measured; 0 filtered out; finished in 0.00s

/home/serveradmin/insignia-m5-018-worktree/crates/cart-transform/target/m1-tools/shopify-function-trampoline-2.0.1: OK
   Compiling proc-macro2 v1.0.107
   Compiling quote v1.0.47
   Compiling unicode-ident v1.0.26
   Compiling semver v1.0.28
   Compiling zmij v1.0.23
   Compiling rustc_version v0.4.1
   Compiling heck v0.5.0
   Compiling serde_json v1.0.151
   Compiling version_check v0.9.5
   Compiling logos-codegen v0.15.1
   Compiling serde_core v1.0.229
   Compiling fnv v1.0.7
   Compiling beef v0.5.2
   Compiling generic-array v0.14.7
   Compiling regex-syntax v0.8.11
   Compiling typenum v1.20.1
   Compiling lazy_static v1.5.0
   Compiling syn v2.0.119
   Compiling syn v3.0.6
   Compiling itoa v1.0.18
   Compiling either v1.18.0
   Compiling memchr v2.8.3
   Compiling itertools v0.14.0
   Compiling strum_macros v0.27.2
   Compiling enum-as-inner v0.6.1
   Compiling logos-derive v0.15.1
   Compiling paste v1.0.15
   Compiling yansi v1.0.1
   Compiling unicode-width v0.1.14
   Compiling ariadne v0.5.1
   Compiling logos v0.15.1
   Compiling block-buffer v0.10.4
   Compiling crypto-common v0.1.7
   Compiling unicode-segmentation v1.13.3
   Compiling seq-macro v0.3.6
   Compiling digest v0.10.7
   Compiling curve25519-dalek v4.1.3
   Compiling thiserror v2.0.21
   Compiling cfg-if v1.0.5
   Compiling strum v0.27.2
   Compiling bluejay-core v0.3.1
   Compiling convert_case v0.8.0
   Compiling thiserror-impl v2.0.21
   Compiling bluejay-parser v0.3.1
   Compiling subtle v2.6.1
   Compiling serde v1.0.229
   Compiling signature v2.2.0
   Compiling ed25519 v2.2.3
   Compiling bluejay-validator v0.3.1
   Compiling shopify_function_wasm_api_core v0.2.0
   Compiling sha2 v0.10.9
   Compiling convert_case v0.11.0
   Compiling serde_derive v1.0.229
   Compiling ed25519-dalek v2.2.0
   Compiling shopify_function_wasm_api v0.3.1
   Compiling ryu v1.0.23
   Compiling bluejay-typegen-codegen v0.3.1
   Compiling base64 v0.22.1
   Compiling shopify_function_macro v2.2.0
   Compiling cart-authorization v0.1.0 (/home/serveradmin/insignia-m5-022-worktree/crates/cart-authorization)
   Compiling shopify_function v2.2.0
   Compiling cart-transform v0.1.0 (/home/serveradmin/insignia-m5-022-worktree/crates/cart-transform)
    Finished `release` profile [optimized] target(s) in 33.30s
c20cbda370e8ce19c309a49a71f497edb36e2f2db6b4667eced22073cb76fc17  /home/serveradmin/insignia-m5-022-worktree/extensions/insignia-cart-transform/target/cart-transform.raw.wasm
49248769ae4ce578af7c5e7fa77f8c230c8fd4f45b2d673c22cfed87ff946576  /home/serveradmin/insignia-m5-022-worktree/extensions/insignia-cart-transform/target/cart-transform.wasm
184312 /home/serveradmin/insignia-m5-022-worktree/extensions/insignia-cart-transform/target/cart-transform.raw.wasm
181378 /home/serveradmin/insignia-m5-022-worktree/extensions/insignia-cart-transform/target/cart-transform.wasm
365690 total
/home/serveradmin/insignia-m5-018-worktree/crates/cart-transform/target/m1-tools/shopify-function-trampoline-2.0.1: OK
   Compiling proc-macro2 v1.0.107
   Compiling unicode-ident v1.0.26
   Compiling quote v1.0.47
   Compiling semver v1.0.28
   Compiling zmij v1.0.23
   Compiling heck v0.5.0
   Compiling rustc_version v0.4.1
   Compiling serde_json v1.0.151
   Compiling version_check v0.9.5
   Compiling serde_core v1.0.229
   Compiling logos-codegen v0.15.1
   Compiling generic-array v0.14.7
   Compiling beef v0.5.2
   Compiling typenum v1.20.1
   Compiling regex-syntax v0.8.11
   Compiling syn v2.0.119
   Compiling fnv v1.0.7
   Compiling lazy_static v1.5.0
   Compiling syn v3.0.6
   Compiling itoa v1.0.18
   Compiling either v1.18.0
   Compiling memchr v2.8.3
   Compiling itertools v0.14.0
   Compiling strum_macros v0.27.2
   Compiling logos-derive v0.15.1
   Compiling enum-as-inner v0.6.1
   Compiling paste v1.0.15
   Compiling yansi v1.0.1
   Compiling unicode-width v0.1.14
   Compiling logos v0.15.1
   Compiling crypto-common v0.1.7
   Compiling ariadne v0.5.1
   Compiling block-buffer v0.10.4
   Compiling seq-macro v0.3.6
   Compiling unicode-segmentation v1.13.3
   Compiling digest v0.10.7
   Compiling curve25519-dalek v4.1.3
   Compiling cfg-if v1.0.5
   Compiling thiserror v2.0.21
   Compiling strum v0.27.2
   Compiling bluejay-core v0.3.1
   Compiling convert_case v0.8.0
   Compiling bluejay-parser v0.3.1
   Compiling thiserror-impl v2.0.21
   Compiling subtle v2.6.1
   Compiling serde v1.0.229
   Compiling signature v2.2.0
   Compiling ed25519 v2.2.3
   Compiling bluejay-validator v0.3.1
   Compiling shopify_function_wasm_api_core v0.2.0
   Compiling sha2 v0.10.9
   Compiling convert_case v0.11.0
   Compiling serde_derive v1.0.229
   Compiling ed25519-dalek v2.2.0
   Compiling shopify_function_wasm_api v0.3.1
   Compiling base64 v0.22.1
   Compiling bluejay-typegen-codegen v0.3.1
   Compiling ryu v1.0.23
   Compiling shopify_function_macro v2.2.0
   Compiling cart-authorization v0.1.0 (/home/serveradmin/insignia-m5-022-worktree/crates/cart-authorization)
   Compiling shopify_function v2.2.0
   Compiling cart-validation v0.1.0 (/home/serveradmin/insignia-m5-022-worktree/crates/cart-validation)
    Finished `release` profile [optimized] target(s) in 27.27s
1c2e43c03c62fb1983089d3b8623eeb6a3ffc90211893c9abb7a2b67fa9ad763  /home/serveradmin/insignia-m5-022-worktree/extensions/insignia-cart-validation/target/cart-validation.raw.wasm
3193f60bbb29cdc473ce7ae73e88d1064ca7be2f03da2aade4e17ae1390366c6  /home/serveradmin/insignia-m5-022-worktree/extensions/insignia-cart-validation/target/cart-validation.wasm
185960 /home/serveradmin/insignia-m5-022-worktree/extensions/insignia-cart-validation/target/cart-validation.raw.wasm
182968 /home/serveradmin/insignia-m5-022-worktree/extensions/insignia-cart-validation/target/cart-validation.wasm
368928 total
/home/serveradmin/insignia-m5-022-worktree/.m1-artifacts/tools/function-runner-9.2.2: OK
transform 8 c20cbda370e8ce19c309a49a71f497edb36e2f2db6b4667eced22073cb76fc17 49248769ae4ce578af7c5e7fa77f8c230c8fd4f45b2d673c22cfed87ff946576
validation 18 1c2e43c03c62fb1983089d3b8623eeb6a3ffc90211893c9abb7a2b67fa9ad763 3193f60bbb29cdc473ce7ae73e88d1064ca7be2f03da2aade4e17ae1390366c6
{
  "rows": 230,
  "positive": 16,
  "vectorsSha256": "7f0046b88183b79cbccc305c883aab0483a6cda1eddb191297e2295c35ac1eda",
  "transformWasmSha256": "49248769ae4ce578af7c5e7fa77f8c230c8fd4f45b2d673c22cfed87ff946576",
  "validationWasmSha256": "3193f60bbb29cdc473ce7ae73e88d1064ca7be2f03da2aade4e17ae1390366c6"
}
M4-003 production builder config passed 6 complete Function runs.
$ corepack pnpm --filter @insignia/web test && corepack pnpm --filter @insignia/storefront test
$ node --test test/*.test.mjs test/admin/*.test.mjs
✔ real admin HTTP publish commits PG v3 activation and immutable evidence: release-blocked (2579.658488ms)
✔ real admin HTTP publish commits PG v3 activation and immutable evidence: active-drift (3130.382698ms)
✔ real admin HTTP publish commits PG v3 activation and immutable evidence: active-key-drift (2428.23872ms)
✔ real admin HTTP publish commits PG v3 activation and immutable evidence: active-epoch-drift (2438.006165ms)
✔ real admin HTTP publish commits PG v3 activation and immutable evidence: active-destroyed-key (2418.034118ms)
✔ real admin HTTP publish commits PG v3 activation and immutable evidence: restoration-pending (812.020798ms)
✔ admin distinguishes activation waiting, held, restoration and conflict without manufacturing ACTIVE (1.291766ms)
✔ publication conflict outranks a retained held/pending activation state (0.223218ms)
✔ terminal operator hold outranks stale held activation (0.170867ms)
✔ failed immutable request is explicit while unresolved availability still takes precedence (0.188621ms)
✔ current staff and installation grant read and edit; reinstallation is checked every request (1.948983ms)
✔ staff read access does not grant mutation (1.103858ms)
✔ expired or cross-shop identity and stale installation fail closed (0.495205ms)
✔ authentication stages distinguish grant and installation mismatches without identity data (0.776447ms)
✔ downstream failures preserve only their safe stage and refresh type after verified identity (2.142989ms)
✔ read requires current verified staff and exact shop, even on deep links (8.944987ms)
✔ mutation refuses cross-origin and staff denial before invoking command (3.010706ms)
✔ save carries exact product, draft version and idempotency to durable command (2.467768ms)
✔ stale draft save is a conflict, never a success response (1.22007ms)
✔ publish returns activation-pending truthfully and requires current edit grant (1.091989ms)
✔ a product missing from the verified shop cannot be changed (0.990269ms)
✔ expired identity and shop supplied in command body cannot create a config (1.963327ms)
✔ unwired admin backend serves no private catalog data (0.774428ms)
✔ unknown durable command failures remain unavailable without leaking details (1.31011ms)
✔ refresh-required online exchange is 401 with Shopify fresh-ID-token retry signal (0.857615ms)
✔ generic exchange/provider/database failures do not gain the fresh-token retry response (2.991522ms)
✔ built picker refreshes once on 401; second 401, 403 and 503 stop without another request (3090.800445ms)
✔ editor-generated fixed, override and tier defaults price through unchanged M2 in zero/two/three exponent currencies (5556.873771ms)
✔ real browser editor syncs typed view, variant and step controls with direct Konva canvas and saved draft (2870.18589ms)
✔ removing named choices drops only their labels including nested option value labels before save (1959.894524ms)
✔ variant without a saved image override retains the portrait default until explicit landscape adoption (1472.924375ms)
✔ merchant currency adoption refreshes saved publication eligibility and later failed or stale reads fail closed (1546.73406ms)
✔ mobile deep link, cookie-free reload, interrupted save, stale conflict, and missing Polaris control (2709.339883ms)
✔ interrupted publication resumes the identical request after reload and reaches a durable phase (1231.209163ms)
✔ numeric placement input reaches owner state before blur and survives an owner rerender (1992.811565ms)
✔ publication success preserves dirty local edits and exact save recovery [1/1] (1219.257235ms)
✔ publication failed preserves dirty local edits and exact save recovery [1/1] (1156.422113ms)
✔ publication success preserves ambiguous local edits and exact save recovery [1/1] (1273.66611ms)
✔ publication failed preserves ambiguous local edits and exact save recovery [1/1] (1199.999366ms)
✔ publication retry keeps the original version after a newer draft edit when embedded storage is denied (1265.229368ms)
✔ stale stored publication is replaced by the current immutable intent despite newer ineligible draft (975.796239ms)
✔ reinstalled Admin discards prior-generation browser request and publishes with a new key (1008.708557ms)
✔ concurrent editor refreshes share one App Bridge identity request (1472.17404ms)
✔ empty merchant draft can be configured through typed controls and pass M2 validation (1470.851808ms)
✔ mounted admin refreshes late activation and readiness without overwriting local edits, then clears expired identity (11074.47115ms)
✔ two production admin tabs keep stale edits and explicitly review the winning CAS draft: 9.00 (2308.471596ms)
✔ two production admin tabs keep stale edits and explicitly review the winning CAS draft: 2.50 (2109.258003ms)
✔ authorization denial fences a save already in flight from repopulating private editor state (6066.358591ms)
✔ a pre-command passive observation cannot overwrite a newer pending publication or its stored request (6102.108896ms)
✔ operator and restoration conflicts cannot initiate another publication from a saved eligible draft (1464.385588ms)
✔ overlapping distinct-key M5 creates serialize before the command FK lock upgrade (265.054172ms)
✔ currency precision rejects invalid saved and legacy publication amounts without rounding or durable intent (280.558668ms)
✔ durable editor CAS, exact-key replay, independent copy, immutable geometry, and reinstall fence (723.622423ms)
✔ actual M4 prepare/advance over immutable M5 revision reports ready, conflict and hold truthfully (1564.509508ms)
✔ diagnostic preview requires accounting and HTTPS before any provider access (1057.028289ms)
✖ live-style SDK identity, local PG create/save/reload/CAS/exact ambiguous replay and mutation refusal (1747.543103ms)
✔ preview same-token single flight; replacement and current-installation invalidation exchange fresh (1.479128ms)
✔ preview rejected exchange is not cached and expired or long-lived identity is denied (1.765452ms)
{"level":30,"time":1791458311690,"event":"admin_authentication","authStage":"ONLINE_EXCHANGE_SUCCEEDED","correlationId":"b9f74e55-99a7-4a08-af7e-c2b5f4a95c32","statusClass":"success"}
{"level":30,"time":1791458311718,"event":"admin_authentication","authStage":"INSTALLATION_PROVIDER_READ_SUCCEEDED","correlationId":"b9f74e55-99a7-4a08-af7e-c2b5f4a95c32","statusClass":"success"}
{"level":30,"time":1791458311722,"event":"admin_authentication","authStage":"TENANT_RECONCILIATION_SUCCEEDED","correlationId":"b9f74e55-99a7-4a08-af7e-c2b5f4a95c32","statusClass":"success"}
{"level":30,"time":1791458311723,"event":"admin_authentication","authStage":"AUTHENTICATION_SUCCEEDED","correlationId":"b9f74e55-99a7-4a08-af7e-c2b5f4a95c32","statusClass":"success"}
▶ production composition uses signed staff SDK, current policy and trusted readiness: missing
  ✔ scheduled cancellation boundary 2026-09-30T23:59:59.999Z: allowed=true (15.82001ms)
  ✔ scheduled cancellation boundary 2026-10-01T00:00:00.000Z: allowed=false (29.595194ms)
  ✔ scheduled cancellation boundary 2026-10-01T00:00:00.001Z: allowed=false (18.823452ms)
✔ production composition uses signed staff SDK, current policy and trusted readiness: missing (900.124009ms)
{"level":30,"time":1791458312281,"event":"admin_authentication","authStage":"ONLINE_EXCHANGE_SUCCEEDED","correlationId":"153e4ee9-a6b9-4904-b526-e4cec82ca380","statusClass":"success"}
{"level":30,"time":1791458312282,"event":"admin_authentication","authStage":"INSTALLATION_PROVIDER_READ_SUCCEEDED","correlationId":"153e4ee9-a6b9-4904-b526-e4cec82ca380","statusClass":"success"}
{"level":30,"time":1791458312293,"event":"admin_authentication","authStage":"TENANT_RECONCILIATION_SUCCEEDED","correlationId":"153e4ee9-a6b9-4904-b526-e4cec82ca380","statusClass":"success"}
{"level":30,"time":1791458312293,"event":"admin_authentication","authStage":"AUTHENTICATION_SUCCEEDED","correlationId":"153e4ee9-a6b9-4904-b526-e4cec82ca380","statusClass":"success"}
▶ production composition uses signed staff SDK, current policy and trusted readiness: trusted-function-mismatch
  ✔ scheduled cancellation boundary 2026-09-30T23:59:59.999Z: allowed=true (11.753764ms)
  ✔ scheduled cancellation boundary 2026-10-01T00:00:00.000Z: allowed=false (15.960348ms)
  ✔ scheduled cancellation boundary 2026-10-01T00:00:00.001Z: allowed=false (15.510705ms)
✔ production composition uses signed staff SDK, current policy and trusted readiness: trusted-function-mismatch (443.675229ms)
✔ production readiness composes trusted record, independent expected build, current Function read and preloaded day (26.70605ms)
✔ missing release evidence never synthesizes a build, queries Functions or falls back to UTC (1.077771ms)
✔ server activation composition cannot promote a diagnostic observation without trusted release source (1.764726ms)
✔ preloaded trusted merchant day is synchronous across DST and server-day boundaries (27.564169ms)
✔ server composition binds trusted provider reads to one signed immutable quote candidate (55.737997ms)
✔ built SSR serves public shell and a real Polaris/Preact interaction (6501.655377ms)
✔ HTTP 5xx after durable inbox commit leads to same-ID retry and a single queue handoff (16.609599ms)
✔ stream bound rejects a lying or absent Content-Length before trusted metadata is stored (2.459342ms)
✔ built HTTP ingress authenticates raw bytes and durably deduplicates through PostgreSQL and queue (4049.195092ms)
ℹ tests 75
ℹ suites 0
ℹ pass 74
ℹ fail 1
ℹ cancelled 0
ℹ skipped 0
ℹ todo 0
ℹ duration_ms 63813.045514

✖ failing tests:

test at test/admin/preview-composition.test.mjs:61:1
✖ live-style SDK identity, local PG create/save/reload/CAS/exact ambiguous replay and mutation refusal (1747.543103ms)
  AssertionError [ERR_ASSERTION]: The input did not match the regular expression /generation/. Input:
  
  'Error: Authentication unavailable'
  
      at process.processTicksAndRejections (node:internal/process/task_queues:104:5)
      at async TestContext.<anonymous> (file:///home/serveradmin/insignia-m5-022-worktree/apps/web/test/admin/preview-composition.test.mjs:239:5)
      at async Test.run (node:internal/test_runner/test:1409:7)
      at async Test.processPendingSubtests (node:internal/test_runner/test:974:7) {
    generatedMessage: true,
    code: 'ERR_ASSERTION',
    actual: Error: Authentication unavailable
        at file:///home/serveradmin/insignia-m5-022-worktree/apps/web/.astro/m5002-preview.mjs?pg:704:13
        at process.processTicksAndRejections (node:internal/process/task_queues:104:5)
        at async Object.authenticate (file:///home/serveradmin/insignia-m5-022-worktree/apps/web/.astro/m5002-preview.mjs?pg:917:21)
        at async waitForActual (node:assert:646:5)
        at async strict.rejects (node:assert:769:25)
        at async TestContext.<anonymous> (file:///home/serveradmin/insignia-m5-022-worktree/apps/web/test/admin/preview-composition.test.mjs:239:5)
        at async Test.run (node:internal/test_runner/test:1409:7)
        at async Test.processPendingSubtests (node:internal/test_runner/test:974:7),
    expected: /generation/,
    operator: 'rejects',
    diff: 'simple'
  }
[ELIFECYCLE] Test failed. See above for more details.
Error: ERR_PNPM_RECURSIVE_RUN_FIRST_FAIL

  × "pnpm recursive run" failed in /home/serveradmin/insignia-m5-022-worktree/
  │ apps/web

[ELIFECYCLE] Command failed with exit code 1.
[ELIFECYCLE] Command failed with exit code 1.
