$ M5_PUBLICATION_STRESS_ITERATIONS=25 corepack pnpm --filter @insignia/web exec node --test --test-name-pattern="publication (success|failed) preserves" test/admin/editor-browser.test.mjs
✔ publication success preserves dirty local edits and exact save recovery [1/25] (2946.447727ms)
✔ publication failed preserves dirty local edits and exact save recovery [1/25] (2600.136334ms)
✔ publication success preserves ambiguous local edits and exact save recovery [1/25] (2494.19527ms)
✔ publication failed preserves ambiguous local edits and exact save recovery [1/25] (2390.894722ms)
✔ publication success preserves dirty local edits and exact save recovery [2/25] (1483.26365ms)
✔ publication failed preserves dirty local edits and exact save recovery [2/25] (1481.866105ms)
✔ publication success preserves ambiguous local edits and exact save recovery [2/25] (1388.247787ms)
✔ publication failed preserves ambiguous local edits and exact save recovery [2/25] (2065.418417ms)
✔ publication success preserves dirty local edits and exact save recovery [3/25] (2180.605188ms)
✔ publication failed preserves dirty local edits and exact save recovery [3/25] (2112.87792ms)
✔ publication success preserves ambiguous local edits and exact save recovery [3/25] (2065.853225ms)
✔ publication failed preserves ambiguous local edits and exact save recovery [3/25] (2218.912545ms)
✔ publication success preserves dirty local edits and exact save recovery [4/25] (2042.370815ms)
✔ publication failed preserves dirty local edits and exact save recovery [4/25] (2296.147175ms)
✔ publication success preserves ambiguous local edits and exact save recovery [4/25] (2159.358068ms)
✔ publication failed preserves ambiguous local edits and exact save recovery [4/25] (2182.880914ms)
✔ publication success preserves dirty local edits and exact save recovery [5/25] (2120.976431ms)
✔ publication failed preserves dirty local edits and exact save recovery [5/25] (1449.475224ms)
✔ publication success preserves ambiguous local edits and exact save recovery [5/25] (1611.59996ms)
✔ publication failed preserves ambiguous local edits and exact save recovery [5/25] (1240.916014ms)
✔ publication success preserves dirty local edits and exact save recovery [6/25] (1185.285453ms)
✔ publication failed preserves dirty local edits and exact save recovery [6/25] (1105.310349ms)
✔ publication success preserves ambiguous local edits and exact save recovery [6/25] (1326.021677ms)
✔ publication failed preserves ambiguous local edits and exact save recovery [6/25] (1178.763802ms)
✔ publication success preserves dirty local edits and exact save recovery [7/25] (1085.922178ms)
✔ publication failed preserves dirty local edits and exact save recovery [7/25] (1104.987843ms)
✔ publication success preserves ambiguous local edits and exact save recovery [7/25] (1318.692705ms)
✔ publication failed preserves ambiguous local edits and exact save recovery [7/25] (1938.195519ms)
✔ publication success preserves dirty local edits and exact save recovery [8/25] (1605.982718ms)
✔ publication failed preserves dirty local edits and exact save recovery [8/25] (1762.080778ms)
✔ publication success preserves ambiguous local edits and exact save recovery [8/25] (1938.371336ms)
✔ publication failed preserves ambiguous local edits and exact save recovery [8/25] (1534.471807ms)
✔ publication success preserves dirty local edits and exact save recovery [9/25] (1727.702052ms)
✔ publication failed preserves dirty local edits and exact save recovery [9/25] (1588.831448ms)
✔ publication success preserves ambiguous local edits and exact save recovery [9/25] (1795.690686ms)
✔ publication failed preserves ambiguous local edits and exact save recovery [9/25] (1453.408894ms)
✔ publication success preserves dirty local edits and exact save recovery [10/25] (1440.474243ms)
✔ publication failed preserves dirty local edits and exact save recovery [10/25] (1332.405982ms)
✔ publication success preserves ambiguous local edits and exact save recovery [10/25] (1328.800164ms)
✔ publication failed preserves ambiguous local edits and exact save recovery [10/25] (1301.538995ms)
✔ publication success preserves dirty local edits and exact save recovery [11/25] (1149.011583ms)
✔ publication failed preserves dirty local edits and exact save recovery [11/25] (1192.999296ms)
✔ publication success preserves ambiguous local edits and exact save recovery [11/25] (1332.828356ms)
✔ publication failed preserves ambiguous local edits and exact save recovery [11/25] (1200.508852ms)
✔ publication success preserves dirty local edits and exact save recovery [12/25] (1218.123301ms)
✔ publication failed preserves dirty local edits and exact save recovery [12/25] (1119.370814ms)
✔ publication success preserves ambiguous local edits and exact save recovery [12/25] (1208.930629ms)
✔ publication failed preserves ambiguous local edits and exact save recovery [12/25] (1260.788571ms)
✔ publication success preserves dirty local edits and exact save recovery [13/25] (1163.839944ms)
✔ publication failed preserves dirty local edits and exact save recovery [13/25] (1076.901539ms)
✔ publication success preserves ambiguous local edits and exact save recovery [13/25] (1264.82613ms)
✔ publication failed preserves ambiguous local edits and exact save recovery [13/25] (1220.345794ms)
✔ publication success preserves dirty local edits and exact save recovery [14/25] (954.982094ms)
✔ publication failed preserves dirty local edits and exact save recovery [14/25] (959.90026ms)
✔ publication success preserves ambiguous local edits and exact save recovery [14/25] (1020.491078ms)
✔ publication failed preserves ambiguous local edits and exact save recovery [14/25] (1089.233168ms)
✔ publication success preserves dirty local edits and exact save recovery [15/25] (949.346455ms)
✔ publication failed preserves dirty local edits and exact save recovery [15/25] (927.257215ms)
✔ publication success preserves ambiguous local edits and exact save recovery [15/25] (1050.453984ms)
✔ publication failed preserves ambiguous local edits and exact save recovery [15/25] (1018.145679ms)
✔ publication success preserves dirty local edits and exact save recovery [16/25] (946.590426ms)
✔ publication failed preserves dirty local edits and exact save recovery [16/25] (939.378607ms)
✔ publication success preserves ambiguous local edits and exact save recovery [16/25] (1256.476664ms)
✔ publication failed preserves ambiguous local edits and exact save recovery [16/25] (1399.484147ms)
✔ publication success preserves dirty local edits and exact save recovery [17/25] (1191.044301ms)
✔ publication failed preserves dirty local edits and exact save recovery [17/25] (1177.891453ms)
✔ publication success preserves ambiguous local edits and exact save recovery [17/25] (1118.919916ms)
✔ publication failed preserves ambiguous local edits and exact save recovery [17/25] (1087.362946ms)
✔ publication success preserves dirty local edits and exact save recovery [18/25] (959.158443ms)
✔ publication failed preserves dirty local edits and exact save recovery [18/25] (1123.599905ms)
✔ publication success preserves ambiguous local edits and exact save recovery [18/25] (1068.150056ms)
✔ publication failed preserves ambiguous local edits and exact save recovery [18/25] (1266.384478ms)
✔ publication success preserves dirty local edits and exact save recovery [19/25] (934.817884ms)
✔ publication failed preserves dirty local edits and exact save recovery [19/25] (932.765461ms)
✔ publication success preserves ambiguous local edits and exact save recovery [19/25] (1066.470338ms)
✔ publication failed preserves ambiguous local edits and exact save recovery [19/25] (1082.68176ms)
✔ publication success preserves dirty local edits and exact save recovery [20/25] (1056.23949ms)
✔ publication failed preserves dirty local edits and exact save recovery [20/25] (1124.647926ms)
✔ publication success preserves ambiguous local edits and exact save recovery [20/25] (1104.081339ms)
✔ publication failed preserves ambiguous local edits and exact save recovery [20/25] (1062.133121ms)
✔ publication success preserves dirty local edits and exact save recovery [21/25] (1001.884522ms)
✔ publication failed preserves dirty local edits and exact save recovery [21/25] (994.654463ms)
✔ publication success preserves ambiguous local edits and exact save recovery [21/25] (1000.174448ms)
✔ publication failed preserves ambiguous local edits and exact save recovery [21/25] (1126.464085ms)
✔ publication success preserves dirty local edits and exact save recovery [22/25] (990.680637ms)
✔ publication failed preserves dirty local edits and exact save recovery [22/25] (918.628275ms)
✔ publication success preserves ambiguous local edits and exact save recovery [22/25] (972.688193ms)
✔ publication failed preserves ambiguous local edits and exact save recovery [22/25] (1084.49176ms)
✔ publication success preserves dirty local edits and exact save recovery [23/25] (978.695381ms)
✔ publication failed preserves dirty local edits and exact save recovery [23/25] (927.316508ms)
✔ publication success preserves ambiguous local edits and exact save recovery [23/25] (1020.274104ms)
✔ publication failed preserves ambiguous local edits and exact save recovery [23/25] (1028.417651ms)
✔ publication success preserves dirty local edits and exact save recovery [24/25] (1008.47237ms)
✔ publication failed preserves dirty local edits and exact save recovery [24/25] (981.642115ms)
✔ publication success preserves ambiguous local edits and exact save recovery [24/25] (1120.885097ms)
✔ publication failed preserves ambiguous local edits and exact save recovery [24/25] (1026.322496ms)
✔ publication success preserves dirty local edits and exact save recovery [25/25] (917.237528ms)
✔ publication failed preserves dirty local edits and exact save recovery [25/25] (914.204574ms)
✔ publication success preserves ambiguous local edits and exact save recovery [25/25] (1003.649604ms)
✔ publication failed preserves ambiguous local edits and exact save recovery [25/25] (1028.538553ms)
ℹ tests 100
ℹ suites 0
ℹ pass 100
ℹ fail 0
ℹ cancelled 0
ℹ skipped 0
ℹ todo 0
ℹ duration_ms 135295.638344
