$ corepack pnpm db:migrate && corepack pnpm db:migrate && corepack pnpm test:database
$ dbmate --no-dump-schema --migrations-dir packages/database/migrations up
Applying: 20260929000100_durable_core.sql
Applied: 20260929000100_durable_core.sql in 37.546365ms
Applying: 20260929000200_runtime_ingress_credentials.sql
Applied: 20260929000200_runtime_ingress_credentials.sql in 10.757905ms
Applying: 20260929000300_authorization_generation.sql
Applied: 20260929000300_authorization_generation.sql in 9.246991ms
Applying: 20260929000400_accepted_quote.sql
Applied: 20260929000400_accepted_quote.sql in 10.954985ms
Applying: 20260930000100_m4_key_lifecycle.sql
Applied: 20260930000100_m4_key_lifecycle.sql in 12.655092ms
Applying: 20260930000200_publication_progress.sql
Applied: 20260930000200_publication_progress.sql in 4.825305ms
Applying: 20260930000300_m5_revision_geometry.sql
Applied: 20260930000300_m5_revision_geometry.sql in 4.095838ms
Applying: 20260930000400_m5_revision_presentation.sql
Applied: 20260930000400_m5_revision_presentation.sql in 3.936341ms
Applying: 20260930000500_m5_publication_source_version.sql
Applied: 20260930000500_m5_publication_source_version.sql in 2.073898ms
Applying: 20260930000600_m5_publication_intent_generation.sql
Applied: 20260930000600_m5_publication_intent_generation.sql in 2.16668ms
Applying: 20260930000700_m5_publication_intent_lookup.sql
Applied: 20260930000700_m5_publication_intent_lookup.sql in 2.045448ms
Applying: 20260930000800_m5_current_publication_pointer.sql
Applied: 20260930000800_m5_current_publication_pointer.sql in 4.441732ms
Applying: 20260930000900_m5_activation.sql
Applied: 20260930000900_m5_activation.sql in 15.696035ms
$ dbmate --no-dump-schema --migrations-dir packages/database/migrations up
$ corepack pnpm --filter @insignia/database test
$ vitest run

 RUN  v5.0.2 /home/serveradmin/insignia-m5-003-worktree/packages/database


 Test Files  10 passed (10)
      Tests  97 passed (97)
   Start at  17:42:49
   Duration  14.16s (tests 64%, import 26%, transform 10%)

    Isolate  10 workers spawned · ~326ms startup each (spawn + environment, per file)
             at least ~761ms faster with isolate: false — reuses workers across files instead of one per file
