$ M5_PUBLICATION_STRESS_ITERATIONS=25 corepack pnpm --filter @insignia/web exec node --test --test-name-pattern="publication (success|failed) preserves" test/admin/editor-browser.test.mjs
✔ publication success preserves dirty local edits and exact save recovery [1/25] (1161.770561ms)
✔ publication failed preserves dirty local edits and exact save recovery [1/25] (982.941745ms)
✔ publication success preserves ambiguous local edits and exact save recovery [1/25] (952.467086ms)
✔ publication failed preserves ambiguous local edits and exact save recovery [1/25] (897.706464ms)
✔ publication success preserves dirty local edits and exact save recovery [2/25] (927.325188ms)
✔ publication failed preserves dirty local edits and exact save recovery [2/25] (841.423576ms)
✔ publication success preserves ambiguous local edits and exact save recovery [2/25] (937.209945ms)
✔ publication failed preserves ambiguous local edits and exact save recovery [2/25] (930.877598ms)
✔ publication success preserves dirty local edits and exact save recovery [3/25] (987.339691ms)
✔ publication failed preserves dirty local edits and exact save recovery [3/25] (859.724499ms)
✔ publication success preserves ambiguous local edits and exact save recovery [3/25] (938.311825ms)
✔ publication failed preserves ambiguous local edits and exact save recovery [3/25] (962.38473ms)
✔ publication success preserves dirty local edits and exact save recovery [4/25] (838.732638ms)
✔ publication failed preserves dirty local edits and exact save recovery [4/25] (879.270723ms)
✔ publication success preserves ambiguous local edits and exact save recovery [4/25] (945.697104ms)
✔ publication failed preserves ambiguous local edits and exact save recovery [4/25] (971.544635ms)
✔ publication success preserves dirty local edits and exact save recovery [5/25] (893.020879ms)
✔ publication failed preserves dirty local edits and exact save recovery [5/25] (830.555095ms)
✔ publication success preserves ambiguous local edits and exact save recovery [5/25] (1081.892574ms)
✔ publication failed preserves ambiguous local edits and exact save recovery [5/25] (1121.925042ms)
✔ publication success preserves dirty local edits and exact save recovery [6/25] (1056.633783ms)
✔ publication failed preserves dirty local edits and exact save recovery [6/25] (916.897247ms)
✔ publication success preserves ambiguous local edits and exact save recovery [6/25] (1118.319791ms)
✔ publication failed preserves ambiguous local edits and exact save recovery [6/25] (1010.574904ms)
✔ publication success preserves dirty local edits and exact save recovery [7/25] (948.944007ms)
✔ publication failed preserves dirty local edits and exact save recovery [7/25] (838.154717ms)
✔ publication success preserves ambiguous local edits and exact save recovery [7/25] (977.030114ms)
✔ publication failed preserves ambiguous local edits and exact save recovery [7/25] (945.151242ms)
✔ publication success preserves dirty local edits and exact save recovery [8/25] (847.748485ms)
✔ publication failed preserves dirty local edits and exact save recovery [8/25] (827.542507ms)
✔ publication success preserves ambiguous local edits and exact save recovery [8/25] (995.139417ms)
✔ publication failed preserves ambiguous local edits and exact save recovery [8/25] (1096.228697ms)
✔ publication success preserves dirty local edits and exact save recovery [9/25] (826.673642ms)
✔ publication failed preserves dirty local edits and exact save recovery [9/25] (841.3435ms)
✔ publication success preserves ambiguous local edits and exact save recovery [9/25] (963.458175ms)
✔ publication failed preserves ambiguous local edits and exact save recovery [9/25] (886.693463ms)
✔ publication success preserves dirty local edits and exact save recovery [10/25] (845.661583ms)
✔ publication failed preserves dirty local edits and exact save recovery [10/25] (844.33036ms)
✔ publication success preserves ambiguous local edits and exact save recovery [10/25] (910.803241ms)
✔ publication failed preserves ambiguous local edits and exact save recovery [10/25] (925.168486ms)
✔ publication success preserves dirty local edits and exact save recovery [11/25] (978.906829ms)
✔ publication failed preserves dirty local edits and exact save recovery [11/25] (925.111001ms)
✔ publication success preserves ambiguous local edits and exact save recovery [11/25] (1201.070187ms)
✔ publication failed preserves ambiguous local edits and exact save recovery [11/25] (1381.693897ms)
✔ publication success preserves dirty local edits and exact save recovery [12/25] (1090.92151ms)
✔ publication failed preserves dirty local edits and exact save recovery [12/25] (995.532211ms)
✔ publication success preserves ambiguous local edits and exact save recovery [12/25] (1041.097991ms)
✔ publication failed preserves ambiguous local edits and exact save recovery [12/25] (961.908593ms)
✔ publication success preserves dirty local edits and exact save recovery [13/25] (848.053751ms)
✔ publication failed preserves dirty local edits and exact save recovery [13/25] (1002.706802ms)
✔ publication success preserves ambiguous local edits and exact save recovery [13/25] (1125.016969ms)
✔ publication failed preserves ambiguous local edits and exact save recovery [13/25] (935.481185ms)
✔ publication success preserves dirty local edits and exact save recovery [14/25] (822.207874ms)
✔ publication failed preserves dirty local edits and exact save recovery [14/25] (894.89654ms)
✔ publication success preserves ambiguous local edits and exact save recovery [14/25] (939.396517ms)
✔ publication failed preserves ambiguous local edits and exact save recovery [14/25] (904.942716ms)
✔ publication success preserves dirty local edits and exact save recovery [15/25] (857.255345ms)
✔ publication failed preserves dirty local edits and exact save recovery [15/25] (896.755637ms)
✔ publication success preserves ambiguous local edits and exact save recovery [15/25] (1164.434576ms)
✔ publication failed preserves ambiguous local edits and exact save recovery [15/25] (956.497656ms)
✔ publication success preserves dirty local edits and exact save recovery [16/25] (837.182187ms)
✔ publication failed preserves dirty local edits and exact save recovery [16/25] (859.988603ms)
✔ publication success preserves ambiguous local edits and exact save recovery [16/25] (905.497428ms)
✔ publication failed preserves ambiguous local edits and exact save recovery [16/25] (935.387063ms)
✔ publication success preserves dirty local edits and exact save recovery [17/25] (829.268619ms)
✔ publication failed preserves dirty local edits and exact save recovery [17/25] (908.252486ms)
✔ publication success preserves ambiguous local edits and exact save recovery [17/25] (907.797829ms)
✔ publication failed preserves ambiguous local edits and exact save recovery [17/25] (978.238315ms)
✔ publication success preserves dirty local edits and exact save recovery [18/25] (875.874669ms)
✔ publication failed preserves dirty local edits and exact save recovery [18/25] (885.42009ms)
✔ publication success preserves ambiguous local edits and exact save recovery [18/25] (919.467499ms)
✔ publication failed preserves ambiguous local edits and exact save recovery [18/25] (939.570483ms)
✔ publication success preserves dirty local edits and exact save recovery [19/25] (838.912129ms)
✔ publication failed preserves dirty local edits and exact save recovery [19/25] (896.679802ms)
✔ publication success preserves ambiguous local edits and exact save recovery [19/25] (900.536631ms)
✔ publication failed preserves ambiguous local edits and exact save recovery [19/25] (937.686439ms)
✔ publication success preserves dirty local edits and exact save recovery [20/25] (918.580514ms)
✔ publication failed preserves dirty local edits and exact save recovery [20/25] (1004.910658ms)
✔ publication success preserves ambiguous local edits and exact save recovery [20/25] (1183.804928ms)
✔ publication failed preserves ambiguous local edits and exact save recovery [20/25] (1085.848631ms)
✔ publication success preserves dirty local edits and exact save recovery [21/25] (914.446031ms)
✔ publication failed preserves dirty local edits and exact save recovery [21/25] (845.542326ms)
✔ publication success preserves ambiguous local edits and exact save recovery [21/25] (896.742316ms)
✔ publication failed preserves ambiguous local edits and exact save recovery [21/25] (893.643138ms)
✔ publication success preserves dirty local edits and exact save recovery [22/25] (870.503279ms)
✔ publication failed preserves dirty local edits and exact save recovery [22/25] (850.600048ms)
✔ publication success preserves ambiguous local edits and exact save recovery [22/25] (1053.549112ms)
✔ publication failed preserves ambiguous local edits and exact save recovery [22/25] (1208.162074ms)
✔ publication success preserves dirty local edits and exact save recovery [23/25] (1106.474889ms)
✔ publication failed preserves dirty local edits and exact save recovery [23/25] (1198.375945ms)
✔ publication success preserves ambiguous local edits and exact save recovery [23/25] (994.067447ms)
✔ publication failed preserves ambiguous local edits and exact save recovery [23/25] (930.360122ms)
✔ publication success preserves dirty local edits and exact save recovery [24/25] (997.569169ms)
✔ publication failed preserves dirty local edits and exact save recovery [24/25] (1123.420541ms)
✔ publication success preserves ambiguous local edits and exact save recovery [24/25] (1277.068546ms)
✔ publication failed preserves ambiguous local edits and exact save recovery [24/25] (1249.150761ms)
✔ publication success preserves dirty local edits and exact save recovery [25/25] (1074.474656ms)
✔ publication failed preserves dirty local edits and exact save recovery [25/25] (913.02237ms)
✔ publication success preserves ambiguous local edits and exact save recovery [25/25] (1002.033783ms)
✔ publication failed preserves ambiguous local edits and exact save recovery [25/25] (878.40954ms)
ℹ tests 100
ℹ suites 0
ℹ pass 100
ℹ fail 0
ℹ cancelled 0
ℹ skipped 0
ℹ todo 0
ℹ duration_ms 96936.987685
