✔ real PG activation composes trusted release, synthetic Shopify hold and immutable evidence (414.461271ms)
✔ admin distinguishes activation waiting, held, restoration and conflict without manufacturing ACTIVE (1.497816ms)
✔ publication conflict outranks a retained held/pending activation state (0.206853ms)
✔ terminal operator hold outranks stale held activation (0.190067ms)
✔ overlapping distinct-key M5 creates serialize before the command FK lock upgrade (179.665108ms)
✔ currency precision rejects invalid saved and legacy publication amounts without rounding or durable intent (212.607368ms)
✔ durable editor CAS, exact-key replay, independent copy, immutable geometry, and reinstall fence (526.357281ms)
✔ actual M4 prepare/advance over immutable M5 revision reports ready, conflict and hold truthfully (872.959473ms)
✔ diagnostic preview requires accounting and HTTPS before any provider access (499.148158ms)
[shopify-api/INFO] version 15.0.0, environment Node v24.21.0
[shopify-api/INFO] Future flag customerAddressDefaultFix is disabled.

  Enable this flag to change the CustomerAddress classes to expose a 'is_default' property instead of 'default' when fetching data.

[shopify-api/INFO] Future flag unstable_managedPricingSupport is disabled.

  Enable this flag to support managed pricing, so apps can check for payments without needing a billing config. Learn more at https://shopify.dev/docs/apps/launch/billing/managed-pricing

[shopify-api/INFO] Creating new session | {shop: synthetic-preview.myshopify.com, isOnline: true}
✔ live-style SDK identity, local PG create/save/reload/CAS/exact ambiguous replay and mutation refusal (757.44348ms)
[shopify-api/INFO] version 15.0.0, environment Node v24.21.0
[shopify-api/INFO] Future flag customerAddressDefaultFix is disabled.

  Enable this flag to change the CustomerAddress classes to expose a 'is_default' property instead of 'default' when fetching data.

[shopify-api/INFO] Future flag unstable_managedPricingSupport is disabled.

  Enable this flag to support managed pricing, so apps can check for payments without needing a billing config. Learn more at https://shopify.dev/docs/apps/launch/billing/managed-pricing

[shopify-api/INFO] Creating new session | {shop: mb6032cbe74214c3bb6686a2f96a1b457.myshopify.com, isOnline: true}
▶ production composition uses signed staff SDK, current feature policy and real M4 prepare with admission hold
  ✔ scheduled cancellation boundary 2026-09-30T23:59:59.999Z: allowed=true (16.693062ms)
  ✔ scheduled cancellation boundary 2026-10-01T00:00:00.000Z: allowed=false (12.495326ms)
  ✔ scheduled cancellation boundary 2026-10-01T00:00:00.001Z: allowed=false (12.962949ms)
✔ production composition uses signed staff SDK, current feature policy and real M4 prepare with admission hold (504.465906ms)
✔ server activation composition cannot promote a diagnostic observation without trusted release source (1.824333ms)
✔ built HTTP ingress authenticates raw bytes and durably deduplicates through PostgreSQL and queue (1501.452815ms)
ℹ tests 16
ℹ suites 0
ℹ pass 16
ℹ fail 0
ℹ cancelled 0
ℹ skipped 0
ℹ todo 0
ℹ duration_ms 8665.662306
