$ M5_PUBLICATION_STRESS_ITERATIONS=25 corepack pnpm --filter @insignia/web exec node --test --test-name-pattern="publication (success|failed) preserves" test/admin/editor-browser.test.mjs
✔ publication success preserves dirty local edits and exact save recovery [1/25] (1474.246498ms)
✔ publication failed preserves dirty local edits and exact save recovery [1/25] (970.161673ms)
✔ publication success preserves ambiguous local edits and exact save recovery [1/25] (935.205925ms)
✔ publication failed preserves ambiguous local edits and exact save recovery [1/25] (923.546334ms)
✔ publication success preserves dirty local edits and exact save recovery [2/25] (913.003039ms)
✔ publication failed preserves dirty local edits and exact save recovery [2/25] (835.036041ms)
✔ publication success preserves ambiguous local edits and exact save recovery [2/25] (961.753123ms)
✔ publication failed preserves ambiguous local edits and exact save recovery [2/25] (915.566906ms)
✔ publication success preserves dirty local edits and exact save recovery [3/25] (837.088007ms)
✔ publication failed preserves dirty local edits and exact save recovery [3/25] (882.861881ms)
✔ publication success preserves ambiguous local edits and exact save recovery [3/25] (912.751728ms)
✔ publication failed preserves ambiguous local edits and exact save recovery [3/25] (884.400224ms)
✔ publication success preserves dirty local edits and exact save recovery [4/25] (896.950439ms)
✔ publication failed preserves dirty local edits and exact save recovery [4/25] (910.530094ms)
✔ publication success preserves ambiguous local edits and exact save recovery [4/25] (978.204579ms)
✔ publication failed preserves ambiguous local edits and exact save recovery [4/25] (928.885123ms)
✔ publication success preserves dirty local edits and exact save recovery [5/25] (833.367784ms)
✔ publication failed preserves dirty local edits and exact save recovery [5/25] (818.265349ms)
✔ publication success preserves ambiguous local edits and exact save recovery [5/25] (933.842938ms)
✔ publication failed preserves ambiguous local edits and exact save recovery [5/25] (929.143799ms)
✔ publication success preserves dirty local edits and exact save recovery [6/25] (812.230527ms)
✔ publication failed preserves dirty local edits and exact save recovery [6/25] (884.239266ms)
✔ publication success preserves ambiguous local edits and exact save recovery [6/25] (888.168864ms)
✔ publication failed preserves ambiguous local edits and exact save recovery [6/25] (963.790286ms)
✔ publication success preserves dirty local edits and exact save recovery [7/25] (923.758825ms)
✔ publication failed preserves dirty local edits and exact save recovery [7/25] (870.748189ms)
✔ publication success preserves ambiguous local edits and exact save recovery [7/25] (909.058246ms)
✔ publication failed preserves ambiguous local edits and exact save recovery [7/25] (932.62737ms)
✔ publication success preserves dirty local edits and exact save recovery [8/25] (820.025677ms)
✔ publication failed preserves dirty local edits and exact save recovery [8/25] (866.757919ms)
✔ publication success preserves ambiguous local edits and exact save recovery [8/25] (909.050122ms)
✔ publication failed preserves ambiguous local edits and exact save recovery [8/25] (954.209623ms)
✔ publication success preserves dirty local edits and exact save recovery [9/25] (837.174795ms)
✔ publication failed preserves dirty local edits and exact save recovery [9/25] (827.30773ms)
✔ publication success preserves ambiguous local edits and exact save recovery [9/25] (1002.781762ms)
✔ publication failed preserves ambiguous local edits and exact save recovery [9/25] (917.508486ms)
✔ publication success preserves dirty local edits and exact save recovery [10/25] (837.305622ms)
✔ publication failed preserves dirty local edits and exact save recovery [10/25] (866.822061ms)
✔ publication success preserves ambiguous local edits and exact save recovery [10/25] (954.995286ms)
✔ publication failed preserves ambiguous local edits and exact save recovery [10/25] (890.313217ms)
✔ publication success preserves dirty local edits and exact save recovery [11/25] (897.916703ms)
✔ publication failed preserves dirty local edits and exact save recovery [11/25] (809.976484ms)
✔ publication success preserves ambiguous local edits and exact save recovery [11/25] (970.447739ms)
✔ publication failed preserves ambiguous local edits and exact save recovery [11/25] (1071.019534ms)
✔ publication success preserves dirty local edits and exact save recovery [12/25] (916.935706ms)
✔ publication failed preserves dirty local edits and exact save recovery [12/25] (870.817457ms)
✔ publication success preserves ambiguous local edits and exact save recovery [12/25] (917.352884ms)
✔ publication failed preserves ambiguous local edits and exact save recovery [12/25] (896.595671ms)
✔ publication success preserves dirty local edits and exact save recovery [13/25] (834.513083ms)
✔ publication failed preserves dirty local edits and exact save recovery [13/25] (834.299468ms)
✔ publication success preserves ambiguous local edits and exact save recovery [13/25] (934.569002ms)
✔ publication failed preserves ambiguous local edits and exact save recovery [13/25] (947.209427ms)
✔ publication success preserves dirty local edits and exact save recovery [14/25] (835.64855ms)
✔ publication failed preserves dirty local edits and exact save recovery [14/25] (860.664789ms)
✔ publication success preserves ambiguous local edits and exact save recovery [14/25] (923.843888ms)
✔ publication failed preserves ambiguous local edits and exact save recovery [14/25] (874.199365ms)
✔ publication success preserves dirty local edits and exact save recovery [15/25] (859.305862ms)
✔ publication failed preserves dirty local edits and exact save recovery [15/25] (840.693262ms)
✔ publication success preserves ambiguous local edits and exact save recovery [15/25] (1065.238073ms)
✔ publication failed preserves ambiguous local edits and exact save recovery [15/25] (953.301407ms)
✔ publication success preserves dirty local edits and exact save recovery [16/25] (903.321214ms)
✔ publication failed preserves dirty local edits and exact save recovery [16/25] (915.374869ms)
✔ publication success preserves ambiguous local edits and exact save recovery [16/25] (943.627791ms)
✔ publication failed preserves ambiguous local edits and exact save recovery [16/25] (920.575575ms)
✔ publication success preserves dirty local edits and exact save recovery [17/25] (837.474271ms)
✔ publication failed preserves dirty local edits and exact save recovery [17/25] (862.132533ms)
✔ publication success preserves ambiguous local edits and exact save recovery [17/25] (897.00955ms)
✔ publication failed preserves ambiguous local edits and exact save recovery [17/25] (867.84698ms)
✔ publication success preserves dirty local edits and exact save recovery [18/25] (851.710503ms)
✔ publication failed preserves dirty local edits and exact save recovery [18/25] (903.874823ms)
✔ publication success preserves ambiguous local edits and exact save recovery [18/25] (968.505335ms)
✔ publication failed preserves ambiguous local edits and exact save recovery [18/25] (919.210791ms)
✔ publication success preserves dirty local edits and exact save recovery [19/25] (950.192346ms)
✔ publication failed preserves dirty local edits and exact save recovery [19/25] (821.808156ms)
✔ publication success preserves ambiguous local edits and exact save recovery [19/25] (900.50527ms)
✔ publication failed preserves ambiguous local edits and exact save recovery [19/25] (938.734472ms)
✔ publication success preserves dirty local edits and exact save recovery [20/25] (818.294386ms)
✔ publication failed preserves dirty local edits and exact save recovery [20/25] (860.005823ms)
✔ publication success preserves ambiguous local edits and exact save recovery [20/25] (1146.913366ms)
✔ publication failed preserves ambiguous local edits and exact save recovery [20/25] (1067.586373ms)
✔ publication success preserves dirty local edits and exact save recovery [21/25] (908.310468ms)
✔ publication failed preserves dirty local edits and exact save recovery [21/25] (869.398886ms)
✔ publication success preserves ambiguous local edits and exact save recovery [21/25] (934.734326ms)
✔ publication failed preserves ambiguous local edits and exact save recovery [21/25] (986.245125ms)
✔ publication success preserves dirty local edits and exact save recovery [22/25] (822.137366ms)
✔ publication failed preserves dirty local edits and exact save recovery [22/25] (831.142927ms)
✔ publication success preserves ambiguous local edits and exact save recovery [22/25] (896.51949ms)
✔ publication failed preserves ambiguous local edits and exact save recovery [22/25] (887.704535ms)
✔ publication success preserves dirty local edits and exact save recovery [23/25] (876.676148ms)
✔ publication failed preserves dirty local edits and exact save recovery [23/25] (940.359287ms)
✔ publication success preserves ambiguous local edits and exact save recovery [23/25] (948.451517ms)
✔ publication failed preserves ambiguous local edits and exact save recovery [23/25] (952.532964ms)
✔ publication success preserves dirty local edits and exact save recovery [24/25] (861.187727ms)
✔ publication failed preserves dirty local edits and exact save recovery [24/25] (865.181267ms)
✔ publication success preserves ambiguous local edits and exact save recovery [24/25] (1012.176254ms)
✔ publication failed preserves ambiguous local edits and exact save recovery [24/25] (944.829098ms)
✔ publication success preserves dirty local edits and exact save recovery [25/25] (836.308517ms)
✔ publication failed preserves dirty local edits and exact save recovery [25/25] (924.786451ms)
✔ publication success preserves ambiguous local edits and exact save recovery [25/25] (1029.51336ms)
✔ publication failed preserves ambiguous local edits and exact save recovery [25/25] (1194.652148ms)
ℹ tests 100
ℹ suites 0
ℹ pass 100
ℹ fail 0
ℹ cancelled 0
ℹ skipped 0
ℹ todo 0
ℹ duration_ms 92123.163804
