
 RUN  v5.0.2 /home/serveradmin/insignia-m5-003-worktree/packages/database

 ❯ test/activation.test.ts (41 tests | 3 failed | 35 skipped) 437ms
   ❯ PG18 scoped production activation (41)
     × R1 public publication rejects stale fetch hold observation without any policy write 141ms
     × R1 public publication rejects stale body hold observation without any policy write 61ms
     × R1 public publication rejects stale credential hold observation without any policy write 56ms

⎯⎯⎯⎯⎯⎯⎯ Failed Tests 3 ⎯⎯⎯⎯⎯⎯⎯

 FAIL  test/activation.test.ts > PG18 scoped production activation > R1 public publication rejects stale fetch hold observation without any policy write
 FAIL  test/activation.test.ts > PG18 scoped production activation > R1 public publication rejects stale body hold observation without any policy write
 FAIL  test/activation.test.ts > PG18 scoped production activation > R1 public publication rejects stale credential hold observation without any policy write
AssertionError: expected { kind: 'PENDING', …(1) } to deeply equal { kind: 'ADMISSION_PENDING', …(1) }

- Expected
+ Received

  {
-   "kind": "ADMISSION_PENDING",
-   "phase": "prepared",
+   "kind": "PENDING",
+   "phase": "shop-config-written",
  }

 ❯ test/activation.test.ts:381:116
    379|     await f.prepareHold();
    380|     f.providerDelay = { point, ms: 2000 };
    381|     expect(await f.restart().publications.advance(f.identity.shopId, f…
       |                                                                                                                    ^
    382|     expect(f.remoteWrites).toBe(0);
    383|     expect((await f.restart().read(f.identity))?.evidence).toBeNull();

⎯⎯⎯⎯⎯⎯⎯⎯⎯⎯⎯⎯⎯⎯⎯⎯⎯⎯⎯⎯⎯⎯⎯⎯[1/3]⎯


 Test Files  1 failed (1)
      Tests  3 failed | 3 passed | 35 skipped (41)
   Start at  17:36:24
   Duration  1.38s (tests 35%, transform 33%, import 32%)

Error: ERR_PNPM_RECURSIVE_EXEC_FIRST_FAIL

  × "pnpm recursive exec" failed in /home/serveradmin/insignia-m5-003-
  │ worktree/packages/database
