✔ source gate requires two fresh high-effort reviews and every workflow on the frozen source (4.23779ms)
✔ full source binding includes the inherited internal Rust links without following external symlinks (205.937723ms)
✔ exact historical ownership accepts the fixed fixture and rejects an alternate target (2.057185ms)
✔ actual production acquire reports legacy membership conflict; V2 adjudication archives the owned fixture once (44.543793ms)
✔ ownership stops before any status mutation (2.709289ms)
✔ incomplete resourcePublications stops before any status mutation (2.411814ms)
✔ incomplete unpublishedPublications stops before any status mutation (2.492182ms)
✔ incomplete APP stops before any status mutation (3.480899ms)
✔ incomplete MARKET stops before any status mutation (4.241791ms)
✔ incomplete COMPANY_LOCATION stops before any status mutation (5.087586ms)
✔ incomplete NONE stops before any status mutation (6.484082ms)
✔ missing read scope stops before any status mutation (1.55363ms)
✔ initial DRAFT drift stops before any status mutation (5.880747ms)
✔ cross-partition version drift stops before any status mutation (2.942764ms)
✔ observed required grant loss in adapter read stops before any status mutation (9.526543ms)
✔ lost DRAFT acknowledgement never retries or archives (11.826743ms)
✔ DRAFT readback failure never retries or archives (11.508987ms)
✔ post-DRAFT ownership drift never retries or archives (15.407678ms)
✔ post-DRAFT partition drift never retries or archives (13.321956ms)
✔ different V2 behavior is classified from evidence without assuming staged membership (24.810391ms)
✔ ambiguous archive has exactly one bounded final observation and no resend (20.213288ms)
✔ newly appearing DRAFT V2 membership is not described as retained from ACTIVE (18.795862ms)
✔ acknowledgement/readback version drift stops before any post-DRAFT projection or cleanup (13.660764ms)
✔ concrete Shopify AppCatalog metadata permits the fixed adjudication (18.651293ms)
✔ concrete Shopify MarketCatalog metadata permits the fixed adjudication (20.652576ms)
✔ concrete Shopify CompanyLocationCatalog metadata permits the fixed adjudication (19.755305ms)
✔ catalog typename and global ID mismatch stops before any status mutation (5.990275ms)
✔ wrapped production failure preserves {"userError":true} (12.545926ms)
✔ wrapped production failure preserves {"adapterFailure":"http403"} (6.985942ms)
✔ wrapped production failure preserves {"adapterFailure":"graphql"} (8.466183ms)
✔ wrapped production failure preserves {"adapterFailure":"invalidJSON"} (6.928376ms)
✔ wrapped production failure preserves {"adapterFailure":"missingBody"} (6.254952ms)
✔ wrapped production failure preserves {"adapterFailure":"badScopes"} (7.017375ms)
✔ wrapped production failure preserves {"adapterFailure":"badNodes"} (6.731271ms)
✔ wrapped production failure preserves {"adapterFailure":"nullScope"} (8.290594ms)
✔ wrapped production failure preserves {"adapterFailure":"nullScopePost"} (10.425545ms)
✔ wrapped production failure preserves {"adapterFailure":"badHandlePost"} (10.454441ms)
✔ wrapped production failure preserves {"adapterFailure":"scopeString"} (8.362488ms)
✔ outstanding archive transport quarantines all further dispatch {"archiveOutstanding":true} (38.809862ms)
✔ outstanding archive transport quarantines all further dispatch {"archiveBodyOutstanding":true} (37.899237ms)
✔ outstanding archive transport quarantines all further dispatch {"archiveOversizeOutstanding":true} (39.352418ms)
✔ outstanding archive transport quarantines all further dispatch {"archiveBodyAbortOutstanding":true} (38.940401ms)
✔ outstanding archive transport quarantines all further dispatch {"archiveBodyCancelRejected":true} (17.156012ms)
✔ durable transport denies alternate target, ACTIVE, extra fields and arbitrary documents before HTTP (0.859129ms)
✔ quarantined first event zero rejects every subsequent provider dispatch (21.00865ms)
✔ 100 serial synthetic adjudications preserve the fixed ceilings and stop on each ambiguous write (1556.927306ms)
ℹ tests 46
ℹ suites 0
ℹ pass 46
ℹ fail 0
ℹ cancelled 0
ℹ skipped 0
ℹ todo 0
ℹ duration_ms 2368.189425
