{"control":"table","lockObserved":true,"exit":1,"classification":"TRUSTED_RELEASE_APPEND_STOPPED","writeAttempted":true,"writeAcknowledged":true,"rows":1,"providerRequests":0,"productionWrites":0}
node:internal/modules/run_main:107
    triggerUncaughtException(
    ^

AssertionError [ERR_ASSERTION]: Expired original authority must append zero rows
+ actual - expected

+ {
+   active_version_evidence_sha256: 'e844d4429bb723d14146f3141c269b3c549597afa6758c5fbbef9f75c25db944',
+   evidence_digest: 'dbf409cc4bb3e9140f7bf87462aec4fc7f65a753bf0e50c931f02b32d38f7b61',
+   trusted_record: {
+     activeAppVersionRef: '1158986629121',
+     attestation: {
+       appClientId: '1443cf6d03d39edae7c101a943c5c684',
+       appVersionRef: '1158986629121',
+       devPreviewRef: null,
+       evidenceKind: 'RELEASE_BOUND',
+       expiresAt: '2026-10-08T19:13:13.989Z',
+       installationGeneration: '1',
+       observedAt: '2026-10-08T19:13:11.989Z',
+       schemaVersion: 1,
+       shopId: 'd7fd0209-fc00-4734-9a12-0847f0cc0d56',
+       sourceCommit: '9b94149272d1b62c34f44dda3bde209e80b4ae22',
+       transform: {
+         apiType: 'cart_transform',
+         apiVersion: '2026-07',
+         functionId: 'gid://shopify/ShopifyFunction/987654321',
+         handle: 'insignia-experimental-v2-transform',
+         inputQuerySha256: '8d93a08697dd56e4aa3f857c3509e4d828a5f4195cb2e8cd878749c3e5729053',
+         wasmSha256: '49248769ae4ce578af7c5e7fa77f8c230c8fd4f45b2d673c22cfed87ff946576'
+       },
+       validation: {
+         apiType: 'cart_checkout_validation',
+         apiVersion: '2026-07',
+         functionId: 'gid://shopify/ShopifyFunction/987654322',
+         handle: 'insignia-experimental-v2-validation',
+         inputQuerySha256: 'a0cd5d7262514c134efc8e9ce964b25b877ce56fc10d0cba6bdd1af82f2dc8c5',
+         wasmSha256: '3193f60bbb29cdc473ce7ae73e88d1064ca7be2f03da2aade4e17ae1390366c6'
+       }
+     },
+     recordId: 'ea8e6dd5-f226-4a56-8298-56df2dd0da16',
+     version: 'm5-trusted-release-v1'
+   }
+ }
- undefined

    at file:///home/serveradmin/insignia-m5-023-worktree/docs/delivery/evidence/m5-023/operators/release-append-deadline-control.mjs:56:52
    at process.processTicksAndRejections (node:internal/process/task_queues:104:5) {
  generatedMessage: false,
  code: 'ERR_ASSERTION',
  actual: {
    trusted_record: {
      version: 'm5-trusted-release-v1',
      recordId: 'ea8e6dd5-f226-4a56-8298-56df2dd0da16',
      attestation: {
        shopId: 'd7fd0209-fc00-4734-9a12-0847f0cc0d56',
        expiresAt: '2026-10-08T19:13:13.989Z',
        transform: {
          handle: 'insignia-experimental-v2-transform',
          apiType: 'cart_transform',
          apiVersion: '2026-07',
          functionId: 'gid://shopify/ShopifyFunction/987654321',
          wasmSha256: '49248769ae4ce578af7c5e7fa77f8c230c8fd4f45b2d673c22cfed87ff946576',
          inputQuerySha256: '8d93a08697dd56e4aa3f857c3509e4d828a5f4195cb2e8cd878749c3e5729053'
        },
        observedAt: '2026-10-08T19:13:11.989Z',
        validation: {
          handle: 'insignia-experimental-v2-validation',
          apiType: 'cart_checkout_validation',
          apiVersion: '2026-07',
          functionId: 'gid://shopify/ShopifyFunction/987654322',
          wasmSha256: '3193f60bbb29cdc473ce7ae73e88d1064ca7be2f03da2aade4e17ae1390366c6',
          inputQuerySha256: 'a0cd5d7262514c134efc8e9ce964b25b877ce56fc10d0cba6bdd1af82f2dc8c5'
        },
        appClientId: '1443cf6d03d39edae7c101a943c5c684',
        evidenceKind: 'RELEASE_BOUND',
        sourceCommit: '9b94149272d1b62c34f44dda3bde209e80b4ae22',
        appVersionRef: '1158986629121',
        devPreviewRef: null,
        schemaVersion: 1,
        installationGeneration: '1'
      },
      activeAppVersionRef: '1158986629121'
    },
    evidence_digest: 'dbf409cc4bb3e9140f7bf87462aec4fc7f65a753bf0e50c931f02b32d38f7b61',
    active_version_evidence_sha256: 'e844d4429bb723d14146f3141c269b3c549597afa6758c5fbbef9f75c25db944'
  },
  expected: undefined,
  operator: 'strictEqual',
  diff: 'simple'
}

Node.js v24.21.0
Control process exit: 1
