
 RUN  v5.0.2 /home/serveradmin/insignia-m5-023-worktree/packages/database

 ❯ test/managed-installation.test.ts (2 tests | 1 failed) 59ms
   × confirmed reinstall advances once through the reviewed lifecycle and old installations cannot return 20ms

⎯⎯⎯⎯⎯⎯⎯ Failed Tests 1 ⎯⎯⎯⎯⎯⎯⎯

 FAIL  test/managed-installation.test.ts > confirmed reinstall advances once through the reviewed lifecycle and old installations cannot return
Error: Managed installation state changed
 ❯ Object.ensureManagedInstallation src/repositories/tenant.ts:116:15
    114|       const state = await managedInstallationState(transaction,input.s…
    115|       if (!state || !state.active || state.externalInstallationId !== …
    116|         throw new Error('Managed installation state changed');
       |               ^
    117|       return { outcome:'REUSED',state };
    118|     },
 ❯ src/durable-core.ts:409:20
 ❯ ../../node_modules/.pnpm/kysely@0.29.6/node_modules/kysely/dist/kysely.js:680:32
 ❯ DefaultConnectionProvider.provideConnection ../../node_modules/.pnpm/kysely@0.29.6/node_modules/kysely/dist/driver/default-connection-provider.js:10:20
 ❯ test/managed-installation.test.ts:45:23

⎯⎯⎯⎯⎯⎯⎯⎯⎯⎯⎯⎯⎯⎯⎯⎯⎯⎯⎯⎯⎯⎯⎯⎯[1/1]⎯


 Test Files  1 failed (1)
      Tests  1 failed | 1 passed (2)
   Start at  12:49:52
   Duration  800ms (transform 49%, import 42%, tests 9%, worker 1%)

Error: ERR_PNPM_RECURSIVE_EXEC_FIRST_FAIL

  × "pnpm recursive exec" failed in /home/serveradmin/insignia-m5-023-
  │ worktree/packages/database

