....FFFFFF.....
======================================================================
FAIL: test_only_exact_ready_worker_and_queue_qualify (__main__.GuardControls.test_only_exact_ready_worker_and_queue_qualify) (failure='root-user')
----------------------------------------------------------------------
Traceback (most recent call last):
  File "/home/serveradmin/insignia-m5-023-worktree/docs/delivery/evidence/m5-023/operators/host-operator-controls.py", line 240, in test_only_exact_ready_worker_and_queue_qualify
    self.assertEqual(value['classification'], 'PASS_UNINSTALL_PROCESSOR' if failure is None else 'BLOCKED_UNINSTALL_PROCESSOR_READINESS')
    ~~~~~~~~~~~~~~~~^^^^^^^^^^^^^^^^^^^^^^^^^^^^^^^^^^^^^^^^^^^^^^^^^^^^^^^^^^^^^^^^^^^^^^^^^^^^^^^^^^^^^^^^^^^^^^^^^^^^^^^^^^^^^^^^^^^^^
AssertionError: 'PASS_UNINSTALL_PROCESSOR' != 'BLOCKED_UNINSTALL_PROCESSOR_READINESS'
- PASS_UNINSTALL_PROCESSOR
+ BLOCKED_UNINSTALL_PROCESSOR_READINESS


======================================================================
FAIL: test_only_exact_ready_worker_and_queue_qualify (__main__.GuardControls.test_only_exact_ready_worker_and_queue_qualify) (failure='privileged')
----------------------------------------------------------------------
Traceback (most recent call last):
  File "/home/serveradmin/insignia-m5-023-worktree/docs/delivery/evidence/m5-023/operators/host-operator-controls.py", line 240, in test_only_exact_ready_worker_and_queue_qualify
    self.assertEqual(value['classification'], 'PASS_UNINSTALL_PROCESSOR' if failure is None else 'BLOCKED_UNINSTALL_PROCESSOR_READINESS')
    ~~~~~~~~~~~~~~~~^^^^^^^^^^^^^^^^^^^^^^^^^^^^^^^^^^^^^^^^^^^^^^^^^^^^^^^^^^^^^^^^^^^^^^^^^^^^^^^^^^^^^^^^^^^^^^^^^^^^^^^^^^^^^^^^^^^^^
AssertionError: 'PASS_UNINSTALL_PROCESSOR' != 'BLOCKED_UNINSTALL_PROCESSOR_READINESS'
- PASS_UNINSTALL_PROCESSOR
+ BLOCKED_UNINSTALL_PROCESSOR_READINESS


======================================================================
FAIL: test_only_exact_ready_worker_and_queue_qualify (__main__.GuardControls.test_only_exact_ready_worker_and_queue_qualify) (failure='cap-add')
----------------------------------------------------------------------
Traceback (most recent call last):
  File "/home/serveradmin/insignia-m5-023-worktree/docs/delivery/evidence/m5-023/operators/host-operator-controls.py", line 240, in test_only_exact_ready_worker_and_queue_qualify
    self.assertEqual(value['classification'], 'PASS_UNINSTALL_PROCESSOR' if failure is None else 'BLOCKED_UNINSTALL_PROCESSOR_READINESS')
    ~~~~~~~~~~~~~~~~^^^^^^^^^^^^^^^^^^^^^^^^^^^^^^^^^^^^^^^^^^^^^^^^^^^^^^^^^^^^^^^^^^^^^^^^^^^^^^^^^^^^^^^^^^^^^^^^^^^^^^^^^^^^^^^^^^^^^
AssertionError: 'PASS_UNINSTALL_PROCESSOR' != 'BLOCKED_UNINSTALL_PROCESSOR_READINESS'
- PASS_UNINSTALL_PROCESSOR
+ BLOCKED_UNINSTALL_PROCESSOR_READINESS


======================================================================
FAIL: test_only_exact_ready_worker_and_queue_qualify (__main__.GuardControls.test_only_exact_ready_worker_and_queue_qualify) (failure='security-override')
----------------------------------------------------------------------
Traceback (most recent call last):
  File "/home/serveradmin/insignia-m5-023-worktree/docs/delivery/evidence/m5-023/operators/host-operator-controls.py", line 240, in test_only_exact_ready_worker_and_queue_qualify
    self.assertEqual(value['classification'], 'PASS_UNINSTALL_PROCESSOR' if failure is None else 'BLOCKED_UNINSTALL_PROCESSOR_READINESS')
    ~~~~~~~~~~~~~~~~^^^^^^^^^^^^^^^^^^^^^^^^^^^^^^^^^^^^^^^^^^^^^^^^^^^^^^^^^^^^^^^^^^^^^^^^^^^^^^^^^^^^^^^^^^^^^^^^^^^^^^^^^^^^^^^^^^^^^
AssertionError: 'PASS_UNINSTALL_PROCESSOR' != 'BLOCKED_UNINSTALL_PROCESSOR_READINESS'
- PASS_UNINSTALL_PROCESSOR
+ BLOCKED_UNINSTALL_PROCESSOR_READINESS


======================================================================
FAIL: test_only_exact_ready_worker_and_queue_qualify (__main__.GuardControls.test_only_exact_ready_worker_and_queue_qualify) (failure='writable-module-tmpfs')
----------------------------------------------------------------------
Traceback (most recent call last):
  File "/home/serveradmin/insignia-m5-023-worktree/docs/delivery/evidence/m5-023/operators/host-operator-controls.py", line 240, in test_only_exact_ready_worker_and_queue_qualify
    self.assertEqual(value['classification'], 'PASS_UNINSTALL_PROCESSOR' if failure is None else 'BLOCKED_UNINSTALL_PROCESSOR_READINESS')
    ~~~~~~~~~~~~~~~~^^^^^^^^^^^^^^^^^^^^^^^^^^^^^^^^^^^^^^^^^^^^^^^^^^^^^^^^^^^^^^^^^^^^^^^^^^^^^^^^^^^^^^^^^^^^^^^^^^^^^^^^^^^^^^^^^^^^^
AssertionError: 'PASS_UNINSTALL_PROCESSOR' != 'BLOCKED_UNINSTALL_PROCESSOR_READINESS'
- PASS_UNINSTALL_PROCESSOR
+ BLOCKED_UNINSTALL_PROCESSOR_READINESS


======================================================================
FAIL: test_only_exact_ready_worker_and_queue_qualify (__main__.GuardControls.test_only_exact_ready_worker_and_queue_qualify) (failure='host-pid')
----------------------------------------------------------------------
Traceback (most recent call last):
  File "/home/serveradmin/insignia-m5-023-worktree/docs/delivery/evidence/m5-023/operators/host-operator-controls.py", line 240, in test_only_exact_ready_worker_and_queue_qualify
    self.assertEqual(value['classification'], 'PASS_UNINSTALL_PROCESSOR' if failure is None else 'BLOCKED_UNINSTALL_PROCESSOR_READINESS')
    ~~~~~~~~~~~~~~~~^^^^^^^^^^^^^^^^^^^^^^^^^^^^^^^^^^^^^^^^^^^^^^^^^^^^^^^^^^^^^^^^^^^^^^^^^^^^^^^^^^^^^^^^^^^^^^^^^^^^^^^^^^^^^^^^^^^^^
AssertionError: 'PASS_UNINSTALL_PROCESSOR' != 'BLOCKED_UNINSTALL_PROCESSOR_READINESS'
- PASS_UNINSTALL_PROCESSOR
+ BLOCKED_UNINSTALL_PROCESSOR_READINESS


----------------------------------------------------------------------
Ran 10 tests in 0.028s

FAILED (failures=6)
{"action": "lifecycle-settled", "at": "2026-10-08T16:44:01.707394+00:00", "candidateConfigSha256": "0caecc267d640f5791d6f8c06e7aa619abcfa9baec8e9685805550f08d63cd2d", "candidateCount": 1, "checks": {"candidateMatchesRuntime": true, "exactWorkerArtifact": true, "queueRuntimeUsable": true, "queueSchemaPresent": true, "runtimeDatabaseExact": true, "runtimeRoleExact": true, "sameDatabaseEndpoint": true, "uninstallRuntimeUsable": true, "webhookSecretMatchesApp": true, "workerKeyConfigurationPresent": true, "workerReady": true, "workerRoleExact": true}, "classification": "PASS_UNINSTALL_PROCESSOR", "databaseWrites": 0, "providerRequests": 0, "runtimeEnvironmentValuesLogged": false, "workerDeployments": 0}
{"action": "lifecycle-settled", "at": "2026-10-08T16:44:01.708127+00:00", "candidateConfigSha256": "0caecc267d640f5791d6f8c06e7aa619abcfa9baec8e9685805550f08d63cd2d", "candidateCount": 1, "checks": {"candidateMatchesRuntime": true, "exactWorkerArtifact": false, "queueRuntimeUsable": true, "queueSchemaPresent": true, "runtimeDatabaseExact": false, "runtimeRoleExact": true, "sameDatabaseEndpoint": false, "uninstallRuntimeUsable": true, "webhookSecretMatchesApp": true, "workerKeyConfigurationPresent": true, "workerReady": false, "workerRoleExact": true}, "classification": "BLOCKED_UNINSTALL_PROCESSOR_READINESS", "databaseWrites": 0, "providerRequests": 0, "runtimeEnvironmentValuesLogged": false, "workerDeployments": 0}
{"action": "lifecycle-settled", "at": "2026-10-08T16:44:01.709006+00:00", "candidateConfigSha256": "ec4d98014c5cf782abec51db7bdc0c0272df7ca774a2f89065830a8d7f4c6c35", "candidateCount": 1, "checks": {"candidateMatchesRuntime": true, "exactWorkerArtifact": true, "queueRuntimeUsable": true, "queueSchemaPresent": true, "runtimeDatabaseExact": true, "runtimeRoleExact": true, "sameDatabaseEndpoint": true, "uninstallRuntimeUsable": true, "webhookSecretMatchesApp": false, "workerKeyConfigurationPresent": true, "workerReady": true, "workerRoleExact": true}, "classification": "BLOCKED_UNINSTALL_PROCESSOR_READINESS", "databaseWrites": 0, "providerRequests": 0, "runtimeEnvironmentValuesLogged": false, "workerDeployments": 0}
{"action": "lifecycle-settled", "at": "2026-10-08T16:44:01.709873+00:00", "candidateConfigSha256": "0caecc267d640f5791d6f8c06e7aa619abcfa9baec8e9685805550f08d63cd2d", "candidateCount": 1, "checks": {"candidateMatchesRuntime": true, "exactWorkerArtifact": true, "queueRuntimeUsable": false, "queueSchemaPresent": true, "runtimeDatabaseExact": true, "runtimeRoleExact": true, "sameDatabaseEndpoint": true, "uninstallRuntimeUsable": true, "webhookSecretMatchesApp": true, "workerKeyConfigurationPresent": true, "workerReady": true, "workerRoleExact": true}, "classification": "BLOCKED_UNINSTALL_PROCESSOR_READINESS", "databaseWrites": 0, "providerRequests": 0, "runtimeEnvironmentValuesLogged": false, "workerDeployments": 0}
{"action": "lifecycle-settled", "at": "2026-10-08T16:44:01.710736+00:00", "candidateConfigSha256": "0caecc267d640f5791d6f8c06e7aa619abcfa9baec8e9685805550f08d63cd2d", "candidateCount": 1, "checks": {"candidateMatchesRuntime": true, "exactWorkerArtifact": true, "queueRuntimeUsable": true, "queueSchemaPresent": true, "runtimeDatabaseExact": true, "runtimeRoleExact": true, "sameDatabaseEndpoint": true, "uninstallRuntimeUsable": true, "webhookSecretMatchesApp": true, "workerKeyConfigurationPresent": true, "workerReady": false, "workerRoleExact": true}, "classification": "BLOCKED_UNINSTALL_PROCESSOR_READINESS", "databaseWrites": 0, "providerRequests": 0, "runtimeEnvironmentValuesLogged": false, "workerDeployments": 0}
{"action": "lifecycle-settled", "at": "2026-10-08T16:44:01.711443+00:00", "candidateConfigSha256": "0caecc267d640f5791d6f8c06e7aa619abcfa9baec8e9685805550f08d63cd2d", "candidateCount": 1, "checks": {"candidateMatchesRuntime": true, "exactWorkerArtifact": false, "queueRuntimeUsable": true, "queueSchemaPresent": true, "runtimeDatabaseExact": false, "runtimeRoleExact": true, "sameDatabaseEndpoint": false, "uninstallRuntimeUsable": true, "webhookSecretMatchesApp": true, "workerKeyConfigurationPresent": true, "workerReady": false, "workerRoleExact": true}, "classification": "BLOCKED_UNINSTALL_PROCESSOR_READINESS", "databaseWrites": 0, "providerRequests": 0, "runtimeEnvironmentValuesLogged": false, "workerDeployments": 0}
{"action": "lifecycle-settled", "at": "2026-10-08T16:44:01.712355+00:00", "candidateConfigSha256": "0caecc267d640f5791d6f8c06e7aa619abcfa9baec8e9685805550f08d63cd2d", "candidateCount": 1, "checks": {"candidateMatchesRuntime": true, "exactWorkerArtifact": true, "queueRuntimeUsable": true, "queueSchemaPresent": true, "runtimeDatabaseExact": true, "runtimeRoleExact": true, "sameDatabaseEndpoint": true, "uninstallRuntimeUsable": true, "webhookSecretMatchesApp": true, "workerKeyConfigurationPresent": true, "workerReady": true, "workerRoleExact": false}, "classification": "BLOCKED_UNINSTALL_PROCESSOR_READINESS", "databaseWrites": 0, "providerRequests": 0, "runtimeEnvironmentValuesLogged": false, "workerDeployments": 0}
{"action": "lifecycle-settled", "at": "2026-10-08T16:44:01.713266+00:00", "candidateConfigSha256": "0caecc267d640f5791d6f8c06e7aa619abcfa9baec8e9685805550f08d63cd2d", "candidateCount": 1, "checks": {"candidateMatchesRuntime": true, "exactWorkerArtifact": true, "queueRuntimeUsable": true, "queueSchemaPresent": true, "runtimeDatabaseExact": true, "runtimeRoleExact": true, "sameDatabaseEndpoint": true, "uninstallRuntimeUsable": false, "webhookSecretMatchesApp": true, "workerKeyConfigurationPresent": true, "workerReady": true, "workerRoleExact": true}, "classification": "BLOCKED_UNINSTALL_PROCESSOR_READINESS", "databaseWrites": 0, "providerRequests": 0, "runtimeEnvironmentValuesLogged": false, "workerDeployments": 0}
{"action": "lifecycle-settled", "at": "2026-10-08T16:44:01.713937+00:00", "candidateConfigSha256": "0caecc267d640f5791d6f8c06e7aa619abcfa9baec8e9685805550f08d63cd2d", "candidateCount": 1, "checks": {"candidateMatchesRuntime": true, "exactWorkerArtifact": false, "queueRuntimeUsable": true, "queueSchemaPresent": true, "runtimeDatabaseExact": false, "runtimeRoleExact": true, "sameDatabaseEndpoint": false, "uninstallRuntimeUsable": true, "webhookSecretMatchesApp": true, "workerKeyConfigurationPresent": true, "workerReady": false, "workerRoleExact": true}, "classification": "BLOCKED_UNINSTALL_PROCESSOR_READINESS", "databaseWrites": 0, "providerRequests": 0, "runtimeEnvironmentValuesLogged": false, "workerDeployments": 0}
{"action": "lifecycle-settled", "at": "2026-10-08T16:44:01.714605+00:00", "candidateConfigSha256": "0caecc267d640f5791d6f8c06e7aa619abcfa9baec8e9685805550f08d63cd2d", "candidateCount": 1, "checks": {"candidateMatchesRuntime": true, "exactWorkerArtifact": false, "queueRuntimeUsable": true, "queueSchemaPresent": true, "runtimeDatabaseExact": false, "runtimeRoleExact": true, "sameDatabaseEndpoint": false, "uninstallRuntimeUsable": true, "webhookSecretMatchesApp": true, "workerKeyConfigurationPresent": true, "workerReady": false, "workerRoleExact": true}, "classification": "BLOCKED_UNINSTALL_PROCESSOR_READINESS", "databaseWrites": 0, "providerRequests": 0, "runtimeEnvironmentValuesLogged": false, "workerDeployments": 0}
{"action": "lifecycle-settled", "at": "2026-10-08T16:44:01.715316+00:00", "candidateConfigSha256": "0caecc267d640f5791d6f8c06e7aa619abcfa9baec8e9685805550f08d63cd2d", "candidateCount": 1, "checks": {"candidateMatchesRuntime": true, "exactWorkerArtifact": true, "queueRuntimeUsable": true, "queueSchemaPresent": true, "runtimeDatabaseExact": false, "runtimeRoleExact": true, "sameDatabaseEndpoint": false, "uninstallRuntimeUsable": true, "webhookSecretMatchesApp": true, "workerKeyConfigurationPresent": true, "workerReady": true, "workerRoleExact": true}, "classification": "BLOCKED_UNINSTALL_PROCESSOR_READINESS", "databaseWrites": 0, "providerRequests": 0, "runtimeEnvironmentValuesLogged": false, "workerDeployments": 0}
{"action": "lifecycle-settled", "at": "2026-10-08T16:44:01.716103+00:00", "candidateConfigSha256": "0caecc267d640f5791d6f8c06e7aa619abcfa9baec8e9685805550f08d63cd2d", "candidateCount": 1, "checks": {"candidateMatchesRuntime": true, "exactWorkerArtifact": true, "queueRuntimeUsable": true, "queueSchemaPresent": true, "runtimeDatabaseExact": false, "runtimeRoleExact": true, "sameDatabaseEndpoint": false, "uninstallRuntimeUsable": true, "webhookSecretMatchesApp": true, "workerKeyConfigurationPresent": true, "workerReady": true, "workerRoleExact": true}, "classification": "BLOCKED_UNINSTALL_PROCESSOR_READINESS", "databaseWrites": 0, "providerRequests": 0, "runtimeEnvironmentValuesLogged": false, "workerDeployments": 0}
{"action": "lifecycle-settled", "at": "2026-10-08T16:44:01.716853+00:00", "candidateConfigSha256": "fe0a143d7ec4ed421665c4d90fb0c32d1af824cc7165bdff86619e5d6f841484", "candidateCount": 1, "checks": {"candidateMatchesRuntime": true, "exactWorkerArtifact": true, "queueRuntimeUsable": true, "queueSchemaPresent": true, "runtimeDatabaseExact": false, "runtimeRoleExact": true, "sameDatabaseEndpoint": false, "uninstallRuntimeUsable": true, "webhookSecretMatchesApp": true, "workerKeyConfigurationPresent": true, "workerReady": true, "workerRoleExact": true}, "classification": "BLOCKED_UNINSTALL_PROCESSOR_READINESS", "databaseWrites": 0, "providerRequests": 0, "runtimeEnvironmentValuesLogged": false, "workerDeployments": 0}
{"action": "lifecycle-settled", "at": "2026-10-08T16:44:01.717633+00:00", "candidateConfigSha256": "0caecc267d640f5791d6f8c06e7aa619abcfa9baec8e9685805550f08d63cd2d", "candidateCount": 1, "checks": {"candidateMatchesRuntime": true, "exactWorkerArtifact": true, "queueRuntimeUsable": true, "queueSchemaPresent": true, "runtimeDatabaseExact": false, "runtimeRoleExact": true, "sameDatabaseEndpoint": false, "uninstallRuntimeUsable": true, "webhookSecretMatchesApp": true, "workerKeyConfigurationPresent": true, "workerReady": true, "workerRoleExact": true}, "classification": "BLOCKED_UNINSTALL_PROCESSOR_READINESS", "databaseWrites": 0, "providerRequests": 0, "runtimeEnvironmentValuesLogged": false, "workerDeployments": 0}
{"action": "lifecycle-settled", "at": "2026-10-08T16:44:01.718504+00:00", "candidateConfigSha256": "db3ecfa88862a4af5f34a2aa4d551ef02782eedc61755c6c47fe8dce6e247d40", "candidateCount": 1, "checks": {"candidateMatchesRuntime": false, "exactWorkerArtifact": true, "queueRuntimeUsable": true, "queueSchemaPresent": true, "runtimeDatabaseExact": true, "runtimeRoleExact": true, "sameDatabaseEndpoint": true, "uninstallRuntimeUsable": true, "webhookSecretMatchesApp": true, "workerKeyConfigurationPresent": true, "workerReady": true, "workerRoleExact": true}, "classification": "BLOCKED_UNINSTALL_PROCESSOR_READINESS", "databaseWrites": 0, "providerRequests": 0, "runtimeEnvironmentValuesLogged": false, "workerDeployments": 0}
{"action": "lifecycle-settled", "at": "2026-10-08T16:44:01.719392+00:00", "candidateConfigSha256": "e540f995fce301d5939105174f109e13515670a42b13cea41db697dcca44eb44", "candidateCount": 1, "checks": {"candidateMatchesRuntime": false, "exactWorkerArtifact": true, "queueRuntimeUsable": true, "queueSchemaPresent": true, "runtimeDatabaseExact": true, "runtimeRoleExact": true, "sameDatabaseEndpoint": true, "uninstallRuntimeUsable": true, "webhookSecretMatchesApp": true, "workerKeyConfigurationPresent": true, "workerReady": true, "workerRoleExact": true}, "classification": "BLOCKED_UNINSTALL_PROCESSOR_READINESS", "databaseWrites": 0, "providerRequests": 0, "runtimeEnvironmentValuesLogged": false, "workerDeployments": 0}
{"action": "lifecycle-settled", "at": "2026-10-08T16:44:01.720279+00:00", "candidateConfigSha256": "0caecc267d640f5791d6f8c06e7aa619abcfa9baec8e9685805550f08d63cd2d", "candidateCount": 1, "checks": {"candidateMatchesRuntime": true, "exactWorkerArtifact": true, "queueRuntimeUsable": true, "queueSchemaPresent": true, "runtimeDatabaseExact": false, "runtimeRoleExact": true, "sameDatabaseEndpoint": true, "uninstallRuntimeUsable": true, "webhookSecretMatchesApp": true, "workerKeyConfigurationPresent": true, "workerReady": true, "workerRoleExact": true}, "classification": "BLOCKED_UNINSTALL_PROCESSOR_READINESS", "databaseWrites": 0, "providerRequests": 0, "runtimeEnvironmentValuesLogged": false, "workerDeployments": 0}
{"action": "lifecycle-settled", "at": "2026-10-08T16:44:01.721148+00:00", "candidateConfigSha256": "d804941020501d53038f7fa0ac11b9c01990466db8aa4e6c4f568166f17874fc", "candidateCount": 1, "checks": {"candidateMatchesRuntime": true, "exactWorkerArtifact": true, "queueRuntimeUsable": true, "queueSchemaPresent": true, "runtimeDatabaseExact": true, "runtimeRoleExact": true, "sameDatabaseEndpoint": true, "uninstallRuntimeUsable": true, "webhookSecretMatchesApp": true, "workerKeyConfigurationPresent": true, "workerReady": true, "workerRoleExact": true}, "classification": "PASS_UNINSTALL_PROCESSOR", "databaseWrites": 0, "providerRequests": 0, "runtimeEnvironmentValuesLogged": false, "workerDeployments": 0}
{"action": "lifecycle-settled", "at": "2026-10-08T16:44:01.722765+00:00", "candidateConfigSha256": "fb7e091a994e8efa3ef4c50fed66d7d80e51de1aee07d2488b8231a25800d996", "candidateCount": 1, "checks": {"candidateMatchesRuntime": true, "exactWorkerArtifact": true, "queueRuntimeUsable": true, "queueSchemaPresent": true, "runtimeDatabaseExact": true, "runtimeRoleExact": true, "sameDatabaseEndpoint": true, "uninstallRuntimeUsable": true, "webhookSecretMatchesApp": true, "workerKeyConfigurationPresent": true, "workerReady": true, "workerRoleExact": true}, "classification": "PASS_UNINSTALL_PROCESSOR", "databaseWrites": 0, "providerRequests": 0, "runtimeEnvironmentValuesLogged": false, "workerDeployments": 0}
{"action": "lifecycle-settled", "at": "2026-10-08T16:44:01.724177+00:00", "candidateConfigSha256": "98e5d2f6fbc5d9c4632ae06408ff94732a057b92646df9594661855daae929bd", "candidateCount": 1, "checks": {"candidateMatchesRuntime": true, "exactWorkerArtifact": true, "queueRuntimeUsable": true, "queueSchemaPresent": true, "runtimeDatabaseExact": true, "runtimeRoleExact": true, "sameDatabaseEndpoint": true, "uninstallRuntimeUsable": true, "webhookSecretMatchesApp": true, "workerKeyConfigurationPresent": true, "workerReady": true, "workerRoleExact": true}, "classification": "PASS_UNINSTALL_PROCESSOR", "databaseWrites": 0, "providerRequests": 0, "runtimeEnvironmentValuesLogged": false, "workerDeployments": 0}
{"action": "lifecycle-settled", "at": "2026-10-08T16:44:01.725583+00:00", "candidateConfigSha256": "f73464aa3396cfd41ed6416f974c71fc99fca36c5e3f8557d96ed0c22d01a563", "candidateCount": 1, "checks": {"candidateMatchesRuntime": true, "exactWorkerArtifact": true, "queueRuntimeUsable": true, "queueSchemaPresent": true, "runtimeDatabaseExact": true, "runtimeRoleExact": true, "sameDatabaseEndpoint": true, "uninstallRuntimeUsable": true, "webhookSecretMatchesApp": true, "workerKeyConfigurationPresent": true, "workerReady": true, "workerRoleExact": true}, "classification": "PASS_UNINSTALL_PROCESSOR", "databaseWrites": 0, "providerRequests": 0, "runtimeEnvironmentValuesLogged": false, "workerDeployments": 0}
{"action": "lifecycle-settled", "at": "2026-10-08T16:44:01.726972+00:00", "candidateConfigSha256": "c1e56673173556849438694673b1c3fdc5a853d0a82649af42a83c8dcfacbf7b", "candidateCount": 1, "checks": {"candidateMatchesRuntime": true, "exactWorkerArtifact": true, "queueRuntimeUsable": true, "queueSchemaPresent": true, "runtimeDatabaseExact": true, "runtimeRoleExact": true, "sameDatabaseEndpoint": true, "uninstallRuntimeUsable": true, "webhookSecretMatchesApp": true, "workerKeyConfigurationPresent": true, "workerReady": true, "workerRoleExact": true}, "classification": "PASS_UNINSTALL_PROCESSOR", "databaseWrites": 0, "providerRequests": 0, "runtimeEnvironmentValuesLogged": false, "workerDeployments": 0}
{"action": "lifecycle-settled", "at": "2026-10-08T16:44:01.728291+00:00", "candidateConfigSha256": "e71e4a1360e55c548158774d0799e08a31f7e41d8a7fd115e89d323ab034703b", "candidateCount": 1, "checks": {"candidateMatchesRuntime": true, "exactWorkerArtifact": true, "queueRuntimeUsable": true, "queueSchemaPresent": true, "runtimeDatabaseExact": true, "runtimeRoleExact": true, "sameDatabaseEndpoint": true, "uninstallRuntimeUsable": true, "webhookSecretMatchesApp": true, "workerKeyConfigurationPresent": true, "workerReady": true, "workerRoleExact": true}, "classification": "PASS_UNINSTALL_PROCESSOR", "databaseWrites": 0, "providerRequests": 0, "runtimeEnvironmentValuesLogged": false, "workerDeployments": 0}
{"action": "lifecycle-settled", "at": "2026-10-08T16:44:01.731007+00:00", "candidateConfigSha256": "0779627a38b0879edf5e99181537897af8d5a31e19b41727b532a8339f42f18a", "candidateCount": 0, "checks": {"candidateMatchesRuntime": false, "exactWorkerArtifact": false, "queueRuntimeUsable": false, "queueSchemaPresent": false, "runtimeDatabaseExact": false, "runtimeRoleExact": false, "sameDatabaseEndpoint": false, "webhookSecretMatchesApp": true, "workerKeyConfigurationPresent": false, "workerReady": false, "workerRoleExact": false}, "classification": "BLOCKED_UNINSTALL_PROCESSOR_READINESS", "databaseWrites": 0, "providerRequests": 0, "runtimeEnvironmentValuesLogged": false, "workerDeployments": 0}
