...F.F
======================================================================
FAIL: test_inherited_compose_override_cannot_select_unreviewed_image (__main__.GuardControls.test_inherited_compose_override_cannot_select_unreviewed_image)
----------------------------------------------------------------------
Traceback (most recent call last):
  File "/home/serveradmin/insignia-m5-023-worktree/docs/delivery/evidence/m5-023/operators/host-operator-controls.py", line 77, in test_inherited_compose_override_cannot_select_unreviewed_image
    operator.compose_web('sha256:' + '1' * 64)
    ~~~~~~~~~~~~~~~~~~~~^^^^^^^^^^^^^^^^^^^^^^
  File "/home/serveradmin/insignia-m5-023-worktree/docs/delivery/evidence/m5-023/operators/host-operator.py", line 65, in compose_web
    run(['docker', 'compose', '--project-directory', str(APP), '-f', str(APP / 'compose.yaml'),
    ~~~^^^^^^^^^^^^^^^^^^^^^^^^^^^^^^^^^^^^^^^^^^^^^^^^^^^^^^^^^^^^^^^^^^^^^^^^^^^^^^^^^^^^^^^^
         'up', '-d', '--no-deps', '--no-build', '--pull', 'never', 'web'], timeout=120)
         ^^^^^^^^^^^^^^^^^^^^^^^^^^^^^^^^^^^^^^^^^^^^^^^^^^^^^^^^^^^^^^^^^^^^^^^^^^^^^^
  File "/home/serveradmin/insignia-m5-023-worktree/docs/delivery/evidence/m5-023/operators/host-operator-controls.py", line 72, in compose
    self.assertEqual(effective['INSIGNIA_WEB_IMAGE'], 'sha256:' + '1' * 64)
    ~~~~~~~~~~~~~~~~^^^^^^^^^^^^^^^^^^^^^^^^^^^^^^^^^^^^^^^^^^^^^^^^^^^^^^^
AssertionError: 'unreviewed' != 'sha256:1111111111111111111111111111111111111111111111111111111111111111'
- unreviewed
+ sha256:1111111111111111111111111111111111111111111111111111111111111111


======================================================================
FAIL: test_resolved_compose_drift_stops_before_up (__main__.GuardControls.test_resolved_compose_drift_stops_before_up)
----------------------------------------------------------------------
Traceback (most recent call last):
  File "/home/serveradmin/insignia-m5-023-worktree/docs/delivery/evidence/m5-023/operators/host-operator-controls.py", line 86, in test_resolved_compose_drift_stops_before_up
    with self.assertRaisesRegex(RuntimeError, 'Resolved Compose'):
         ~~~~~~~~~~~~~~~~~~~~~~^^^^^^^^^^^^^^^^^^^^^^^^^^^^^^^^^^
AssertionError: RuntimeError not raised

----------------------------------------------------------------------
Ran 6 tests in 0.003s

FAILED (failures=2)
