Applying: 20260929000100_durable_core.sql
Applied: 20260929000100_durable_core.sql in 27.331411ms
Applying: 20260929000200_runtime_ingress_credentials.sql
Applied: 20260929000200_runtime_ingress_credentials.sql in 8.751039ms
Applying: 20260929000300_authorization_generation.sql
Applied: 20260929000300_authorization_generation.sql in 5.709159ms
Applying: 20260929000400_accepted_quote.sql
Applied: 20260929000400_accepted_quote.sql in 10.404498ms
Applying: 20260930000100_m4_key_lifecycle.sql
Applied: 20260930000100_m4_key_lifecycle.sql in 10.180378ms
Applying: 20260930000200_publication_progress.sql
Applied: 20260930000200_publication_progress.sql in 4.600995ms
Applying: 20260930000300_m5_revision_geometry.sql
Applied: 20260930000300_m5_revision_geometry.sql in 3.895386ms
Applying: 20260930000400_m5_revision_presentation.sql
Applied: 20260930000400_m5_revision_presentation.sql in 3.80148ms
Applying: 20260930000500_m5_publication_source_version.sql
Applied: 20260930000500_m5_publication_source_version.sql in 1.937741ms
Applying: 20260930000600_m5_publication_intent_generation.sql
Applied: 20260930000600_m5_publication_intent_generation.sql in 1.923257ms
Applying: 20260930000700_m5_publication_intent_lookup.sql
Applied: 20260930000700_m5_publication_intent_lookup.sql in 2.169148ms
Applying: 20260930000800_m5_current_publication_pointer.sql
Applied: 20260930000800_m5_current_publication_pointer.sql in 4.310247ms
Applying: 20260930000900_m5_activation.sql
Applied: 20260930000900_m5_activation.sql in 15.194814ms
Applying: 20261006000100_m5_availability_v2.sql
Applied: 20261006000100_m5_availability_v2.sql in 12.267153ms
Applying: 20261007000100_m5_availability_v3.sql
Applied: 20261007000100_m5_availability_v3.sql in 13.258292ms
Applying: 20261008000100_m5_trusted_release.sql
Applied: 20261008000100_m5_trusted_release.sql in 8.04734ms
