Applying: 20260929000100_durable_core.sql
Applied: 20260929000100_durable_core.sql in 28.0842ms
Applying: 20260929000200_runtime_ingress_credentials.sql
Applied: 20260929000200_runtime_ingress_credentials.sql in 8.5623ms
Applying: 20260929000300_authorization_generation.sql
Applied: 20260929000300_authorization_generation.sql in 4.705084ms
Applying: 20260929000400_accepted_quote.sql
Applied: 20260929000400_accepted_quote.sql in 10.053629ms
Applying: 20260930000100_m4_key_lifecycle.sql
Applied: 20260930000100_m4_key_lifecycle.sql in 10.414818ms
Applying: 20260930000200_publication_progress.sql
Applied: 20260930000200_publication_progress.sql in 4.718013ms
Applying: 20260930000300_m5_revision_geometry.sql
Applied: 20260930000300_m5_revision_geometry.sql in 3.989112ms
Applying: 20260930000400_m5_revision_presentation.sql
Applied: 20260930000400_m5_revision_presentation.sql in 3.854301ms
Applying: 20260930000500_m5_publication_source_version.sql
Applied: 20260930000500_m5_publication_source_version.sql in 1.951948ms
Applying: 20260930000600_m5_publication_intent_generation.sql
Applied: 20260930000600_m5_publication_intent_generation.sql in 2.004411ms
Applying: 20260930000700_m5_publication_intent_lookup.sql
Applied: 20260930000700_m5_publication_intent_lookup.sql in 2.275577ms
Applying: 20260930000800_m5_current_publication_pointer.sql
Applied: 20260930000800_m5_current_publication_pointer.sql in 4.244556ms
Applying: 20260930000900_m5_activation.sql
Applied: 20260930000900_m5_activation.sql in 15.945324ms
Applying: 20261006000100_m5_availability_v2.sql
Applied: 20261006000100_m5_availability_v2.sql in 12.193942ms
Applying: 20261007000100_m5_availability_v3.sql
Applied: 20261007000100_m5_availability_v3.sql in 12.95313ms
Applying: 20261008000100_m5_trusted_release.sql
Applied: 20261008000100_m5_trusted_release.sql in 7.915035ms
