Applying: 20260929000100_durable_core.sql
Applied: 20260929000100_durable_core.sql in 29.423006ms
Applying: 20260929000200_runtime_ingress_credentials.sql
Applied: 20260929000200_runtime_ingress_credentials.sql in 8.641794ms
Applying: 20260929000300_authorization_generation.sql
Applied: 20260929000300_authorization_generation.sql in 6.63394ms
Applying: 20260929000400_accepted_quote.sql
Applied: 20260929000400_accepted_quote.sql in 12.801849ms
Applying: 20260930000100_m4_key_lifecycle.sql
Applied: 20260930000100_m4_key_lifecycle.sql in 10.412982ms
Applying: 20260930000200_publication_progress.sql
Applied: 20260930000200_publication_progress.sql in 5.627992ms
Applying: 20260930000300_m5_revision_geometry.sql
Applied: 20260930000300_m5_revision_geometry.sql in 5.496665ms
Applying: 20260930000400_m5_revision_presentation.sql
Applied: 20260930000400_m5_revision_presentation.sql in 5.512271ms
Applying: 20260930000500_m5_publication_source_version.sql
Applied: 20260930000500_m5_publication_source_version.sql in 1.826637ms
Applying: 20260930000600_m5_publication_intent_generation.sql
Applied: 20260930000600_m5_publication_intent_generation.sql in 2.36514ms
Applying: 20260930000700_m5_publication_intent_lookup.sql
Applied: 20260930000700_m5_publication_intent_lookup.sql in 2.149594ms
Applying: 20260930000800_m5_current_publication_pointer.sql
Applied: 20260930000800_m5_current_publication_pointer.sql in 4.209942ms
Applying: 20260930000900_m5_activation.sql
Applied: 20260930000900_m5_activation.sql in 16.520954ms
Applying: 20261006000100_m5_availability_v2.sql
Applied: 20261006000100_m5_availability_v2.sql in 13.183619ms
Applying: 20261007000100_m5_availability_v3.sql
Applied: 20261007000100_m5_availability_v3.sql in 14.068072ms
Applying: 20261008000100_m5_trusted_release.sql
Applied: 20261008000100_m5_trusted_release.sql in 7.945875ms
