Applying: 20260929000100_durable_core.sql
Applied: 20260929000100_durable_core.sql in 30.507449ms
Applying: 20260929000200_runtime_ingress_credentials.sql
Applied: 20260929000200_runtime_ingress_credentials.sql in 8.343096ms
Applying: 20260929000300_authorization_generation.sql
Applied: 20260929000300_authorization_generation.sql in 4.701134ms
Applying: 20260929000400_accepted_quote.sql
Applied: 20260929000400_accepted_quote.sql in 9.641417ms
Applying: 20260930000100_m4_key_lifecycle.sql
Applied: 20260930000100_m4_key_lifecycle.sql in 10.616685ms
Applying: 20260930000200_publication_progress.sql
Applied: 20260930000200_publication_progress.sql in 5.670399ms
Applying: 20260930000300_m5_revision_geometry.sql
Applied: 20260930000300_m5_revision_geometry.sql in 4.451081ms
Applying: 20260930000400_m5_revision_presentation.sql
Applied: 20260930000400_m5_revision_presentation.sql in 3.719595ms
Applying: 20260930000500_m5_publication_source_version.sql
Applied: 20260930000500_m5_publication_source_version.sql in 2.182541ms
Applying: 20260930000600_m5_publication_intent_generation.sql
Applied: 20260930000600_m5_publication_intent_generation.sql in 1.948769ms
Applying: 20260930000700_m5_publication_intent_lookup.sql
Applied: 20260930000700_m5_publication_intent_lookup.sql in 2.200365ms
Applying: 20260930000800_m5_current_publication_pointer.sql
Applied: 20260930000800_m5_current_publication_pointer.sql in 4.253425ms
Applying: 20260930000900_m5_activation.sql
Applied: 20260930000900_m5_activation.sql in 15.305742ms
Applying: 20261006000100_m5_availability_v2.sql
Applied: 20261006000100_m5_availability_v2.sql in 13.115017ms
Applying: 20261007000100_m5_availability_v3.sql
Applied: 20261007000100_m5_availability_v3.sql in 12.777645ms
Applying: 20261008000100_m5_trusted_release.sql
Applied: 20261008000100_m5_trusted_release.sql in 7.596151ms
