$ corepack pnpm -r --filter './packages/**' build && corepack pnpm -r --filter './apps/**' build
packages/cart-authorization build$ tsc -p tsconfig.json
packages/contracts build$ tsc -p tsconfig.json
packages/domain build$ tsc -p tsconfig.json
packages/observability build$ tsc -p tsconfig.json
packages/contracts build: Done
packages/visualizer build$ tsc -p tsconfig.json
packages/domain build: Done
packages/application build$ tsc -p tsconfig.json
packages/cart-authorization build: Done
packages/observability build: Done
packages/visualizer build: Done
packages/application build: Done
packages/shopify build$ tsc -p tsconfig.json
packages/shopify build: Done
packages/database build$ tsc -p tsconfig.json
packages/database build: Done
apps/storefront build$ tsc --noEmit && vite build && node scripts/copy-theme-asset.mjs
apps/worker build$ tsc -p tsconfig.json
apps/storefront build: vite v8.3.1 building client environment for production...
apps/storefront build: transforming...
apps/storefront build: ✓ 5 modules transformed.
apps/storefront build: rendering chunks...
apps/storefront build: computing gzip size...
apps/storefront build: dist/insignia-storefront.js  14.03 kB │ gzip: 5.93 kB
apps/storefront build: 
apps/storefront build: ✓ built in 40ms
apps/storefront build: Done
apps/worker build: Done
apps/web build$ astro check && astro build
apps/web build: 13:09:18 [@astrojs/node] Enabling sessions with filesystem storage
apps/web build: 13:09:18 [types] Generated 72ms
apps/web build: 13:09:18 [check] Getting diagnostics for Astro files in /home/serveradmin/insignia-m5-023-worktree/apps/web...
apps/web build: [96msrc/server/admin/production.ts[0m:[93m10[0m:[93m60[0m - [91merror[0m[90m ts(2724): [0m'"@insignia/database"' has no exported member named 'ManagedInstallationIdentity'. Did you mean 'ManagedInstallationInput'?
apps/web build: 
apps/web build: [7m10[0m import { createDurableCore, ManagedInstallationError, type ManagedInstallationIdentity } from '@insignia/database';
apps/web build: [7m  [0m [91m                                                           ~~~~~~~~~~~~~~~~~~~~~~~~~~~[0m
apps/web build: 
apps/web build: Result (29 files): 
apps/web build: - 1 error
apps/web build: - 0 warnings
apps/web build: - 0 hints
apps/web build: 
apps/web build: Failed
[ELIFECYCLE] Command failed with exit code 1.
Error: ERR_PNPM_RECURSIVE_RUN_FIRST_FAIL

  × "pnpm recursive run" failed in /home/serveradmin/insignia-m5-023-worktree/
  │ apps/web

[ELIFECYCLE] Command failed with exit code 1.
