$ corepack pnpm check:style && corepack pnpm build && corepack pnpm test:unit && corepack pnpm test:m5-operator && corepack pnpm test:vectors && corepack pnpm check:boundaries && corepack pnpm check:secrets && python3 -B scripts/boundaries/check-cargo-workspace.py && corepack pnpm check:rust && M1_FUNCTION_RUNNER=.m1-artifacts/tools/function-runner-9.2.2 python3 -B scripts/m4-002/replay-production-vectors.py && M1_FUNCTION_RUNNER=.m1-artifacts/tools/function-runner-9.2.2 node scripts/m4-003/replay-public-config.mjs && corepack pnpm test:browser && python3 -B spikes/m0-007/scripts/check-history.py && python3 -B spikes/m0-014/scripts/check-live-setup.py && python3 -B scripts/m1-functions/artifact-manifest.py
$ biome check .dependency-cruiser.cjs apps/storefront/src apps/storefront/test apps/storefront/scripts apps/storefront/vite.config.ts apps/web/src/islands apps/web/src/pages/live.ts apps/web/src/pages/api apps/web/src/server apps/web/src/shared apps/web/src/styles apps/web/test apps/web/astro.config.mjs apps/worker/src apps/worker/test packages/contracts/src packages/domain/src packages/cart-authorization/src packages/cart-authorization/test packages/application/src packages/database/src packages/database/test packages/shopify/src packages/shopify/test packages/visualizer/src packages/observability/src packages/observability/test scripts/boundaries scripts/m1-functions/check-vector.test.ts scripts/m5-002 scripts/m5-003 scripts/m5-004 scripts/m5-005 scripts/m5-009 scripts/m5-010 scripts/m5-011 scripts/m5-012 scripts/m5-013 scripts/m5-015 scripts/m5-015r scripts/m5-016 scripts/m5-017
apps/web/src/server/admin/production.ts:82:57 lint/style/useTemplate  FIXABLE  ━━━━━━━━━━━━━━━━━━━━━

  i Template literals are preferred over string concatenation.
  
    80 │   const appOrigin = required(env, 'APP_URL');
    81 │   const appId = env.INSIGNIA_SHOPIFY_APP_ID;
  > 82 │   const appGid = appId && /^[1-9][0-9]*$/.test(appId) ? 'gid://shopify/App/' + appId : null;
       │                                                         ^^^^^^^^^^^^^^^^^^^^^^^^^^^^
    83 │   const shopify = createAdminOnlineIdentity({ apiKey, apiSecret, hostName: new URL(appOrigin).host });
    84 │   const core = createDurableCore(databasePool ?? new Pool({ connectionString: databaseUrl }));
  
  i Unsafe fix: Use a template literal.
  
     80  80 │     const appOrigin = required(env, 'APP_URL');
     81  81 │     const appId = env.INSIGNIA_SHOPIFY_APP_ID;
     82     │ - ··const·appGid·=·appId·&&·/^[1-9][0-9]*$/.test(appId)·?·'gid://shopify/App/'·+·appId·:·null;
         82 │ + ··const·appGid·=·appId·&&·/^[1-9][0-9]*$/.test(appId)·?·`gid://shopify/App/${appId}`·:·null;
     83  83 │     const shopify = createAdminOnlineIdentity({ apiKey, apiSecret, hostName: new URL(appOrigin).host });
     84  84 │     const core = createDurableCore(databasePool ?? new Pool({ connectionString: databaseUrl }));
  

apps/web/src/server/admin/production.ts:105:54 lint/style/useTemplate  FIXABLE  ━━━━━━━━━━━━━━━━━━━━

  i Template literals are preferred over string concatenation.
  
    103 │       installationGeneration: actor.installationGeneration,
    104 │     });
  > 105 │     if (!scope || scope.shopDomain !== actor.shop || 'gid://shopify/Shop/' + scope.shopifyShopId !== actor.shopId)
        │                                                      ^^^^^^^^^^^^^^^^^^^^^^^^^^^^^^^^^^^^^^^^^^^
    106 │       throw new Error('Admin installation changed');
    107 │   }
  
  i Unsafe fix: Use a template literal.
  
    103 103 │         installationGeneration: actor.installationGeneration,
    104 104 │       });
    105     │ - ····if·(!scope·||·scope.shopDomain·!==·actor.shop·||·'gid://shopify/Shop/'·+·scope.shopifyShopId·!==·actor.shopId)
        105 │ + ····if·(!scope·||·scope.shopDomain·!==·actor.shop·||·`gid://shopify/Shop/${scope.shopifyShopId}`·!==·actor.shopId)
    106 106 │         throw new Error('Admin installation changed');
    107 107 │     }
  

scripts/m5-017/qualification.mjs:301:9 lint/complexity/noUselessCatch  FIXABLE  ━━━━━━━━━━━━━━━━━━━━

  i The catch clause that only rethrows the original error is useless.
  
    299 │         save();
    300 │       } catch (error) {
  > 301 │         throw error;
        │         ^^^^^^^^^^^^
    302 │       }
    303 │       requireValue((await owner()).status === 'DRAFT', 'initial_draft');
  
  i An unnecessary catch clause can be confusing.
  
  i Unsafe fix: Remove the try/catch clause.
  
    292 292 │       if (phase === 'start') {
    293 293 │         op.mode('create');
    294     │ - ······try·{
    295 294 │           const s = op.state();
    296 295 │           evidence.create = (
    ······· │ 
    298 297 │           ).productCreate.product;
    299 298 │           save();
    300     │ - ······}·catch·(error)·{
    301     │ - ········throw·error;
    302     │ - ······}
    303 299 │         requireValue((await owner()).status === 'DRAFT', 'initial_draft');
    304 300 │         evidence.draft = await snapshot('draft');
  

apps/web/src/server/admin/auth.ts:71:48 lint/style/noNonNullAssertion ━━━━━━━━━━━━━━━━━━━━━━━━━━━━━━

  ! Forbidden non-null assertion.
  
    69 │     let identity: VerifiedAdminIdentity;
    70 │     try {
  > 71 │       identity = await port.verifySessionToken(match[1]!);
       │                                                ^^^^^^^^^
    72 │     } catch {
    73 │       return null;
  

apps/web/src/server/admin/auth.ts:86:46 lint/style/noNonNullAssertion ━━━━━━━━━━━━━━━━━━━━━━━━━━━━━━

  ! Forbidden non-null assertion.
  
    84 │     let grant: OnlineAdminGrant;
    85 │     try {
  > 86 │       grant = await port.exchangeOnlineGrant(match[1]!, identity);
       │                                              ^^^^^^^^^
    87 │     } catch (error) {
    88 │       diagnostic(error instanceof AdminOnlineIdentityError ? error.stage : 'ONLINE_EXCHANGE_FAILED');
  

apps/web/src/server/admin/preview.ts:109:28 lint/style/noNonNullAssertion ━━━━━━━━━━━━━━━━━━━━━━━━━━

  ! Forbidden non-null assertion.
  
    107 │             .then((found) => (found ? project(found) : null)),
    108 │         );
  > 109 │       const result = await map.get(id)!;
        │                            ^^^^^^^^^^^^
    110 │       await active(actor);
    111 │       return result;
  

apps/web/src/server/admin/preview.ts:116:28 lint/style/noNonNullAssertion ━━━━━━━━━━━━━━━━━━━━━━━━━━

  ! Forbidden non-null assertion.
  
    114 │       await active(actor);
    115 │       if (!currencies.has(actor)) currencies.set(actor, reader(actor).shopCurrency());
  > 116 │       const result = await currencies.get(actor)!;
        │                            ^^^^^^^^^^^^^^^^^^^^^^
    117 │       await active(actor);
    118 │       return result;
  

apps/web/src/server/admin/preview.ts:163:34 lint/style/noNonNullAssertion ━━━━━━━━━━━━━━━━━━━━━━━━━━

  ! Forbidden non-null assertion.
  
    161 │                   shopId: randomUUID(),
    162 │                   shopDomain: shop,
  > 163 │                   shopifyShopId: shopId.split('/').at(-1)!,
        │                                  ^^^^^^^^^^^^^^^^^^^^^^^^^
    164 │                   externalInstallationId: provider.installationId,
    165 │                 }),
  

apps/web/src/server/admin/preview.ts:223:26 lint/style/noNonNullAssertion ━━━━━━━━━━━━━━━━━━━━━━━━━━

  ! Forbidden non-null assertion.
  
    221 │                   installationGeneration: bound.installationGeneration,
    222 │                   shopifyShopId: shopId,
  > 223 │                   appId: env.INSIGNIA_M5_002_APP_RESOURCE!,
        │                          ^^^^^^^^^^^^^^^^^^^^^^^^^^^^^^^^^
    224 │                 },
    225 │                 {
  

apps/web/src/server/admin/preview.ts:227:46 lint/style/noNonNullAssertion ━━━━━━━━━━━━━━━━━━━━━━━━━━

  ! Forbidden non-null assertion.
  
    225 │                 {
    226 │                   appKey: client,
  > 227 │                   transformInputQuerySha256: env.INSIGNIA_M5_002_TRANSFORM_QUERY_HASH!,
        │                                              ^^^^^^^^^^^^^^^^^^^^^^^^^^^^^^^^^^^^^^^^^
    228 │                   validationInputQuerySha256: env.INSIGNIA_M5_002_VALIDATION_QUERY_HASH!,
    229 │                 },
  

apps/web/src/server/admin/preview.ts:228:47 lint/style/noNonNullAssertion ━━━━━━━━━━━━━━━━━━━━━━━━━━

  ! Forbidden non-null assertion.
  
    226 │                   appKey: client,
    227 │                   transformInputQuerySha256: env.INSIGNIA_M5_002_TRANSFORM_QUERY_HASH!,
  > 228 │                   validationInputQuerySha256: env.INSIGNIA_M5_002_VALIDATION_QUERY_HASH!,
        │                                               ^^^^^^^^^^^^^^^^^^^^^^^^^^^^^^^^^^^^^^^^^^
    229 │                 },
    230 │               );
  

apps/web/src/server/merchant-config.ts:174:28 lint/style/noNonNullAssertion ━━━━━━━━━━━━━━━━━━━━━━━━

  ! Forbidden non-null assertion.
  
    172 │         option.allowedValueIds.flatMap((id) => {
    173 │           const label = oldLabels?.[id];
  > 174 │           return label ? [[values.get(id)!, label]] : [];
        │                            ^^^^^^^^^^^^^^^
    175 │         }),
    176 │       );
  

apps/web/src/server/merchant-config.ts:177:47 lint/style/noNonNullAssertion ━━━━━━━━━━━━━━━━━━━━━━━━

  ! Forbidden non-null assertion.
  
    175 │         }),
    176 │       );
  > 177 │       return Object.keys(remapped).length ? [[options.get(option.id)!, remapped]] : [];
        │                                               ^^^^^^^^^^^^^^^^^^^^^^^
    178 │     }),
    179 │   );
  

apps/web/src/server/merchant-config.ts:183:50 lint/style/noNonNullAssertion ━━━━━━━━━━━━━━━━━━━━━━━━

  ! Forbidden non-null assertion.
  
    181 │     ...source,
    182 │     labels,
  > 183 │     methods: source.methods.map((item) => ({ id: methods.get(item.id)! })),
        │                                                  ^^^^^^^^^^^^^^^^^^^^^
    184 │     placements: source.placements.map((item) => ({
    185 │       ...item,
  

apps/web/src/server/merchant-config.ts:186:11 lint/style/noNonNullAssertion ━━━━━━━━━━━━━━━━━━━━━━━━

  ! Forbidden non-null assertion.
  
    184 │     placements: source.placements.map((item) => ({
    185 │       ...item,
  > 186 │       id: placements.get(item.id)!,
        │           ^^^^^^^^^^^^^^^^^^^^^^^^
    187 │       allowedMethodIds: item.allowedMethodIds.map((id) => methods.get(id)!),
    188 │       allowedStepIds: item.allowedStepIds.map((id) => steps.get(id)!),
  

apps/web/src/server/merchant-config.ts:187:59 lint/style/noNonNullAssertion ━━━━━━━━━━━━━━━━━━━━━━━━

  ! Forbidden non-null assertion.
  
    185 │       ...item,
    186 │       id: placements.get(item.id)!,
  > 187 │       allowedMethodIds: item.allowedMethodIds.map((id) => methods.get(id)!),
        │                                                           ^^^^^^^^^^^^^^^^
    188 │       allowedStepIds: item.allowedStepIds.map((id) => steps.get(id)!),
    189 │     })),
  

apps/web/src/server/merchant-config.ts:188:55 lint/style/noNonNullAssertion ━━━━━━━━━━━━━━━━━━━━━━━━

  ! Forbidden non-null assertion.
  
    186 │       id: placements.get(item.id)!,
    187 │       allowedMethodIds: item.allowedMethodIds.map((id) => methods.get(id)!),
  > 188 │       allowedStepIds: item.allowedStepIds.map((id) => steps.get(id)!),
        │                                                       ^^^^^^^^^^^^^^
    189 │     })),
    190 │     productionOptions: source.productionOptions.map((item) => ({
  

apps/web/src/server/merchant-config.ts:191:11 lint/style/noNonNullAssertion ━━━━━━━━━━━━━━━━━━━━━━━━

  ! Forbidden non-null assertion.
  
    189 │     })),
    190 │     productionOptions: source.productionOptions.map((item) => ({
  > 191 │       id: options.get(item.id)!,
        │           ^^^^^^^^^^^^^^^^^^^^^
    192 │       allowedValueIds: item.allowedValueIds.map((id) => values.get(id)!),
    193 │     })),
  

apps/web/src/server/merchant-config.ts:192:57 lint/style/noNonNullAssertion ━━━━━━━━━━━━━━━━━━━━━━━━

  ! Forbidden non-null assertion.
  
    190 │     productionOptions: source.productionOptions.map((item) => ({
    191 │       id: options.get(item.id)!,
  > 192 │       allowedValueIds: item.allowedValueIds.map((id) => values.get(id)!),
        │                                                         ^^^^^^^^^^^^^^^
    193 │     })),
    194 │     pricingRules: source.pricingRules.map((rule) => ({
  

apps/web/src/server/merchant-config.ts:196:11 lint/style/noNonNullAssertion ━━━━━━━━━━━━━━━━━━━━━━━━

  ! Forbidden non-null assertion.
  
    194 │     pricingRules: source.pricingRules.map((rule) => ({
    195 │       ...rule,
  > 196 │       id: prices.get(rule.id)!,
        │           ^^^^^^^^^^^^^^^^^^^^
    197 │       scope:
    198 │         rule.scope.kind === 'general'
  

The number of diagnostics exceeds the limit allowed. Use --max-diagnostics to increase it.
Diagnostics not shown: 188.
Checked 297 files in 606ms. No fixes applied.
Found 86 warnings.
Found 122 infos.
$ corepack pnpm -r --filter './packages/**' build && corepack pnpm -r --filter './apps/**' build
packages/contracts build$ tsc -p tsconfig.json
packages/domain build$ tsc -p tsconfig.json
packages/cart-authorization build$ tsc -p tsconfig.json
packages/observability build$ tsc -p tsconfig.json
packages/domain build: Done
packages/visualizer build$ tsc -p tsconfig.json
packages/contracts build: Done
packages/application build$ tsc -p tsconfig.json
packages/cart-authorization build: Done
packages/observability build: Done
packages/visualizer build: Done
packages/application build: Done
packages/shopify build$ tsc -p tsconfig.json
packages/shopify build: Done
packages/database build$ tsc -p tsconfig.json
packages/database build: Done
apps/storefront build$ tsc --noEmit && vite build && node scripts/copy-theme-asset.mjs
apps/worker build$ tsc -p tsconfig.json
apps/worker build: Done
apps/web build$ astro check && astro build
apps/storefront build: vite v8.3.1 building client environment for production...
apps/storefront build: transforming...
apps/storefront build: ✓ 5 modules transformed.
apps/storefront build: rendering chunks...
apps/storefront build: computing gzip size...
apps/storefront build: dist/insignia-storefront.js  14.03 kB │ gzip: 5.93 kB
apps/storefront build: 
apps/storefront build: ✓ built in 28ms
apps/storefront build: Done
apps/web build: 14:03:47 [@astrojs/node] Enabling sessions with filesystem storage
apps/web build: 14:03:47 [types] Generated 68ms
apps/web build: 14:03:47 [check] Getting diagnostics for Astro files in /home/serveradmin/insignia-m5-023-worktree/apps/web...
apps/web build: Result (29 files): 
apps/web build: - 0 errors
apps/web build: - 0 warnings
apps/web build: - 0 hints
apps/web build: 
apps/web build: 14:03:52 [@astrojs/node] Enabling sessions with filesystem storage
apps/web build: 14:03:52 [types] Generated 66ms
apps/web build: 14:03:52 [build] output: "server"
apps/web build: 14:03:52 [build] mode: "server"
apps/web build: 14:03:52 [build] directory: /home/serveradmin/insignia-m5-023-worktree/apps/web/dist/
apps/web build: 14:03:52 [build] adapter: @astrojs/node
apps/web build: 14:03:52 [build] Collecting build info...
apps/web build: 14:03:52 [build] ✓ Completed in 107ms.
apps/web build: 14:03:52 [build] Building server entrypoints...
apps/web build: 14:03:52 [vite] ✓ built in 148ms
apps/web build: 14:03:53 [vite] ✓ built in 1.22s
apps/web build: 14:03:54 [vite] ✓ built in 221ms
apps/web build: 14:03:54 [build] Rearranging server assets...
apps/web build: 14:03:54 [build] ✓ Completed in 1.63s.
apps/web build: 14:03:54 [build] Server built in 1.74s
apps/web build: 14:03:54 [build] Complete!
apps/web build: Done
$ corepack pnpm --filter @insignia/domain test && corepack pnpm --filter @insignia/contracts test && corepack pnpm --filter @insignia/visualizer test && corepack pnpm --filter @insignia/cart-authorization test && corepack pnpm --filter @insignia/application test && corepack pnpm --filter @insignia/shopify test && corepack pnpm --filter @insignia/observability test && corepack pnpm --filter @insignia/worker test
$ vitest run

 RUN  v5.0.2 /home/serveradmin/insignia-m5-023-worktree/packages/domain


 Test Files  5 passed (5)
      Tests  26 passed (26)
   Start at  14:03:54
   Duration  429ms (transform 43%, tests 34%, import 18%, worker 4%)

$ vitest run

 RUN  v5.0.2 /home/serveradmin/insignia-m5-023-worktree/packages/contracts


 Test Files  2 passed (2)
      Tests  6 passed (6)
   Start at  14:03:55
   Duration  271ms (import 54%, transform 32%, tests 10%, worker 3%)

$ vitest run

 RUN  v5.0.2 /home/serveradmin/insignia-m5-023-worktree/packages/visualizer


 Test Files  2 passed (2)
      Tests  9 passed (9)
   Start at  14:03:56
   Duration  221ms (transform 65%, import 17%, tests 13%, worker 5%)

$ node --experimental-strip-types --test test/*.test.ts
✔ hard subset bounds and untrusted ordinary-line hints (2.423625ms)
✔ 33 buckets are refused before the signer is called (0.458616ms)
✔ every admitted code matches the versioned matrix and unknown/digital values reject (13.035056ms)
✔ production-generated carriers decode, conserve and verify for every complete set (6.657986ms)
✔ PostgreSQL-persisted negative adjustment has exact signed quote and member economics (1.193123ms)
✔ versioned 33-bucket vector rejects before any signing call (0.451164ms)
✔ production decoder and signature bytes preserve the independent v2 wire literal (5.013575ms)
✔ injected synthetic Ed25519 signer covers the complete set and three-day key window (2.576397ms)
✔ invalid window or set refuses signing and noncanonical carrier refuses decoding (0.53098ms)
ℹ tests 9
ℹ suites 0
ℹ pass 9
ℹ fail 0
ℹ cancelled 0
ℹ skipped 0
ℹ todo 0
ℹ duration_ms 188.656211
$ vitest run

 RUN  v5.0.2 /home/serveradmin/insignia-m5-023-worktree/packages/application


 Test Files  16 passed (16)
      Tests  201 passed (201)
   Start at  14:03:57
   Duration  1.60s (transform 43%, import 33%, tests 20%, worker 3%)

    Isolate  16 workers spawned · ~124ms startup each (spawn + environment, per file)
             at least ~538ms faster with isolate: false — reuses workers across files instead of one per file

$ vitest run

 RUN  v5.0.2 /home/serveradmin/insignia-m5-023-worktree/packages/shopify


 Test Files  14 passed (14)
      Tests  334 passed (334)
   Start at  14:03:59
   Duration  2.10s (tests 65%, transform 19%, import 14%, worker 2%)

    Isolate  14 workers spawned · ~124ms startup each (spawn + environment, per file)
             at least ~456ms faster with isolate: false — reuses workers across files instead of one per file

$ node --test test/*.test.mjs
✔ structured runtime events cannot emit arbitrary payload or credential fields (4.884289ms)
✔ metric labels are fixed outcomes and never contain tenant or delivery IDs (2.62913ms)
✔ admin auth diagnostics emit only a bounded stage and independent correlation, never identity or secrets (2.115953ms)
ℹ tests 3
ℹ suites 0
ℹ pass 3
ℹ fail 0
ℹ cancelled 0
ℹ skipped 0
ℹ todo 0
ℹ duration_ms 135.612544
$ node --test test/*.test.mjs
✔ current and previous synthetic wrapping keys remain available by ID (2.468966ms)
✔ PostgreSQL claim retries the old refresh token after a lost response and fences stale replacement (106.479782ms)
✔ diagnostic decodes and derives synthetic pixels without claiming durable readiness (11.337249ms)
✔ liveness stays separate from durable readiness; loopback metrics expose bounded outcomes (55.049688ms)
{"level":30,"time":1791468242714,"event":"worker_started"}
{"level":30,"time":1791468242723,"event":"webhook_enqueued","inboxId":"b814623a-42bb-42ee-82ff-b8a06c3a670d"}
{"level":50,"time":1791468242733,"event":"webhook_process_failed","inboxId":"b814623a-42bb-42ee-82ff-b8a06c3a670d","errorClass":"ProcessingError","attempt":0}
{"level":30,"time":1791468246732,"event":"webhook_process_ok","inboxId":"b814623a-42bb-42ee-82ff-b8a06c3a670d","attempt":1}
{"level":30,"time":1791468246804,"event":"worker_stopped"}
{"level":30,"time":1791468246826,"event":"worker_started"}
{"level":30,"time":1791468246842,"event":"worker_stopped"}
✔ PostgreSQL pg-boss starts, retries, settles and replays after restart (4187.929197ms)
{"level":30,"time":1791468246896,"event":"worker_started"}
{"level":30,"time":1791468246901,"event":"webhook_enqueued","inboxId":"175cf974-21aa-4be1-af0e-4d3b41a75eec"}
{"level":50,"time":1791468246919,"event":"webhook_process_failed","inboxId":"175cf974-21aa-4be1-af0e-4d3b41a75eec","errorClass":"ProcessingError","attempt":0}
{"level":30,"time":1791468250917,"event":"webhook_process_ok","inboxId":"175cf974-21aa-4be1-af0e-4d3b41a75eec","attempt":1}
{"level":30,"time":1791468250987,"event":"worker_stopped"}
✔ pg-boss retry after committed uninstall retains one deactivation and one inbox fact (4144.107831ms)
✔ process starts queues and workers before readiness; stop makes readiness unavailable (42.098302ms)
✔ startup failure closes a started queue without reporting readiness (1.698193ms)
{"level":30,"time":1791468242714,"event":"worker_started"}
{"level":30,"time":1791468242718,"event":"worker_started"}
{"level":30,"time":1791468242720,"event":"worker_started"}
{"level":30,"time":1791468242724,"event":"worker_started"}
{"level":30,"time":1791468242725,"event":"worker_started"}
{"level":30,"time":1791468242727,"event":"worker_started"}
✔ enqueue confirms exact inbox identity, including completed job replay (7.51645ms)
✔ null send without same persisted job is retryable, never an acknowledgement (1.721922ms)
✔ workers pass IDs only to injected durable handlers; failed attempt retries safely (3.517532ms)
✔ invalid job body and identity fail closed without invoking application (1.236256ms)
✔ enabled worker refuses missing credential-key configuration and stays not ready (1.143438ms)
✔ refresh claim contention is retried rather than silently completing its job (2.106956ms)
{"level":30,"time":1791468242715,"event":"webhook_enqueued","inboxId":"ebbd6d85-1a62-4636-bf20-3bf17dd59b04"}
{"level":30,"time":1791468242716,"event":"worker_stopped"}
{"level":50,"time":1791468242721,"event":"webhook_process_failed","inboxId":"3aa0230a-c52b-406b-af37-e52aeca1fffb","errorClass":"ProcessingError","attempt":0}
{"level":30,"time":1791468242721,"event":"webhook_process_ok","inboxId":"3aa0230a-c52b-406b-af37-e52aeca1fffb","attempt":1}
{"level":30,"time":1791468242722,"event":"refresh_process_ok","shopId":"97bc21bb-bab9-44e8-90cf-f6edf6edf651","attempt":0}
{"level":30,"time":1791468242723,"event":"worker_stopped"}
{"level":50,"time":1791468242724,"event":"webhook_process_failed","inboxId":"d2c81b41-185b-4c55-941c-d0dc796f595b","errorClass":"ProcessingError","attempt":0}
{"level":30,"time":1791468242725,"event":"worker_stopped"}
{"level":50,"time":1791468242728,"event":"refresh_process_failed","errorClass":"RefreshError","attempt":0}
{"level":30,"time":1791468242728,"event":"worker_stopped"}
✔ configured worker serves liveness and durable readiness, then closes on SIGTERM (696.531338ms)
ℹ tests 15
ℹ suites 0
ℹ pass 15
ℹ fail 0
ℹ cancelled 0
ℹ skipped 0
ℹ todo 0
ℹ duration_ms 8944.010008
$ node --test scripts/m5-002/read-register.test.mjs scripts/m5-002/built-runtime.test.mjs && node --test scripts/m5-004/operator.test.mjs scripts/m5-009/operator.test.mjs scripts/m5-010/operator.test.mjs scripts/m5-010/binding.test.mjs scripts/m5-010/native-actions.test.mjs && node --test scripts/m5-005/diagnostic.test.mjs && node --test scripts/m5-011/operator.test.mjs scripts/m5-011/binding.test.mjs && node --test scripts/m5-012/operator.test.mjs scripts/m5-012/binding.test.mjs && node --test scripts/m5-013/operator.test.mjs scripts/m5-013/binding.test.mjs scripts/m5-015/*.test.mjs scripts/m5-015r/*.test.mjs && node --test scripts/m5-016/*.test.mjs && node --test scripts/m5-017/*.test.mjs
✖ complete built server reproduces CLI development-mode CSP rejection (300.488896ms)
✖ actual launcher runtime preparation admits built hydration without widening CSP (262.594587ms)
✔ actual launcher register reserves durably before synthetic fetch, serializes and denies extra attempts (73.829586ms)
✔ exact SDK online exchange is counted per attempt; mutations, wrong targets and other token/event routes never send (2.358978ms)
✔ ambiguous or inflated history stops before any send (0.471081ms)
✔ one-shot loss applies only after a committed local save and never changes transport counts (1.525262ms)
ℹ tests 6
ℹ suites 0
ℹ pass 4
ℹ fail 2
ℹ cancelled 0
ℹ skipped 0
ℹ todo 0
ℹ duration_ms 684.76553

✖ failing tests:

test at scripts/m5-002/built-runtime.test.mjs:47:1
✖ complete built server reproduces CLI development-mode CSP rejection (300.488896ms)
  TypeError: terminated
      at Fetch.onAborted (node:internal/deps/undici/undici:13877:53)
      at Fetch.emit (node:events:514:28)
      at Fetch.terminate (node:internal/deps/undici/undici:13007:14)
      at Object.onError (node:internal/deps/undici/undici:14011:38)
      at Request.onError (node:internal/deps/undici/undici:3121:31)
      at Object.errorRequest (node:internal/deps/undici/undici:1942:17)
      at Socket.onHttpSocketClose (node:internal/deps/undici/undici:7860:14)
      at Socket.emit (node:events:526:24)
      at TCP.<anonymous> (node:net:362:12) {
    [cause]: Error [SocketError]: other side closed
        at Socket.onHttpSocketEnd (node:internal/deps/undici/undici:7833:26)
        at Socket.emit (node:events:526:24)
        at endReadableNT (node:internal/streams/readable:1764:12)
        at process.processTicksAndRejections (node:internal/process/task_queues:90:21) {
      code: 'UND_ERR_SOCKET',
      socket: { localAddress: '127.0.0.1', localPort: 51110, remoteAddress: '127.0.0.1', remotePort: 42515, remoteFamily: 'IPv4', timeout: undefined, bytesWritten: 184, bytesRead: 654 }
    }
  }

test at scripts/m5-002/built-runtime.test.mjs:51:1
✖ actual launcher runtime preparation admits built hydration without widening CSP (262.594587ms)
  TypeError: terminated
      at Fetch.onAborted (node:internal/deps/undici/undici:13877:53)
      at Fetch.emit (node:events:514:28)
      at Fetch.terminate (node:internal/deps/undici/undici:13007:14)
      at Object.onError (node:internal/deps/undici/undici:14011:38)
      at Request.onError (node:internal/deps/undici/undici:3121:31)
      at Object.errorRequest (node:internal/deps/undici/undici:1942:17)
      at Socket.onHttpSocketClose (node:internal/deps/undici/undici:7860:14)
      at Socket.emit (node:events:526:24)
      at TCP.<anonymous> (node:net:362:12) {
    [cause]: Error [SocketError]: other side closed
        at Socket.onHttpSocketEnd (node:internal/deps/undici/undici:7833:26)
        at Socket.emit (node:events:526:24)
        at endReadableNT (node:internal/streams/readable:1764:12)
        at process.processTicksAndRejections (node:internal/process/task_queues:90:21) {
      code: 'UND_ERR_SOCKET',
      socket: { localAddress: '127.0.0.1', localPort: 38796, remoteAddress: '127.0.0.1', remotePort: 43247, remoteFamily: 'IPv4', timeout: undefined, bytesWritten: 184, bytesRead: 654 }
    }
  }
[ELIFECYCLE] Command failed with exit code 1.
[ELIFECYCLE] Command failed with exit code 1.
