....FF....
======================================================================
FAIL: test_only_exact_ready_worker_and_queue_qualify (__main__.GuardControls.test_only_exact_ready_worker_and_queue_qualify) (failure='candidate-database')
----------------------------------------------------------------------
Traceback (most recent call last):
  File "/home/serveradmin/insignia-m5-023-worktree/docs/delivery/evidence/m5-023/operators/host-operator-controls.py", line 193, in test_only_exact_ready_worker_and_queue_qualify
    self.assertEqual(value['classification'], 'PASS_UNINSTALL_PROCESSOR' if failure is None else 'BLOCKED_UNINSTALL_PROCESSOR_READINESS')
    ~~~~~~~~~~~~~~~~^^^^^^^^^^^^^^^^^^^^^^^^^^^^^^^^^^^^^^^^^^^^^^^^^^^^^^^^^^^^^^^^^^^^^^^^^^^^^^^^^^^^^^^^^^^^^^^^^^^^^^^^^^^^^^^^^^^^^
AssertionError: 'PASS_UNINSTALL_PROCESSOR' != 'BLOCKED_UNINSTALL_PROCESSOR_READINESS'
- PASS_UNINSTALL_PROCESSOR
+ BLOCKED_UNINSTALL_PROCESSOR_READINESS


======================================================================
FAIL: test_only_exact_ready_worker_and_queue_qualify (__main__.GuardControls.test_only_exact_ready_worker_and_queue_qualify) (failure='candidate-webhook')
----------------------------------------------------------------------
Traceback (most recent call last):
  File "/home/serveradmin/insignia-m5-023-worktree/docs/delivery/evidence/m5-023/operators/host-operator-controls.py", line 193, in test_only_exact_ready_worker_and_queue_qualify
    self.assertEqual(value['classification'], 'PASS_UNINSTALL_PROCESSOR' if failure is None else 'BLOCKED_UNINSTALL_PROCESSOR_READINESS')
    ~~~~~~~~~~~~~~~~^^^^^^^^^^^^^^^^^^^^^^^^^^^^^^^^^^^^^^^^^^^^^^^^^^^^^^^^^^^^^^^^^^^^^^^^^^^^^^^^^^^^^^^^^^^^^^^^^^^^^^^^^^^^^^^^^^^^^
AssertionError: 'PASS_UNINSTALL_PROCESSOR' != 'BLOCKED_UNINSTALL_PROCESSOR_READINESS'
- PASS_UNINSTALL_PROCESSOR
+ BLOCKED_UNINSTALL_PROCESSOR_READINESS


----------------------------------------------------------------------
Ran 9 tests in 0.015s

FAILED (failures=2)
{"action": "lifecycle-settled", "at": "2026-10-08T16:21:29.948955+00:00", "candidateCount": 1, "checks": {"exactWorkerArtifact": true, "queueRuntimeUsable": true, "queueSchemaPresent": true, "runtimeRoleExact": true, "sameDatabaseEndpoint": true, "uninstallRuntimeUsable": true, "webhookSecretMatchesApp": true, "workerKeyConfigurationPresent": true, "workerReady": true, "workerRoleExact": true}, "classification": "PASS_UNINSTALL_PROCESSOR", "databaseWrites": 0, "providerRequests": 0, "runtimeEnvironmentValuesLogged": false, "workerDeployments": 0}
{"action": "lifecycle-settled", "at": "2026-10-08T16:21:29.949541+00:00", "candidateCount": 1, "checks": {"exactWorkerArtifact": false, "queueRuntimeUsable": true, "queueSchemaPresent": true, "runtimeRoleExact": true, "sameDatabaseEndpoint": false, "uninstallRuntimeUsable": true, "webhookSecretMatchesApp": true, "workerKeyConfigurationPresent": true, "workerReady": false, "workerRoleExact": true}, "classification": "BLOCKED_UNINSTALL_PROCESSOR_READINESS", "databaseWrites": 0, "providerRequests": 0, "runtimeEnvironmentValuesLogged": false, "workerDeployments": 0}
{"action": "lifecycle-settled", "at": "2026-10-08T16:21:29.950207+00:00", "candidateCount": 1, "checks": {"exactWorkerArtifact": true, "queueRuntimeUsable": true, "queueSchemaPresent": true, "runtimeRoleExact": true, "sameDatabaseEndpoint": true, "uninstallRuntimeUsable": true, "webhookSecretMatchesApp": false, "workerKeyConfigurationPresent": true, "workerReady": true, "workerRoleExact": true}, "classification": "BLOCKED_UNINSTALL_PROCESSOR_READINESS", "databaseWrites": 0, "providerRequests": 0, "runtimeEnvironmentValuesLogged": false, "workerDeployments": 0}
{"action": "lifecycle-settled", "at": "2026-10-08T16:21:29.950842+00:00", "candidateCount": 1, "checks": {"exactWorkerArtifact": true, "queueRuntimeUsable": false, "queueSchemaPresent": true, "runtimeRoleExact": true, "sameDatabaseEndpoint": true, "uninstallRuntimeUsable": true, "webhookSecretMatchesApp": true, "workerKeyConfigurationPresent": true, "workerReady": true, "workerRoleExact": true}, "classification": "BLOCKED_UNINSTALL_PROCESSOR_READINESS", "databaseWrites": 0, "providerRequests": 0, "runtimeEnvironmentValuesLogged": false, "workerDeployments": 0}
{"action": "lifecycle-settled", "at": "2026-10-08T16:21:29.951486+00:00", "candidateCount": 1, "checks": {"exactWorkerArtifact": true, "queueRuntimeUsable": true, "queueSchemaPresent": true, "runtimeRoleExact": true, "sameDatabaseEndpoint": true, "uninstallRuntimeUsable": true, "webhookSecretMatchesApp": true, "workerKeyConfigurationPresent": true, "workerReady": false, "workerRoleExact": true}, "classification": "BLOCKED_UNINSTALL_PROCESSOR_READINESS", "databaseWrites": 0, "providerRequests": 0, "runtimeEnvironmentValuesLogged": false, "workerDeployments": 0}
{"action": "lifecycle-settled", "at": "2026-10-08T16:21:29.952005+00:00", "candidateCount": 1, "checks": {"exactWorkerArtifact": false, "queueRuntimeUsable": true, "queueSchemaPresent": true, "runtimeRoleExact": true, "sameDatabaseEndpoint": false, "uninstallRuntimeUsable": true, "webhookSecretMatchesApp": true, "workerKeyConfigurationPresent": true, "workerReady": false, "workerRoleExact": true}, "classification": "BLOCKED_UNINSTALL_PROCESSOR_READINESS", "databaseWrites": 0, "providerRequests": 0, "runtimeEnvironmentValuesLogged": false, "workerDeployments": 0}
{"action": "lifecycle-settled", "at": "2026-10-08T16:21:29.952659+00:00", "candidateCount": 1, "checks": {"exactWorkerArtifact": true, "queueRuntimeUsable": true, "queueSchemaPresent": true, "runtimeRoleExact": true, "sameDatabaseEndpoint": true, "uninstallRuntimeUsable": true, "webhookSecretMatchesApp": true, "workerKeyConfigurationPresent": true, "workerReady": true, "workerRoleExact": false}, "classification": "BLOCKED_UNINSTALL_PROCESSOR_READINESS", "databaseWrites": 0, "providerRequests": 0, "runtimeEnvironmentValuesLogged": false, "workerDeployments": 0}
{"action": "lifecycle-settled", "at": "2026-10-08T16:21:29.953297+00:00", "candidateCount": 1, "checks": {"exactWorkerArtifact": true, "queueRuntimeUsable": true, "queueSchemaPresent": true, "runtimeRoleExact": true, "sameDatabaseEndpoint": true, "uninstallRuntimeUsable": false, "webhookSecretMatchesApp": true, "workerKeyConfigurationPresent": true, "workerReady": true, "workerRoleExact": true}, "classification": "BLOCKED_UNINSTALL_PROCESSOR_READINESS", "databaseWrites": 0, "providerRequests": 0, "runtimeEnvironmentValuesLogged": false, "workerDeployments": 0}
{"action": "lifecycle-settled", "at": "2026-10-08T16:21:29.953794+00:00", "candidateCount": 1, "checks": {"exactWorkerArtifact": false, "queueRuntimeUsable": true, "queueSchemaPresent": true, "runtimeRoleExact": true, "sameDatabaseEndpoint": false, "uninstallRuntimeUsable": true, "webhookSecretMatchesApp": true, "workerKeyConfigurationPresent": true, "workerReady": false, "workerRoleExact": true}, "classification": "BLOCKED_UNINSTALL_PROCESSOR_READINESS", "databaseWrites": 0, "providerRequests": 0, "runtimeEnvironmentValuesLogged": false, "workerDeployments": 0}
{"action": "lifecycle-settled", "at": "2026-10-08T16:21:29.954293+00:00", "candidateCount": 1, "checks": {"exactWorkerArtifact": false, "queueRuntimeUsable": true, "queueSchemaPresent": true, "runtimeRoleExact": true, "sameDatabaseEndpoint": false, "uninstallRuntimeUsable": true, "webhookSecretMatchesApp": true, "workerKeyConfigurationPresent": true, "workerReady": false, "workerRoleExact": true}, "classification": "BLOCKED_UNINSTALL_PROCESSOR_READINESS", "databaseWrites": 0, "providerRequests": 0, "runtimeEnvironmentValuesLogged": false, "workerDeployments": 0}
{"action": "lifecycle-settled", "at": "2026-10-08T16:21:29.954821+00:00", "candidateCount": 1, "checks": {"exactWorkerArtifact": true, "queueRuntimeUsable": true, "queueSchemaPresent": true, "runtimeRoleExact": true, "sameDatabaseEndpoint": false, "uninstallRuntimeUsable": true, "webhookSecretMatchesApp": true, "workerKeyConfigurationPresent": true, "workerReady": true, "workerRoleExact": true}, "classification": "BLOCKED_UNINSTALL_PROCESSOR_READINESS", "databaseWrites": 0, "providerRequests": 0, "runtimeEnvironmentValuesLogged": false, "workerDeployments": 0}
{"action": "lifecycle-settled", "at": "2026-10-08T16:21:29.955448+00:00", "candidateCount": 1, "checks": {"exactWorkerArtifact": true, "queueRuntimeUsable": true, "queueSchemaPresent": true, "runtimeRoleExact": true, "sameDatabaseEndpoint": false, "uninstallRuntimeUsable": true, "webhookSecretMatchesApp": true, "workerKeyConfigurationPresent": true, "workerReady": true, "workerRoleExact": true}, "classification": "BLOCKED_UNINSTALL_PROCESSOR_READINESS", "databaseWrites": 0, "providerRequests": 0, "runtimeEnvironmentValuesLogged": false, "workerDeployments": 0}
{"action": "lifecycle-settled", "at": "2026-10-08T16:21:29.956000+00:00", "candidateCount": 1, "checks": {"exactWorkerArtifact": true, "queueRuntimeUsable": true, "queueSchemaPresent": true, "runtimeRoleExact": true, "sameDatabaseEndpoint": false, "uninstallRuntimeUsable": true, "webhookSecretMatchesApp": true, "workerKeyConfigurationPresent": true, "workerReady": true, "workerRoleExact": true}, "classification": "BLOCKED_UNINSTALL_PROCESSOR_READINESS", "databaseWrites": 0, "providerRequests": 0, "runtimeEnvironmentValuesLogged": false, "workerDeployments": 0}
{"action": "lifecycle-settled", "at": "2026-10-08T16:21:29.956606+00:00", "candidateCount": 1, "checks": {"exactWorkerArtifact": true, "queueRuntimeUsable": true, "queueSchemaPresent": true, "runtimeRoleExact": true, "sameDatabaseEndpoint": false, "uninstallRuntimeUsable": true, "webhookSecretMatchesApp": true, "workerKeyConfigurationPresent": true, "workerReady": true, "workerRoleExact": true}, "classification": "BLOCKED_UNINSTALL_PROCESSOR_READINESS", "databaseWrites": 0, "providerRequests": 0, "runtimeEnvironmentValuesLogged": false, "workerDeployments": 0}
{"action": "lifecycle-settled", "at": "2026-10-08T16:21:29.957244+00:00", "candidateCount": 1, "checks": {"exactWorkerArtifact": true, "queueRuntimeUsable": true, "queueSchemaPresent": true, "runtimeRoleExact": true, "sameDatabaseEndpoint": true, "uninstallRuntimeUsable": true, "webhookSecretMatchesApp": true, "workerKeyConfigurationPresent": true, "workerReady": true, "workerRoleExact": true}, "classification": "PASS_UNINSTALL_PROCESSOR", "databaseWrites": 0, "providerRequests": 0, "runtimeEnvironmentValuesLogged": false, "workerDeployments": 0}
{"action": "lifecycle-settled", "at": "2026-10-08T16:21:29.958600+00:00", "candidateCount": 1, "checks": {"exactWorkerArtifact": true, "queueRuntimeUsable": true, "queueSchemaPresent": true, "runtimeRoleExact": true, "sameDatabaseEndpoint": true, "uninstallRuntimeUsable": true, "webhookSecretMatchesApp": true, "workerKeyConfigurationPresent": true, "workerReady": true, "workerRoleExact": true}, "classification": "PASS_UNINSTALL_PROCESSOR", "databaseWrites": 0, "providerRequests": 0, "runtimeEnvironmentValuesLogged": false, "workerDeployments": 0}
{"action": "lifecycle-settled", "at": "2026-10-08T16:21:29.959965+00:00", "candidateCount": 0, "checks": {"exactWorkerArtifact": false, "queueRuntimeUsable": false, "queueSchemaPresent": false, "runtimeRoleExact": false, "sameDatabaseEndpoint": false, "webhookSecretMatchesApp": true, "workerKeyConfigurationPresent": false, "workerReady": false, "workerRoleExact": false}, "classification": "BLOCKED_UNINSTALL_PROCESSOR_READINESS", "databaseWrites": 0, "providerRequests": 0, "runtimeEnvironmentValuesLogged": false, "workerDeployments": 0}
