{
  "root": {
    "exit": 0,
    "log": "full-root-r9-isolated.log",
    "webTests": 86,
    "webSkipped": 0
  },
  "postgres18": {
    "version": "18.6",
    "exit": 0,
    "tests": 198,
    "log": "full-pg18-r9-isolated.log"
  },
  "concurrency": {
    "firstSessions": 100,
    "reinstallSessions": 100,
    "tests": 11,
    "log": "full-pg18-r9-isolated.log"
  },
  "productionSDKPGHTTP": {
    "tests": 11,
    "log": "full-root-r9-isolated.log",
    "withinFullRoot": true
  },
  "publicationStress": {
    "pass": 100,
    "total": 100,
    "log": "publication-stress-r9.log"
  },
  "renderer": {
    "expectedNegative": true,
    "log": "renderer-r9.log"
  },
  "roles": {
    "genuineLogins": true,
    "operatorAppend": true,
    "runtimeQualified": true,
    "log": "roles-rehearsal3.log"
  },
  "hostFailureControls": {
    "tests": 11,
    "log": "host-controls-r10.log",
    "qualificationVariants": 31
  },
  "portableRuntime": {
    "pass": true,
    "log": "portable-runtime-r9.json"
  },
  "productionOperations": 0,
  "shopifyRequests": 0,
  "fixtureCreates": 0,
  "trustedAppendGuards": {
    "tests": 7,
    "dbConnections": 0,
    "writes": 0,
    "log": "release-append-r10-final.log"
  },
  "lifecycleRights": {
    "actualPostgreSQL": true,
    "partialTableAndSequenceRightsRejected": true,
    "localDDLTransactionRolledBack": true,
    "log": "lifecycle-ingress-bootstrap-rights-green.log",
    "applicationUpdateAndQueueUpdateIndependentlyRejected": true,
    "ingressBootstrapIndependentRevocations": 5
  },
  "workerInventory": {
    "tests": 15,
    "changedDependencyWithSameMainHandlersRejected": true,
    "internalPathExtraCodeEscapePreloadRejected": true,
    "dependencyCodeExecuted": false,
    "log": "worker-controls-r10.log",
    "nearerShadowRejected": true,
    "mutableRootAliasRejected": true,
    "actualUnrelatedProcessRejected": true,
    "qualifiedNestedBytesBound": true,
    "mislabeledOwnedRootRejected": true,
    "missingManifestAndLegacyFileRejected": true,
    "readOnlyLoadedCodeDivergenceDemonstrated": true,
    "effectiveMountedRootsRejected": true
  },
  "logSha256": {
    "review-r2-uninstall-red.log": "89394afb1f4d1324ac08130e61d79f1134040f724a6d06a70064ed9cbc1f7664",
    "review-r2-uninstall-green.log": "f6afba9fd9f9c9fbc67f3ee46513e17848f5e1b876fda95e39b6d41731b0e3b3",
    "review-r2-guard-controls-green.log": "231ae1e76c629d8001bda60c825f2e86cf5e148fce31b93a41361f9ba0c7c0f0",
    "worker-full-controls-red.log": "46b67cc15bc381d0fce0ac7a0fdfa0d40473f05ff0f18b2a9754939098903b3b",
    "worker-full-controls-green.log": "3621fcc66e9f7bc36e44a7ca9c51a46dfbc662609e36367165ebcc6e91b727d6",
    "worker-inventory-links-red.log": "237bc67e70cd078e25adde1cd757306def4920125748b779a0206baf29c094a5",
    "worker-inventory-links-green.log": "7a8e256ba387ad6c15e29833993465bfe953349a7019007de840230505565df4",
    "worker-immutable-code-red.log": "063bde3cef410b66630f8fb0aaf447e6f4cae3573e576f5a5106656b75dc44fd",
    "host-controls-r3.log": "c1b8e4d68d3adb252db0df754dbb0ba75a1f79d483e964b86acf00f9b41cb63d",
    "lifecycle-application-rights-control.log": "5e7e06a04a4758db21123cd9e8d9048504312671c74c389d9780b32858e28059",
    "lifecycle-application-rights-control2.log": "b13ff66e27f517169f068bc7c5c5890a9a17251bca586df24e618d48ec988aad",
    "full-root-r3.log": "498046e984a6eb5c37b8f5164b4ef1ea48204c2a0ee4b5925ef266b9162cc7af",
    "full-root-r3b.log": "b5ed272166d5e559f6a050c2ca3df6d4e3812156b7027fcfe4ef5651ca637c62",
    "full-pg18-r3.log": "40476601e143265b890d9b89ed7b1171645ccc198e5d594848107bba1c811a79",
    "publication-stress-r3.log": "a9284b3221baa89708c024711ed507d41f82ae8f9d040c76a7e27500e4cba532",
    "renderer-r3.log": "31ad7808fca7c17d3d1398357712721237486a122946b38740f8781f6f2d69c2",
    "release-append-r3.log": "fbbfcc64a439b5dceed02d5a5ead0ea2a269e874a8077a72f4cd066a920b8df6",
    "style-r3.log": "32684fb126bb574fa63b25f99d04c01e14a4f867fdab3bcf0af4cc5ae95f4edc",
    "secrets-r3.log": "b847afc376e98cafb5c0c35f464608557205185140a7b6a24c6feb75ecb33e1f",
    "portable-runtime-r3-current.json": "b7129674130c1a0ac65b52bd2f41ba67696ecfeb034a064e0bcf3d59572397e9",
    "worker-inspection-r3-result.json": "993d4830193910dd035a5df9b38a45f272c96cff9b89e0d881b13533ea7970f3",
    "unique-winner-uninstall-red.log": "d6e7b0a58f927d867f870927701b12963e16eea419ee0b38f17b5798db7bdbf7",
    "unique-winner-uninstall-green.log": "4c3f5c0d324d4da7381bf61e1b0f3cac32e7f79ca22eea5c17ad4f37ded9916c",
    "unique-uninstall-probe-red.log": "822b2c53ae37bc7f68e9852e7e7d8133d9556a4b4a2903a5a9fde898f1bd5b6c",
    "unique-uninstall-probe-green.log": "e954b48d1e5f7466b8d0637b50937b9ab5f312efe845815f24c31c6dfe94b336",
    "worker-shadow-red.log": "67f7192dd815e1767917c8494cb633121421439050a98f0e549a514cfed78166",
    "worker-root-alias-red.log": "6c8f422fb12ec17cab99578a7d4e1c4c638de842091958db9eb0653342ce4db8",
    "worker-route-launcher-red.log": "1623a379aa7955cb1e692c65ad6f88368b15ecf1ffc3f8cbc8b87c65733ab9e8",
    "worker-route-launcher-green.log": "a2c2f5d3a3a31d1ecd6c28599160ca7ce17f5a9d649c05dc985bfb74bfa728bd",
    "worker-effective-process-red.log": "2d8542070053b8a02460d794b3c52311118dd84b24b1c66eb2eae2e949b668f0",
    "worker-effective-process-green.log": "2bfb866233539b0e7dd265d7a7d3d5c9f0498bb775e7fda6b5d9846683edba1e",
    "worker-qualified-nested-red.log": "316a5e95677725b37c9e18c4e5c94153f8da7f425ef6b19d78bd4d09282fc3c8",
    "worker-controls-r4.log": "c04eec7a3d6ecb6b4b6b7fc40c02dd0479ac74e644a8a08832e8db4c9f4acd7b",
    "host-controls-r4.log": "a01b75149c2aaf00e9813154c9db0a078e277d4c93ff55f43ee3a208d2c70647",
    "full-root-r4.log": "b0f6e33b57c2b1b841820bb29bd7aca015a058415a04ab4f816ab286574ffd1b",
    "full-pg18-r4.log": "5f14ee6c33a6b80771fcd1de3df8f0187eca493a55b0394fbb99e7b9474e9550",
    "publication-stress-r4.log": "3ef0077076d9f419380df68628c8d90bc429baafef4911620668cad385b8a466",
    "renderer-r4.log": "00997d5f4e4bef746404689ade4b9b1a8fba344493dadbc95caf9243112a7660",
    "style-r4.log": "bc523070d71f0f2adde6ebb20a62d8087bc6c0bb9d64c61ea611468655b7c91c",
    "secrets-r4.log": "b847afc376e98cafb5c0c35f464608557205185140a7b6a24c6feb75ecb33e1f",
    "portable-runtime-r4.json": "c1d70c12e77edbe3de104edfc6b1ff1b26575bae0fc9308def80955a994c5a50",
    "dns-AAAA-red.log": "ba8a49ac9a001152f2603a48d08647cbc79f3c32a7e9781f817fbd48192499dc",
    "host-controls-r5.log": "824dbf43f581ae816a745e093e3009361f77928738e634fe8587208424aaf7dd",
    "lifecycle-ingress-bootstrap-rights-red.log": "297dabde72ea5c86a76f003fd18c931b6f6f7166f736c8604cdac7ce7015d7c0",
    "lifecycle-ingress-bootstrap-rights-green.log": "f981f90dfd44d2874bbe66478f147590990f29846ca775e3dab400ce883063e4",
    "full-root-r9-isolated.log": "9c59a6d01b7805c210627ae0cda1e5e3002c794c0a1eb3a978583fe755eb5ecd",
    "full-pg18-r9-isolated.log": "3ed3ad708a69ba640f4157231c22095dc19269fbfd15b1eb3540d0d8ea3220b7",
    "fresh-root-db-migrations-r9.log": "b1f5a10b6f13cedbe0e62ca10a9461ff839c0bf8975d4c13d489944db7186077",
    "fresh-pg-db-migrations-r9.log": "7385388be38fbdac61de07b5e7aad0082df6289a3883d85f980462e511534f9c",
    "publication-stress-r9.log": "91b8f492116da92e97a57194ed3f4a3d09af3d622530df1aae39fc579984f1d1",
    "renderer-r9.log": "24bd66a5662656e116a4ada3b7050430eda5a828a60e37fd893a2598d6deb7d2",
    "portable-runtime-r9.json": "b790fd28df3240d6f71a4fc1b92b9ee943c295063feaca55fcb6c7ebd68acb54",
    "package-decoder-r9-green.log": "97a8c1173914cd8bc26518cae1c3eb19fe26fac486837110f64378bea4830b18",
    "worker-controls-r9-current.log": "88102da9b080bae4b60bec17b653d5eaea6e5105344830b2de9583dc0f42270c",
    "host-controls-r9-current.log": "61ed9966534156a6be1ccac8da6145ea4ac414452c5e8e3beae814089d289329",
    "first-create-barrier-first-green.log": "a46b539d3eff9b5e9030f4284cccd17f1b9ba89637cc89378eab6b2d9e1c1bc7",
    "first-create-barrier-red.log": "86b9c52c618842c067982c8371f458cae9b3174ee7e915cf8845ae0153496134",
    "fresh-http-db-migrations-r9.log": "ccdcc957769ac3423ef80e2b5e06b076ee5adec49a9c02b1362eeff9f66d7b32",
    "fresh-http-r9.log": "d4b5da7eeed2f242ee68d971d0f9b4a906aaaef6cc90e67eb91a1ef7f7c92aa0",
    "full-pg18-r9.log": "37e5b486854e30a00d3dea53844e0d1e6730c938f8c9c74b95e89d32b92a5fe8",
    "full-root-r9.log": "af550db8aad38c321fca70c40a065b7a63f682fa9f72ddeb39689163f7c64f81",
    "host-controls-r9.log": "0665684538ee29b23edb6e8e58bb935cb1849b2cf08f7a3c93abad283336a931",
    "mislabeled-worker-shadow-red.log": "b8bf27f90b339b447247d47413645e5c39fcaff52d925ecf43b66c80294593c9",
    "secrets-r9-final.log": "b847afc376e98cafb5c0c35f464608557205185140a7b6a24c6feb75ecb33e1f",
    "style-r9-final.log": "65fe1dacf56b29e6d0a77ea7ee7ee5d015df5d014c5ba71415078f58d452e753",
    "worker-controls-r9.log": "c7acb2374ec75c383ad44e0bfa97035008204e62819bed54260e207b96685bdf",
    "host-controls-r10.log": "81aab2cd16bffde874045dd0f91b93f36cb8c8b3a09aa707ed3ae9ecdb0e7daf",
    "lifecycle-first-compose-red.log": "845356f0bcc9e9f21e9ae2fa44fec347084ae014962fa2955208ae48aaa125a9",
    "fresh-append-control-r10-current.log": "df140cac9e8c754bfdc441db676c20571e599483a90a82b183f2026ef958fba9",
    "stale-function-append-red.log": "e3f468b58f816b9abec7e17a0399d093104f99db909145f00a594601d33b7bf6",
    "readonly-worker-mount-green.log": "06e9fbf93b9eb722b091b720a4f9eaae57d9922c99e9331d276b23f483b82c3f",
    "release-append-r10-green.log": "6a74a45fa8283ed3e3616da845cf2b6640751313fcb34ac0d2c683643c2a90ab",
    "style-r10.log": "a9b356f4be12878c7a81bb09b225b69b6f5ae05618d786c7b6280f03334e360f",
    "readonly-worker-mount-red.log": "10c66adcebdd68e6e47e647b171132345adf7dd229931211d30647a0bac33b69",
    "fresh-append-control-r10.log": "4d9512ef80b06a320d8f051c4986b0d681edf12de0958b06dc3b3454a0753f46",
    "release-observation-r10-final.log": "b21dea57c39b301f8187bdc54c9d5556fd792e4834c225b81e4846194c57785d",
    "secrets-r10.log": "b847afc376e98cafb5c0c35f464608557205185140a7b6a24c6feb75ecb33e1f",
    "worker-controls-r10.log": "c751f08f75755a8b1d20a83b03a5ba3d7c4e02e6083eaf2a34bdefd823192b06",
    "fresh-append-current-db-migrations-r10.log": "c331341745575e0fbbb0c078ec0a924ccaa6ccec80f8181adda0f70cb9a1476c",
    "release-observation-r10.log": "b21dea57c39b301f8187bdc54c9d5556fd792e4834c225b81e4846194c57785d",
    "fresh-append-db-migrations-r10.log": "1d1c014014cb80dbcb68090da709e84b7a8d2f83a89a34b4be11a4a7ce682671",
    "release-append-r10-final.log": "6a74a45fa8283ed3e3616da845cf2b6640751313fcb34ac0d2c683643c2a90ab",
    "package-decoder-r10.log": "97a8c1173914cd8bc26518cae1c3eb19fe26fac486837110f64378bea4830b18"
  },
  "resourceIsolation": {
    "root": "insignia_m5_023_r9_root",
    "database": "insignia_m5_023_r9_pg",
    "focusedHTTP": "insignia_m5_023_r9_http",
    "oldDatabasePreserved": true
  },
  "trustedReleaseObservationControls": {
    "log": "release-observation-r10-final.log",
    "originalTimesPreserved": true,
    "bothReceiptsBound": true,
    "earliestExact30SecondExpiry": true,
    "noRestamp": true
  },
  "localSyntheticOperatorPg": {
    "log": "fresh-append-control-r10-current.log",
    "operatorAppends": 1,
    "runtimeSelectQualified": true,
    "providerNativeOrOwnerEvidence": false,
    "productionWrites": 0
  }
}
