{"level":30,"time":1791464461895,"event":"admin_authentication","authStage":"ONLINE_EXCHANGE_SUCCEEDED","correlationId":"5c7c6c05-eb46-4b01-bb10-ac952d4d6724","statusClass":"success"}
{"level":30,"time":1791464461917,"event":"admin_authentication","authStage":"INSTALLATION_PROVIDER_READ_SUCCEEDED","correlationId":"5c7c6c05-eb46-4b01-bb10-ac952d4d6724","statusClass":"success"}
{"level":30,"time":1791464461930,"event":"admin_authentication","authStage":"INSTALLATION_BOOTSTRAP_CREATED_SUCCEEDED","correlationId":"5c7c6c05-eb46-4b01-bb10-ac952d4d6724","statusClass":"success"}
{"level":30,"time":1791464461930,"event":"admin_authentication","authStage":"TENANT_RECONCILIATION_SUCCEEDED","correlationId":"5c7c6c05-eb46-4b01-bb10-ac952d4d6724","statusClass":"success"}
{"level":30,"time":1791464461931,"event":"admin_authentication","authStage":"AUTHENTICATION_SUCCEEDED","correlationId":"5c7c6c05-eb46-4b01-bb10-ac952d4d6724","statusClass":"success"}
{"level":30,"time":1791464461937,"event":"admin_authentication","authStage":"ONLINE_EXCHANGE_SUCCEEDED","correlationId":"b0eea51e-ac81-440e-9091-ecc5b2c6626c","statusClass":"success"}
{"level":30,"time":1791464461938,"event":"admin_authentication","authStage":"INSTALLATION_PROVIDER_READ_SUCCEEDED","correlationId":"b0eea51e-ac81-440e-9091-ecc5b2c6626c","statusClass":"success"}
{"level":30,"time":1791464461943,"event":"admin_authentication","authStage":"INSTALLATION_BOOTSTRAP_REUSED_SUCCEEDED","correlationId":"b0eea51e-ac81-440e-9091-ecc5b2c6626c","statusClass":"success"}
{"level":30,"time":1791464461943,"event":"admin_authentication","authStage":"TENANT_RECONCILIATION_SUCCEEDED","correlationId":"b0eea51e-ac81-440e-9091-ecc5b2c6626c","statusClass":"success"}
{"level":30,"time":1791464461943,"event":"admin_authentication","authStage":"AUTHENTICATION_SUCCEEDED","correlationId":"b0eea51e-ac81-440e-9091-ecc5b2c6626c","statusClass":"success"}
✔ production first verified staff session bootstraps and searches, repeat reuses provider identity (247.510715ms)
{"level":30,"time":1791464461958,"event":"admin_authentication","authStage":"ONLINE_EXCHANGE_SUCCEEDED","correlationId":"653bdea8-9ed0-481a-a1eb-e311bf7cbbc1","statusClass":"success"}
{"level":30,"time":1791464461964,"event":"admin_authentication","authStage":"INSTALLATION_PROVIDER_READ_SUCCEEDED","correlationId":"653bdea8-9ed0-481a-a1eb-e311bf7cbbc1","statusClass":"success"}
{"level":30,"time":1791464461971,"event":"admin_authentication","authStage":"INSTALLATION_BOOTSTRAP_CREATED_SUCCEEDED","correlationId":"653bdea8-9ed0-481a-a1eb-e311bf7cbbc1","statusClass":"success"}
{"level":30,"time":1791464461971,"event":"admin_authentication","authStage":"TENANT_RECONCILIATION_SUCCEEDED","correlationId":"653bdea8-9ed0-481a-a1eb-e311bf7cbbc1","statusClass":"success"}
{"level":30,"time":1791464461971,"event":"admin_authentication","authStage":"AUTHENTICATION_SUCCEEDED","correlationId":"653bdea8-9ed0-481a-a1eb-e311bf7cbbc1","statusClass":"success"}
{"level":30,"time":1791464461972,"event":"admin_authentication","authStage":"ONLINE_EXCHANGE_SUCCEEDED","correlationId":"198bb2c8-e24f-4960-80a7-21fe4f0f5a2d","statusClass":"success"}
{"level":30,"time":1791464461973,"event":"admin_authentication","authStage":"INSTALLATION_PROVIDER_READ_SUCCEEDED","correlationId":"198bb2c8-e24f-4960-80a7-21fe4f0f5a2d","statusClass":"success"}
{"level":30,"time":1791464461983,"event":"admin_authentication","authStage":"INSTALLATION_BOOTSTRAP_REINSTALLED_SUCCEEDED","correlationId":"198bb2c8-e24f-4960-80a7-21fe4f0f5a2d","statusClass":"success"}
{"level":30,"time":1791464461983,"event":"admin_authentication","authStage":"TENANT_RECONCILIATION_SUCCEEDED","correlationId":"198bb2c8-e24f-4960-80a7-21fe4f0f5a2d","statusClass":"success"}
{"level":30,"time":1791464461983,"event":"admin_authentication","authStage":"AUTHENTICATION_SUCCEEDED","correlationId":"198bb2c8-e24f-4960-80a7-21fe4f0f5a2d","statusClass":"success"}
{"level":30,"time":1791464461984,"event":"admin_authentication","authStage":"ONLINE_EXCHANGE_SUCCEEDED","correlationId":"56f15083-cc90-4e5a-93da-26dc1e8f7335","statusClass":"success"}
{"level":30,"time":1791464461985,"event":"admin_authentication","authStage":"INSTALLATION_PROVIDER_READ_SUCCEEDED","correlationId":"56f15083-cc90-4e5a-93da-26dc1e8f7335","statusClass":"success"}
{"level":30,"time":1791464461989,"event":"admin_authentication","authStage":"INSTALLATION_BOOTSTRAP_STALE_STATE","correlationId":"56f15083-cc90-4e5a-93da-26dc1e8f7335","statusClass":"failure"}
✔ production confirms a reinstall twice, advances once and rejects historical stale sessions (44.789187ms)
{"level":30,"time":1791464462001,"event":"admin_authentication","authStage":"ONLINE_EXCHANGE_SUCCEEDED","correlationId":"f3ad1ea8-e434-4726-be49-e6ec0bc7d85b","statusClass":"success"}
{"level":30,"time":1791464462007,"event":"admin_authentication","authStage":"INSTALLATION_PROVIDER_READ_SUCCEEDED","correlationId":"f3ad1ea8-e434-4726-be49-e6ec0bc7d85b","statusClass":"success"}
{"level":30,"time":1791464462013,"event":"admin_authentication","authStage":"INSTALLATION_BOOTSTRAP_CREATED_SUCCEEDED","correlationId":"f3ad1ea8-e434-4726-be49-e6ec0bc7d85b","statusClass":"success"}
{"level":30,"time":1791464462014,"event":"admin_authentication","authStage":"TENANT_RECONCILIATION_SUCCEEDED","correlationId":"f3ad1ea8-e434-4726-be49-e6ec0bc7d85b","statusClass":"success"}
{"level":30,"time":1791464462014,"event":"admin_authentication","authStage":"AUTHENTICATION_SUCCEEDED","correlationId":"f3ad1ea8-e434-4726-be49-e6ec0bc7d85b","statusClass":"success"}
{"level":30,"time":1791464462015,"event":"admin_authentication","authStage":"ONLINE_EXCHANGE_SUCCEEDED","correlationId":"2704a90c-bad9-4428-81f2-a381806a1092","statusClass":"success"}
{"level":30,"time":1791464462016,"event":"admin_authentication","authStage":"INSTALLATION_PROVIDER_READ_SUCCEEDED","correlationId":"2704a90c-bad9-4428-81f2-a381806a1092","statusClass":"success"}
{"level":30,"time":1791464462020,"event":"admin_authentication","authStage":"INSTALLATION_BOOTSTRAP_CONFIRMATION_REQUIRED","correlationId":"2704a90c-bad9-4428-81f2-a381806a1092","statusClass":"failure"}
✔ production provider drift during reinstall confirmation leaves the generation unchanged (29.430418ms)
{"level":30,"time":1791464462039,"event":"admin_authentication","authStage":"ONLINE_EXCHANGE_SUCCEEDED","correlationId":"07c8d34a-ce48-44e7-b9e4-11e1e78ff630","statusClass":"success"}
{"level":30,"time":1791464462039,"event":"admin_authentication","authStage":"ONLINE_EXCHANGE_SUCCEEDED","correlationId":"29bade3d-1ba9-4fb2-b201-c13f54c2f43c","statusClass":"success"}
{"level":30,"time":1791464462039,"event":"admin_authentication","authStage":"ONLINE_EXCHANGE_SUCCEEDED","correlationId":"c21b15e1-7b3b-4d90-bf93-8895c33157f7","statusClass":"success"}
{"level":30,"time":1791464462039,"event":"admin_authentication","authStage":"ONLINE_EXCHANGE_SUCCEEDED","correlationId":"015b3cf4-0d39-4cea-a72f-4de98cc09cc5","statusClass":"success"}
{"level":30,"time":1791464462040,"event":"admin_authentication","authStage":"ONLINE_EXCHANGE_SUCCEEDED","correlationId":"93b02ac9-ca66-4a05-a09f-751806fa529c","statusClass":"success"}
{"level":30,"time":1791464462040,"event":"admin_authentication","authStage":"ONLINE_EXCHANGE_SUCCEEDED","correlationId":"f430292b-b12d-4403-baa5-ef510a72ee8c","statusClass":"success"}
{"level":30,"time":1791464462040,"event":"admin_authentication","authStage":"ONLINE_EXCHANGE_SUCCEEDED","correlationId":"e26830bd-f123-47ae-953d-d2b1bd01aaf1","statusClass":"success"}
{"level":30,"time":1791464462040,"event":"admin_authentication","authStage":"ONLINE_EXCHANGE_SUCCEEDED","correlationId":"3cd525f8-5185-4a53-81bb-9d8a28b92047","statusClass":"success"}
{"level":30,"time":1791464462040,"event":"admin_authentication","authStage":"ONLINE_EXCHANGE_SUCCEEDED","correlationId":"7f8741e3-c26b-46c8-b026-2cd053304eaf","statusClass":"success"}
{"level":30,"time":1791464462040,"event":"admin_authentication","authStage":"ONLINE_EXCHANGE_SUCCEEDED","correlationId":"2f5e6cb3-ab0a-455b-8071-be7bddf5c7a9","statusClass":"success"}
{"level":30,"time":1791464462040,"event":"admin_authentication","authStage":"ONLINE_EXCHANGE_SUCCEEDED","correlationId":"0176722a-afb4-483d-9af7-ecd8d47135c6","statusClass":"success"}
{"level":30,"time":1791464462040,"event":"admin_authentication","authStage":"ONLINE_EXCHANGE_SUCCEEDED","correlationId":"efeca5e3-ef4c-4e86-8c56-cf655ea9ad75","statusClass":"success"}
{"level":30,"time":1791464462040,"event":"admin_authentication","authStage":"ONLINE_EXCHANGE_SUCCEEDED","correlationId":"ef2af3ab-a1c5-47be-8e7d-d01897459090","statusClass":"success"}
{"level":30,"time":1791464462041,"event":"admin_authentication","authStage":"ONLINE_EXCHANGE_SUCCEEDED","correlationId":"618d490b-83c2-486d-ab1c-e1c17d569a2c","statusClass":"success"}
{"level":30,"time":1791464462041,"event":"admin_authentication","authStage":"ONLINE_EXCHANGE_SUCCEEDED","correlationId":"9fa4cebf-703e-42ac-bf90-d900d649674c","statusClass":"success"}
{"level":30,"time":1791464462041,"event":"admin_authentication","authStage":"ONLINE_EXCHANGE_SUCCEEDED","correlationId":"f4804cc4-5e5a-4cae-bc5c-0917ba1106d7","statusClass":"success"}
{"level":30,"time":1791464462041,"event":"admin_authentication","authStage":"ONLINE_EXCHANGE_SUCCEEDED","correlationId":"538ee657-f887-458e-ab1a-541291b04107","statusClass":"success"}
{"level":30,"time":1791464462041,"event":"admin_authentication","authStage":"ONLINE_EXCHANGE_SUCCEEDED","correlationId":"d55e0512-1a61-4265-8214-a55cdf5ca96b","statusClass":"success"}
{"level":30,"time":1791464462041,"event":"admin_authentication","authStage":"ONLINE_EXCHANGE_SUCCEEDED","correlationId":"99819e71-17b1-4833-a1a4-b8835b02e3fe","statusClass":"success"}
{"level":30,"time":1791464462041,"event":"admin_authentication","authStage":"ONLINE_EXCHANGE_SUCCEEDED","correlationId":"ab07d0e0-2d04-4460-981f-bbcc9460d806","statusClass":"success"}
{"level":30,"time":1791464462041,"event":"admin_authentication","authStage":"ONLINE_EXCHANGE_SUCCEEDED","correlationId":"9a686751-0c05-4cbb-8930-47c5104e6f6d","statusClass":"success"}
{"level":30,"time":1791464462041,"event":"admin_authentication","authStage":"ONLINE_EXCHANGE_SUCCEEDED","correlationId":"72850dc5-dc0e-4139-a0e9-718ea9fb50c8","statusClass":"success"}
{"level":30,"time":1791464462041,"event":"admin_authentication","authStage":"ONLINE_EXCHANGE_SUCCEEDED","correlationId":"6cd06e1f-61e0-4620-8ba0-f87de833f2eb","statusClass":"success"}
{"level":30,"time":1791464462042,"event":"admin_authentication","authStage":"ONLINE_EXCHANGE_SUCCEEDED","correlationId":"9ee4f46a-9142-4c67-b8f0-2a1ff0b51339","statusClass":"success"}
{"level":30,"time":1791464462052,"event":"admin_authentication","authStage":"INSTALLATION_PROVIDER_READ_SUCCEEDED","correlationId":"07c8d34a-ce48-44e7-b9e4-11e1e78ff630","statusClass":"success"}
{"level":30,"time":1791464462053,"event":"admin_authentication","authStage":"INSTALLATION_PROVIDER_READ_SUCCEEDED","correlationId":"3cd525f8-5185-4a53-81bb-9d8a28b92047","statusClass":"success"}
{"level":30,"time":1791464462054,"event":"admin_authentication","authStage":"INSTALLATION_PROVIDER_READ_SUCCEEDED","correlationId":"f430292b-b12d-4403-baa5-ef510a72ee8c","statusClass":"success"}
{"level":30,"time":1791464462056,"event":"admin_authentication","authStage":"INSTALLATION_PROVIDER_READ_SUCCEEDED","correlationId":"efeca5e3-ef4c-4e86-8c56-cf655ea9ad75","statusClass":"success"}
{"level":30,"time":1791464462056,"event":"admin_authentication","authStage":"INSTALLATION_PROVIDER_READ_SUCCEEDED","correlationId":"ef2af3ab-a1c5-47be-8e7d-d01897459090","statusClass":"success"}
{"level":30,"time":1791464462057,"event":"admin_authentication","authStage":"INSTALLATION_PROVIDER_READ_SUCCEEDED","correlationId":"29bade3d-1ba9-4fb2-b201-c13f54c2f43c","statusClass":"success"}
{"level":30,"time":1791464462058,"event":"admin_authentication","authStage":"INSTALLATION_PROVIDER_READ_SUCCEEDED","correlationId":"7f8741e3-c26b-46c8-b026-2cd053304eaf","statusClass":"success"}
{"level":30,"time":1791464462058,"event":"admin_authentication","authStage":"INSTALLATION_PROVIDER_READ_SUCCEEDED","correlationId":"0176722a-afb4-483d-9af7-ecd8d47135c6","statusClass":"success"}
{"level":30,"time":1791464462059,"event":"admin_authentication","authStage":"INSTALLATION_PROVIDER_READ_SUCCEEDED","correlationId":"e26830bd-f123-47ae-953d-d2b1bd01aaf1","statusClass":"success"}
{"level":30,"time":1791464462060,"event":"admin_authentication","authStage":"INSTALLATION_PROVIDER_READ_SUCCEEDED","correlationId":"618d490b-83c2-486d-ab1c-e1c17d569a2c","statusClass":"success"}
{"level":30,"time":1791464462061,"event":"admin_authentication","authStage":"INSTALLATION_PROVIDER_READ_SUCCEEDED","correlationId":"9fa4cebf-703e-42ac-bf90-d900d649674c","statusClass":"success"}
{"level":30,"time":1791464462061,"event":"admin_authentication","authStage":"INSTALLATION_PROVIDER_READ_SUCCEEDED","correlationId":"f4804cc4-5e5a-4cae-bc5c-0917ba1106d7","statusClass":"success"}
{"level":30,"time":1791464462062,"event":"admin_authentication","authStage":"INSTALLATION_PROVIDER_READ_SUCCEEDED","correlationId":"538ee657-f887-458e-ab1a-541291b04107","statusClass":"success"}
{"level":30,"time":1791464462062,"event":"admin_authentication","authStage":"INSTALLATION_PROVIDER_READ_SUCCEEDED","correlationId":"d55e0512-1a61-4265-8214-a55cdf5ca96b","statusClass":"success"}
{"level":30,"time":1791464462063,"event":"admin_authentication","authStage":"INSTALLATION_PROVIDER_READ_SUCCEEDED","correlationId":"99819e71-17b1-4833-a1a4-b8835b02e3fe","statusClass":"success"}
{"level":30,"time":1791464462064,"event":"admin_authentication","authStage":"INSTALLATION_PROVIDER_READ_SUCCEEDED","correlationId":"93b02ac9-ca66-4a05-a09f-751806fa529c","statusClass":"success"}
{"level":30,"time":1791464462065,"event":"admin_authentication","authStage":"INSTALLATION_PROVIDER_READ_SUCCEEDED","correlationId":"c21b15e1-7b3b-4d90-bf93-8895c33157f7","statusClass":"success"}
{"level":30,"time":1791464462065,"event":"admin_authentication","authStage":"INSTALLATION_PROVIDER_READ_SUCCEEDED","correlationId":"015b3cf4-0d39-4cea-a72f-4de98cc09cc5","statusClass":"success"}
{"level":30,"time":1791464462066,"event":"admin_authentication","authStage":"INSTALLATION_PROVIDER_READ_SUCCEEDED","correlationId":"ab07d0e0-2d04-4460-981f-bbcc9460d806","statusClass":"success"}
{"level":30,"time":1791464462067,"event":"admin_authentication","authStage":"INSTALLATION_PROVIDER_READ_SUCCEEDED","correlationId":"9a686751-0c05-4cbb-8930-47c5104e6f6d","statusClass":"success"}
{"level":30,"time":1791464462067,"event":"admin_authentication","authStage":"INSTALLATION_PROVIDER_READ_SUCCEEDED","correlationId":"72850dc5-dc0e-4139-a0e9-718ea9fb50c8","statusClass":"success"}
{"level":30,"time":1791464462068,"event":"admin_authentication","authStage":"INSTALLATION_PROVIDER_READ_SUCCEEDED","correlationId":"6cd06e1f-61e0-4620-8ba0-f87de833f2eb","statusClass":"success"}
{"level":30,"time":1791464462068,"event":"admin_authentication","authStage":"INSTALLATION_PROVIDER_READ_SUCCEEDED","correlationId":"9ee4f46a-9142-4c67-b8f0-2a1ff0b51339","statusClass":"success"}
{"level":30,"time":1791464462071,"event":"admin_authentication","authStage":"INSTALLATION_PROVIDER_READ_SUCCEEDED","correlationId":"2f5e6cb3-ab0a-455b-8071-be7bddf5c7a9","statusClass":"success"}
{"level":30,"time":1791464462077,"event":"admin_authentication","authStage":"INSTALLATION_BOOTSTRAP_CREATED_SUCCEEDED","correlationId":"07c8d34a-ce48-44e7-b9e4-11e1e78ff630","statusClass":"success"}
{"level":30,"time":1791464462077,"event":"admin_authentication","authStage":"TENANT_RECONCILIATION_SUCCEEDED","correlationId":"07c8d34a-ce48-44e7-b9e4-11e1e78ff630","statusClass":"success"}
{"level":30,"time":1791464462077,"event":"admin_authentication","authStage":"AUTHENTICATION_SUCCEEDED","correlationId":"07c8d34a-ce48-44e7-b9e4-11e1e78ff630","statusClass":"success"}
{"level":30,"time":1791464462081,"event":"admin_authentication","authStage":"INSTALLATION_BOOTSTRAP_REUSED_SUCCEEDED","correlationId":"f430292b-b12d-4403-baa5-ef510a72ee8c","statusClass":"success"}
{"level":30,"time":1791464462081,"event":"admin_authentication","authStage":"TENANT_RECONCILIATION_SUCCEEDED","correlationId":"f430292b-b12d-4403-baa5-ef510a72ee8c","statusClass":"success"}
{"level":30,"time":1791464462081,"event":"admin_authentication","authStage":"AUTHENTICATION_SUCCEEDED","correlationId":"f430292b-b12d-4403-baa5-ef510a72ee8c","statusClass":"success"}
{"level":30,"time":1791464462084,"event":"admin_authentication","authStage":"INSTALLATION_BOOTSTRAP_REUSED_SUCCEEDED","correlationId":"3cd525f8-5185-4a53-81bb-9d8a28b92047","statusClass":"success"}
{"level":30,"time":1791464462084,"event":"admin_authentication","authStage":"TENANT_RECONCILIATION_SUCCEEDED","correlationId":"3cd525f8-5185-4a53-81bb-9d8a28b92047","statusClass":"success"}
{"level":30,"time":1791464462084,"event":"admin_authentication","authStage":"AUTHENTICATION_SUCCEEDED","correlationId":"3cd525f8-5185-4a53-81bb-9d8a28b92047","statusClass":"success"}
{"level":30,"time":1791464462087,"event":"admin_authentication","authStage":"INSTALLATION_BOOTSTRAP_REUSED_SUCCEEDED","correlationId":"efeca5e3-ef4c-4e86-8c56-cf655ea9ad75","statusClass":"success"}
{"level":30,"time":1791464462087,"event":"admin_authentication","authStage":"TENANT_RECONCILIATION_SUCCEEDED","correlationId":"efeca5e3-ef4c-4e86-8c56-cf655ea9ad75","statusClass":"success"}
{"level":30,"time":1791464462087,"event":"admin_authentication","authStage":"AUTHENTICATION_SUCCEEDED","correlationId":"efeca5e3-ef4c-4e86-8c56-cf655ea9ad75","statusClass":"success"}
{"level":30,"time":1791464462091,"event":"admin_authentication","authStage":"INSTALLATION_BOOTSTRAP_REUSED_SUCCEEDED","correlationId":"ef2af3ab-a1c5-47be-8e7d-d01897459090","statusClass":"success"}
{"level":30,"time":1791464462091,"event":"admin_authentication","authStage":"TENANT_RECONCILIATION_SUCCEEDED","correlationId":"ef2af3ab-a1c5-47be-8e7d-d01897459090","statusClass":"success"}
{"level":30,"time":1791464462091,"event":"admin_authentication","authStage":"AUTHENTICATION_SUCCEEDED","correlationId":"ef2af3ab-a1c5-47be-8e7d-d01897459090","statusClass":"success"}
{"level":30,"time":1791464462095,"event":"admin_authentication","authStage":"INSTALLATION_BOOTSTRAP_REUSED_SUCCEEDED","correlationId":"29bade3d-1ba9-4fb2-b201-c13f54c2f43c","statusClass":"success"}
{"level":30,"time":1791464462095,"event":"admin_authentication","authStage":"TENANT_RECONCILIATION_SUCCEEDED","correlationId":"29bade3d-1ba9-4fb2-b201-c13f54c2f43c","statusClass":"success"}
{"level":30,"time":1791464462095,"event":"admin_authentication","authStage":"AUTHENTICATION_SUCCEEDED","correlationId":"29bade3d-1ba9-4fb2-b201-c13f54c2f43c","statusClass":"success"}
{"level":30,"time":1791464462098,"event":"admin_authentication","authStage":"INSTALLATION_BOOTSTRAP_REUSED_SUCCEEDED","correlationId":"7f8741e3-c26b-46c8-b026-2cd053304eaf","statusClass":"success"}
{"level":30,"time":1791464462098,"event":"admin_authentication","authStage":"TENANT_RECONCILIATION_SUCCEEDED","correlationId":"7f8741e3-c26b-46c8-b026-2cd053304eaf","statusClass":"success"}
{"level":30,"time":1791464462098,"event":"admin_authentication","authStage":"AUTHENTICATION_SUCCEEDED","correlationId":"7f8741e3-c26b-46c8-b026-2cd053304eaf","statusClass":"success"}
{"level":30,"time":1791464462101,"event":"admin_authentication","authStage":"INSTALLATION_BOOTSTRAP_REUSED_SUCCEEDED","correlationId":"0176722a-afb4-483d-9af7-ecd8d47135c6","statusClass":"success"}
{"level":30,"time":1791464462102,"event":"admin_authentication","authStage":"TENANT_RECONCILIATION_SUCCEEDED","correlationId":"0176722a-afb4-483d-9af7-ecd8d47135c6","statusClass":"success"}
{"level":30,"time":1791464462102,"event":"admin_authentication","authStage":"AUTHENTICATION_SUCCEEDED","correlationId":"0176722a-afb4-483d-9af7-ecd8d47135c6","statusClass":"success"}
{"level":30,"time":1791464462105,"event":"admin_authentication","authStage":"INSTALLATION_BOOTSTRAP_REUSED_SUCCEEDED","correlationId":"e26830bd-f123-47ae-953d-d2b1bd01aaf1","statusClass":"success"}
{"level":30,"time":1791464462105,"event":"admin_authentication","authStage":"TENANT_RECONCILIATION_SUCCEEDED","correlationId":"e26830bd-f123-47ae-953d-d2b1bd01aaf1","statusClass":"success"}
{"level":30,"time":1791464462105,"event":"admin_authentication","authStage":"AUTHENTICATION_SUCCEEDED","correlationId":"e26830bd-f123-47ae-953d-d2b1bd01aaf1","statusClass":"success"}
{"level":30,"time":1791464462109,"event":"admin_authentication","authStage":"INSTALLATION_BOOTSTRAP_REUSED_SUCCEEDED","correlationId":"618d490b-83c2-486d-ab1c-e1c17d569a2c","statusClass":"success"}
{"level":30,"time":1791464462109,"event":"admin_authentication","authStage":"TENANT_RECONCILIATION_SUCCEEDED","correlationId":"618d490b-83c2-486d-ab1c-e1c17d569a2c","statusClass":"success"}
{"level":30,"time":1791464462109,"event":"admin_authentication","authStage":"AUTHENTICATION_SUCCEEDED","correlationId":"618d490b-83c2-486d-ab1c-e1c17d569a2c","statusClass":"success"}
{"level":30,"time":1791464462113,"event":"admin_authentication","authStage":"INSTALLATION_BOOTSTRAP_REUSED_SUCCEEDED","correlationId":"9fa4cebf-703e-42ac-bf90-d900d649674c","statusClass":"success"}
{"level":30,"time":1791464462113,"event":"admin_authentication","authStage":"TENANT_RECONCILIATION_SUCCEEDED","correlationId":"9fa4cebf-703e-42ac-bf90-d900d649674c","statusClass":"success"}
{"level":30,"time":1791464462113,"event":"admin_authentication","authStage":"AUTHENTICATION_SUCCEEDED","correlationId":"9fa4cebf-703e-42ac-bf90-d900d649674c","statusClass":"success"}
{"level":30,"time":1791464462116,"event":"admin_authentication","authStage":"INSTALLATION_BOOTSTRAP_REUSED_SUCCEEDED","correlationId":"f4804cc4-5e5a-4cae-bc5c-0917ba1106d7","statusClass":"success"}
{"level":30,"time":1791464462116,"event":"admin_authentication","authStage":"TENANT_RECONCILIATION_SUCCEEDED","correlationId":"f4804cc4-5e5a-4cae-bc5c-0917ba1106d7","statusClass":"success"}
{"level":30,"time":1791464462116,"event":"admin_authentication","authStage":"AUTHENTICATION_SUCCEEDED","correlationId":"f4804cc4-5e5a-4cae-bc5c-0917ba1106d7","statusClass":"success"}
{"level":30,"time":1791464462125,"event":"admin_authentication","authStage":"INSTALLATION_BOOTSTRAP_REUSED_SUCCEEDED","correlationId":"538ee657-f887-458e-ab1a-541291b04107","statusClass":"success"}
{"level":30,"time":1791464462125,"event":"admin_authentication","authStage":"TENANT_RECONCILIATION_SUCCEEDED","correlationId":"538ee657-f887-458e-ab1a-541291b04107","statusClass":"success"}
{"level":30,"time":1791464462125,"event":"admin_authentication","authStage":"AUTHENTICATION_SUCCEEDED","correlationId":"538ee657-f887-458e-ab1a-541291b04107","statusClass":"success"}
{"level":30,"time":1791464462128,"event":"admin_authentication","authStage":"INSTALLATION_BOOTSTRAP_REUSED_SUCCEEDED","correlationId":"d55e0512-1a61-4265-8214-a55cdf5ca96b","statusClass":"success"}
{"level":30,"time":1791464462128,"event":"admin_authentication","authStage":"TENANT_RECONCILIATION_SUCCEEDED","correlationId":"d55e0512-1a61-4265-8214-a55cdf5ca96b","statusClass":"success"}
{"level":30,"time":1791464462128,"event":"admin_authentication","authStage":"AUTHENTICATION_SUCCEEDED","correlationId":"d55e0512-1a61-4265-8214-a55cdf5ca96b","statusClass":"success"}
{"level":30,"time":1791464462132,"event":"admin_authentication","authStage":"INSTALLATION_BOOTSTRAP_REUSED_SUCCEEDED","correlationId":"99819e71-17b1-4833-a1a4-b8835b02e3fe","statusClass":"success"}
{"level":30,"time":1791464462132,"event":"admin_authentication","authStage":"TENANT_RECONCILIATION_SUCCEEDED","correlationId":"99819e71-17b1-4833-a1a4-b8835b02e3fe","statusClass":"success"}
{"level":30,"time":1791464462132,"event":"admin_authentication","authStage":"AUTHENTICATION_SUCCEEDED","correlationId":"99819e71-17b1-4833-a1a4-b8835b02e3fe","statusClass":"success"}
{"level":30,"time":1791464462135,"event":"admin_authentication","authStage":"INSTALLATION_BOOTSTRAP_REUSED_SUCCEEDED","correlationId":"93b02ac9-ca66-4a05-a09f-751806fa529c","statusClass":"success"}
{"level":30,"time":1791464462135,"event":"admin_authentication","authStage":"TENANT_RECONCILIATION_SUCCEEDED","correlationId":"93b02ac9-ca66-4a05-a09f-751806fa529c","statusClass":"success"}
{"level":30,"time":1791464462135,"event":"admin_authentication","authStage":"AUTHENTICATION_SUCCEEDED","correlationId":"93b02ac9-ca66-4a05-a09f-751806fa529c","statusClass":"success"}
{"level":30,"time":1791464462138,"event":"admin_authentication","authStage":"INSTALLATION_BOOTSTRAP_REUSED_SUCCEEDED","correlationId":"c21b15e1-7b3b-4d90-bf93-8895c33157f7","statusClass":"success"}
{"level":30,"time":1791464462138,"event":"admin_authentication","authStage":"TENANT_RECONCILIATION_SUCCEEDED","correlationId":"c21b15e1-7b3b-4d90-bf93-8895c33157f7","statusClass":"success"}
{"level":30,"time":1791464462138,"event":"admin_authentication","authStage":"AUTHENTICATION_SUCCEEDED","correlationId":"c21b15e1-7b3b-4d90-bf93-8895c33157f7","statusClass":"success"}
{"level":30,"time":1791464462141,"event":"admin_authentication","authStage":"INSTALLATION_BOOTSTRAP_REUSED_SUCCEEDED","correlationId":"015b3cf4-0d39-4cea-a72f-4de98cc09cc5","statusClass":"success"}
{"level":30,"time":1791464462141,"event":"admin_authentication","authStage":"TENANT_RECONCILIATION_SUCCEEDED","correlationId":"015b3cf4-0d39-4cea-a72f-4de98cc09cc5","statusClass":"success"}
{"level":30,"time":1791464462141,"event":"admin_authentication","authStage":"AUTHENTICATION_SUCCEEDED","correlationId":"015b3cf4-0d39-4cea-a72f-4de98cc09cc5","statusClass":"success"}
{"level":30,"time":1791464462144,"event":"admin_authentication","authStage":"INSTALLATION_BOOTSTRAP_REUSED_SUCCEEDED","correlationId":"ab07d0e0-2d04-4460-981f-bbcc9460d806","statusClass":"success"}
{"level":30,"time":1791464462144,"event":"admin_authentication","authStage":"TENANT_RECONCILIATION_SUCCEEDED","correlationId":"ab07d0e0-2d04-4460-981f-bbcc9460d806","statusClass":"success"}
{"level":30,"time":1791464462144,"event":"admin_authentication","authStage":"AUTHENTICATION_SUCCEEDED","correlationId":"ab07d0e0-2d04-4460-981f-bbcc9460d806","statusClass":"success"}
{"level":30,"time":1791464462147,"event":"admin_authentication","authStage":"INSTALLATION_BOOTSTRAP_REUSED_SUCCEEDED","correlationId":"9a686751-0c05-4cbb-8930-47c5104e6f6d","statusClass":"success"}
{"level":30,"time":1791464462147,"event":"admin_authentication","authStage":"TENANT_RECONCILIATION_SUCCEEDED","correlationId":"9a686751-0c05-4cbb-8930-47c5104e6f6d","statusClass":"success"}
{"level":30,"time":1791464462147,"event":"admin_authentication","authStage":"AUTHENTICATION_SUCCEEDED","correlationId":"9a686751-0c05-4cbb-8930-47c5104e6f6d","statusClass":"success"}
{"level":30,"time":1791464462150,"event":"admin_authentication","authStage":"INSTALLATION_BOOTSTRAP_REUSED_SUCCEEDED","correlationId":"72850dc5-dc0e-4139-a0e9-718ea9fb50c8","statusClass":"success"}
{"level":30,"time":1791464462150,"event":"admin_authentication","authStage":"TENANT_RECONCILIATION_SUCCEEDED","correlationId":"72850dc5-dc0e-4139-a0e9-718ea9fb50c8","statusClass":"success"}
{"level":30,"time":1791464462150,"event":"admin_authentication","authStage":"AUTHENTICATION_SUCCEEDED","correlationId":"72850dc5-dc0e-4139-a0e9-718ea9fb50c8","statusClass":"success"}
{"level":30,"time":1791464462154,"event":"admin_authentication","authStage":"INSTALLATION_BOOTSTRAP_REUSED_SUCCEEDED","correlationId":"6cd06e1f-61e0-4620-8ba0-f87de833f2eb","statusClass":"success"}
{"level":30,"time":1791464462154,"event":"admin_authentication","authStage":"TENANT_RECONCILIATION_SUCCEEDED","correlationId":"6cd06e1f-61e0-4620-8ba0-f87de833f2eb","statusClass":"success"}
{"level":30,"time":1791464462154,"event":"admin_authentication","authStage":"AUTHENTICATION_SUCCEEDED","correlationId":"6cd06e1f-61e0-4620-8ba0-f87de833f2eb","statusClass":"success"}
{"level":30,"time":1791464462157,"event":"admin_authentication","authStage":"INSTALLATION_BOOTSTRAP_REUSED_SUCCEEDED","correlationId":"9ee4f46a-9142-4c67-b8f0-2a1ff0b51339","statusClass":"success"}
{"level":30,"time":1791464462157,"event":"admin_authentication","authStage":"TENANT_RECONCILIATION_SUCCEEDED","correlationId":"9ee4f46a-9142-4c67-b8f0-2a1ff0b51339","statusClass":"success"}
{"level":30,"time":1791464462157,"event":"admin_authentication","authStage":"AUTHENTICATION_SUCCEEDED","correlationId":"9ee4f46a-9142-4c67-b8f0-2a1ff0b51339","statusClass":"success"}
{"level":30,"time":1791464462160,"event":"admin_authentication","authStage":"INSTALLATION_BOOTSTRAP_REUSED_SUCCEEDED","correlationId":"2f5e6cb3-ab0a-455b-8071-be7bddf5c7a9","statusClass":"success"}
{"level":30,"time":1791464462160,"event":"admin_authentication","authStage":"TENANT_RECONCILIATION_SUCCEEDED","correlationId":"2f5e6cb3-ab0a-455b-8071-be7bddf5c7a9","statusClass":"success"}
{"level":30,"time":1791464462160,"event":"admin_authentication","authStage":"AUTHENTICATION_SUCCEEDED","correlationId":"2f5e6cb3-ab0a-455b-8071-be7bddf5c7a9","statusClass":"success"}
{"level":30,"time":1791464462168,"event":"admin_authentication","authStage":"ONLINE_EXCHANGE_SUCCEEDED","correlationId":"cc5d41b5-3f87-4f98-8441-ea2e51134701","statusClass":"success"}
{"level":30,"time":1791464462168,"event":"admin_authentication","authStage":"ONLINE_EXCHANGE_SUCCEEDED","correlationId":"49f83124-1a52-4475-bcc3-01caba14b355","statusClass":"success"}
{"level":30,"time":1791464462168,"event":"admin_authentication","authStage":"ONLINE_EXCHANGE_SUCCEEDED","correlationId":"7b478a3f-7c8b-4a45-b9a7-f2b136e1e9f6","statusClass":"success"}
{"level":30,"time":1791464462168,"event":"admin_authentication","authStage":"ONLINE_EXCHANGE_SUCCEEDED","correlationId":"17f0d37c-22b1-457b-817b-707a3fe32659","statusClass":"success"}
{"level":30,"time":1791464462168,"event":"admin_authentication","authStage":"ONLINE_EXCHANGE_SUCCEEDED","correlationId":"306cd354-cdfb-4af2-a6e1-7d6c69647338","statusClass":"success"}
{"level":30,"time":1791464462168,"event":"admin_authentication","authStage":"ONLINE_EXCHANGE_SUCCEEDED","correlationId":"8136db9d-e51f-442c-aacd-233196d5789e","statusClass":"success"}
{"level":30,"time":1791464462168,"event":"admin_authentication","authStage":"ONLINE_EXCHANGE_SUCCEEDED","correlationId":"6e3f86ed-10ab-4892-a26d-7c5ac8301842","statusClass":"success"}
{"level":30,"time":1791464462168,"event":"admin_authentication","authStage":"ONLINE_EXCHANGE_SUCCEEDED","correlationId":"e408d33c-d362-4c0f-9a16-793a91eeaf87","statusClass":"success"}
{"level":30,"time":1791464462168,"event":"admin_authentication","authStage":"ONLINE_EXCHANGE_SUCCEEDED","correlationId":"918f4c85-b6f4-45cd-89c2-5917acb20dc9","statusClass":"success"}
{"level":30,"time":1791464462168,"event":"admin_authentication","authStage":"ONLINE_EXCHANGE_SUCCEEDED","correlationId":"97f2c33a-7931-44be-935a-3f1886e8ceff","statusClass":"success"}
{"level":30,"time":1791464462168,"event":"admin_authentication","authStage":"ONLINE_EXCHANGE_SUCCEEDED","correlationId":"130bc488-214c-4183-9932-1865e7025f25","statusClass":"success"}
{"level":30,"time":1791464462169,"event":"admin_authentication","authStage":"ONLINE_EXCHANGE_SUCCEEDED","correlationId":"b8ac24fb-d0ad-46fc-bb24-ad4ef5704e92","statusClass":"success"}
{"level":30,"time":1791464462169,"event":"admin_authentication","authStage":"ONLINE_EXCHANGE_SUCCEEDED","correlationId":"5189f247-6fc6-4ed6-bee2-56f39dccad8c","statusClass":"success"}
{"level":30,"time":1791464462169,"event":"admin_authentication","authStage":"ONLINE_EXCHANGE_SUCCEEDED","correlationId":"7a2ae60e-f251-43f9-919b-fe9f141e0870","statusClass":"success"}
{"level":30,"time":1791464462169,"event":"admin_authentication","authStage":"ONLINE_EXCHANGE_SUCCEEDED","correlationId":"5f241f0d-efe8-49be-a4f1-14f1c309a9df","statusClass":"success"}
{"level":30,"time":1791464462169,"event":"admin_authentication","authStage":"ONLINE_EXCHANGE_SUCCEEDED","correlationId":"169ea53a-46cf-49d9-97cb-0eefea6d3779","statusClass":"success"}
{"level":30,"time":1791464462169,"event":"admin_authentication","authStage":"ONLINE_EXCHANGE_SUCCEEDED","correlationId":"36498f07-b804-4773-9c56-bcfd91cccf7f","statusClass":"success"}
{"level":30,"time":1791464462169,"event":"admin_authentication","authStage":"ONLINE_EXCHANGE_SUCCEEDED","correlationId":"2b76aee3-24c2-43f9-8b83-d445a2ffb1d8","statusClass":"success"}
{"level":30,"time":1791464462169,"event":"admin_authentication","authStage":"ONLINE_EXCHANGE_SUCCEEDED","correlationId":"c7012ba6-2ead-4f96-98ed-1b4a744c0212","statusClass":"success"}
{"level":30,"time":1791464462169,"event":"admin_authentication","authStage":"ONLINE_EXCHANGE_SUCCEEDED","correlationId":"8be2fd30-cbf4-42f5-9375-daba0342b276","statusClass":"success"}
{"level":30,"time":1791464462169,"event":"admin_authentication","authStage":"ONLINE_EXCHANGE_SUCCEEDED","correlationId":"dbd005fd-add2-441c-bb1b-f0e4ac0e3709","statusClass":"success"}
{"level":30,"time":1791464462169,"event":"admin_authentication","authStage":"ONLINE_EXCHANGE_SUCCEEDED","correlationId":"046e6b1d-9b8d-4c12-9852-25887314caa7","statusClass":"success"}
{"level":30,"time":1791464462169,"event":"admin_authentication","authStage":"ONLINE_EXCHANGE_SUCCEEDED","correlationId":"b2c0e7af-6a4e-42d1-afcc-0613673ec857","statusClass":"success"}
{"level":30,"time":1791464462169,"event":"admin_authentication","authStage":"ONLINE_EXCHANGE_SUCCEEDED","correlationId":"34f0b05f-be9b-44a1-b2a6-beb7b70512ca","statusClass":"success"}
{"level":30,"time":1791464462171,"event":"admin_authentication","authStage":"INSTALLATION_PROVIDER_READ_SUCCEEDED","correlationId":"cc5d41b5-3f87-4f98-8441-ea2e51134701","statusClass":"success"}
{"level":30,"time":1791464462172,"event":"admin_authentication","authStage":"INSTALLATION_PROVIDER_READ_SUCCEEDED","correlationId":"49f83124-1a52-4475-bcc3-01caba14b355","statusClass":"success"}
{"level":30,"time":1791464462173,"event":"admin_authentication","authStage":"INSTALLATION_PROVIDER_READ_SUCCEEDED","correlationId":"130bc488-214c-4183-9932-1865e7025f25","statusClass":"success"}
{"level":30,"time":1791464462173,"event":"admin_authentication","authStage":"INSTALLATION_PROVIDER_READ_SUCCEEDED","correlationId":"b8ac24fb-d0ad-46fc-bb24-ad4ef5704e92","statusClass":"success"}
{"level":30,"time":1791464462174,"event":"admin_authentication","authStage":"INSTALLATION_PROVIDER_READ_SUCCEEDED","correlationId":"17f0d37c-22b1-457b-817b-707a3fe32659","statusClass":"success"}
{"level":30,"time":1791464462175,"event":"admin_authentication","authStage":"INSTALLATION_PROVIDER_READ_SUCCEEDED","correlationId":"7b478a3f-7c8b-4a45-b9a7-f2b136e1e9f6","statusClass":"success"}
{"level":30,"time":1791464462176,"event":"admin_authentication","authStage":"INSTALLATION_PROVIDER_READ_SUCCEEDED","correlationId":"306cd354-cdfb-4af2-a6e1-7d6c69647338","statusClass":"success"}
{"level":30,"time":1791464462177,"event":"admin_authentication","authStage":"INSTALLATION_PROVIDER_READ_SUCCEEDED","correlationId":"e408d33c-d362-4c0f-9a16-793a91eeaf87","statusClass":"success"}
{"level":30,"time":1791464462177,"event":"admin_authentication","authStage":"INSTALLATION_PROVIDER_READ_SUCCEEDED","correlationId":"8136db9d-e51f-442c-aacd-233196d5789e","statusClass":"success"}
{"level":30,"time":1791464462178,"event":"admin_authentication","authStage":"INSTALLATION_PROVIDER_READ_SUCCEEDED","correlationId":"6e3f86ed-10ab-4892-a26d-7c5ac8301842","statusClass":"success"}
{"level":30,"time":1791464462179,"event":"admin_authentication","authStage":"INSTALLATION_PROVIDER_READ_SUCCEEDED","correlationId":"97f2c33a-7931-44be-935a-3f1886e8ceff","statusClass":"success"}
{"level":30,"time":1791464462180,"event":"admin_authentication","authStage":"INSTALLATION_PROVIDER_READ_SUCCEEDED","correlationId":"918f4c85-b6f4-45cd-89c2-5917acb20dc9","statusClass":"success"}
{"level":30,"time":1791464462180,"event":"admin_authentication","authStage":"INSTALLATION_PROVIDER_READ_SUCCEEDED","correlationId":"5189f247-6fc6-4ed6-bee2-56f39dccad8c","statusClass":"success"}
{"level":30,"time":1791464462181,"event":"admin_authentication","authStage":"INSTALLATION_PROVIDER_READ_SUCCEEDED","correlationId":"7a2ae60e-f251-43f9-919b-fe9f141e0870","statusClass":"success"}
{"level":30,"time":1791464462182,"event":"admin_authentication","authStage":"INSTALLATION_PROVIDER_READ_SUCCEEDED","correlationId":"5f241f0d-efe8-49be-a4f1-14f1c309a9df","statusClass":"success"}
{"level":30,"time":1791464462182,"event":"admin_authentication","authStage":"INSTALLATION_PROVIDER_READ_SUCCEEDED","correlationId":"169ea53a-46cf-49d9-97cb-0eefea6d3779","statusClass":"success"}
{"level":30,"time":1791464462183,"event":"admin_authentication","authStage":"INSTALLATION_PROVIDER_READ_SUCCEEDED","correlationId":"36498f07-b804-4773-9c56-bcfd91cccf7f","statusClass":"success"}
{"level":30,"time":1791464462184,"event":"admin_authentication","authStage":"INSTALLATION_PROVIDER_READ_SUCCEEDED","correlationId":"2b76aee3-24c2-43f9-8b83-d445a2ffb1d8","statusClass":"success"}
{"level":30,"time":1791464462184,"event":"admin_authentication","authStage":"INSTALLATION_PROVIDER_READ_SUCCEEDED","correlationId":"c7012ba6-2ead-4f96-98ed-1b4a744c0212","statusClass":"success"}
{"level":30,"time":1791464462185,"event":"admin_authentication","authStage":"INSTALLATION_PROVIDER_READ_SUCCEEDED","correlationId":"8be2fd30-cbf4-42f5-9375-daba0342b276","statusClass":"success"}
{"level":30,"time":1791464462185,"event":"admin_authentication","authStage":"INSTALLATION_PROVIDER_READ_SUCCEEDED","correlationId":"dbd005fd-add2-441c-bb1b-f0e4ac0e3709","statusClass":"success"}
{"level":30,"time":1791464462186,"event":"admin_authentication","authStage":"INSTALLATION_PROVIDER_READ_SUCCEEDED","correlationId":"046e6b1d-9b8d-4c12-9852-25887314caa7","statusClass":"success"}
{"level":30,"time":1791464462187,"event":"admin_authentication","authStage":"INSTALLATION_PROVIDER_READ_SUCCEEDED","correlationId":"b2c0e7af-6a4e-42d1-afcc-0613673ec857","statusClass":"success"}
{"level":30,"time":1791464462187,"event":"admin_authentication","authStage":"INSTALLATION_PROVIDER_READ_SUCCEEDED","correlationId":"34f0b05f-be9b-44a1-b2a6-beb7b70512ca","statusClass":"success"}
{"level":30,"time":1791464462196,"event":"admin_authentication","authStage":"INSTALLATION_BOOTSTRAP_REINSTALLED_SUCCEEDED","correlationId":"cc5d41b5-3f87-4f98-8441-ea2e51134701","statusClass":"success"}
{"level":30,"time":1791464462196,"event":"admin_authentication","authStage":"TENANT_RECONCILIATION_SUCCEEDED","correlationId":"cc5d41b5-3f87-4f98-8441-ea2e51134701","statusClass":"success"}
{"level":30,"time":1791464462196,"event":"admin_authentication","authStage":"AUTHENTICATION_SUCCEEDED","correlationId":"cc5d41b5-3f87-4f98-8441-ea2e51134701","statusClass":"success"}
{"level":30,"time":1791464462200,"event":"admin_authentication","authStage":"INSTALLATION_BOOTSTRAP_REUSED_SUCCEEDED","correlationId":"49f83124-1a52-4475-bcc3-01caba14b355","statusClass":"success"}
{"level":30,"time":1791464462200,"event":"admin_authentication","authStage":"TENANT_RECONCILIATION_SUCCEEDED","correlationId":"49f83124-1a52-4475-bcc3-01caba14b355","statusClass":"success"}
{"level":30,"time":1791464462200,"event":"admin_authentication","authStage":"AUTHENTICATION_SUCCEEDED","correlationId":"49f83124-1a52-4475-bcc3-01caba14b355","statusClass":"success"}
{"level":30,"time":1791464462203,"event":"admin_authentication","authStage":"INSTALLATION_BOOTSTRAP_REUSED_SUCCEEDED","correlationId":"130bc488-214c-4183-9932-1865e7025f25","statusClass":"success"}
{"level":30,"time":1791464462203,"event":"admin_authentication","authStage":"TENANT_RECONCILIATION_SUCCEEDED","correlationId":"130bc488-214c-4183-9932-1865e7025f25","statusClass":"success"}
{"level":30,"time":1791464462203,"event":"admin_authentication","authStage":"AUTHENTICATION_SUCCEEDED","correlationId":"130bc488-214c-4183-9932-1865e7025f25","statusClass":"success"}
{"level":30,"time":1791464462206,"event":"admin_authentication","authStage":"INSTALLATION_BOOTSTRAP_REUSED_SUCCEEDED","correlationId":"b8ac24fb-d0ad-46fc-bb24-ad4ef5704e92","statusClass":"success"}
{"level":30,"time":1791464462206,"event":"admin_authentication","authStage":"TENANT_RECONCILIATION_SUCCEEDED","correlationId":"b8ac24fb-d0ad-46fc-bb24-ad4ef5704e92","statusClass":"success"}
{"level":30,"time":1791464462206,"event":"admin_authentication","authStage":"AUTHENTICATION_SUCCEEDED","correlationId":"b8ac24fb-d0ad-46fc-bb24-ad4ef5704e92","statusClass":"success"}
{"level":30,"time":1791464462209,"event":"admin_authentication","authStage":"INSTALLATION_BOOTSTRAP_REUSED_SUCCEEDED","correlationId":"17f0d37c-22b1-457b-817b-707a3fe32659","statusClass":"success"}
{"level":30,"time":1791464462209,"event":"admin_authentication","authStage":"TENANT_RECONCILIATION_SUCCEEDED","correlationId":"17f0d37c-22b1-457b-817b-707a3fe32659","statusClass":"success"}
{"level":30,"time":1791464462209,"event":"admin_authentication","authStage":"AUTHENTICATION_SUCCEEDED","correlationId":"17f0d37c-22b1-457b-817b-707a3fe32659","statusClass":"success"}
{"level":30,"time":1791464462212,"event":"admin_authentication","authStage":"INSTALLATION_BOOTSTRAP_REUSED_SUCCEEDED","correlationId":"7b478a3f-7c8b-4a45-b9a7-f2b136e1e9f6","statusClass":"success"}
{"level":30,"time":1791464462212,"event":"admin_authentication","authStage":"TENANT_RECONCILIATION_SUCCEEDED","correlationId":"7b478a3f-7c8b-4a45-b9a7-f2b136e1e9f6","statusClass":"success"}
{"level":30,"time":1791464462212,"event":"admin_authentication","authStage":"AUTHENTICATION_SUCCEEDED","correlationId":"7b478a3f-7c8b-4a45-b9a7-f2b136e1e9f6","statusClass":"success"}
{"level":30,"time":1791464462216,"event":"admin_authentication","authStage":"INSTALLATION_BOOTSTRAP_REUSED_SUCCEEDED","correlationId":"306cd354-cdfb-4af2-a6e1-7d6c69647338","statusClass":"success"}
{"level":30,"time":1791464462216,"event":"admin_authentication","authStage":"TENANT_RECONCILIATION_SUCCEEDED","correlationId":"306cd354-cdfb-4af2-a6e1-7d6c69647338","statusClass":"success"}
{"level":30,"time":1791464462216,"event":"admin_authentication","authStage":"AUTHENTICATION_SUCCEEDED","correlationId":"306cd354-cdfb-4af2-a6e1-7d6c69647338","statusClass":"success"}
{"level":30,"time":1791464462219,"event":"admin_authentication","authStage":"INSTALLATION_BOOTSTRAP_REUSED_SUCCEEDED","correlationId":"e408d33c-d362-4c0f-9a16-793a91eeaf87","statusClass":"success"}
{"level":30,"time":1791464462219,"event":"admin_authentication","authStage":"TENANT_RECONCILIATION_SUCCEEDED","correlationId":"e408d33c-d362-4c0f-9a16-793a91eeaf87","statusClass":"success"}
{"level":30,"time":1791464462219,"event":"admin_authentication","authStage":"AUTHENTICATION_SUCCEEDED","correlationId":"e408d33c-d362-4c0f-9a16-793a91eeaf87","statusClass":"success"}
{"level":30,"time":1791464462222,"event":"admin_authentication","authStage":"INSTALLATION_BOOTSTRAP_REUSED_SUCCEEDED","correlationId":"8136db9d-e51f-442c-aacd-233196d5789e","statusClass":"success"}
{"level":30,"time":1791464462222,"event":"admin_authentication","authStage":"TENANT_RECONCILIATION_SUCCEEDED","correlationId":"8136db9d-e51f-442c-aacd-233196d5789e","statusClass":"success"}
{"level":30,"time":1791464462222,"event":"admin_authentication","authStage":"AUTHENTICATION_SUCCEEDED","correlationId":"8136db9d-e51f-442c-aacd-233196d5789e","statusClass":"success"}
{"level":30,"time":1791464462225,"event":"admin_authentication","authStage":"INSTALLATION_BOOTSTRAP_REUSED_SUCCEEDED","correlationId":"6e3f86ed-10ab-4892-a26d-7c5ac8301842","statusClass":"success"}
{"level":30,"time":1791464462225,"event":"admin_authentication","authStage":"TENANT_RECONCILIATION_SUCCEEDED","correlationId":"6e3f86ed-10ab-4892-a26d-7c5ac8301842","statusClass":"success"}
{"level":30,"time":1791464462225,"event":"admin_authentication","authStage":"AUTHENTICATION_SUCCEEDED","correlationId":"6e3f86ed-10ab-4892-a26d-7c5ac8301842","statusClass":"success"}
{"level":30,"time":1791464462228,"event":"admin_authentication","authStage":"INSTALLATION_BOOTSTRAP_REUSED_SUCCEEDED","correlationId":"97f2c33a-7931-44be-935a-3f1886e8ceff","statusClass":"success"}
{"level":30,"time":1791464462229,"event":"admin_authentication","authStage":"TENANT_RECONCILIATION_SUCCEEDED","correlationId":"97f2c33a-7931-44be-935a-3f1886e8ceff","statusClass":"success"}
{"level":30,"time":1791464462229,"event":"admin_authentication","authStage":"AUTHENTICATION_SUCCEEDED","correlationId":"97f2c33a-7931-44be-935a-3f1886e8ceff","statusClass":"success"}
{"level":30,"time":1791464462231,"event":"admin_authentication","authStage":"INSTALLATION_BOOTSTRAP_REUSED_SUCCEEDED","correlationId":"918f4c85-b6f4-45cd-89c2-5917acb20dc9","statusClass":"success"}
{"level":30,"time":1791464462231,"event":"admin_authentication","authStage":"TENANT_RECONCILIATION_SUCCEEDED","correlationId":"918f4c85-b6f4-45cd-89c2-5917acb20dc9","statusClass":"success"}
{"level":30,"time":1791464462231,"event":"admin_authentication","authStage":"AUTHENTICATION_SUCCEEDED","correlationId":"918f4c85-b6f4-45cd-89c2-5917acb20dc9","statusClass":"success"}
{"level":30,"time":1791464462234,"event":"admin_authentication","authStage":"INSTALLATION_BOOTSTRAP_REUSED_SUCCEEDED","correlationId":"5189f247-6fc6-4ed6-bee2-56f39dccad8c","statusClass":"success"}
{"level":30,"time":1791464462234,"event":"admin_authentication","authStage":"TENANT_RECONCILIATION_SUCCEEDED","correlationId":"5189f247-6fc6-4ed6-bee2-56f39dccad8c","statusClass":"success"}
{"level":30,"time":1791464462234,"event":"admin_authentication","authStage":"AUTHENTICATION_SUCCEEDED","correlationId":"5189f247-6fc6-4ed6-bee2-56f39dccad8c","statusClass":"success"}
{"level":30,"time":1791464462237,"event":"admin_authentication","authStage":"INSTALLATION_BOOTSTRAP_REUSED_SUCCEEDED","correlationId":"7a2ae60e-f251-43f9-919b-fe9f141e0870","statusClass":"success"}
{"level":30,"time":1791464462237,"event":"admin_authentication","authStage":"TENANT_RECONCILIATION_SUCCEEDED","correlationId":"7a2ae60e-f251-43f9-919b-fe9f141e0870","statusClass":"success"}
{"level":30,"time":1791464462237,"event":"admin_authentication","authStage":"AUTHENTICATION_SUCCEEDED","correlationId":"7a2ae60e-f251-43f9-919b-fe9f141e0870","statusClass":"success"}
{"level":30,"time":1791464462240,"event":"admin_authentication","authStage":"INSTALLATION_BOOTSTRAP_REUSED_SUCCEEDED","correlationId":"5f241f0d-efe8-49be-a4f1-14f1c309a9df","statusClass":"success"}
{"level":30,"time":1791464462241,"event":"admin_authentication","authStage":"TENANT_RECONCILIATION_SUCCEEDED","correlationId":"5f241f0d-efe8-49be-a4f1-14f1c309a9df","statusClass":"success"}
{"level":30,"time":1791464462241,"event":"admin_authentication","authStage":"AUTHENTICATION_SUCCEEDED","correlationId":"5f241f0d-efe8-49be-a4f1-14f1c309a9df","statusClass":"success"}
{"level":30,"time":1791464462244,"event":"admin_authentication","authStage":"INSTALLATION_BOOTSTRAP_REUSED_SUCCEEDED","correlationId":"169ea53a-46cf-49d9-97cb-0eefea6d3779","statusClass":"success"}
{"level":30,"time":1791464462244,"event":"admin_authentication","authStage":"TENANT_RECONCILIATION_SUCCEEDED","correlationId":"169ea53a-46cf-49d9-97cb-0eefea6d3779","statusClass":"success"}
{"level":30,"time":1791464462244,"event":"admin_authentication","authStage":"AUTHENTICATION_SUCCEEDED","correlationId":"169ea53a-46cf-49d9-97cb-0eefea6d3779","statusClass":"success"}
{"level":30,"time":1791464462247,"event":"admin_authentication","authStage":"INSTALLATION_BOOTSTRAP_REUSED_SUCCEEDED","correlationId":"36498f07-b804-4773-9c56-bcfd91cccf7f","statusClass":"success"}
{"level":30,"time":1791464462247,"event":"admin_authentication","authStage":"TENANT_RECONCILIATION_SUCCEEDED","correlationId":"36498f07-b804-4773-9c56-bcfd91cccf7f","statusClass":"success"}
{"level":30,"time":1791464462247,"event":"admin_authentication","authStage":"AUTHENTICATION_SUCCEEDED","correlationId":"36498f07-b804-4773-9c56-bcfd91cccf7f","statusClass":"success"}
{"level":30,"time":1791464462251,"event":"admin_authentication","authStage":"INSTALLATION_BOOTSTRAP_REUSED_SUCCEEDED","correlationId":"2b76aee3-24c2-43f9-8b83-d445a2ffb1d8","statusClass":"success"}
{"level":30,"time":1791464462251,"event":"admin_authentication","authStage":"TENANT_RECONCILIATION_SUCCEEDED","correlationId":"2b76aee3-24c2-43f9-8b83-d445a2ffb1d8","statusClass":"success"}
{"level":30,"time":1791464462251,"event":"admin_authentication","authStage":"AUTHENTICATION_SUCCEEDED","correlationId":"2b76aee3-24c2-43f9-8b83-d445a2ffb1d8","statusClass":"success"}
{"level":30,"time":1791464462254,"event":"admin_authentication","authStage":"INSTALLATION_BOOTSTRAP_REUSED_SUCCEEDED","correlationId":"c7012ba6-2ead-4f96-98ed-1b4a744c0212","statusClass":"success"}
{"level":30,"time":1791464462254,"event":"admin_authentication","authStage":"TENANT_RECONCILIATION_SUCCEEDED","correlationId":"c7012ba6-2ead-4f96-98ed-1b4a744c0212","statusClass":"success"}
{"level":30,"time":1791464462254,"event":"admin_authentication","authStage":"AUTHENTICATION_SUCCEEDED","correlationId":"c7012ba6-2ead-4f96-98ed-1b4a744c0212","statusClass":"success"}
{"level":30,"time":1791464462257,"event":"admin_authentication","authStage":"INSTALLATION_BOOTSTRAP_REUSED_SUCCEEDED","correlationId":"8be2fd30-cbf4-42f5-9375-daba0342b276","statusClass":"success"}
{"level":30,"time":1791464462257,"event":"admin_authentication","authStage":"TENANT_RECONCILIATION_SUCCEEDED","correlationId":"8be2fd30-cbf4-42f5-9375-daba0342b276","statusClass":"success"}
{"level":30,"time":1791464462257,"event":"admin_authentication","authStage":"AUTHENTICATION_SUCCEEDED","correlationId":"8be2fd30-cbf4-42f5-9375-daba0342b276","statusClass":"success"}
{"level":30,"time":1791464462260,"event":"admin_authentication","authStage":"INSTALLATION_BOOTSTRAP_REUSED_SUCCEEDED","correlationId":"dbd005fd-add2-441c-bb1b-f0e4ac0e3709","statusClass":"success"}
{"level":30,"time":1791464462260,"event":"admin_authentication","authStage":"TENANT_RECONCILIATION_SUCCEEDED","correlationId":"dbd005fd-add2-441c-bb1b-f0e4ac0e3709","statusClass":"success"}
{"level":30,"time":1791464462260,"event":"admin_authentication","authStage":"AUTHENTICATION_SUCCEEDED","correlationId":"dbd005fd-add2-441c-bb1b-f0e4ac0e3709","statusClass":"success"}
{"level":30,"time":1791464462263,"event":"admin_authentication","authStage":"INSTALLATION_BOOTSTRAP_REUSED_SUCCEEDED","correlationId":"046e6b1d-9b8d-4c12-9852-25887314caa7","statusClass":"success"}
{"level":30,"time":1791464462263,"event":"admin_authentication","authStage":"TENANT_RECONCILIATION_SUCCEEDED","correlationId":"046e6b1d-9b8d-4c12-9852-25887314caa7","statusClass":"success"}
{"level":30,"time":1791464462263,"event":"admin_authentication","authStage":"AUTHENTICATION_SUCCEEDED","correlationId":"046e6b1d-9b8d-4c12-9852-25887314caa7","statusClass":"success"}
{"level":30,"time":1791464462266,"event":"admin_authentication","authStage":"INSTALLATION_BOOTSTRAP_REUSED_SUCCEEDED","correlationId":"b2c0e7af-6a4e-42d1-afcc-0613673ec857","statusClass":"success"}
{"level":30,"time":1791464462266,"event":"admin_authentication","authStage":"TENANT_RECONCILIATION_SUCCEEDED","correlationId":"b2c0e7af-6a4e-42d1-afcc-0613673ec857","statusClass":"success"}
{"level":30,"time":1791464462266,"event":"admin_authentication","authStage":"AUTHENTICATION_SUCCEEDED","correlationId":"b2c0e7af-6a4e-42d1-afcc-0613673ec857","statusClass":"success"}
{"level":30,"time":1791464462269,"event":"admin_authentication","authStage":"INSTALLATION_BOOTSTRAP_REUSED_SUCCEEDED","correlationId":"34f0b05f-be9b-44a1-b2a6-beb7b70512ca","statusClass":"success"}
{"level":30,"time":1791464462269,"event":"admin_authentication","authStage":"TENANT_RECONCILIATION_SUCCEEDED","correlationId":"34f0b05f-be9b-44a1-b2a6-beb7b70512ca","statusClass":"success"}
{"level":30,"time":1791464462269,"event":"admin_authentication","authStage":"AUTHENTICATION_SUCCEEDED","correlationId":"34f0b05f-be9b-44a1-b2a6-beb7b70512ca","statusClass":"success"}
✔ production concurrent verified sessions converge and concurrent reinstalls advance once (249.400482ms)
{"level":30,"time":1791464462293,"event":"admin_authentication","authStage":"ONLINE_EXCHANGE_FAILED","correlationId":"bbee3cda-6712-4265-ae5c-69a253c0cab0","statusClass":"failure"}
✔ production exchange failure cannot bootstrap an installation (23.62704ms)
{"level":30,"time":1791464462308,"event":"admin_authentication","authStage":"ONLINE_EXCHANGE_SUCCEEDED","correlationId":"10916bf7-9aff-4955-9175-62d8cdad54c4","statusClass":"success"}
{"level":30,"time":1791464462309,"event":"admin_authentication","authStage":"INSTALLATION_PROVIDER_READ_FAILED","correlationId":"10916bf7-9aff-4955-9175-62d8cdad54c4","statusClass":"failure"}
✔ production provider failure cannot bootstrap an installation (16.464588ms)
{"level":30,"time":1791464462324,"event":"admin_authentication","authStage":"ONLINE_EXCHANGE_SUCCEEDED","correlationId":"af0d3449-d767-4ddc-9fe6-8629a5463e51","statusClass":"success"}
{"level":30,"time":1791464462325,"event":"admin_authentication","authStage":"INSTALLATION_PROVIDER_SHAPE_OR_IDENTITY_MISMATCH","correlationId":"af0d3449-d767-4ddc-9fe6-8629a5463e51","statusClass":"failure"}
✔ production domain failure cannot bootstrap an installation (15.70593ms)
{"level":30,"time":1791464462346,"event":"admin_authentication","authStage":"ONLINE_EXCHANGE_SUCCEEDED","correlationId":"b80eb686-e8e6-4343-b7b8-c261b8344986","statusClass":"success"}
{"level":30,"time":1791464462347,"event":"admin_authentication","authStage":"INSTALLATION_PROVIDER_READ_SUCCEEDED","correlationId":"b80eb686-e8e6-4343-b7b8-c261b8344986","statusClass":"success"}
{"level":30,"time":1791464462349,"event":"admin_authentication","authStage":"INSTALLATION_BOOTSTRAP_IDENTITY_MISMATCH","correlationId":"b80eb686-e8e6-4343-b7b8-c261b8344986","statusClass":"failure"}
✔ production durable-shop-id failure cannot bootstrap an installation (23.307425ms)
ℹ tests 8
ℹ suites 0
ℹ pass 8
ℹ fail 0
ℹ cancelled 0
ℹ skipped 0
ℹ todo 0
ℹ duration_ms 1000.744612
