{"level":30,"time":1791468041611,"event":"admin_authentication","authStage":"ONLINE_EXCHANGE_SUCCEEDED","correlationId":"9bd953e6-5561-446d-8be5-85645172b1f4","statusClass":"success"}
{"level":30,"time":1791468041634,"event":"admin_authentication","authStage":"INSTALLATION_PROVIDER_READ_SUCCEEDED","correlationId":"9bd953e6-5561-446d-8be5-85645172b1f4","statusClass":"success"}
{"level":30,"time":1791468041647,"event":"admin_authentication","authStage":"INSTALLATION_BOOTSTRAP_CREATED_SUCCEEDED","correlationId":"9bd953e6-5561-446d-8be5-85645172b1f4","statusClass":"success"}
{"level":30,"time":1791468041648,"event":"admin_authentication","authStage":"TENANT_RECONCILIATION_SUCCEEDED","correlationId":"9bd953e6-5561-446d-8be5-85645172b1f4","statusClass":"success"}
{"level":30,"time":1791468041648,"event":"admin_authentication","authStage":"AUTHENTICATION_SUCCEEDED","correlationId":"9bd953e6-5561-446d-8be5-85645172b1f4","statusClass":"success"}
{"level":30,"time":1791468041654,"event":"admin_authentication","authStage":"ONLINE_EXCHANGE_SUCCEEDED","correlationId":"9a49fe4a-ac44-4185-bab0-1d7fdf3dfc82","statusClass":"success"}
{"level":30,"time":1791468041655,"event":"admin_authentication","authStage":"INSTALLATION_PROVIDER_READ_SUCCEEDED","correlationId":"9a49fe4a-ac44-4185-bab0-1d7fdf3dfc82","statusClass":"success"}
{"level":30,"time":1791468041660,"event":"admin_authentication","authStage":"INSTALLATION_BOOTSTRAP_REUSED_SUCCEEDED","correlationId":"9a49fe4a-ac44-4185-bab0-1d7fdf3dfc82","statusClass":"success"}
{"level":30,"time":1791468041660,"event":"admin_authentication","authStage":"TENANT_RECONCILIATION_SUCCEEDED","correlationId":"9a49fe4a-ac44-4185-bab0-1d7fdf3dfc82","statusClass":"success"}
{"level":30,"time":1791468041660,"event":"admin_authentication","authStage":"AUTHENTICATION_SUCCEEDED","correlationId":"9a49fe4a-ac44-4185-bab0-1d7fdf3dfc82","statusClass":"success"}
✔ production first verified staff session bootstraps and searches, repeat reuses provider identity (260.797026ms)
{"level":30,"time":1791468041688,"event":"admin_authentication","authStage":"ONLINE_EXCHANGE_SUCCEEDED","correlationId":"3c0d9776-2bf2-4e12-84de-0ad6aac97615","statusClass":"success"}
{"level":30,"time":1791468041707,"event":"admin_authentication","authStage":"INSTALLATION_PROVIDER_READ_SUCCEEDED","correlationId":"3c0d9776-2bf2-4e12-84de-0ad6aac97615","statusClass":"success"}
{"level":30,"time":1791468041714,"event":"admin_authentication","authStage":"INSTALLATION_BOOTSTRAP_CREATED_SUCCEEDED","correlationId":"3c0d9776-2bf2-4e12-84de-0ad6aac97615","statusClass":"success"}
{"level":30,"time":1791468041714,"event":"admin_authentication","authStage":"TENANT_RECONCILIATION_SUCCEEDED","correlationId":"3c0d9776-2bf2-4e12-84de-0ad6aac97615","statusClass":"success"}
{"level":30,"time":1791468041714,"event":"admin_authentication","authStage":"AUTHENTICATION_SUCCEEDED","correlationId":"3c0d9776-2bf2-4e12-84de-0ad6aac97615","statusClass":"success"}
{"level":30,"time":1791468041725,"event":"admin_authentication","authStage":"ONLINE_EXCHANGE_SUCCEEDED","correlationId":"1516dac4-8cb6-4d6d-b64c-5da8242fb19a","statusClass":"success"}
{"level":30,"time":1791468041726,"event":"admin_authentication","authStage":"INSTALLATION_PROVIDER_READ_SUCCEEDED","correlationId":"1516dac4-8cb6-4d6d-b64c-5da8242fb19a","statusClass":"success"}
{"level":30,"time":1791468041729,"event":"admin_authentication","authStage":"INSTALLATION_BOOTSTRAP_STALE_STATE","correlationId":"1516dac4-8cb6-4d6d-b64c-5da8242fb19a","statusClass":"failure"}
✔ uninstall during the first provider observation fences the bootstrapped generation (57.059073ms)
{"level":30,"time":1791468041743,"event":"admin_authentication","authStage":"ONLINE_EXCHANGE_SUCCEEDED","correlationId":"3e37cecb-c0b9-4ce8-a930-0d57b6c5bffc","statusClass":"success"}
{"level":30,"time":1791468041749,"event":"admin_authentication","authStage":"INSTALLATION_PROVIDER_READ_SUCCEEDED","correlationId":"3e37cecb-c0b9-4ce8-a930-0d57b6c5bffc","statusClass":"success"}
{"level":30,"time":1791468041756,"event":"admin_authentication","authStage":"INSTALLATION_BOOTSTRAP_CREATED_SUCCEEDED","correlationId":"3e37cecb-c0b9-4ce8-a930-0d57b6c5bffc","statusClass":"success"}
{"level":30,"time":1791468041756,"event":"admin_authentication","authStage":"TENANT_RECONCILIATION_SUCCEEDED","correlationId":"3e37cecb-c0b9-4ce8-a930-0d57b6c5bffc","statusClass":"success"}
{"level":30,"time":1791468041756,"event":"admin_authentication","authStage":"AUTHENTICATION_SUCCEEDED","correlationId":"3e37cecb-c0b9-4ce8-a930-0d57b6c5bffc","statusClass":"success"}
{"level":30,"time":1791468041757,"event":"admin_authentication","authStage":"ONLINE_EXCHANGE_SUCCEEDED","correlationId":"a8c1c415-cc47-4e3d-8352-ffbe3b2252cd","statusClass":"success"}
{"level":30,"time":1791468041758,"event":"admin_authentication","authStage":"INSTALLATION_PROVIDER_READ_SUCCEEDED","correlationId":"a8c1c415-cc47-4e3d-8352-ffbe3b2252cd","statusClass":"success"}
{"level":30,"time":1791468041768,"event":"admin_authentication","authStage":"INSTALLATION_BOOTSTRAP_REINSTALLED_SUCCEEDED","correlationId":"a8c1c415-cc47-4e3d-8352-ffbe3b2252cd","statusClass":"success"}
{"level":30,"time":1791468041768,"event":"admin_authentication","authStage":"TENANT_RECONCILIATION_SUCCEEDED","correlationId":"a8c1c415-cc47-4e3d-8352-ffbe3b2252cd","statusClass":"success"}
{"level":30,"time":1791468041768,"event":"admin_authentication","authStage":"AUTHENTICATION_SUCCEEDED","correlationId":"a8c1c415-cc47-4e3d-8352-ffbe3b2252cd","statusClass":"success"}
{"level":30,"time":1791468041769,"event":"admin_authentication","authStage":"ONLINE_EXCHANGE_SUCCEEDED","correlationId":"e2303c06-6661-4961-b1ed-d943dff9fdd2","statusClass":"success"}
{"level":30,"time":1791468041770,"event":"admin_authentication","authStage":"INSTALLATION_PROVIDER_READ_SUCCEEDED","correlationId":"e2303c06-6661-4961-b1ed-d943dff9fdd2","statusClass":"success"}
{"level":30,"time":1791468041774,"event":"admin_authentication","authStage":"INSTALLATION_BOOTSTRAP_STALE_STATE","correlationId":"e2303c06-6661-4961-b1ed-d943dff9fdd2","statusClass":"failure"}
✔ production confirms a reinstall twice, advances once and rejects historical stale sessions (46.375208ms)
{"level":30,"time":1791468041790,"event":"admin_authentication","authStage":"ONLINE_EXCHANGE_SUCCEEDED","correlationId":"845f6ad6-5bc2-4c11-b2ab-a6ba5052c5da","statusClass":"success"}
{"level":30,"time":1791468041795,"event":"admin_authentication","authStage":"INSTALLATION_PROVIDER_READ_SUCCEEDED","correlationId":"845f6ad6-5bc2-4c11-b2ab-a6ba5052c5da","statusClass":"success"}
{"level":30,"time":1791468041803,"event":"admin_authentication","authStage":"INSTALLATION_BOOTSTRAP_CREATED_SUCCEEDED","correlationId":"845f6ad6-5bc2-4c11-b2ab-a6ba5052c5da","statusClass":"success"}
{"level":30,"time":1791468041803,"event":"admin_authentication","authStage":"TENANT_RECONCILIATION_SUCCEEDED","correlationId":"845f6ad6-5bc2-4c11-b2ab-a6ba5052c5da","statusClass":"success"}
{"level":30,"time":1791468041803,"event":"admin_authentication","authStage":"AUTHENTICATION_SUCCEEDED","correlationId":"845f6ad6-5bc2-4c11-b2ab-a6ba5052c5da","statusClass":"success"}
{"level":30,"time":1791468041805,"event":"admin_authentication","authStage":"ONLINE_EXCHANGE_SUCCEEDED","correlationId":"985f039a-c037-4020-a15d-824acc984844","statusClass":"success"}
{"level":30,"time":1791468041806,"event":"admin_authentication","authStage":"INSTALLATION_PROVIDER_READ_SUCCEEDED","correlationId":"985f039a-c037-4020-a15d-824acc984844","statusClass":"success"}
{"level":30,"time":1791468041810,"event":"admin_authentication","authStage":"INSTALLATION_BOOTSTRAP_CONFIRMATION_REQUIRED","correlationId":"985f039a-c037-4020-a15d-824acc984844","statusClass":"failure"}
✔ production provider drift during reinstall confirmation leaves the generation unchanged (34.801573ms)
{"level":30,"time":1791468041833,"event":"admin_authentication","authStage":"ONLINE_EXCHANGE_SUCCEEDED","correlationId":"ec6a2faf-301f-495f-9022-0535c73482db","statusClass":"success"}
{"level":30,"time":1791468041833,"event":"admin_authentication","authStage":"ONLINE_EXCHANGE_SUCCEEDED","correlationId":"54fd0ee8-33cb-4627-b897-1431fca9eafa","statusClass":"success"}
{"level":30,"time":1791468041833,"event":"admin_authentication","authStage":"ONLINE_EXCHANGE_SUCCEEDED","correlationId":"3d082961-a97d-472a-874b-55ddccb75fcb","statusClass":"success"}
{"level":30,"time":1791468041833,"event":"admin_authentication","authStage":"ONLINE_EXCHANGE_SUCCEEDED","correlationId":"15f9d7f4-63b0-442b-b3b6-4f71d6f181fc","statusClass":"success"}
{"level":30,"time":1791468041833,"event":"admin_authentication","authStage":"ONLINE_EXCHANGE_SUCCEEDED","correlationId":"0a72ab59-f5cc-4346-bf5b-1c0640e412dc","statusClass":"success"}
{"level":30,"time":1791468041834,"event":"admin_authentication","authStage":"ONLINE_EXCHANGE_SUCCEEDED","correlationId":"63060331-1325-4383-910c-e5fc8463ecce","statusClass":"success"}
{"level":30,"time":1791468041834,"event":"admin_authentication","authStage":"ONLINE_EXCHANGE_SUCCEEDED","correlationId":"9b024c6f-e2fa-46f3-8fa5-bc116c15ecb8","statusClass":"success"}
{"level":30,"time":1791468041834,"event":"admin_authentication","authStage":"ONLINE_EXCHANGE_SUCCEEDED","correlationId":"0d8ffbba-ac46-4c53-8d69-30ea840d1d24","statusClass":"success"}
{"level":30,"time":1791468041834,"event":"admin_authentication","authStage":"ONLINE_EXCHANGE_SUCCEEDED","correlationId":"95790b3f-9483-4a8e-8ea7-8feb8c9b8730","statusClass":"success"}
{"level":30,"time":1791468041834,"event":"admin_authentication","authStage":"ONLINE_EXCHANGE_SUCCEEDED","correlationId":"213d5e28-10bd-4885-ab66-cc334b98cf3c","statusClass":"success"}
{"level":30,"time":1791468041834,"event":"admin_authentication","authStage":"ONLINE_EXCHANGE_SUCCEEDED","correlationId":"f62de1fd-eaea-48ef-9b21-db3ab7b19bb1","statusClass":"success"}
{"level":30,"time":1791468041834,"event":"admin_authentication","authStage":"ONLINE_EXCHANGE_SUCCEEDED","correlationId":"e9671533-8cd7-462c-8a71-5af5827909f1","statusClass":"success"}
{"level":30,"time":1791468041834,"event":"admin_authentication","authStage":"ONLINE_EXCHANGE_SUCCEEDED","correlationId":"3472b7f6-631e-47f6-97da-90423b1d7be6","statusClass":"success"}
{"level":30,"time":1791468041834,"event":"admin_authentication","authStage":"ONLINE_EXCHANGE_SUCCEEDED","correlationId":"761bf2c4-5607-4e6b-a8ee-cf81d7564325","statusClass":"success"}
{"level":30,"time":1791468041834,"event":"admin_authentication","authStage":"ONLINE_EXCHANGE_SUCCEEDED","correlationId":"d432524a-c8ee-4db5-9cb6-a62d9adf93db","statusClass":"success"}
{"level":30,"time":1791468041834,"event":"admin_authentication","authStage":"ONLINE_EXCHANGE_SUCCEEDED","correlationId":"09770501-9c5b-4781-a5cc-b8f405a6f2fb","statusClass":"success"}
{"level":30,"time":1791468041834,"event":"admin_authentication","authStage":"ONLINE_EXCHANGE_SUCCEEDED","correlationId":"7a7f3163-4c07-4052-a444-133f19570459","statusClass":"success"}
{"level":30,"time":1791468041835,"event":"admin_authentication","authStage":"ONLINE_EXCHANGE_SUCCEEDED","correlationId":"149eca6d-2454-4d93-bf30-12c396ac26f8","statusClass":"success"}
{"level":30,"time":1791468041835,"event":"admin_authentication","authStage":"ONLINE_EXCHANGE_SUCCEEDED","correlationId":"6f34e8c1-b1b8-435d-aeae-a47239b5b6ef","statusClass":"success"}
{"level":30,"time":1791468041835,"event":"admin_authentication","authStage":"ONLINE_EXCHANGE_SUCCEEDED","correlationId":"58d6ccbc-c89c-4ad8-baa7-699d35a4d6e7","statusClass":"success"}
{"level":30,"time":1791468041835,"event":"admin_authentication","authStage":"ONLINE_EXCHANGE_SUCCEEDED","correlationId":"bb843e24-27a6-4777-8478-0f10fdd98fe2","statusClass":"success"}
{"level":30,"time":1791468041835,"event":"admin_authentication","authStage":"ONLINE_EXCHANGE_SUCCEEDED","correlationId":"8e1ce07c-1956-4a3a-a43a-9d05426d46f5","statusClass":"success"}
{"level":30,"time":1791468041835,"event":"admin_authentication","authStage":"ONLINE_EXCHANGE_SUCCEEDED","correlationId":"cf2862e3-515f-4b64-80e7-c58c9b10ddc4","statusClass":"success"}
{"level":30,"time":1791468041835,"event":"admin_authentication","authStage":"ONLINE_EXCHANGE_SUCCEEDED","correlationId":"6ab0754d-861a-493f-bfed-b0f3d6b206e9","statusClass":"success"}
{"level":30,"time":1791468041844,"event":"admin_authentication","authStage":"INSTALLATION_PROVIDER_READ_SUCCEEDED","correlationId":"ec6a2faf-301f-495f-9022-0535c73482db","statusClass":"success"}
{"level":30,"time":1791468041855,"event":"admin_authentication","authStage":"INSTALLATION_PROVIDER_READ_SUCCEEDED","correlationId":"9b024c6f-e2fa-46f3-8fa5-bc116c15ecb8","statusClass":"success"}
{"level":30,"time":1791468041856,"event":"admin_authentication","authStage":"INSTALLATION_PROVIDER_READ_SUCCEEDED","correlationId":"f62de1fd-eaea-48ef-9b21-db3ab7b19bb1","statusClass":"success"}
{"level":30,"time":1791468041857,"event":"admin_authentication","authStage":"INSTALLATION_PROVIDER_READ_SUCCEEDED","correlationId":"0a72ab59-f5cc-4346-bf5b-1c0640e412dc","statusClass":"success"}
{"level":30,"time":1791468041858,"event":"admin_authentication","authStage":"INSTALLATION_PROVIDER_READ_SUCCEEDED","correlationId":"63060331-1325-4383-910c-e5fc8463ecce","statusClass":"success"}
{"level":30,"time":1791468041860,"event":"admin_authentication","authStage":"INSTALLATION_PROVIDER_READ_SUCCEEDED","correlationId":"0d8ffbba-ac46-4c53-8d69-30ea840d1d24","statusClass":"success"}
{"level":30,"time":1791468041861,"event":"admin_authentication","authStage":"INSTALLATION_PROVIDER_READ_SUCCEEDED","correlationId":"e9671533-8cd7-462c-8a71-5af5827909f1","statusClass":"success"}
{"level":30,"time":1791468041862,"event":"admin_authentication","authStage":"INSTALLATION_PROVIDER_READ_SUCCEEDED","correlationId":"3472b7f6-631e-47f6-97da-90423b1d7be6","statusClass":"success"}
{"level":30,"time":1791468041862,"event":"admin_authentication","authStage":"INSTALLATION_PROVIDER_READ_SUCCEEDED","correlationId":"15f9d7f4-63b0-442b-b3b6-4f71d6f181fc","statusClass":"success"}
{"level":30,"time":1791468041863,"event":"admin_authentication","authStage":"INSTALLATION_PROVIDER_READ_SUCCEEDED","correlationId":"761bf2c4-5607-4e6b-a8ee-cf81d7564325","statusClass":"success"}
{"level":30,"time":1791468041864,"event":"admin_authentication","authStage":"INSTALLATION_PROVIDER_READ_SUCCEEDED","correlationId":"d432524a-c8ee-4db5-9cb6-a62d9adf93db","statusClass":"success"}
{"level":30,"time":1791468041864,"event":"admin_authentication","authStage":"INSTALLATION_PROVIDER_READ_SUCCEEDED","correlationId":"54fd0ee8-33cb-4627-b897-1431fca9eafa","statusClass":"success"}
{"level":30,"time":1791468041865,"event":"admin_authentication","authStage":"INSTALLATION_PROVIDER_READ_SUCCEEDED","correlationId":"3d082961-a97d-472a-874b-55ddccb75fcb","statusClass":"success"}
{"level":30,"time":1791468041865,"event":"admin_authentication","authStage":"INSTALLATION_PROVIDER_READ_SUCCEEDED","correlationId":"09770501-9c5b-4781-a5cc-b8f405a6f2fb","statusClass":"success"}
{"level":30,"time":1791468041866,"event":"admin_authentication","authStage":"INSTALLATION_PROVIDER_READ_SUCCEEDED","correlationId":"7a7f3163-4c07-4052-a444-133f19570459","statusClass":"success"}
{"level":30,"time":1791468041866,"event":"admin_authentication","authStage":"INSTALLATION_PROVIDER_READ_SUCCEEDED","correlationId":"149eca6d-2454-4d93-bf30-12c396ac26f8","statusClass":"success"}
{"level":30,"time":1791468041867,"event":"admin_authentication","authStage":"INSTALLATION_PROVIDER_READ_SUCCEEDED","correlationId":"6f34e8c1-b1b8-435d-aeae-a47239b5b6ef","statusClass":"success"}
{"level":30,"time":1791468041867,"event":"admin_authentication","authStage":"INSTALLATION_PROVIDER_READ_SUCCEEDED","correlationId":"58d6ccbc-c89c-4ad8-baa7-699d35a4d6e7","statusClass":"success"}
{"level":30,"time":1791468041867,"event":"admin_authentication","authStage":"INSTALLATION_PROVIDER_READ_SUCCEEDED","correlationId":"bb843e24-27a6-4777-8478-0f10fdd98fe2","statusClass":"success"}
{"level":30,"time":1791468041868,"event":"admin_authentication","authStage":"INSTALLATION_PROVIDER_READ_SUCCEEDED","correlationId":"8e1ce07c-1956-4a3a-a43a-9d05426d46f5","statusClass":"success"}
{"level":30,"time":1791468041868,"event":"admin_authentication","authStage":"INSTALLATION_PROVIDER_READ_SUCCEEDED","correlationId":"cf2862e3-515f-4b64-80e7-c58c9b10ddc4","statusClass":"success"}
{"level":30,"time":1791468041869,"event":"admin_authentication","authStage":"INSTALLATION_PROVIDER_READ_SUCCEEDED","correlationId":"6ab0754d-861a-493f-bfed-b0f3d6b206e9","statusClass":"success"}
{"level":30,"time":1791468041869,"event":"admin_authentication","authStage":"INSTALLATION_PROVIDER_READ_SUCCEEDED","correlationId":"213d5e28-10bd-4885-ab66-cc334b98cf3c","statusClass":"success"}
{"level":30,"time":1791468041870,"event":"admin_authentication","authStage":"INSTALLATION_PROVIDER_READ_SUCCEEDED","correlationId":"95790b3f-9483-4a8e-8ea7-8feb8c9b8730","statusClass":"success"}
{"level":30,"time":1791468041878,"event":"admin_authentication","authStage":"INSTALLATION_BOOTSTRAP_CREATED_SUCCEEDED","correlationId":"ec6a2faf-301f-495f-9022-0535c73482db","statusClass":"success"}
{"level":30,"time":1791468041878,"event":"admin_authentication","authStage":"TENANT_RECONCILIATION_SUCCEEDED","correlationId":"ec6a2faf-301f-495f-9022-0535c73482db","statusClass":"success"}
{"level":30,"time":1791468041878,"event":"admin_authentication","authStage":"AUTHENTICATION_SUCCEEDED","correlationId":"ec6a2faf-301f-495f-9022-0535c73482db","statusClass":"success"}
{"level":30,"time":1791468041882,"event":"admin_authentication","authStage":"INSTALLATION_BOOTSTRAP_REUSED_SUCCEEDED","correlationId":"9b024c6f-e2fa-46f3-8fa5-bc116c15ecb8","statusClass":"success"}
{"level":30,"time":1791468041882,"event":"admin_authentication","authStage":"TENANT_RECONCILIATION_SUCCEEDED","correlationId":"9b024c6f-e2fa-46f3-8fa5-bc116c15ecb8","statusClass":"success"}
{"level":30,"time":1791468041882,"event":"admin_authentication","authStage":"AUTHENTICATION_SUCCEEDED","correlationId":"9b024c6f-e2fa-46f3-8fa5-bc116c15ecb8","statusClass":"success"}
{"level":30,"time":1791468041885,"event":"admin_authentication","authStage":"INSTALLATION_BOOTSTRAP_REUSED_SUCCEEDED","correlationId":"f62de1fd-eaea-48ef-9b21-db3ab7b19bb1","statusClass":"success"}
{"level":30,"time":1791468041885,"event":"admin_authentication","authStage":"TENANT_RECONCILIATION_SUCCEEDED","correlationId":"f62de1fd-eaea-48ef-9b21-db3ab7b19bb1","statusClass":"success"}
{"level":30,"time":1791468041885,"event":"admin_authentication","authStage":"AUTHENTICATION_SUCCEEDED","correlationId":"f62de1fd-eaea-48ef-9b21-db3ab7b19bb1","statusClass":"success"}
{"level":30,"time":1791468041889,"event":"admin_authentication","authStage":"INSTALLATION_BOOTSTRAP_REUSED_SUCCEEDED","correlationId":"63060331-1325-4383-910c-e5fc8463ecce","statusClass":"success"}
{"level":30,"time":1791468041889,"event":"admin_authentication","authStage":"TENANT_RECONCILIATION_SUCCEEDED","correlationId":"63060331-1325-4383-910c-e5fc8463ecce","statusClass":"success"}
{"level":30,"time":1791468041889,"event":"admin_authentication","authStage":"AUTHENTICATION_SUCCEEDED","correlationId":"63060331-1325-4383-910c-e5fc8463ecce","statusClass":"success"}
{"level":30,"time":1791468041892,"event":"admin_authentication","authStage":"INSTALLATION_BOOTSTRAP_REUSED_SUCCEEDED","correlationId":"0d8ffbba-ac46-4c53-8d69-30ea840d1d24","statusClass":"success"}
{"level":30,"time":1791468041892,"event":"admin_authentication","authStage":"TENANT_RECONCILIATION_SUCCEEDED","correlationId":"0d8ffbba-ac46-4c53-8d69-30ea840d1d24","statusClass":"success"}
{"level":30,"time":1791468041892,"event":"admin_authentication","authStage":"AUTHENTICATION_SUCCEEDED","correlationId":"0d8ffbba-ac46-4c53-8d69-30ea840d1d24","statusClass":"success"}
{"level":30,"time":1791468041896,"event":"admin_authentication","authStage":"INSTALLATION_BOOTSTRAP_REUSED_SUCCEEDED","correlationId":"0a72ab59-f5cc-4346-bf5b-1c0640e412dc","statusClass":"success"}
{"level":30,"time":1791468041896,"event":"admin_authentication","authStage":"TENANT_RECONCILIATION_SUCCEEDED","correlationId":"0a72ab59-f5cc-4346-bf5b-1c0640e412dc","statusClass":"success"}
{"level":30,"time":1791468041896,"event":"admin_authentication","authStage":"AUTHENTICATION_SUCCEEDED","correlationId":"0a72ab59-f5cc-4346-bf5b-1c0640e412dc","statusClass":"success"}
{"level":30,"time":1791468041900,"event":"admin_authentication","authStage":"INSTALLATION_BOOTSTRAP_REUSED_SUCCEEDED","correlationId":"3472b7f6-631e-47f6-97da-90423b1d7be6","statusClass":"success"}
{"level":30,"time":1791468041900,"event":"admin_authentication","authStage":"TENANT_RECONCILIATION_SUCCEEDED","correlationId":"3472b7f6-631e-47f6-97da-90423b1d7be6","statusClass":"success"}
{"level":30,"time":1791468041900,"event":"admin_authentication","authStage":"AUTHENTICATION_SUCCEEDED","correlationId":"3472b7f6-631e-47f6-97da-90423b1d7be6","statusClass":"success"}
{"level":30,"time":1791468041904,"event":"admin_authentication","authStage":"INSTALLATION_BOOTSTRAP_REUSED_SUCCEEDED","correlationId":"15f9d7f4-63b0-442b-b3b6-4f71d6f181fc","statusClass":"success"}
{"level":30,"time":1791468041904,"event":"admin_authentication","authStage":"TENANT_RECONCILIATION_SUCCEEDED","correlationId":"15f9d7f4-63b0-442b-b3b6-4f71d6f181fc","statusClass":"success"}
{"level":30,"time":1791468041904,"event":"admin_authentication","authStage":"AUTHENTICATION_SUCCEEDED","correlationId":"15f9d7f4-63b0-442b-b3b6-4f71d6f181fc","statusClass":"success"}
{"level":30,"time":1791468041907,"event":"admin_authentication","authStage":"INSTALLATION_BOOTSTRAP_REUSED_SUCCEEDED","correlationId":"761bf2c4-5607-4e6b-a8ee-cf81d7564325","statusClass":"success"}
{"level":30,"time":1791468041907,"event":"admin_authentication","authStage":"TENANT_RECONCILIATION_SUCCEEDED","correlationId":"761bf2c4-5607-4e6b-a8ee-cf81d7564325","statusClass":"success"}
{"level":30,"time":1791468041907,"event":"admin_authentication","authStage":"AUTHENTICATION_SUCCEEDED","correlationId":"761bf2c4-5607-4e6b-a8ee-cf81d7564325","statusClass":"success"}
{"level":30,"time":1791468041911,"event":"admin_authentication","authStage":"INSTALLATION_BOOTSTRAP_REUSED_SUCCEEDED","correlationId":"e9671533-8cd7-462c-8a71-5af5827909f1","statusClass":"success"}
{"level":30,"time":1791468041911,"event":"admin_authentication","authStage":"TENANT_RECONCILIATION_SUCCEEDED","correlationId":"e9671533-8cd7-462c-8a71-5af5827909f1","statusClass":"success"}
{"level":30,"time":1791468041911,"event":"admin_authentication","authStage":"AUTHENTICATION_SUCCEEDED","correlationId":"e9671533-8cd7-462c-8a71-5af5827909f1","statusClass":"success"}
{"level":30,"time":1791468041914,"event":"admin_authentication","authStage":"INSTALLATION_BOOTSTRAP_REUSED_SUCCEEDED","correlationId":"d432524a-c8ee-4db5-9cb6-a62d9adf93db","statusClass":"success"}
{"level":30,"time":1791468041914,"event":"admin_authentication","authStage":"TENANT_RECONCILIATION_SUCCEEDED","correlationId":"d432524a-c8ee-4db5-9cb6-a62d9adf93db","statusClass":"success"}
{"level":30,"time":1791468041914,"event":"admin_authentication","authStage":"AUTHENTICATION_SUCCEEDED","correlationId":"d432524a-c8ee-4db5-9cb6-a62d9adf93db","statusClass":"success"}
{"level":30,"time":1791468041918,"event":"admin_authentication","authStage":"INSTALLATION_BOOTSTRAP_REUSED_SUCCEEDED","correlationId":"54fd0ee8-33cb-4627-b897-1431fca9eafa","statusClass":"success"}
{"level":30,"time":1791468041918,"event":"admin_authentication","authStage":"TENANT_RECONCILIATION_SUCCEEDED","correlationId":"54fd0ee8-33cb-4627-b897-1431fca9eafa","statusClass":"success"}
{"level":30,"time":1791468041918,"event":"admin_authentication","authStage":"AUTHENTICATION_SUCCEEDED","correlationId":"54fd0ee8-33cb-4627-b897-1431fca9eafa","statusClass":"success"}
{"level":30,"time":1791468041921,"event":"admin_authentication","authStage":"INSTALLATION_BOOTSTRAP_REUSED_SUCCEEDED","correlationId":"3d082961-a97d-472a-874b-55ddccb75fcb","statusClass":"success"}
{"level":30,"time":1791468041921,"event":"admin_authentication","authStage":"TENANT_RECONCILIATION_SUCCEEDED","correlationId":"3d082961-a97d-472a-874b-55ddccb75fcb","statusClass":"success"}
{"level":30,"time":1791468041921,"event":"admin_authentication","authStage":"AUTHENTICATION_SUCCEEDED","correlationId":"3d082961-a97d-472a-874b-55ddccb75fcb","statusClass":"success"}
{"level":30,"time":1791468041925,"event":"admin_authentication","authStage":"INSTALLATION_BOOTSTRAP_REUSED_SUCCEEDED","correlationId":"09770501-9c5b-4781-a5cc-b8f405a6f2fb","statusClass":"success"}
{"level":30,"time":1791468041925,"event":"admin_authentication","authStage":"TENANT_RECONCILIATION_SUCCEEDED","correlationId":"09770501-9c5b-4781-a5cc-b8f405a6f2fb","statusClass":"success"}
{"level":30,"time":1791468041925,"event":"admin_authentication","authStage":"AUTHENTICATION_SUCCEEDED","correlationId":"09770501-9c5b-4781-a5cc-b8f405a6f2fb","statusClass":"success"}
{"level":30,"time":1791468041928,"event":"admin_authentication","authStage":"INSTALLATION_BOOTSTRAP_REUSED_SUCCEEDED","correlationId":"7a7f3163-4c07-4052-a444-133f19570459","statusClass":"success"}
{"level":30,"time":1791468041928,"event":"admin_authentication","authStage":"TENANT_RECONCILIATION_SUCCEEDED","correlationId":"7a7f3163-4c07-4052-a444-133f19570459","statusClass":"success"}
{"level":30,"time":1791468041928,"event":"admin_authentication","authStage":"AUTHENTICATION_SUCCEEDED","correlationId":"7a7f3163-4c07-4052-a444-133f19570459","statusClass":"success"}
{"level":30,"time":1791468041931,"event":"admin_authentication","authStage":"INSTALLATION_BOOTSTRAP_REUSED_SUCCEEDED","correlationId":"149eca6d-2454-4d93-bf30-12c396ac26f8","statusClass":"success"}
{"level":30,"time":1791468041931,"event":"admin_authentication","authStage":"TENANT_RECONCILIATION_SUCCEEDED","correlationId":"149eca6d-2454-4d93-bf30-12c396ac26f8","statusClass":"success"}
{"level":30,"time":1791468041931,"event":"admin_authentication","authStage":"AUTHENTICATION_SUCCEEDED","correlationId":"149eca6d-2454-4d93-bf30-12c396ac26f8","statusClass":"success"}
{"level":30,"time":1791468041934,"event":"admin_authentication","authStage":"INSTALLATION_BOOTSTRAP_REUSED_SUCCEEDED","correlationId":"6f34e8c1-b1b8-435d-aeae-a47239b5b6ef","statusClass":"success"}
{"level":30,"time":1791468041934,"event":"admin_authentication","authStage":"TENANT_RECONCILIATION_SUCCEEDED","correlationId":"6f34e8c1-b1b8-435d-aeae-a47239b5b6ef","statusClass":"success"}
{"level":30,"time":1791468041934,"event":"admin_authentication","authStage":"AUTHENTICATION_SUCCEEDED","correlationId":"6f34e8c1-b1b8-435d-aeae-a47239b5b6ef","statusClass":"success"}
{"level":30,"time":1791468041937,"event":"admin_authentication","authStage":"INSTALLATION_BOOTSTRAP_REUSED_SUCCEEDED","correlationId":"58d6ccbc-c89c-4ad8-baa7-699d35a4d6e7","statusClass":"success"}
{"level":30,"time":1791468041937,"event":"admin_authentication","authStage":"TENANT_RECONCILIATION_SUCCEEDED","correlationId":"58d6ccbc-c89c-4ad8-baa7-699d35a4d6e7","statusClass":"success"}
{"level":30,"time":1791468041937,"event":"admin_authentication","authStage":"AUTHENTICATION_SUCCEEDED","correlationId":"58d6ccbc-c89c-4ad8-baa7-699d35a4d6e7","statusClass":"success"}
{"level":30,"time":1791468041940,"event":"admin_authentication","authStage":"INSTALLATION_BOOTSTRAP_REUSED_SUCCEEDED","correlationId":"bb843e24-27a6-4777-8478-0f10fdd98fe2","statusClass":"success"}
{"level":30,"time":1791468041940,"event":"admin_authentication","authStage":"TENANT_RECONCILIATION_SUCCEEDED","correlationId":"bb843e24-27a6-4777-8478-0f10fdd98fe2","statusClass":"success"}
{"level":30,"time":1791468041940,"event":"admin_authentication","authStage":"AUTHENTICATION_SUCCEEDED","correlationId":"bb843e24-27a6-4777-8478-0f10fdd98fe2","statusClass":"success"}
{"level":30,"time":1791468041943,"event":"admin_authentication","authStage":"INSTALLATION_BOOTSTRAP_REUSED_SUCCEEDED","correlationId":"8e1ce07c-1956-4a3a-a43a-9d05426d46f5","statusClass":"success"}
{"level":30,"time":1791468041943,"event":"admin_authentication","authStage":"TENANT_RECONCILIATION_SUCCEEDED","correlationId":"8e1ce07c-1956-4a3a-a43a-9d05426d46f5","statusClass":"success"}
{"level":30,"time":1791468041943,"event":"admin_authentication","authStage":"AUTHENTICATION_SUCCEEDED","correlationId":"8e1ce07c-1956-4a3a-a43a-9d05426d46f5","statusClass":"success"}
{"level":30,"time":1791468041946,"event":"admin_authentication","authStage":"INSTALLATION_BOOTSTRAP_REUSED_SUCCEEDED","correlationId":"cf2862e3-515f-4b64-80e7-c58c9b10ddc4","statusClass":"success"}
{"level":30,"time":1791468041946,"event":"admin_authentication","authStage":"TENANT_RECONCILIATION_SUCCEEDED","correlationId":"cf2862e3-515f-4b64-80e7-c58c9b10ddc4","statusClass":"success"}
{"level":30,"time":1791468041946,"event":"admin_authentication","authStage":"AUTHENTICATION_SUCCEEDED","correlationId":"cf2862e3-515f-4b64-80e7-c58c9b10ddc4","statusClass":"success"}
{"level":30,"time":1791468041949,"event":"admin_authentication","authStage":"INSTALLATION_BOOTSTRAP_REUSED_SUCCEEDED","correlationId":"6ab0754d-861a-493f-bfed-b0f3d6b206e9","statusClass":"success"}
{"level":30,"time":1791468041949,"event":"admin_authentication","authStage":"TENANT_RECONCILIATION_SUCCEEDED","correlationId":"6ab0754d-861a-493f-bfed-b0f3d6b206e9","statusClass":"success"}
{"level":30,"time":1791468041949,"event":"admin_authentication","authStage":"AUTHENTICATION_SUCCEEDED","correlationId":"6ab0754d-861a-493f-bfed-b0f3d6b206e9","statusClass":"success"}
{"level":30,"time":1791468041952,"event":"admin_authentication","authStage":"INSTALLATION_BOOTSTRAP_REUSED_SUCCEEDED","correlationId":"213d5e28-10bd-4885-ab66-cc334b98cf3c","statusClass":"success"}
{"level":30,"time":1791468041952,"event":"admin_authentication","authStage":"TENANT_RECONCILIATION_SUCCEEDED","correlationId":"213d5e28-10bd-4885-ab66-cc334b98cf3c","statusClass":"success"}
{"level":30,"time":1791468041952,"event":"admin_authentication","authStage":"AUTHENTICATION_SUCCEEDED","correlationId":"213d5e28-10bd-4885-ab66-cc334b98cf3c","statusClass":"success"}
{"level":30,"time":1791468041956,"event":"admin_authentication","authStage":"INSTALLATION_BOOTSTRAP_REUSED_SUCCEEDED","correlationId":"95790b3f-9483-4a8e-8ea7-8feb8c9b8730","statusClass":"success"}
{"level":30,"time":1791468041956,"event":"admin_authentication","authStage":"TENANT_RECONCILIATION_SUCCEEDED","correlationId":"95790b3f-9483-4a8e-8ea7-8feb8c9b8730","statusClass":"success"}
{"level":30,"time":1791468041956,"event":"admin_authentication","authStage":"AUTHENTICATION_SUCCEEDED","correlationId":"95790b3f-9483-4a8e-8ea7-8feb8c9b8730","statusClass":"success"}
{"level":30,"time":1791468041963,"event":"admin_authentication","authStage":"ONLINE_EXCHANGE_SUCCEEDED","correlationId":"7fb48846-9908-46f2-acbd-1f8f78617629","statusClass":"success"}
{"level":30,"time":1791468041963,"event":"admin_authentication","authStage":"ONLINE_EXCHANGE_SUCCEEDED","correlationId":"e646cb76-4751-45d2-bd03-39ae1cf03d93","statusClass":"success"}
{"level":30,"time":1791468041963,"event":"admin_authentication","authStage":"ONLINE_EXCHANGE_SUCCEEDED","correlationId":"1d97164a-d6e0-4b38-b327-5fc14256826e","statusClass":"success"}
{"level":30,"time":1791468041963,"event":"admin_authentication","authStage":"ONLINE_EXCHANGE_SUCCEEDED","correlationId":"40ccb7d8-e48a-4bf6-8be9-c3949034f441","statusClass":"success"}
{"level":30,"time":1791468041963,"event":"admin_authentication","authStage":"ONLINE_EXCHANGE_SUCCEEDED","correlationId":"d84a7699-783a-4469-b0bf-eac22fc275e6","statusClass":"success"}
{"level":30,"time":1791468041963,"event":"admin_authentication","authStage":"ONLINE_EXCHANGE_SUCCEEDED","correlationId":"0103648e-8fed-41d3-8699-8ad97d49c8c8","statusClass":"success"}
{"level":30,"time":1791468041963,"event":"admin_authentication","authStage":"ONLINE_EXCHANGE_SUCCEEDED","correlationId":"8adb7ad3-3ae4-4bfd-bcc3-fe795c668033","statusClass":"success"}
{"level":30,"time":1791468041963,"event":"admin_authentication","authStage":"ONLINE_EXCHANGE_SUCCEEDED","correlationId":"a25ed832-1552-4ccc-8ff1-883ab5093521","statusClass":"success"}
{"level":30,"time":1791468041963,"event":"admin_authentication","authStage":"ONLINE_EXCHANGE_SUCCEEDED","correlationId":"3ed8fcfb-051b-4327-94f7-fae29937b9a3","statusClass":"success"}
{"level":30,"time":1791468041963,"event":"admin_authentication","authStage":"ONLINE_EXCHANGE_SUCCEEDED","correlationId":"9bd0fbff-f711-41e7-86b5-d0b23ab1f5a8","statusClass":"success"}
{"level":30,"time":1791468041963,"event":"admin_authentication","authStage":"ONLINE_EXCHANGE_SUCCEEDED","correlationId":"16b9c3a1-7906-4504-a034-a0cdd35b42c0","statusClass":"success"}
{"level":30,"time":1791468041964,"event":"admin_authentication","authStage":"ONLINE_EXCHANGE_SUCCEEDED","correlationId":"77206b91-4829-4465-9de5-520035cc6939","statusClass":"success"}
{"level":30,"time":1791468041964,"event":"admin_authentication","authStage":"ONLINE_EXCHANGE_SUCCEEDED","correlationId":"efdb5b7a-97b9-4b15-a8f8-f5e0080940fb","statusClass":"success"}
{"level":30,"time":1791468041964,"event":"admin_authentication","authStage":"ONLINE_EXCHANGE_SUCCEEDED","correlationId":"4cebc0a9-bd0a-4135-9755-1c1ba537f4bd","statusClass":"success"}
{"level":30,"time":1791468041964,"event":"admin_authentication","authStage":"ONLINE_EXCHANGE_SUCCEEDED","correlationId":"06d36f59-716a-4aca-a27a-9df967e7896f","statusClass":"success"}
{"level":30,"time":1791468041964,"event":"admin_authentication","authStage":"ONLINE_EXCHANGE_SUCCEEDED","correlationId":"0f706e96-c19b-441f-840d-b0cd71a0c546","statusClass":"success"}
{"level":30,"time":1791468041964,"event":"admin_authentication","authStage":"ONLINE_EXCHANGE_SUCCEEDED","correlationId":"cd593092-a07b-4d1e-8080-b8552b18c144","statusClass":"success"}
{"level":30,"time":1791468041964,"event":"admin_authentication","authStage":"ONLINE_EXCHANGE_SUCCEEDED","correlationId":"8bf41310-238b-4316-8863-2e45198ced30","statusClass":"success"}
{"level":30,"time":1791468041964,"event":"admin_authentication","authStage":"ONLINE_EXCHANGE_SUCCEEDED","correlationId":"71cf7e8a-3dc1-435b-843f-5b57670d99a8","statusClass":"success"}
{"level":30,"time":1791468041964,"event":"admin_authentication","authStage":"ONLINE_EXCHANGE_SUCCEEDED","correlationId":"9f2a6cd6-466b-41bf-a740-450d4f366551","statusClass":"success"}
{"level":30,"time":1791468041964,"event":"admin_authentication","authStage":"ONLINE_EXCHANGE_SUCCEEDED","correlationId":"a73ebb41-39b3-4df7-a3e2-73c0e6fce27c","statusClass":"success"}
{"level":30,"time":1791468041964,"event":"admin_authentication","authStage":"ONLINE_EXCHANGE_SUCCEEDED","correlationId":"6d300008-7549-4680-960c-458a89f68e88","statusClass":"success"}
{"level":30,"time":1791468041964,"event":"admin_authentication","authStage":"ONLINE_EXCHANGE_SUCCEEDED","correlationId":"dec8a403-e174-4119-9357-37e173fc6a0f","statusClass":"success"}
{"level":30,"time":1791468041964,"event":"admin_authentication","authStage":"ONLINE_EXCHANGE_SUCCEEDED","correlationId":"39f32b7e-7d77-42ac-afbe-eb345327ad55","statusClass":"success"}
{"level":30,"time":1791468041966,"event":"admin_authentication","authStage":"INSTALLATION_PROVIDER_READ_SUCCEEDED","correlationId":"7fb48846-9908-46f2-acbd-1f8f78617629","statusClass":"success"}
{"level":30,"time":1791468041967,"event":"admin_authentication","authStage":"INSTALLATION_PROVIDER_READ_SUCCEEDED","correlationId":"e646cb76-4751-45d2-bd03-39ae1cf03d93","statusClass":"success"}
{"level":30,"time":1791468041968,"event":"admin_authentication","authStage":"INSTALLATION_PROVIDER_READ_SUCCEEDED","correlationId":"40ccb7d8-e48a-4bf6-8be9-c3949034f441","statusClass":"success"}
{"level":30,"time":1791468041968,"event":"admin_authentication","authStage":"INSTALLATION_PROVIDER_READ_SUCCEEDED","correlationId":"d84a7699-783a-4469-b0bf-eac22fc275e6","statusClass":"success"}
{"level":30,"time":1791468041969,"event":"admin_authentication","authStage":"INSTALLATION_PROVIDER_READ_SUCCEEDED","correlationId":"1d97164a-d6e0-4b38-b327-5fc14256826e","statusClass":"success"}
{"level":30,"time":1791468041970,"event":"admin_authentication","authStage":"INSTALLATION_PROVIDER_READ_SUCCEEDED","correlationId":"8adb7ad3-3ae4-4bfd-bcc3-fe795c668033","statusClass":"success"}
{"level":30,"time":1791468041971,"event":"admin_authentication","authStage":"INSTALLATION_PROVIDER_READ_SUCCEEDED","correlationId":"0103648e-8fed-41d3-8699-8ad97d49c8c8","statusClass":"success"}
{"level":30,"time":1791468041972,"event":"admin_authentication","authStage":"INSTALLATION_PROVIDER_READ_SUCCEEDED","correlationId":"3ed8fcfb-051b-4327-94f7-fae29937b9a3","statusClass":"success"}
{"level":30,"time":1791468041972,"event":"admin_authentication","authStage":"INSTALLATION_PROVIDER_READ_SUCCEEDED","correlationId":"16b9c3a1-7906-4504-a034-a0cdd35b42c0","statusClass":"success"}
{"level":30,"time":1791468041973,"event":"admin_authentication","authStage":"INSTALLATION_PROVIDER_READ_SUCCEEDED","correlationId":"77206b91-4829-4465-9de5-520035cc6939","statusClass":"success"}
{"level":30,"time":1791468041974,"event":"admin_authentication","authStage":"INSTALLATION_PROVIDER_READ_SUCCEEDED","correlationId":"efdb5b7a-97b9-4b15-a8f8-f5e0080940fb","statusClass":"success"}
{"level":30,"time":1791468041975,"event":"admin_authentication","authStage":"INSTALLATION_PROVIDER_READ_SUCCEEDED","correlationId":"4cebc0a9-bd0a-4135-9755-1c1ba537f4bd","statusClass":"success"}
{"level":30,"time":1791468041975,"event":"admin_authentication","authStage":"INSTALLATION_PROVIDER_READ_SUCCEEDED","correlationId":"06d36f59-716a-4aca-a27a-9df967e7896f","statusClass":"success"}
{"level":30,"time":1791468041976,"event":"admin_authentication","authStage":"INSTALLATION_PROVIDER_READ_SUCCEEDED","correlationId":"0f706e96-c19b-441f-840d-b0cd71a0c546","statusClass":"success"}
{"level":30,"time":1791468041977,"event":"admin_authentication","authStage":"INSTALLATION_PROVIDER_READ_SUCCEEDED","correlationId":"cd593092-a07b-4d1e-8080-b8552b18c144","statusClass":"success"}
{"level":30,"time":1791468041977,"event":"admin_authentication","authStage":"INSTALLATION_PROVIDER_READ_SUCCEEDED","correlationId":"8bf41310-238b-4316-8863-2e45198ced30","statusClass":"success"}
{"level":30,"time":1791468041978,"event":"admin_authentication","authStage":"INSTALLATION_PROVIDER_READ_SUCCEEDED","correlationId":"a25ed832-1552-4ccc-8ff1-883ab5093521","statusClass":"success"}
{"level":30,"time":1791468041979,"event":"admin_authentication","authStage":"INSTALLATION_PROVIDER_READ_SUCCEEDED","correlationId":"9bd0fbff-f711-41e7-86b5-d0b23ab1f5a8","statusClass":"success"}
{"level":30,"time":1791468041979,"event":"admin_authentication","authStage":"INSTALLATION_PROVIDER_READ_SUCCEEDED","correlationId":"71cf7e8a-3dc1-435b-843f-5b57670d99a8","statusClass":"success"}
{"level":30,"time":1791468041980,"event":"admin_authentication","authStage":"INSTALLATION_PROVIDER_READ_SUCCEEDED","correlationId":"9f2a6cd6-466b-41bf-a740-450d4f366551","statusClass":"success"}
{"level":30,"time":1791468041981,"event":"admin_authentication","authStage":"INSTALLATION_PROVIDER_READ_SUCCEEDED","correlationId":"a73ebb41-39b3-4df7-a3e2-73c0e6fce27c","statusClass":"success"}
{"level":30,"time":1791468041982,"event":"admin_authentication","authStage":"INSTALLATION_PROVIDER_READ_SUCCEEDED","correlationId":"6d300008-7549-4680-960c-458a89f68e88","statusClass":"success"}
{"level":30,"time":1791468041982,"event":"admin_authentication","authStage":"INSTALLATION_PROVIDER_READ_SUCCEEDED","correlationId":"dec8a403-e174-4119-9357-37e173fc6a0f","statusClass":"success"}
{"level":30,"time":1791468041983,"event":"admin_authentication","authStage":"INSTALLATION_PROVIDER_READ_SUCCEEDED","correlationId":"39f32b7e-7d77-42ac-afbe-eb345327ad55","statusClass":"success"}
{"level":30,"time":1791468041993,"event":"admin_authentication","authStage":"INSTALLATION_BOOTSTRAP_REINSTALLED_SUCCEEDED","correlationId":"7fb48846-9908-46f2-acbd-1f8f78617629","statusClass":"success"}
{"level":30,"time":1791468041993,"event":"admin_authentication","authStage":"TENANT_RECONCILIATION_SUCCEEDED","correlationId":"7fb48846-9908-46f2-acbd-1f8f78617629","statusClass":"success"}
{"level":30,"time":1791468041993,"event":"admin_authentication","authStage":"AUTHENTICATION_SUCCEEDED","correlationId":"7fb48846-9908-46f2-acbd-1f8f78617629","statusClass":"success"}
{"level":30,"time":1791468041996,"event":"admin_authentication","authStage":"INSTALLATION_BOOTSTRAP_REUSED_SUCCEEDED","correlationId":"e646cb76-4751-45d2-bd03-39ae1cf03d93","statusClass":"success"}
{"level":30,"time":1791468041996,"event":"admin_authentication","authStage":"TENANT_RECONCILIATION_SUCCEEDED","correlationId":"e646cb76-4751-45d2-bd03-39ae1cf03d93","statusClass":"success"}
{"level":30,"time":1791468041996,"event":"admin_authentication","authStage":"AUTHENTICATION_SUCCEEDED","correlationId":"e646cb76-4751-45d2-bd03-39ae1cf03d93","statusClass":"success"}
{"level":30,"time":1791468042001,"event":"admin_authentication","authStage":"INSTALLATION_BOOTSTRAP_REUSED_SUCCEEDED","correlationId":"40ccb7d8-e48a-4bf6-8be9-c3949034f441","statusClass":"success"}
{"level":30,"time":1791468042001,"event":"admin_authentication","authStage":"TENANT_RECONCILIATION_SUCCEEDED","correlationId":"40ccb7d8-e48a-4bf6-8be9-c3949034f441","statusClass":"success"}
{"level":30,"time":1791468042001,"event":"admin_authentication","authStage":"AUTHENTICATION_SUCCEEDED","correlationId":"40ccb7d8-e48a-4bf6-8be9-c3949034f441","statusClass":"success"}
{"level":30,"time":1791468042004,"event":"admin_authentication","authStage":"INSTALLATION_BOOTSTRAP_REUSED_SUCCEEDED","correlationId":"1d97164a-d6e0-4b38-b327-5fc14256826e","statusClass":"success"}
{"level":30,"time":1791468042004,"event":"admin_authentication","authStage":"TENANT_RECONCILIATION_SUCCEEDED","correlationId":"1d97164a-d6e0-4b38-b327-5fc14256826e","statusClass":"success"}
{"level":30,"time":1791468042004,"event":"admin_authentication","authStage":"AUTHENTICATION_SUCCEEDED","correlationId":"1d97164a-d6e0-4b38-b327-5fc14256826e","statusClass":"success"}
{"level":30,"time":1791468042008,"event":"admin_authentication","authStage":"INSTALLATION_BOOTSTRAP_REUSED_SUCCEEDED","correlationId":"8adb7ad3-3ae4-4bfd-bcc3-fe795c668033","statusClass":"success"}
{"level":30,"time":1791468042008,"event":"admin_authentication","authStage":"TENANT_RECONCILIATION_SUCCEEDED","correlationId":"8adb7ad3-3ae4-4bfd-bcc3-fe795c668033","statusClass":"success"}
{"level":30,"time":1791468042008,"event":"admin_authentication","authStage":"AUTHENTICATION_SUCCEEDED","correlationId":"8adb7ad3-3ae4-4bfd-bcc3-fe795c668033","statusClass":"success"}
{"level":30,"time":1791468042011,"event":"admin_authentication","authStage":"INSTALLATION_BOOTSTRAP_REUSED_SUCCEEDED","correlationId":"0103648e-8fed-41d3-8699-8ad97d49c8c8","statusClass":"success"}
{"level":30,"time":1791468042011,"event":"admin_authentication","authStage":"TENANT_RECONCILIATION_SUCCEEDED","correlationId":"0103648e-8fed-41d3-8699-8ad97d49c8c8","statusClass":"success"}
{"level":30,"time":1791468042011,"event":"admin_authentication","authStage":"AUTHENTICATION_SUCCEEDED","correlationId":"0103648e-8fed-41d3-8699-8ad97d49c8c8","statusClass":"success"}
{"level":30,"time":1791468042015,"event":"admin_authentication","authStage":"INSTALLATION_BOOTSTRAP_REUSED_SUCCEEDED","correlationId":"3ed8fcfb-051b-4327-94f7-fae29937b9a3","statusClass":"success"}
{"level":30,"time":1791468042015,"event":"admin_authentication","authStage":"TENANT_RECONCILIATION_SUCCEEDED","correlationId":"3ed8fcfb-051b-4327-94f7-fae29937b9a3","statusClass":"success"}
{"level":30,"time":1791468042015,"event":"admin_authentication","authStage":"AUTHENTICATION_SUCCEEDED","correlationId":"3ed8fcfb-051b-4327-94f7-fae29937b9a3","statusClass":"success"}
{"level":30,"time":1791468042018,"event":"admin_authentication","authStage":"INSTALLATION_BOOTSTRAP_REUSED_SUCCEEDED","correlationId":"16b9c3a1-7906-4504-a034-a0cdd35b42c0","statusClass":"success"}
{"level":30,"time":1791468042018,"event":"admin_authentication","authStage":"TENANT_RECONCILIATION_SUCCEEDED","correlationId":"16b9c3a1-7906-4504-a034-a0cdd35b42c0","statusClass":"success"}
{"level":30,"time":1791468042018,"event":"admin_authentication","authStage":"AUTHENTICATION_SUCCEEDED","correlationId":"16b9c3a1-7906-4504-a034-a0cdd35b42c0","statusClass":"success"}
{"level":30,"time":1791468042022,"event":"admin_authentication","authStage":"INSTALLATION_BOOTSTRAP_REUSED_SUCCEEDED","correlationId":"77206b91-4829-4465-9de5-520035cc6939","statusClass":"success"}
{"level":30,"time":1791468042022,"event":"admin_authentication","authStage":"TENANT_RECONCILIATION_SUCCEEDED","correlationId":"77206b91-4829-4465-9de5-520035cc6939","statusClass":"success"}
{"level":30,"time":1791468042022,"event":"admin_authentication","authStage":"AUTHENTICATION_SUCCEEDED","correlationId":"77206b91-4829-4465-9de5-520035cc6939","statusClass":"success"}
{"level":30,"time":1791468042025,"event":"admin_authentication","authStage":"INSTALLATION_BOOTSTRAP_REUSED_SUCCEEDED","correlationId":"d84a7699-783a-4469-b0bf-eac22fc275e6","statusClass":"success"}
{"level":30,"time":1791468042025,"event":"admin_authentication","authStage":"TENANT_RECONCILIATION_SUCCEEDED","correlationId":"d84a7699-783a-4469-b0bf-eac22fc275e6","statusClass":"success"}
{"level":30,"time":1791468042025,"event":"admin_authentication","authStage":"AUTHENTICATION_SUCCEEDED","correlationId":"d84a7699-783a-4469-b0bf-eac22fc275e6","statusClass":"success"}
{"level":30,"time":1791468042028,"event":"admin_authentication","authStage":"INSTALLATION_BOOTSTRAP_REUSED_SUCCEEDED","correlationId":"efdb5b7a-97b9-4b15-a8f8-f5e0080940fb","statusClass":"success"}
{"level":30,"time":1791468042028,"event":"admin_authentication","authStage":"TENANT_RECONCILIATION_SUCCEEDED","correlationId":"efdb5b7a-97b9-4b15-a8f8-f5e0080940fb","statusClass":"success"}
{"level":30,"time":1791468042028,"event":"admin_authentication","authStage":"AUTHENTICATION_SUCCEEDED","correlationId":"efdb5b7a-97b9-4b15-a8f8-f5e0080940fb","statusClass":"success"}
{"level":30,"time":1791468042031,"event":"admin_authentication","authStage":"INSTALLATION_BOOTSTRAP_REUSED_SUCCEEDED","correlationId":"4cebc0a9-bd0a-4135-9755-1c1ba537f4bd","statusClass":"success"}
{"level":30,"time":1791468042031,"event":"admin_authentication","authStage":"TENANT_RECONCILIATION_SUCCEEDED","correlationId":"4cebc0a9-bd0a-4135-9755-1c1ba537f4bd","statusClass":"success"}
{"level":30,"time":1791468042031,"event":"admin_authentication","authStage":"AUTHENTICATION_SUCCEEDED","correlationId":"4cebc0a9-bd0a-4135-9755-1c1ba537f4bd","statusClass":"success"}
{"level":30,"time":1791468042035,"event":"admin_authentication","authStage":"INSTALLATION_BOOTSTRAP_REUSED_SUCCEEDED","correlationId":"06d36f59-716a-4aca-a27a-9df967e7896f","statusClass":"success"}
{"level":30,"time":1791468042035,"event":"admin_authentication","authStage":"TENANT_RECONCILIATION_SUCCEEDED","correlationId":"06d36f59-716a-4aca-a27a-9df967e7896f","statusClass":"success"}
{"level":30,"time":1791468042035,"event":"admin_authentication","authStage":"AUTHENTICATION_SUCCEEDED","correlationId":"06d36f59-716a-4aca-a27a-9df967e7896f","statusClass":"success"}
{"level":30,"time":1791468042037,"event":"admin_authentication","authStage":"INSTALLATION_BOOTSTRAP_REUSED_SUCCEEDED","correlationId":"0f706e96-c19b-441f-840d-b0cd71a0c546","statusClass":"success"}
{"level":30,"time":1791468042037,"event":"admin_authentication","authStage":"TENANT_RECONCILIATION_SUCCEEDED","correlationId":"0f706e96-c19b-441f-840d-b0cd71a0c546","statusClass":"success"}
{"level":30,"time":1791468042037,"event":"admin_authentication","authStage":"AUTHENTICATION_SUCCEEDED","correlationId":"0f706e96-c19b-441f-840d-b0cd71a0c546","statusClass":"success"}
{"level":30,"time":1791468042041,"event":"admin_authentication","authStage":"INSTALLATION_BOOTSTRAP_REUSED_SUCCEEDED","correlationId":"cd593092-a07b-4d1e-8080-b8552b18c144","statusClass":"success"}
{"level":30,"time":1791468042041,"event":"admin_authentication","authStage":"TENANT_RECONCILIATION_SUCCEEDED","correlationId":"cd593092-a07b-4d1e-8080-b8552b18c144","statusClass":"success"}
{"level":30,"time":1791468042041,"event":"admin_authentication","authStage":"AUTHENTICATION_SUCCEEDED","correlationId":"cd593092-a07b-4d1e-8080-b8552b18c144","statusClass":"success"}
{"level":30,"time":1791468042043,"event":"admin_authentication","authStage":"INSTALLATION_BOOTSTRAP_REUSED_SUCCEEDED","correlationId":"8bf41310-238b-4316-8863-2e45198ced30","statusClass":"success"}
{"level":30,"time":1791468042043,"event":"admin_authentication","authStage":"TENANT_RECONCILIATION_SUCCEEDED","correlationId":"8bf41310-238b-4316-8863-2e45198ced30","statusClass":"success"}
{"level":30,"time":1791468042043,"event":"admin_authentication","authStage":"AUTHENTICATION_SUCCEEDED","correlationId":"8bf41310-238b-4316-8863-2e45198ced30","statusClass":"success"}
{"level":30,"time":1791468042047,"event":"admin_authentication","authStage":"INSTALLATION_BOOTSTRAP_REUSED_SUCCEEDED","correlationId":"a25ed832-1552-4ccc-8ff1-883ab5093521","statusClass":"success"}
{"level":30,"time":1791468042047,"event":"admin_authentication","authStage":"TENANT_RECONCILIATION_SUCCEEDED","correlationId":"a25ed832-1552-4ccc-8ff1-883ab5093521","statusClass":"success"}
{"level":30,"time":1791468042047,"event":"admin_authentication","authStage":"AUTHENTICATION_SUCCEEDED","correlationId":"a25ed832-1552-4ccc-8ff1-883ab5093521","statusClass":"success"}
{"level":30,"time":1791468042050,"event":"admin_authentication","authStage":"INSTALLATION_BOOTSTRAP_REUSED_SUCCEEDED","correlationId":"9bd0fbff-f711-41e7-86b5-d0b23ab1f5a8","statusClass":"success"}
{"level":30,"time":1791468042050,"event":"admin_authentication","authStage":"TENANT_RECONCILIATION_SUCCEEDED","correlationId":"9bd0fbff-f711-41e7-86b5-d0b23ab1f5a8","statusClass":"success"}
{"level":30,"time":1791468042050,"event":"admin_authentication","authStage":"AUTHENTICATION_SUCCEEDED","correlationId":"9bd0fbff-f711-41e7-86b5-d0b23ab1f5a8","statusClass":"success"}
{"level":30,"time":1791468042060,"event":"admin_authentication","authStage":"INSTALLATION_BOOTSTRAP_REUSED_SUCCEEDED","correlationId":"71cf7e8a-3dc1-435b-843f-5b57670d99a8","statusClass":"success"}
{"level":30,"time":1791468042061,"event":"admin_authentication","authStage":"TENANT_RECONCILIATION_SUCCEEDED","correlationId":"71cf7e8a-3dc1-435b-843f-5b57670d99a8","statusClass":"success"}
{"level":30,"time":1791468042061,"event":"admin_authentication","authStage":"AUTHENTICATION_SUCCEEDED","correlationId":"71cf7e8a-3dc1-435b-843f-5b57670d99a8","statusClass":"success"}
{"level":30,"time":1791468042063,"event":"admin_authentication","authStage":"INSTALLATION_BOOTSTRAP_REUSED_SUCCEEDED","correlationId":"9f2a6cd6-466b-41bf-a740-450d4f366551","statusClass":"success"}
{"level":30,"time":1791468042063,"event":"admin_authentication","authStage":"TENANT_RECONCILIATION_SUCCEEDED","correlationId":"9f2a6cd6-466b-41bf-a740-450d4f366551","statusClass":"success"}
{"level":30,"time":1791468042063,"event":"admin_authentication","authStage":"AUTHENTICATION_SUCCEEDED","correlationId":"9f2a6cd6-466b-41bf-a740-450d4f366551","statusClass":"success"}
{"level":30,"time":1791468042066,"event":"admin_authentication","authStage":"INSTALLATION_BOOTSTRAP_REUSED_SUCCEEDED","correlationId":"a73ebb41-39b3-4df7-a3e2-73c0e6fce27c","statusClass":"success"}
{"level":30,"time":1791468042066,"event":"admin_authentication","authStage":"TENANT_RECONCILIATION_SUCCEEDED","correlationId":"a73ebb41-39b3-4df7-a3e2-73c0e6fce27c","statusClass":"success"}
{"level":30,"time":1791468042066,"event":"admin_authentication","authStage":"AUTHENTICATION_SUCCEEDED","correlationId":"a73ebb41-39b3-4df7-a3e2-73c0e6fce27c","statusClass":"success"}
{"level":30,"time":1791468042069,"event":"admin_authentication","authStage":"INSTALLATION_BOOTSTRAP_REUSED_SUCCEEDED","correlationId":"6d300008-7549-4680-960c-458a89f68e88","statusClass":"success"}
{"level":30,"time":1791468042069,"event":"admin_authentication","authStage":"TENANT_RECONCILIATION_SUCCEEDED","correlationId":"6d300008-7549-4680-960c-458a89f68e88","statusClass":"success"}
{"level":30,"time":1791468042069,"event":"admin_authentication","authStage":"AUTHENTICATION_SUCCEEDED","correlationId":"6d300008-7549-4680-960c-458a89f68e88","statusClass":"success"}
{"level":30,"time":1791468042071,"event":"admin_authentication","authStage":"INSTALLATION_BOOTSTRAP_REUSED_SUCCEEDED","correlationId":"dec8a403-e174-4119-9357-37e173fc6a0f","statusClass":"success"}
{"level":30,"time":1791468042071,"event":"admin_authentication","authStage":"TENANT_RECONCILIATION_SUCCEEDED","correlationId":"dec8a403-e174-4119-9357-37e173fc6a0f","statusClass":"success"}
{"level":30,"time":1791468042071,"event":"admin_authentication","authStage":"AUTHENTICATION_SUCCEEDED","correlationId":"dec8a403-e174-4119-9357-37e173fc6a0f","statusClass":"success"}
{"level":30,"time":1791468042074,"event":"admin_authentication","authStage":"INSTALLATION_BOOTSTRAP_REUSED_SUCCEEDED","correlationId":"39f32b7e-7d77-42ac-afbe-eb345327ad55","statusClass":"success"}
{"level":30,"time":1791468042074,"event":"admin_authentication","authStage":"TENANT_RECONCILIATION_SUCCEEDED","correlationId":"39f32b7e-7d77-42ac-afbe-eb345327ad55","statusClass":"success"}
{"level":30,"time":1791468042074,"event":"admin_authentication","authStage":"AUTHENTICATION_SUCCEEDED","correlationId":"39f32b7e-7d77-42ac-afbe-eb345327ad55","statusClass":"success"}
✔ production concurrent verified sessions converge and concurrent reinstalls advance once (264.310743ms)
{"level":30,"time":1791468042099,"event":"admin_authentication","authStage":"ONLINE_EXCHANGE_FAILED","correlationId":"cf18468f-3a2b-45c4-bf50-3e8531575dc3","statusClass":"failure"}
✔ production exchange failure cannot bootstrap an installation (24.822576ms)
{"level":30,"time":1791468042117,"event":"admin_authentication","authStage":"ONLINE_EXCHANGE_SUCCEEDED","correlationId":"e7088170-75cb-4cb7-8f9b-07e8a28b7014","statusClass":"success"}
{"level":30,"time":1791468042118,"event":"admin_authentication","authStage":"INSTALLATION_PROVIDER_READ_FAILED","correlationId":"e7088170-75cb-4cb7-8f9b-07e8a28b7014","statusClass":"failure"}
✔ production provider failure cannot bootstrap an installation (18.419145ms)
{"level":30,"time":1791468042137,"event":"admin_authentication","authStage":"ONLINE_EXCHANGE_SUCCEEDED","correlationId":"5f1ff269-653c-405d-b80d-16f601b23212","statusClass":"success"}
{"level":30,"time":1791468042138,"event":"admin_authentication","authStage":"INSTALLATION_PROVIDER_SHAPE_OR_IDENTITY_MISMATCH","correlationId":"5f1ff269-653c-405d-b80d-16f601b23212","statusClass":"failure"}
✔ production domain failure cannot bootstrap an installation (19.917617ms)
{"level":30,"time":1791468042160,"event":"admin_authentication","authStage":"ONLINE_EXCHANGE_SUCCEEDED","correlationId":"4f64dd56-6d9f-4f64-8249-a3c8e081750a","statusClass":"success"}
{"level":30,"time":1791468042161,"event":"admin_authentication","authStage":"INSTALLATION_PROVIDER_READ_SUCCEEDED","correlationId":"4f64dd56-6d9f-4f64-8249-a3c8e081750a","statusClass":"success"}
{"level":30,"time":1791468042163,"event":"admin_authentication","authStage":"INSTALLATION_BOOTSTRAP_IDENTITY_MISMATCH","correlationId":"4f64dd56-6d9f-4f64-8249-a3c8e081750a","statusClass":"failure"}
✔ production durable-shop-id failure cannot bootstrap an installation (25.187536ms)
{"level":30,"time":1791468042177,"event":"admin_authentication","authStage":"ONLINE_EXCHANGE_SUCCEEDED","correlationId":"bb05c576-cd80-46ae-800c-181b9c68b7ab","statusClass":"success"}
{"level":30,"time":1791468042182,"event":"admin_authentication","authStage":"INSTALLATION_PROVIDER_READ_SUCCEEDED","correlationId":"bb05c576-cd80-46ae-800c-181b9c68b7ab","statusClass":"success"}
{"level":30,"time":1791468042188,"event":"admin_authentication","authStage":"INSTALLATION_BOOTSTRAP_CREATED_SUCCEEDED","correlationId":"bb05c576-cd80-46ae-800c-181b9c68b7ab","statusClass":"success"}
{"level":30,"time":1791468042188,"event":"admin_authentication","authStage":"TENANT_RECONCILIATION_SUCCEEDED","correlationId":"bb05c576-cd80-46ae-800c-181b9c68b7ab","statusClass":"success"}
{"level":30,"time":1791468042188,"event":"admin_authentication","authStage":"AUTHENTICATION_SUCCEEDED","correlationId":"bb05c576-cd80-46ae-800c-181b9c68b7ab","statusClass":"success"}
{"level":30,"time":1791468042195,"event":"admin_authentication","authStage":"ONLINE_EXCHANGE_SUCCEEDED","correlationId":"943b2f1d-34e3-4b1e-9184-b77c150be0b4","statusClass":"success"}
{"level":30,"time":1791468042196,"event":"admin_authentication","authStage":"INSTALLATION_PROVIDER_READ_SUCCEEDED","correlationId":"943b2f1d-34e3-4b1e-9184-b77c150be0b4","statusClass":"success"}
{"level":30,"time":1791468042199,"event":"admin_authentication","authStage":"INSTALLATION_BOOTSTRAP_REUSED_SUCCEEDED","correlationId":"943b2f1d-34e3-4b1e-9184-b77c150be0b4","statusClass":"success"}
{"level":30,"time":1791468042199,"event":"admin_authentication","authStage":"TENANT_RECONCILIATION_SUCCEEDED","correlationId":"943b2f1d-34e3-4b1e-9184-b77c150be0b4","statusClass":"success"}
{"level":30,"time":1791468042199,"event":"admin_authentication","authStage":"AUTHENTICATION_SUCCEEDED","correlationId":"943b2f1d-34e3-4b1e-9184-b77c150be0b4","statusClass":"success"}
{"level":30,"time":1791468042200,"event":"admin_authentication","authStage":"ONLINE_EXCHANGE_SUCCEEDED","correlationId":"7a67307b-6fe8-4bd8-915a-edc4319659b3","statusClass":"success"}
{"level":30,"time":1791468042201,"event":"admin_authentication","authStage":"INSTALLATION_PROVIDER_READ_SUCCEEDED","correlationId":"7a67307b-6fe8-4bd8-915a-edc4319659b3","statusClass":"success"}
{"level":30,"time":1791468042204,"event":"admin_authentication","authStage":"INSTALLATION_BOOTSTRAP_REUSED_SUCCEEDED","correlationId":"7a67307b-6fe8-4bd8-915a-edc4319659b3","statusClass":"success"}
{"level":30,"time":1791468042204,"event":"admin_authentication","authStage":"TENANT_RECONCILIATION_SUCCEEDED","correlationId":"7a67307b-6fe8-4bd8-915a-edc4319659b3","statusClass":"success"}
{"level":30,"time":1791468042204,"event":"admin_authentication","authStage":"AUTHENTICATION_SUCCEEDED","correlationId":"7a67307b-6fe8-4bd8-915a-edc4319659b3","statusClass":"success"}
{"level":30,"time":1791468042204,"event":"admin_authentication","authStage":"ONLINE_EXCHANGE_SUCCEEDED","correlationId":"d5018af2-dedd-44ae-8142-50cc4c4fe274","statusClass":"success"}
{"level":30,"time":1791468042205,"event":"admin_authentication","authStage":"INSTALLATION_PROVIDER_READ_SUCCEEDED","correlationId":"d5018af2-dedd-44ae-8142-50cc4c4fe274","statusClass":"success"}
{"level":30,"time":1791468042209,"event":"admin_authentication","authStage":"INSTALLATION_BOOTSTRAP_REUSED_SUCCEEDED","correlationId":"d5018af2-dedd-44ae-8142-50cc4c4fe274","statusClass":"success"}
✔ technical readiness HTTP remains authenticated, private, staff-bound and read-only (45.047525ms)
{"level":30,"time":1791468042209,"event":"admin_authentication","authStage":"TENANT_RECONCILIATION_SUCCEEDED","correlationId":"d5018af2-dedd-44ae-8142-50cc4c4fe274","statusClass":"success"}
{"level":30,"time":1791468042209,"event":"admin_authentication","authStage":"AUTHENTICATION_SUCCEEDED","correlationId":"d5018af2-dedd-44ae-8142-50cc4c4fe274","statusClass":"success"}
✔ readiness collection fingerprints match the reviewed Function query artifacts (2.09967ms)
ℹ tests 11
ℹ suites 0
ℹ pass 11
ℹ fail 0
ℹ cancelled 0
ℹ skipped 0
ℹ todo 0
ℹ duration_ms 11144.146285
