✔ publication success preserves dirty local edits and exact save recovery [1/25] (973.438295ms)
✔ publication failed preserves dirty local edits and exact save recovery [1/25] (915.25299ms)
✔ publication success preserves ambiguous local edits and exact save recovery [1/25] (993.231851ms)
✔ publication failed preserves ambiguous local edits and exact save recovery [1/25] (934.692919ms)
✔ publication success preserves dirty local edits and exact save recovery [2/25] (863.286054ms)
✔ publication failed preserves dirty local edits and exact save recovery [2/25] (876.960716ms)
✔ publication success preserves ambiguous local edits and exact save recovery [2/25] (942.947753ms)
✔ publication failed preserves ambiguous local edits and exact save recovery [2/25] (964.574838ms)
✔ publication success preserves dirty local edits and exact save recovery [3/25] (948.879158ms)
✔ publication failed preserves dirty local edits and exact save recovery [3/25] (911.393164ms)
✔ publication success preserves ambiguous local edits and exact save recovery [3/25] (942.341859ms)
✔ publication failed preserves ambiguous local edits and exact save recovery [3/25] (1038.921556ms)
✔ publication success preserves dirty local edits and exact save recovery [4/25] (855.058908ms)
✔ publication failed preserves dirty local edits and exact save recovery [4/25] (863.206449ms)
✔ publication success preserves ambiguous local edits and exact save recovery [4/25] (963.986992ms)
✔ publication failed preserves ambiguous local edits and exact save recovery [4/25] (984.933179ms)
✔ publication success preserves dirty local edits and exact save recovery [5/25] (970.206058ms)
✔ publication failed preserves dirty local edits and exact save recovery [5/25] (955.475332ms)
✔ publication success preserves ambiguous local edits and exact save recovery [5/25] (958.574463ms)
✔ publication failed preserves ambiguous local edits and exact save recovery [5/25] (1002.160735ms)
✔ publication success preserves dirty local edits and exact save recovery [6/25] (880.965032ms)
✔ publication failed preserves dirty local edits and exact save recovery [6/25] (883.844806ms)
✔ publication success preserves ambiguous local edits and exact save recovery [6/25] (984.196168ms)
✔ publication failed preserves ambiguous local edits and exact save recovery [6/25] (949.16732ms)
✔ publication success preserves dirty local edits and exact save recovery [7/25] (855.509592ms)
✔ publication failed preserves dirty local edits and exact save recovery [7/25] (965.437629ms)
✔ publication success preserves ambiguous local edits and exact save recovery [7/25] (991.077152ms)
✔ publication failed preserves ambiguous local edits and exact save recovery [7/25] (925.688009ms)
✔ publication success preserves dirty local edits and exact save recovery [8/25] (893.626736ms)
✔ publication failed preserves dirty local edits and exact save recovery [8/25] (852.835812ms)
✔ publication success preserves ambiguous local edits and exact save recovery [8/25] (995.490373ms)
✔ publication failed preserves ambiguous local edits and exact save recovery [8/25] (917.66544ms)
✔ publication success preserves dirty local edits and exact save recovery [9/25] (895.546181ms)
✔ publication failed preserves dirty local edits and exact save recovery [9/25] (900.747567ms)
✔ publication success preserves ambiguous local edits and exact save recovery [9/25] (941.05045ms)
✔ publication failed preserves ambiguous local edits and exact save recovery [9/25] (977.442899ms)
✔ publication success preserves dirty local edits and exact save recovery [10/25] (873.650109ms)
✔ publication failed preserves dirty local edits and exact save recovery [10/25] (880.646227ms)
✔ publication success preserves ambiguous local edits and exact save recovery [10/25] (991.580839ms)
✔ publication failed preserves ambiguous local edits and exact save recovery [10/25] (1011.561455ms)
✔ publication success preserves dirty local edits and exact save recovery [11/25] (880.380188ms)
✔ publication failed preserves dirty local edits and exact save recovery [11/25] (909.000291ms)
✔ publication success preserves ambiguous local edits and exact save recovery [11/25] (918.218214ms)
✔ publication failed preserves ambiguous local edits and exact save recovery [11/25] (956.785672ms)
✔ publication success preserves dirty local edits and exact save recovery [12/25] (835.089891ms)
✔ publication failed preserves dirty local edits and exact save recovery [12/25] (847.499814ms)
✔ publication success preserves ambiguous local edits and exact save recovery [12/25] (1085.925623ms)
✔ publication failed preserves ambiguous local edits and exact save recovery [12/25] (960.365259ms)
✔ publication success preserves dirty local edits and exact save recovery [13/25] (881.54223ms)
✔ publication failed preserves dirty local edits and exact save recovery [13/25] (873.975514ms)
✔ publication success preserves ambiguous local edits and exact save recovery [13/25] (969.955693ms)
✔ publication failed preserves ambiguous local edits and exact save recovery [13/25] (965.202519ms)
✔ publication success preserves dirty local edits and exact save recovery [14/25] (890.18185ms)
✔ publication failed preserves dirty local edits and exact save recovery [14/25] (853.750783ms)
✔ publication success preserves ambiguous local edits and exact save recovery [14/25] (898.221503ms)
✔ publication failed preserves ambiguous local edits and exact save recovery [14/25] (915.089943ms)
✔ publication success preserves dirty local edits and exact save recovery [15/25] (900.794642ms)
✔ publication failed preserves dirty local edits and exact save recovery [15/25] (840.584651ms)
✔ publication success preserves ambiguous local edits and exact save recovery [15/25] (991.636477ms)
✔ publication failed preserves ambiguous local edits and exact save recovery [15/25] (998.880204ms)
✔ publication success preserves dirty local edits and exact save recovery [16/25] (985.73326ms)
✔ publication failed preserves dirty local edits and exact save recovery [16/25] (869.004149ms)
✔ publication success preserves ambiguous local edits and exact save recovery [16/25] (1028.811199ms)
✔ publication failed preserves ambiguous local edits and exact save recovery [16/25] (1030.057245ms)
✔ publication success preserves dirty local edits and exact save recovery [17/25] (862.201439ms)
✔ publication failed preserves dirty local edits and exact save recovery [17/25] (866.601044ms)
✔ publication success preserves ambiguous local edits and exact save recovery [17/25] (976.876173ms)
✔ publication failed preserves ambiguous local edits and exact save recovery [17/25] (921.322922ms)
✔ publication success preserves dirty local edits and exact save recovery [18/25] (844.550507ms)
✔ publication failed preserves dirty local edits and exact save recovery [18/25] (975.659031ms)
✔ publication success preserves ambiguous local edits and exact save recovery [18/25] (939.584224ms)
✔ publication failed preserves ambiguous local edits and exact save recovery [18/25] (916.435357ms)
✔ publication success preserves dirty local edits and exact save recovery [19/25] (922.325691ms)
✔ publication failed preserves dirty local edits and exact save recovery [19/25] (878.214545ms)
✔ publication success preserves ambiguous local edits and exact save recovery [19/25] (916.158946ms)
✔ publication failed preserves ambiguous local edits and exact save recovery [19/25] (918.870113ms)
✔ publication success preserves dirty local edits and exact save recovery [20/25] (866.305969ms)
✔ publication failed preserves dirty local edits and exact save recovery [20/25] (898.258823ms)
✔ publication success preserves ambiguous local edits and exact save recovery [20/25] (963.213413ms)
✔ publication failed preserves ambiguous local edits and exact save recovery [20/25] (1061.61403ms)
✔ publication success preserves dirty local edits and exact save recovery [21/25] (842.544862ms)
✔ publication failed preserves dirty local edits and exact save recovery [21/25] (848.107842ms)
✔ publication success preserves ambiguous local edits and exact save recovery [21/25] (916.713745ms)
✔ publication failed preserves ambiguous local edits and exact save recovery [21/25] (1012.011314ms)
✔ publication success preserves dirty local edits and exact save recovery [22/25] (946.549248ms)
✔ publication failed preserves dirty local edits and exact save recovery [22/25] (894.462226ms)
✔ publication success preserves ambiguous local edits and exact save recovery [22/25] (966.871558ms)
✔ publication failed preserves ambiguous local edits and exact save recovery [22/25] (1010.875462ms)
✔ publication success preserves dirty local edits and exact save recovery [23/25] (854.489097ms)
✔ publication failed preserves dirty local edits and exact save recovery [23/25] (837.270908ms)
✔ publication success preserves ambiguous local edits and exact save recovery [23/25] (946.172022ms)
✔ publication failed preserves ambiguous local edits and exact save recovery [23/25] (981.969142ms)
✔ publication success preserves dirty local edits and exact save recovery [24/25] (854.720021ms)
✔ publication failed preserves dirty local edits and exact save recovery [24/25] (898.840927ms)
✔ publication success preserves ambiguous local edits and exact save recovery [24/25] (900.983854ms)
✔ publication failed preserves ambiguous local edits and exact save recovery [24/25] (961.03809ms)
✔ publication success preserves dirty local edits and exact save recovery [25/25] (848.73129ms)
✔ publication failed preserves dirty local edits and exact save recovery [25/25] (853.519451ms)
✔ publication success preserves ambiguous local edits and exact save recovery [25/25] (934.477373ms)
✔ publication failed preserves ambiguous local edits and exact save recovery [25/25] (1020.740327ms)
ℹ tests 100
ℹ suites 0
ℹ pass 100
ℹ fail 0
ℹ cancelled 0
ℹ skipped 0
ℹ todo 0
ℹ duration_ms 93265.788535
