✔ publication success preserves dirty local edits and exact save recovery [1/25] (940.496581ms)
✔ publication failed preserves dirty local edits and exact save recovery [1/25] (907.362821ms)
✔ publication success preserves ambiguous local edits and exact save recovery [1/25] (1061.988822ms)
✔ publication failed preserves ambiguous local edits and exact save recovery [1/25] (963.332461ms)
✔ publication success preserves dirty local edits and exact save recovery [2/25] (893.500083ms)
✔ publication failed preserves dirty local edits and exact save recovery [2/25] (840.469113ms)
✔ publication success preserves ambiguous local edits and exact save recovery [2/25] (928.033073ms)
✔ publication failed preserves ambiguous local edits and exact save recovery [2/25] (897.615777ms)
✔ publication success preserves dirty local edits and exact save recovery [3/25] (902.144289ms)
✔ publication failed preserves dirty local edits and exact save recovery [3/25] (855.547298ms)
✔ publication success preserves ambiguous local edits and exact save recovery [3/25] (996.610948ms)
✔ publication failed preserves ambiguous local edits and exact save recovery [3/25] (912.110934ms)
✔ publication success preserves dirty local edits and exact save recovery [4/25] (898.808409ms)
✔ publication failed preserves dirty local edits and exact save recovery [4/25] (841.143353ms)
✔ publication success preserves ambiguous local edits and exact save recovery [4/25] (909.583335ms)
✔ publication failed preserves ambiguous local edits and exact save recovery [4/25] (940.253791ms)
✔ publication success preserves dirty local edits and exact save recovery [5/25] (848.157664ms)
✔ publication failed preserves dirty local edits and exact save recovery [5/25] (889.596568ms)
✔ publication success preserves ambiguous local edits and exact save recovery [5/25] (952.849386ms)
✔ publication failed preserves ambiguous local edits and exact save recovery [5/25] (973.977428ms)
✔ publication success preserves dirty local edits and exact save recovery [6/25] (906.899254ms)
✔ publication failed preserves dirty local edits and exact save recovery [6/25] (844.980912ms)
✔ publication success preserves ambiguous local edits and exact save recovery [6/25] (908.585519ms)
✔ publication failed preserves ambiguous local edits and exact save recovery [6/25] (987.375735ms)
✔ publication success preserves dirty local edits and exact save recovery [7/25] (853.330802ms)
✔ publication failed preserves dirty local edits and exact save recovery [7/25] (882.731782ms)
✔ publication success preserves ambiguous local edits and exact save recovery [7/25] (970.79691ms)
✔ publication failed preserves ambiguous local edits and exact save recovery [7/25] (973.426049ms)
✔ publication success preserves dirty local edits and exact save recovery [8/25] (868.677662ms)
✔ publication failed preserves dirty local edits and exact save recovery [8/25] (819.41945ms)
✔ publication success preserves ambiguous local edits and exact save recovery [8/25] (962.586252ms)
✔ publication failed preserves ambiguous local edits and exact save recovery [8/25] (936.770083ms)
✔ publication success preserves dirty local edits and exact save recovery [9/25] (830.348587ms)
✔ publication failed preserves dirty local edits and exact save recovery [9/25] (856.161784ms)
✔ publication success preserves ambiguous local edits and exact save recovery [9/25] (1046.57548ms)
✔ publication failed preserves ambiguous local edits and exact save recovery [9/25] (967.558269ms)
✔ publication success preserves dirty local edits and exact save recovery [10/25] (845.625177ms)
✔ publication failed preserves dirty local edits and exact save recovery [10/25] (884.149242ms)
✔ publication success preserves ambiguous local edits and exact save recovery [10/25] (986.477769ms)
✔ publication failed preserves ambiguous local edits and exact save recovery [10/25] (932.713752ms)
✔ publication success preserves dirty local edits and exact save recovery [11/25] (863.455038ms)
✔ publication failed preserves dirty local edits and exact save recovery [11/25] (881.921137ms)
✔ publication success preserves ambiguous local edits and exact save recovery [11/25] (948.935353ms)
✔ publication failed preserves ambiguous local edits and exact save recovery [11/25] (921.816092ms)
✔ publication success preserves dirty local edits and exact save recovery [12/25] (934.502001ms)
✔ publication failed preserves dirty local edits and exact save recovery [12/25] (882.302217ms)
✔ publication success preserves ambiguous local edits and exact save recovery [12/25] (1084.734079ms)
✔ publication failed preserves ambiguous local edits and exact save recovery [12/25] (1015.787502ms)
✔ publication success preserves dirty local edits and exact save recovery [13/25] (849.151645ms)
✔ publication failed preserves dirty local edits and exact save recovery [13/25] (853.123213ms)
✔ publication success preserves ambiguous local edits and exact save recovery [13/25] (1038.061604ms)
✔ publication failed preserves ambiguous local edits and exact save recovery [13/25] (934.999506ms)
✔ publication success preserves dirty local edits and exact save recovery [14/25] (843.727011ms)
✔ publication failed preserves dirty local edits and exact save recovery [14/25] (898.427909ms)
✔ publication success preserves ambiguous local edits and exact save recovery [14/25] (1059.0898ms)
✔ publication failed preserves ambiguous local edits and exact save recovery [14/25] (949.594313ms)
✔ publication success preserves dirty local edits and exact save recovery [15/25] (950.366267ms)
✔ publication failed preserves dirty local edits and exact save recovery [15/25] (881.365166ms)
✔ publication success preserves ambiguous local edits and exact save recovery [15/25] (943.003509ms)
✔ publication failed preserves ambiguous local edits and exact save recovery [15/25] (991.501308ms)
✔ publication success preserves dirty local edits and exact save recovery [16/25] (880.566284ms)
✔ publication failed preserves dirty local edits and exact save recovery [16/25] (879.809156ms)
✔ publication success preserves ambiguous local edits and exact save recovery [16/25] (1132.861893ms)
✔ publication failed preserves ambiguous local edits and exact save recovery [16/25] (1268.757577ms)
✔ publication success preserves dirty local edits and exact save recovery [17/25] (1182.975448ms)
✔ publication failed preserves dirty local edits and exact save recovery [17/25] (1254.983423ms)
✔ publication success preserves ambiguous local edits and exact save recovery [17/25] (1344.013087ms)
✔ publication failed preserves ambiguous local edits and exact save recovery [17/25] (1284.741134ms)
✔ publication success preserves dirty local edits and exact save recovery [18/25] (1073.654927ms)
✔ publication failed preserves dirty local edits and exact save recovery [18/25] (934.136469ms)
✔ publication success preserves ambiguous local edits and exact save recovery [18/25] (950.084534ms)
✔ publication failed preserves ambiguous local edits and exact save recovery [18/25] (1033.566054ms)
✔ publication success preserves dirty local edits and exact save recovery [19/25] (966.898568ms)
✔ publication failed preserves dirty local edits and exact save recovery [19/25] (883.296843ms)
✔ publication success preserves ambiguous local edits and exact save recovery [19/25] (999.701535ms)
✔ publication failed preserves ambiguous local edits and exact save recovery [19/25] (949.129744ms)
✔ publication success preserves dirty local edits and exact save recovery [20/25] (950.152998ms)
✔ publication failed preserves dirty local edits and exact save recovery [20/25] (933.731458ms)
✔ publication success preserves ambiguous local edits and exact save recovery [20/25] (1029.820116ms)
✔ publication failed preserves ambiguous local edits and exact save recovery [20/25] (1000.666653ms)
✔ publication success preserves dirty local edits and exact save recovery [21/25] (853.622294ms)
✔ publication failed preserves dirty local edits and exact save recovery [21/25] (881.186933ms)
✔ publication success preserves ambiguous local edits and exact save recovery [21/25] (981.245662ms)
✔ publication failed preserves ambiguous local edits and exact save recovery [21/25] (1015.684877ms)
✔ publication success preserves dirty local edits and exact save recovery [22/25] (857.429422ms)
✔ publication failed preserves dirty local edits and exact save recovery [22/25] (868.451274ms)
✔ publication success preserves ambiguous local edits and exact save recovery [22/25] (958.199729ms)
✔ publication failed preserves ambiguous local edits and exact save recovery [22/25] (967.758795ms)
✔ publication success preserves dirty local edits and exact save recovery [23/25] (864.603566ms)
✔ publication failed preserves dirty local edits and exact save recovery [23/25] (961.9543ms)
✔ publication success preserves ambiguous local edits and exact save recovery [23/25] (922.481986ms)
✔ publication failed preserves ambiguous local edits and exact save recovery [23/25] (937.304722ms)
✔ publication success preserves dirty local edits and exact save recovery [24/25] (915.890387ms)
✔ publication failed preserves dirty local edits and exact save recovery [24/25] (914.182641ms)
✔ publication success preserves ambiguous local edits and exact save recovery [24/25] (1019.401667ms)
✔ publication failed preserves ambiguous local edits and exact save recovery [24/25] (1009.754675ms)
✔ publication success preserves dirty local edits and exact save recovery [25/25] (838.871138ms)
✔ publication failed preserves dirty local edits and exact save recovery [25/25] (889.880471ms)
✔ publication success preserves ambiguous local edits and exact save recovery [25/25] (1028.85747ms)
✔ publication failed preserves ambiguous local edits and exact save recovery [25/25] (934.143522ms)
ℹ tests 100
ℹ suites 0
ℹ pass 100
ℹ fail 0
ℹ cancelled 0
ℹ skipped 0
ℹ todo 0
ℹ duration_ms 95398.214362
