✔ publication success preserves dirty local edits and exact save recovery [1/25] (1128.080439ms)
✔ publication failed preserves dirty local edits and exact save recovery [1/25] (894.000139ms)
✔ publication success preserves ambiguous local edits and exact save recovery [1/25] (1026.63339ms)
✔ publication failed preserves ambiguous local edits and exact save recovery [1/25] (994.035868ms)
✔ publication success preserves dirty local edits and exact save recovery [2/25] (870.60649ms)
✔ publication failed preserves dirty local edits and exact save recovery [2/25] (965.314377ms)
✔ publication success preserves ambiguous local edits and exact save recovery [2/25] (963.566698ms)
✔ publication failed preserves ambiguous local edits and exact save recovery [2/25] (965.723156ms)
✔ publication success preserves dirty local edits and exact save recovery [3/25] (849.575103ms)
✔ publication failed preserves dirty local edits and exact save recovery [3/25] (910.43115ms)
✔ publication success preserves ambiguous local edits and exact save recovery [3/25] (906.877497ms)
✔ publication failed preserves ambiguous local edits and exact save recovery [3/25] (898.202435ms)
✔ publication success preserves dirty local edits and exact save recovery [4/25] (858.179191ms)
✔ publication failed preserves dirty local edits and exact save recovery [4/25] (905.982758ms)
✔ publication success preserves ambiguous local edits and exact save recovery [4/25] (940.588103ms)
✔ publication failed preserves ambiguous local edits and exact save recovery [4/25] (909.995722ms)
✔ publication success preserves dirty local edits and exact save recovery [5/25] (836.583848ms)
✔ publication failed preserves dirty local edits and exact save recovery [5/25] (853.865886ms)
✔ publication success preserves ambiguous local edits and exact save recovery [5/25] (915.88215ms)
✔ publication failed preserves ambiguous local edits and exact save recovery [5/25] (1065.382397ms)
✔ publication success preserves dirty local edits and exact save recovery [6/25] (858.52934ms)
✔ publication failed preserves dirty local edits and exact save recovery [6/25] (980.277999ms)
✔ publication success preserves ambiguous local edits and exact save recovery [6/25] (929.827982ms)
✔ publication failed preserves ambiguous local edits and exact save recovery [6/25] (931.472393ms)
✔ publication success preserves dirty local edits and exact save recovery [7/25] (853.776932ms)
✔ publication failed preserves dirty local edits and exact save recovery [7/25] (877.419426ms)
✔ publication success preserves ambiguous local edits and exact save recovery [7/25] (965.532997ms)
✔ publication failed preserves ambiguous local edits and exact save recovery [7/25] (898.200263ms)
✔ publication success preserves dirty local edits and exact save recovery [8/25] (837.87785ms)
✔ publication failed preserves dirty local edits and exact save recovery [8/25] (850.513107ms)
✔ publication success preserves ambiguous local edits and exact save recovery [8/25] (969.30093ms)
✔ publication failed preserves ambiguous local edits and exact save recovery [8/25] (928.127436ms)
✔ publication success preserves dirty local edits and exact save recovery [9/25] (887.431418ms)
✔ publication failed preserves dirty local edits and exact save recovery [9/25] (848.892564ms)
✔ publication success preserves ambiguous local edits and exact save recovery [9/25] (950.569697ms)
✔ publication failed preserves ambiguous local edits and exact save recovery [9/25] (968.164245ms)
✔ publication success preserves dirty local edits and exact save recovery [10/25] (913.519028ms)
✔ publication failed preserves dirty local edits and exact save recovery [10/25] (862.691801ms)
✔ publication success preserves ambiguous local edits and exact save recovery [10/25] (913.097738ms)
✔ publication failed preserves ambiguous local edits and exact save recovery [10/25] (987.235481ms)
✔ publication success preserves dirty local edits and exact save recovery [11/25] (935.807181ms)
✔ publication failed preserves dirty local edits and exact save recovery [11/25] (855.505016ms)
✔ publication success preserves ambiguous local edits and exact save recovery [11/25] (1077.151107ms)
✔ publication failed preserves ambiguous local edits and exact save recovery [11/25] (1003.291409ms)
✔ publication success preserves dirty local edits and exact save recovery [12/25] (829.890369ms)
✔ publication failed preserves dirty local edits and exact save recovery [12/25] (987.692878ms)
✔ publication success preserves ambiguous local edits and exact save recovery [12/25] (1020.028129ms)
✔ publication failed preserves ambiguous local edits and exact save recovery [12/25] (906.964824ms)
✔ publication success preserves dirty local edits and exact save recovery [13/25] (846.614259ms)
✔ publication failed preserves dirty local edits and exact save recovery [13/25] (820.264018ms)
✔ publication success preserves ambiguous local edits and exact save recovery [13/25] (934.613049ms)
✔ publication failed preserves ambiguous local edits and exact save recovery [13/25] (991.714503ms)
✔ publication success preserves dirty local edits and exact save recovery [14/25] (900.077487ms)
✔ publication failed preserves dirty local edits and exact save recovery [14/25] (880.007718ms)
✔ publication success preserves ambiguous local edits and exact save recovery [14/25] (917.625919ms)
✔ publication failed preserves ambiguous local edits and exact save recovery [14/25] (927.667464ms)
✔ publication success preserves dirty local edits and exact save recovery [15/25] (852.752046ms)
✔ publication failed preserves dirty local edits and exact save recovery [15/25] (919.319272ms)
✔ publication success preserves ambiguous local edits and exact save recovery [15/25] (991.109424ms)
✔ publication failed preserves ambiguous local edits and exact save recovery [15/25] (948.508512ms)
✔ publication success preserves dirty local edits and exact save recovery [16/25] (871.609681ms)
✔ publication failed preserves dirty local edits and exact save recovery [16/25] (849.126806ms)
✔ publication success preserves ambiguous local edits and exact save recovery [16/25] (927.601552ms)
✔ publication failed preserves ambiguous local edits and exact save recovery [16/25] (958.654182ms)
✔ publication success preserves dirty local edits and exact save recovery [17/25] (833.481753ms)
✔ publication failed preserves dirty local edits and exact save recovery [17/25] (926.342715ms)
✔ publication success preserves ambiguous local edits and exact save recovery [17/25] (977.43438ms)
✔ publication failed preserves ambiguous local edits and exact save recovery [17/25] (991.627654ms)
✔ publication success preserves dirty local edits and exact save recovery [18/25] (858.786086ms)
✔ publication failed preserves dirty local edits and exact save recovery [18/25] (926.046006ms)
✔ publication success preserves ambiguous local edits and exact save recovery [18/25] (1083.074433ms)
✔ publication failed preserves ambiguous local edits and exact save recovery [18/25] (963.02117ms)
✔ publication success preserves dirty local edits and exact save recovery [19/25] (907.020815ms)
✔ publication failed preserves dirty local edits and exact save recovery [19/25] (850.769043ms)
✔ publication success preserves ambiguous local edits and exact save recovery [19/25] (907.666683ms)
✔ publication failed preserves ambiguous local edits and exact save recovery [19/25] (955.454929ms)
✔ publication success preserves dirty local edits and exact save recovery [20/25] (954.417702ms)
✔ publication failed preserves dirty local edits and exact save recovery [20/25] (841.285578ms)
✔ publication success preserves ambiguous local edits and exact save recovery [20/25] (899.766333ms)
✔ publication failed preserves ambiguous local edits and exact save recovery [20/25] (971.469688ms)
✔ publication success preserves dirty local edits and exact save recovery [21/25] (868.417473ms)
✔ publication failed preserves dirty local edits and exact save recovery [21/25] (878.993235ms)
✔ publication success preserves ambiguous local edits and exact save recovery [21/25] (947.152188ms)
✔ publication failed preserves ambiguous local edits and exact save recovery [21/25] (935.420515ms)
✔ publication success preserves dirty local edits and exact save recovery [22/25] (920.131301ms)
✔ publication failed preserves dirty local edits and exact save recovery [22/25] (863.793733ms)
✔ publication success preserves ambiguous local edits and exact save recovery [22/25] (970.958928ms)
✔ publication failed preserves ambiguous local edits and exact save recovery [22/25] (971.967594ms)
✔ publication success preserves dirty local edits and exact save recovery [23/25] (879.763046ms)
✔ publication failed preserves dirty local edits and exact save recovery [23/25] (885.948801ms)
✔ publication success preserves ambiguous local edits and exact save recovery [23/25] (979.435208ms)
✔ publication failed preserves ambiguous local edits and exact save recovery [23/25] (908.009211ms)
✔ publication success preserves dirty local edits and exact save recovery [24/25] (858.719272ms)
✔ publication failed preserves dirty local edits and exact save recovery [24/25] (865.856785ms)
✔ publication success preserves ambiguous local edits and exact save recovery [24/25] (929.383708ms)
✔ publication failed preserves ambiguous local edits and exact save recovery [24/25] (1033.861539ms)
✔ publication success preserves dirty local edits and exact save recovery [25/25] (952.754808ms)
✔ publication failed preserves dirty local edits and exact save recovery [25/25] (845.875453ms)
✔ publication success preserves ambiguous local edits and exact save recovery [25/25] (910.482717ms)
✔ publication failed preserves ambiguous local edits and exact save recovery [25/25] (925.713493ms)
ℹ tests 100
ℹ suites 0
ℹ pass 100
ℹ fail 0
ℹ cancelled 0
ℹ skipped 0
ℹ todo 0
ℹ duration_ms 92709.562612
