✔ publication success preserves dirty local edits and exact save recovery [1/25] (952.947036ms)
✔ publication failed preserves dirty local edits and exact save recovery [1/25] (904.433548ms)
✔ publication success preserves ambiguous local edits and exact save recovery [1/25] (917.147385ms)
✔ publication failed preserves ambiguous local edits and exact save recovery [1/25] (995.791823ms)
✔ publication success preserves dirty local edits and exact save recovery [2/25] (853.733188ms)
✔ publication failed preserves dirty local edits and exact save recovery [2/25] (855.731984ms)
✔ publication success preserves ambiguous local edits and exact save recovery [2/25] (958.190394ms)
✔ publication failed preserves ambiguous local edits and exact save recovery [2/25] (915.802606ms)
✔ publication success preserves dirty local edits and exact save recovery [3/25] (852.151875ms)
✔ publication failed preserves dirty local edits and exact save recovery [3/25] (858.596289ms)
✔ publication success preserves ambiguous local edits and exact save recovery [3/25] (1005.592134ms)
✔ publication failed preserves ambiguous local edits and exact save recovery [3/25] (976.362403ms)
✔ publication success preserves dirty local edits and exact save recovery [4/25] (924.414878ms)
✔ publication failed preserves dirty local edits and exact save recovery [4/25] (886.689489ms)
✔ publication success preserves ambiguous local edits and exact save recovery [4/25] (912.555172ms)
✔ publication failed preserves ambiguous local edits and exact save recovery [4/25] (916.988386ms)
✔ publication success preserves dirty local edits and exact save recovery [5/25] (852.652233ms)
✔ publication failed preserves dirty local edits and exact save recovery [5/25] (845.801854ms)
✔ publication success preserves ambiguous local edits and exact save recovery [5/25] (917.799808ms)
✔ publication failed preserves ambiguous local edits and exact save recovery [5/25] (972.402359ms)
✔ publication success preserves dirty local edits and exact save recovery [6/25] (935.494318ms)
✔ publication failed preserves dirty local edits and exact save recovery [6/25] (862.282246ms)
✔ publication success preserves ambiguous local edits and exact save recovery [6/25] (893.119815ms)
✔ publication failed preserves ambiguous local edits and exact save recovery [6/25] (922.154058ms)
✔ publication success preserves dirty local edits and exact save recovery [7/25] (900.345626ms)
✔ publication failed preserves dirty local edits and exact save recovery [7/25] (866.490202ms)
✔ publication success preserves ambiguous local edits and exact save recovery [7/25] (949.828306ms)
✔ publication failed preserves ambiguous local edits and exact save recovery [7/25] (895.90389ms)
✔ publication success preserves dirty local edits and exact save recovery [8/25] (872.067473ms)
✔ publication failed preserves dirty local edits and exact save recovery [8/25] (849.434512ms)
✔ publication success preserves ambiguous local edits and exact save recovery [8/25] (939.726141ms)
✔ publication failed preserves ambiguous local edits and exact save recovery [8/25] (1060.836149ms)
✔ publication success preserves dirty local edits and exact save recovery [9/25] (930.832982ms)
✔ publication failed preserves dirty local edits and exact save recovery [9/25] (940.583758ms)
✔ publication success preserves ambiguous local edits and exact save recovery [9/25] (992.710859ms)
✔ publication failed preserves ambiguous local edits and exact save recovery [9/25] (929.251579ms)
✔ publication success preserves dirty local edits and exact save recovery [10/25] (855.868744ms)
✔ publication failed preserves dirty local edits and exact save recovery [10/25] (925.670533ms)
✔ publication success preserves ambiguous local edits and exact save recovery [10/25] (952.851337ms)
✔ publication failed preserves ambiguous local edits and exact save recovery [10/25] (1016.735798ms)
✔ publication success preserves dirty local edits and exact save recovery [11/25] (882.960262ms)
✔ publication failed preserves dirty local edits and exact save recovery [11/25] (851.477315ms)
✔ publication success preserves ambiguous local edits and exact save recovery [11/25] (932.826643ms)
✔ publication failed preserves ambiguous local edits and exact save recovery [11/25] (955.923401ms)
✔ publication success preserves dirty local edits and exact save recovery [12/25] (847.072461ms)
✔ publication failed preserves dirty local edits and exact save recovery [12/25] (883.723244ms)
✔ publication success preserves ambiguous local edits and exact save recovery [12/25] (968.837663ms)
✔ publication failed preserves ambiguous local edits and exact save recovery [12/25] (922.883326ms)
✔ publication success preserves dirty local edits and exact save recovery [13/25] (861.139601ms)
✔ publication failed preserves dirty local edits and exact save recovery [13/25] (916.596475ms)
✔ publication success preserves ambiguous local edits and exact save recovery [13/25] (1046.887057ms)
✔ publication failed preserves ambiguous local edits and exact save recovery [13/25] (962.956853ms)
✔ publication success preserves dirty local edits and exact save recovery [14/25] (894.90269ms)
✔ publication failed preserves dirty local edits and exact save recovery [14/25] (856.155592ms)
✔ publication success preserves ambiguous local edits and exact save recovery [14/25] (947.715929ms)
✔ publication failed preserves ambiguous local edits and exact save recovery [14/25] (1007.507135ms)
✔ publication success preserves dirty local edits and exact save recovery [15/25] (880.267379ms)
✔ publication failed preserves dirty local edits and exact save recovery [15/25] (846.572984ms)
✔ publication success preserves ambiguous local edits and exact save recovery [15/25] (917.913647ms)
✔ publication failed preserves ambiguous local edits and exact save recovery [15/25] (1014.114097ms)
✔ publication success preserves dirty local edits and exact save recovery [16/25] (886.593232ms)
✔ publication failed preserves dirty local edits and exact save recovery [16/25] (969.94411ms)
✔ publication success preserves ambiguous local edits and exact save recovery [16/25] (906.984094ms)
✔ publication failed preserves ambiguous local edits and exact save recovery [16/25] (961.892451ms)
✔ publication success preserves dirty local edits and exact save recovery [17/25] (858.278746ms)
✔ publication failed preserves dirty local edits and exact save recovery [17/25] (860.394565ms)
✔ publication success preserves ambiguous local edits and exact save recovery [17/25] (937.746622ms)
✔ publication failed preserves ambiguous local edits and exact save recovery [17/25] (930.737348ms)
✔ publication success preserves dirty local edits and exact save recovery [18/25] (923.667741ms)
✔ publication failed preserves dirty local edits and exact save recovery [18/25] (868.619099ms)
✔ publication success preserves ambiguous local edits and exact save recovery [18/25] (930.225176ms)
✔ publication failed preserves ambiguous local edits and exact save recovery [18/25] (1021.418122ms)
✔ publication success preserves dirty local edits and exact save recovery [19/25] (926.478037ms)
✔ publication failed preserves dirty local edits and exact save recovery [19/25] (867.694584ms)
✔ publication success preserves ambiguous local edits and exact save recovery [19/25] (895.8312ms)
✔ publication failed preserves ambiguous local edits and exact save recovery [19/25] (949.97776ms)
✔ publication success preserves dirty local edits and exact save recovery [20/25] (865.749361ms)
✔ publication failed preserves dirty local edits and exact save recovery [20/25] (906.079729ms)
✔ publication success preserves ambiguous local edits and exact save recovery [20/25] (905.148161ms)
✔ publication failed preserves ambiguous local edits and exact save recovery [20/25] (1010.688813ms)
✔ publication success preserves dirty local edits and exact save recovery [21/25] (923.014138ms)
✔ publication failed preserves dirty local edits and exact save recovery [21/25] (898.018469ms)
✔ publication success preserves ambiguous local edits and exact save recovery [21/25] (954.994357ms)
✔ publication failed preserves ambiguous local edits and exact save recovery [21/25] (957.903723ms)
✔ publication success preserves dirty local edits and exact save recovery [22/25] (936.662353ms)
✔ publication failed preserves dirty local edits and exact save recovery [22/25] (898.21377ms)
✔ publication success preserves ambiguous local edits and exact save recovery [22/25] (952.778248ms)
✔ publication failed preserves ambiguous local edits and exact save recovery [22/25] (977.870461ms)
✔ publication success preserves dirty local edits and exact save recovery [23/25] (887.993678ms)
✔ publication failed preserves dirty local edits and exact save recovery [23/25] (916.378811ms)
✔ publication success preserves ambiguous local edits and exact save recovery [23/25] (949.427795ms)
✔ publication failed preserves ambiguous local edits and exact save recovery [23/25] (1004.287052ms)
✔ publication success preserves dirty local edits and exact save recovery [24/25] (859.979413ms)
✔ publication failed preserves dirty local edits and exact save recovery [24/25] (883.107958ms)
✔ publication success preserves ambiguous local edits and exact save recovery [24/25] (953.491501ms)
✔ publication failed preserves ambiguous local edits and exact save recovery [24/25] (981.837323ms)
✔ publication success preserves dirty local edits and exact save recovery [25/25] (897.242281ms)
✔ publication failed preserves dirty local edits and exact save recovery [25/25] (899.987687ms)
✔ publication success preserves ambiguous local edits and exact save recovery [25/25] (930.965762ms)
✔ publication failed preserves ambiguous local edits and exact save recovery [25/25] (929.087826ms)
ℹ tests 100
ℹ suites 0
ℹ pass 100
ℹ fail 0
ℹ cancelled 0
ℹ skipped 0
ℹ todo 0
ℹ duration_ms 92634.626221
