Scope: all 12 workspace projects
✓ Lockfile passes supply-chain policies (verified 11h ago)
Lockfile is up to date, resolution step is skipped
Packages: -171
--------------------------------------------------------------------------------

devDependencies:
- @biomejs/biome 2.5.14
- @types/node 24.10.0
- dbmate 2.36.0
- dependency-cruiser 18.4.0
- esbuild 0.25.12
- typescript 5.9.3

Done in 185ms using pnpm v12.6.0
node:internal/modules/package_json_reader:331
  throw new ERR_MODULE_NOT_FOUND(packageName, fileURLToPath(base), null);
        ^

Error [ERR_MODULE_NOT_FOUND]: Cannot find package 'playwright' imported from /home/serveradmin/insignia-m5-023-worktree/apps/web/test/admin/editor-browser.test.mjs
    at Object.getPackageJSONURL (node:internal/modules/package_json_reader:331:9)
    at packageResolve (node:internal/modules/esm/resolve:784:25)
    at moduleResolve (node:internal/modules/esm/resolve:873:18)
    at defaultResolve (node:internal/modules/esm/resolve:1006:11)
    at #cachedDefaultResolve (node:internal/modules/esm/loader:705:20)
    at #resolveAndMaybeBlockOnLoaderThread (node:internal/modules/esm/loader:725:38)
    at ModuleLoader.resolveSync (node:internal/modules/esm/loader:763:56)
    at #resolve (node:internal/modules/esm/loader:687:17)
    at ModuleLoader.getOrCreateModuleJob (node:internal/modules/esm/loader:607:35)
    at ModuleJob.syncLink (node:internal/modules/esm/module_job:276:33) {
  code: 'ERR_MODULE_NOT_FOUND'
}

Node.js v24.21.0
✖ test/admin/editor-browser.test.mjs (71.666257ms)
ℹ tests 1
ℹ suites 0
ℹ pass 0
ℹ fail 1
ℹ cancelled 0
ℹ skipped 0
ℹ todo 0
ℹ duration_ms 81.730055

✖ failing tests:

test at test/admin/editor-browser.test.mjs:1:1
✖ test/admin/editor-browser.test.mjs (71.666257ms)
  'test failed'
Error: ERR_PNPM_RECURSIVE_EXEC_FIRST_FAIL

  × "pnpm recursive exec" failed in /home/serveradmin/insignia-m5-023-
  │ worktree/apps/web

