✔ publication success preserves dirty local edits and exact save recovery [1/25] (966.633962ms)
✔ publication failed preserves dirty local edits and exact save recovery [1/25] (918.388794ms)
✔ publication success preserves ambiguous local edits and exact save recovery [1/25] (941.293991ms)
✔ publication failed preserves ambiguous local edits and exact save recovery [1/25] (1000.273365ms)
✔ publication success preserves dirty local edits and exact save recovery [2/25] (867.129752ms)
✔ publication failed preserves dirty local edits and exact save recovery [2/25] (887.35227ms)
✔ publication success preserves ambiguous local edits and exact save recovery [2/25] (1047.591444ms)
✔ publication failed preserves ambiguous local edits and exact save recovery [2/25] (976.536149ms)
✔ publication success preserves dirty local edits and exact save recovery [3/25] (844.714028ms)
✔ publication failed preserves dirty local edits and exact save recovery [3/25] (979.412918ms)
✔ publication success preserves ambiguous local edits and exact save recovery [3/25] (973.91058ms)
✔ publication failed preserves ambiguous local edits and exact save recovery [3/25] (980.549346ms)
✔ publication success preserves dirty local edits and exact save recovery [4/25] (921.145519ms)
✔ publication failed preserves dirty local edits and exact save recovery [4/25] (874.2082ms)
✔ publication success preserves ambiguous local edits and exact save recovery [4/25] (946.641751ms)
✔ publication failed preserves ambiguous local edits and exact save recovery [4/25] (960.779391ms)
✔ publication success preserves dirty local edits and exact save recovery [5/25] (880.295752ms)
✔ publication failed preserves dirty local edits and exact save recovery [5/25] (859.787463ms)
✔ publication success preserves ambiguous local edits and exact save recovery [5/25] (936.739768ms)
✔ publication failed preserves ambiguous local edits and exact save recovery [5/25] (956.920739ms)
✔ publication success preserves dirty local edits and exact save recovery [6/25] (853.170414ms)
✔ publication failed preserves dirty local edits and exact save recovery [6/25] (845.297185ms)
✔ publication success preserves ambiguous local edits and exact save recovery [6/25] (913.581756ms)
✔ publication failed preserves ambiguous local edits and exact save recovery [6/25] (899.488942ms)
✔ publication success preserves dirty local edits and exact save recovery [7/25] (903.592767ms)
✔ publication failed preserves dirty local edits and exact save recovery [7/25] (853.931437ms)
✔ publication success preserves ambiguous local edits and exact save recovery [7/25] (953.203682ms)
✔ publication failed preserves ambiguous local edits and exact save recovery [7/25] (1049.316031ms)
✔ publication success preserves dirty local edits and exact save recovery [8/25] (973.408743ms)
✔ publication failed preserves dirty local edits and exact save recovery [8/25] (941.444511ms)
✔ publication success preserves ambiguous local edits and exact save recovery [8/25] (999.608542ms)
✔ publication failed preserves ambiguous local edits and exact save recovery [8/25] (957.690449ms)
✔ publication success preserves dirty local edits and exact save recovery [9/25] (905.772389ms)
✔ publication failed preserves dirty local edits and exact save recovery [9/25] (923.01998ms)
✔ publication success preserves ambiguous local edits and exact save recovery [9/25] (921.865469ms)
✔ publication failed preserves ambiguous local edits and exact save recovery [9/25] (941.680699ms)
✔ publication success preserves dirty local edits and exact save recovery [10/25] (840.038034ms)
✔ publication failed preserves dirty local edits and exact save recovery [10/25] (850.742527ms)
✔ publication success preserves ambiguous local edits and exact save recovery [10/25] (1002.276643ms)
✔ publication failed preserves ambiguous local edits and exact save recovery [10/25] (968.290919ms)
✔ publication success preserves dirty local edits and exact save recovery [11/25] (869.423205ms)
✔ publication failed preserves dirty local edits and exact save recovery [11/25] (896.110612ms)
✔ publication success preserves ambiguous local edits and exact save recovery [11/25] (1041.821112ms)
✔ publication failed preserves ambiguous local edits and exact save recovery [11/25] (949.314511ms)
✔ publication success preserves dirty local edits and exact save recovery [12/25] (893.942373ms)
✔ publication failed preserves dirty local edits and exact save recovery [12/25] (870.249968ms)
✔ publication success preserves ambiguous local edits and exact save recovery [12/25] (1010.412105ms)
✔ publication failed preserves ambiguous local edits and exact save recovery [12/25] (963.570089ms)
✔ publication success preserves dirty local edits and exact save recovery [13/25] (907.991515ms)
✔ publication failed preserves dirty local edits and exact save recovery [13/25] (827.553937ms)
✔ publication success preserves ambiguous local edits and exact save recovery [13/25] (942.619307ms)
✔ publication failed preserves ambiguous local edits and exact save recovery [13/25] (1039.919097ms)
✔ publication success preserves dirty local edits and exact save recovery [14/25] (918.663188ms)
✔ publication failed preserves dirty local edits and exact save recovery [14/25] (922.00348ms)
✔ publication success preserves ambiguous local edits and exact save recovery [14/25] (964.678115ms)
✔ publication failed preserves ambiguous local edits and exact save recovery [14/25] (998.805964ms)
✔ publication success preserves dirty local edits and exact save recovery [15/25] (863.386421ms)
✔ publication failed preserves dirty local edits and exact save recovery [15/25] (865.803121ms)
✔ publication success preserves ambiguous local edits and exact save recovery [15/25] (948.739939ms)
✔ publication failed preserves ambiguous local edits and exact save recovery [15/25] (972.202463ms)
✔ publication success preserves dirty local edits and exact save recovery [16/25] (971.920714ms)
✔ publication failed preserves dirty local edits and exact save recovery [16/25] (861.223973ms)
✔ publication success preserves ambiguous local edits and exact save recovery [16/25] (960.403606ms)
✔ publication failed preserves ambiguous local edits and exact save recovery [16/25] (1006.203799ms)
✔ publication success preserves dirty local edits and exact save recovery [17/25] (847.133343ms)
✔ publication failed preserves dirty local edits and exact save recovery [17/25] (851.215041ms)
✔ publication success preserves ambiguous local edits and exact save recovery [17/25] (1001.411144ms)
✔ publication failed preserves ambiguous local edits and exact save recovery [17/25] (978.496446ms)
✔ publication success preserves dirty local edits and exact save recovery [18/25] (888.428882ms)
✔ publication failed preserves dirty local edits and exact save recovery [18/25] (949.377229ms)
✔ publication success preserves ambiguous local edits and exact save recovery [18/25] (931.3891ms)
✔ publication failed preserves ambiguous local edits and exact save recovery [18/25] (980.805527ms)
✔ publication success preserves dirty local edits and exact save recovery [19/25] (906.120724ms)
✔ publication failed preserves dirty local edits and exact save recovery [19/25] (916.165282ms)
✔ publication success preserves ambiguous local edits and exact save recovery [19/25] (1085.445692ms)
✔ publication failed preserves ambiguous local edits and exact save recovery [19/25] (974.630789ms)
✔ publication success preserves dirty local edits and exact save recovery [20/25] (841.09726ms)
✔ publication failed preserves dirty local edits and exact save recovery [20/25] (925.30827ms)
✔ publication success preserves ambiguous local edits and exact save recovery [20/25] (1026.276674ms)
✔ publication failed preserves ambiguous local edits and exact save recovery [20/25] (950.763803ms)
✔ publication success preserves dirty local edits and exact save recovery [21/25] (845.622075ms)
✔ publication failed preserves dirty local edits and exact save recovery [21/25] (928.945533ms)
✔ publication success preserves ambiguous local edits and exact save recovery [21/25] (958.142112ms)
✔ publication failed preserves ambiguous local edits and exact save recovery [21/25] (953.711535ms)
✔ publication success preserves dirty local edits and exact save recovery [22/25] (893.638797ms)
✔ publication failed preserves dirty local edits and exact save recovery [22/25] (871.905652ms)
✔ publication success preserves ambiguous local edits and exact save recovery [22/25] (970.098509ms)
✔ publication failed preserves ambiguous local edits and exact save recovery [22/25] (933.776273ms)
✔ publication success preserves dirty local edits and exact save recovery [23/25] (853.349352ms)
✔ publication failed preserves dirty local edits and exact save recovery [23/25] (881.574829ms)
✔ publication success preserves ambiguous local edits and exact save recovery [23/25] (931.355108ms)
✔ publication failed preserves ambiguous local edits and exact save recovery [23/25] (916.014141ms)
✔ publication success preserves dirty local edits and exact save recovery [24/25] (851.078726ms)
✔ publication failed preserves dirty local edits and exact save recovery [24/25] (856.465002ms)
✔ publication success preserves ambiguous local edits and exact save recovery [24/25] (1007.697527ms)
✔ publication failed preserves ambiguous local edits and exact save recovery [24/25] (916.33695ms)
✔ publication success preserves dirty local edits and exact save recovery [25/25] (850.089144ms)
✔ publication failed preserves dirty local edits and exact save recovery [25/25] (888.330785ms)
✔ publication success preserves ambiguous local edits and exact save recovery [25/25] (952.369001ms)
✔ publication failed preserves ambiguous local edits and exact save recovery [25/25] (939.114764ms)
ℹ tests 100
ℹ suites 0
ℹ pass 100
ℹ fail 0
ℹ cancelled 0
ℹ skipped 0
ℹ todo 0
ℹ duration_ms 93430.183375
