{"level":30,"time":1791464918426,"event":"admin_authentication","authStage":"ONLINE_EXCHANGE_SUCCEEDED","correlationId":"26c6906f-7546-41b5-9b17-467c2090f4b0","statusClass":"success"}
{"level":30,"time":1791464918449,"event":"admin_authentication","authStage":"INSTALLATION_PROVIDER_READ_SUCCEEDED","correlationId":"26c6906f-7546-41b5-9b17-467c2090f4b0","statusClass":"success"}
{"level":30,"time":1791464918461,"event":"admin_authentication","authStage":"INSTALLATION_BOOTSTRAP_CREATED_SUCCEEDED","correlationId":"26c6906f-7546-41b5-9b17-467c2090f4b0","statusClass":"success"}
{"level":30,"time":1791464918462,"event":"admin_authentication","authStage":"TENANT_RECONCILIATION_SUCCEEDED","correlationId":"26c6906f-7546-41b5-9b17-467c2090f4b0","statusClass":"success"}
{"level":30,"time":1791464918462,"event":"admin_authentication","authStage":"AUTHENTICATION_SUCCEEDED","correlationId":"26c6906f-7546-41b5-9b17-467c2090f4b0","statusClass":"success"}
{"level":30,"time":1791464918468,"event":"admin_authentication","authStage":"ONLINE_EXCHANGE_SUCCEEDED","correlationId":"2df2ffcb-ad52-4777-83a1-70fd8b2e9612","statusClass":"success"}
{"level":30,"time":1791464918470,"event":"admin_authentication","authStage":"INSTALLATION_PROVIDER_READ_SUCCEEDED","correlationId":"2df2ffcb-ad52-4777-83a1-70fd8b2e9612","statusClass":"success"}
{"level":30,"time":1791464918474,"event":"admin_authentication","authStage":"INSTALLATION_BOOTSTRAP_REUSED_SUCCEEDED","correlationId":"2df2ffcb-ad52-4777-83a1-70fd8b2e9612","statusClass":"success"}
{"level":30,"time":1791464918474,"event":"admin_authentication","authStage":"TENANT_RECONCILIATION_SUCCEEDED","correlationId":"2df2ffcb-ad52-4777-83a1-70fd8b2e9612","statusClass":"success"}
{"level":30,"time":1791464918474,"event":"admin_authentication","authStage":"AUTHENTICATION_SUCCEEDED","correlationId":"2df2ffcb-ad52-4777-83a1-70fd8b2e9612","statusClass":"success"}
✔ production first verified staff session bootstraps and searches, repeat reuses provider identity (262.81283ms)
{"level":30,"time":1791464918503,"event":"admin_authentication","authStage":"ONLINE_EXCHANGE_SUCCEEDED","correlationId":"d82a55a2-87be-419f-9e83-eece2f4c43cf","statusClass":"success"}
{"level":30,"time":1791464918509,"event":"admin_authentication","authStage":"INSTALLATION_PROVIDER_READ_SUCCEEDED","correlationId":"d82a55a2-87be-419f-9e83-eece2f4c43cf","statusClass":"success"}
{"level":30,"time":1791464918516,"event":"admin_authentication","authStage":"INSTALLATION_BOOTSTRAP_CREATED_SUCCEEDED","correlationId":"d82a55a2-87be-419f-9e83-eece2f4c43cf","statusClass":"success"}
{"level":30,"time":1791464918516,"event":"admin_authentication","authStage":"TENANT_RECONCILIATION_SUCCEEDED","correlationId":"d82a55a2-87be-419f-9e83-eece2f4c43cf","statusClass":"success"}
{"level":30,"time":1791464918516,"event":"admin_authentication","authStage":"AUTHENTICATION_SUCCEEDED","correlationId":"d82a55a2-87be-419f-9e83-eece2f4c43cf","statusClass":"success"}
{"level":30,"time":1791464918517,"event":"admin_authentication","authStage":"ONLINE_EXCHANGE_SUCCEEDED","correlationId":"66dc4473-dcc3-4bf8-8d6e-86cd6d5cbb59","statusClass":"success"}
{"level":30,"time":1791464918518,"event":"admin_authentication","authStage":"INSTALLATION_PROVIDER_READ_SUCCEEDED","correlationId":"66dc4473-dcc3-4bf8-8d6e-86cd6d5cbb59","statusClass":"success"}
{"level":30,"time":1791464918528,"event":"admin_authentication","authStage":"INSTALLATION_BOOTSTRAP_REINSTALLED_SUCCEEDED","correlationId":"66dc4473-dcc3-4bf8-8d6e-86cd6d5cbb59","statusClass":"success"}
{"level":30,"time":1791464918528,"event":"admin_authentication","authStage":"TENANT_RECONCILIATION_SUCCEEDED","correlationId":"66dc4473-dcc3-4bf8-8d6e-86cd6d5cbb59","statusClass":"success"}
{"level":30,"time":1791464918528,"event":"admin_authentication","authStage":"AUTHENTICATION_SUCCEEDED","correlationId":"66dc4473-dcc3-4bf8-8d6e-86cd6d5cbb59","statusClass":"success"}
{"level":30,"time":1791464918529,"event":"admin_authentication","authStage":"ONLINE_EXCHANGE_SUCCEEDED","correlationId":"405b0c20-1d0f-42c1-847e-a4c0eaba196c","statusClass":"success"}
{"level":30,"time":1791464918531,"event":"admin_authentication","authStage":"INSTALLATION_PROVIDER_READ_SUCCEEDED","correlationId":"405b0c20-1d0f-42c1-847e-a4c0eaba196c","statusClass":"success"}
{"level":30,"time":1791464918534,"event":"admin_authentication","authStage":"INSTALLATION_BOOTSTRAP_STALE_STATE","correlationId":"405b0c20-1d0f-42c1-847e-a4c0eaba196c","statusClass":"failure"}
✔ production confirms a reinstall twice, advances once and rejects historical stale sessions (49.689305ms)
{"level":30,"time":1791464918549,"event":"admin_authentication","authStage":"ONLINE_EXCHANGE_SUCCEEDED","correlationId":"b757c366-5164-4589-9e60-9c3c5ef477fb","statusClass":"success"}
{"level":30,"time":1791464918555,"event":"admin_authentication","authStage":"INSTALLATION_PROVIDER_READ_SUCCEEDED","correlationId":"b757c366-5164-4589-9e60-9c3c5ef477fb","statusClass":"success"}
{"level":30,"time":1791464918562,"event":"admin_authentication","authStage":"INSTALLATION_BOOTSTRAP_CREATED_SUCCEEDED","correlationId":"b757c366-5164-4589-9e60-9c3c5ef477fb","statusClass":"success"}
{"level":30,"time":1791464918562,"event":"admin_authentication","authStage":"TENANT_RECONCILIATION_SUCCEEDED","correlationId":"b757c366-5164-4589-9e60-9c3c5ef477fb","statusClass":"success"}
{"level":30,"time":1791464918562,"event":"admin_authentication","authStage":"AUTHENTICATION_SUCCEEDED","correlationId":"b757c366-5164-4589-9e60-9c3c5ef477fb","statusClass":"success"}
{"level":30,"time":1791464918564,"event":"admin_authentication","authStage":"ONLINE_EXCHANGE_SUCCEEDED","correlationId":"0c1297ed-d685-4b56-a4fa-8dd7d9b44649","statusClass":"success"}
{"level":30,"time":1791464918565,"event":"admin_authentication","authStage":"INSTALLATION_PROVIDER_READ_SUCCEEDED","correlationId":"0c1297ed-d685-4b56-a4fa-8dd7d9b44649","statusClass":"success"}
{"level":30,"time":1791464918568,"event":"admin_authentication","authStage":"INSTALLATION_BOOTSTRAP_CONFIRMATION_REQUIRED","correlationId":"0c1297ed-d685-4b56-a4fa-8dd7d9b44649","statusClass":"failure"}
✔ production provider drift during reinstall confirmation leaves the generation unchanged (32.890109ms)
{"level":30,"time":1791464918592,"event":"admin_authentication","authStage":"ONLINE_EXCHANGE_SUCCEEDED","correlationId":"be242db5-95ab-4ed9-8b57-fca770abb10a","statusClass":"success"}
{"level":30,"time":1791464918593,"event":"admin_authentication","authStage":"ONLINE_EXCHANGE_SUCCEEDED","correlationId":"64441286-e028-445b-9793-cd49144f2307","statusClass":"success"}
{"level":30,"time":1791464918593,"event":"admin_authentication","authStage":"ONLINE_EXCHANGE_SUCCEEDED","correlationId":"a24f2b8c-ef6f-4895-a8aa-a5acf025c024","statusClass":"success"}
{"level":30,"time":1791464918593,"event":"admin_authentication","authStage":"ONLINE_EXCHANGE_SUCCEEDED","correlationId":"c1f45d6d-9003-4c7e-ac7c-477f4c6c17de","statusClass":"success"}
{"level":30,"time":1791464918593,"event":"admin_authentication","authStage":"ONLINE_EXCHANGE_SUCCEEDED","correlationId":"c7066c03-a35b-4b5c-9c52-4571b531c528","statusClass":"success"}
{"level":30,"time":1791464918593,"event":"admin_authentication","authStage":"ONLINE_EXCHANGE_SUCCEEDED","correlationId":"941d4ad0-645d-4f15-84a9-c5bd81f26bab","statusClass":"success"}
{"level":30,"time":1791464918593,"event":"admin_authentication","authStage":"ONLINE_EXCHANGE_SUCCEEDED","correlationId":"dcfede14-6990-46c7-84e8-83c100f73f8c","statusClass":"success"}
{"level":30,"time":1791464918593,"event":"admin_authentication","authStage":"ONLINE_EXCHANGE_SUCCEEDED","correlationId":"115b4f57-3da4-49dd-91b2-9be08804842a","statusClass":"success"}
{"level":30,"time":1791464918593,"event":"admin_authentication","authStage":"ONLINE_EXCHANGE_SUCCEEDED","correlationId":"99fd7baa-21e9-4b8a-bfb0-ab2eb7b19e98","statusClass":"success"}
{"level":30,"time":1791464918593,"event":"admin_authentication","authStage":"ONLINE_EXCHANGE_SUCCEEDED","correlationId":"3042e2aa-8599-413f-bd1b-b92adc3e476f","statusClass":"success"}
{"level":30,"time":1791464918594,"event":"admin_authentication","authStage":"ONLINE_EXCHANGE_SUCCEEDED","correlationId":"cfab8b39-dbdb-4c79-acb5-7a17b04d05be","statusClass":"success"}
{"level":30,"time":1791464918594,"event":"admin_authentication","authStage":"ONLINE_EXCHANGE_SUCCEEDED","correlationId":"812a716f-8d08-49e0-8cc1-467bc52fcc16","statusClass":"success"}
{"level":30,"time":1791464918594,"event":"admin_authentication","authStage":"ONLINE_EXCHANGE_SUCCEEDED","correlationId":"dd961d3d-f6b3-456a-9cd8-c624427422cd","statusClass":"success"}
{"level":30,"time":1791464918594,"event":"admin_authentication","authStage":"ONLINE_EXCHANGE_SUCCEEDED","correlationId":"4295c1d5-e10b-40f2-83a1-a2c531e6fe5a","statusClass":"success"}
{"level":30,"time":1791464918594,"event":"admin_authentication","authStage":"ONLINE_EXCHANGE_SUCCEEDED","correlationId":"332bf009-f204-416d-9572-83f534ddc7c9","statusClass":"success"}
{"level":30,"time":1791464918594,"event":"admin_authentication","authStage":"ONLINE_EXCHANGE_SUCCEEDED","correlationId":"e4c71f49-4673-46bd-b7bf-99bb46bc2a72","statusClass":"success"}
{"level":30,"time":1791464918594,"event":"admin_authentication","authStage":"ONLINE_EXCHANGE_SUCCEEDED","correlationId":"0435f364-3fdc-41b0-a685-949a3ef25aae","statusClass":"success"}
{"level":30,"time":1791464918594,"event":"admin_authentication","authStage":"ONLINE_EXCHANGE_SUCCEEDED","correlationId":"754011c0-aa38-4402-8730-7f30be93e8a9","statusClass":"success"}
{"level":30,"time":1791464918594,"event":"admin_authentication","authStage":"ONLINE_EXCHANGE_SUCCEEDED","correlationId":"d180af79-cd31-4592-9de0-e753df7bef4f","statusClass":"success"}
{"level":30,"time":1791464918595,"event":"admin_authentication","authStage":"ONLINE_EXCHANGE_SUCCEEDED","correlationId":"3f3bd879-c72d-4d53-b89a-a9626be12598","statusClass":"success"}
{"level":30,"time":1791464918595,"event":"admin_authentication","authStage":"ONLINE_EXCHANGE_SUCCEEDED","correlationId":"882e1419-56ed-4aeb-9747-5bac1b4a0142","statusClass":"success"}
{"level":30,"time":1791464918595,"event":"admin_authentication","authStage":"ONLINE_EXCHANGE_SUCCEEDED","correlationId":"2f8d0de1-e17b-41f8-9a12-429b0aa1f103","statusClass":"success"}
{"level":30,"time":1791464918595,"event":"admin_authentication","authStage":"ONLINE_EXCHANGE_SUCCEEDED","correlationId":"5b66a0ed-2742-49d1-b485-b6789dd6d3b9","statusClass":"success"}
{"level":30,"time":1791464918595,"event":"admin_authentication","authStage":"ONLINE_EXCHANGE_SUCCEEDED","correlationId":"940272e3-5f69-4e5a-80a5-aeb705a30c56","statusClass":"success"}
{"level":30,"time":1791464918605,"event":"admin_authentication","authStage":"INSTALLATION_PROVIDER_READ_SUCCEEDED","correlationId":"a24f2b8c-ef6f-4895-a8aa-a5acf025c024","statusClass":"success"}
{"level":30,"time":1791464918609,"event":"admin_authentication","authStage":"INSTALLATION_PROVIDER_READ_SUCCEEDED","correlationId":"be242db5-95ab-4ed9-8b57-fca770abb10a","statusClass":"success"}
{"level":30,"time":1791464918610,"event":"admin_authentication","authStage":"INSTALLATION_PROVIDER_READ_SUCCEEDED","correlationId":"c7066c03-a35b-4b5c-9c52-4571b531c528","statusClass":"success"}
{"level":30,"time":1791464918610,"event":"admin_authentication","authStage":"INSTALLATION_PROVIDER_READ_SUCCEEDED","correlationId":"cfab8b39-dbdb-4c79-acb5-7a17b04d05be","statusClass":"success"}
{"level":30,"time":1791464918611,"event":"admin_authentication","authStage":"INSTALLATION_PROVIDER_READ_SUCCEEDED","correlationId":"c1f45d6d-9003-4c7e-ac7c-477f4c6c17de","statusClass":"success"}
{"level":30,"time":1791464918612,"event":"admin_authentication","authStage":"INSTALLATION_PROVIDER_READ_SUCCEEDED","correlationId":"115b4f57-3da4-49dd-91b2-9be08804842a","statusClass":"success"}
{"level":30,"time":1791464918612,"event":"admin_authentication","authStage":"INSTALLATION_PROVIDER_READ_SUCCEEDED","correlationId":"812a716f-8d08-49e0-8cc1-467bc52fcc16","statusClass":"success"}
{"level":30,"time":1791464918613,"event":"admin_authentication","authStage":"INSTALLATION_PROVIDER_READ_SUCCEEDED","correlationId":"dd961d3d-f6b3-456a-9cd8-c624427422cd","statusClass":"success"}
{"level":30,"time":1791464918615,"event":"admin_authentication","authStage":"INSTALLATION_PROVIDER_READ_SUCCEEDED","correlationId":"dcfede14-6990-46c7-84e8-83c100f73f8c","statusClass":"success"}
{"level":30,"time":1791464918616,"event":"admin_authentication","authStage":"INSTALLATION_PROVIDER_READ_SUCCEEDED","correlationId":"64441286-e028-445b-9793-cd49144f2307","statusClass":"success"}
{"level":30,"time":1791464918617,"event":"admin_authentication","authStage":"INSTALLATION_PROVIDER_READ_SUCCEEDED","correlationId":"4295c1d5-e10b-40f2-83a1-a2c531e6fe5a","statusClass":"success"}
{"level":30,"time":1791464918619,"event":"admin_authentication","authStage":"INSTALLATION_PROVIDER_READ_SUCCEEDED","correlationId":"332bf009-f204-416d-9572-83f534ddc7c9","statusClass":"success"}
{"level":30,"time":1791464918619,"event":"admin_authentication","authStage":"INSTALLATION_PROVIDER_READ_SUCCEEDED","correlationId":"e4c71f49-4673-46bd-b7bf-99bb46bc2a72","statusClass":"success"}
{"level":30,"time":1791464918621,"event":"admin_authentication","authStage":"INSTALLATION_PROVIDER_READ_SUCCEEDED","correlationId":"0435f364-3fdc-41b0-a685-949a3ef25aae","statusClass":"success"}
{"level":30,"time":1791464918621,"event":"admin_authentication","authStage":"INSTALLATION_PROVIDER_READ_SUCCEEDED","correlationId":"754011c0-aa38-4402-8730-7f30be93e8a9","statusClass":"success"}
{"level":30,"time":1791464918622,"event":"admin_authentication","authStage":"INSTALLATION_PROVIDER_READ_SUCCEEDED","correlationId":"941d4ad0-645d-4f15-84a9-c5bd81f26bab","statusClass":"success"}
{"level":30,"time":1791464918623,"event":"admin_authentication","authStage":"INSTALLATION_PROVIDER_READ_SUCCEEDED","correlationId":"d180af79-cd31-4592-9de0-e753df7bef4f","statusClass":"success"}
{"level":30,"time":1791464918623,"event":"admin_authentication","authStage":"INSTALLATION_PROVIDER_READ_SUCCEEDED","correlationId":"3f3bd879-c72d-4d53-b89a-a9626be12598","statusClass":"success"}
{"level":30,"time":1791464918624,"event":"admin_authentication","authStage":"INSTALLATION_PROVIDER_READ_SUCCEEDED","correlationId":"882e1419-56ed-4aeb-9747-5bac1b4a0142","statusClass":"success"}
{"level":30,"time":1791464918624,"event":"admin_authentication","authStage":"INSTALLATION_PROVIDER_READ_SUCCEEDED","correlationId":"2f8d0de1-e17b-41f8-9a12-429b0aa1f103","statusClass":"success"}
{"level":30,"time":1791464918625,"event":"admin_authentication","authStage":"INSTALLATION_PROVIDER_READ_SUCCEEDED","correlationId":"5b66a0ed-2742-49d1-b485-b6789dd6d3b9","statusClass":"success"}
{"level":30,"time":1791464918625,"event":"admin_authentication","authStage":"INSTALLATION_PROVIDER_READ_SUCCEEDED","correlationId":"940272e3-5f69-4e5a-80a5-aeb705a30c56","statusClass":"success"}
{"level":30,"time":1791464918627,"event":"admin_authentication","authStage":"INSTALLATION_PROVIDER_READ_SUCCEEDED","correlationId":"99fd7baa-21e9-4b8a-bfb0-ab2eb7b19e98","statusClass":"success"}
{"level":30,"time":1791464918627,"event":"admin_authentication","authStage":"INSTALLATION_PROVIDER_READ_SUCCEEDED","correlationId":"3042e2aa-8599-413f-bd1b-b92adc3e476f","statusClass":"success"}
{"level":30,"time":1791464918635,"event":"admin_authentication","authStage":"INSTALLATION_BOOTSTRAP_CREATED_SUCCEEDED","correlationId":"a24f2b8c-ef6f-4895-a8aa-a5acf025c024","statusClass":"success"}
{"level":30,"time":1791464918635,"event":"admin_authentication","authStage":"TENANT_RECONCILIATION_SUCCEEDED","correlationId":"a24f2b8c-ef6f-4895-a8aa-a5acf025c024","statusClass":"success"}
{"level":30,"time":1791464918635,"event":"admin_authentication","authStage":"AUTHENTICATION_SUCCEEDED","correlationId":"a24f2b8c-ef6f-4895-a8aa-a5acf025c024","statusClass":"success"}
{"level":30,"time":1791464918639,"event":"admin_authentication","authStage":"INSTALLATION_BOOTSTRAP_REUSED_SUCCEEDED","correlationId":"c7066c03-a35b-4b5c-9c52-4571b531c528","statusClass":"success"}
{"level":30,"time":1791464918639,"event":"admin_authentication","authStage":"TENANT_RECONCILIATION_SUCCEEDED","correlationId":"c7066c03-a35b-4b5c-9c52-4571b531c528","statusClass":"success"}
{"level":30,"time":1791464918639,"event":"admin_authentication","authStage":"AUTHENTICATION_SUCCEEDED","correlationId":"c7066c03-a35b-4b5c-9c52-4571b531c528","statusClass":"success"}
{"level":30,"time":1791464918652,"event":"admin_authentication","authStage":"INSTALLATION_BOOTSTRAP_REUSED_SUCCEEDED","correlationId":"be242db5-95ab-4ed9-8b57-fca770abb10a","statusClass":"success"}
{"level":30,"time":1791464918652,"event":"admin_authentication","authStage":"TENANT_RECONCILIATION_SUCCEEDED","correlationId":"be242db5-95ab-4ed9-8b57-fca770abb10a","statusClass":"success"}
{"level":30,"time":1791464918652,"event":"admin_authentication","authStage":"AUTHENTICATION_SUCCEEDED","correlationId":"be242db5-95ab-4ed9-8b57-fca770abb10a","statusClass":"success"}
{"level":30,"time":1791464918655,"event":"admin_authentication","authStage":"INSTALLATION_BOOTSTRAP_REUSED_SUCCEEDED","correlationId":"cfab8b39-dbdb-4c79-acb5-7a17b04d05be","statusClass":"success"}
{"level":30,"time":1791464918655,"event":"admin_authentication","authStage":"TENANT_RECONCILIATION_SUCCEEDED","correlationId":"cfab8b39-dbdb-4c79-acb5-7a17b04d05be","statusClass":"success"}
{"level":30,"time":1791464918655,"event":"admin_authentication","authStage":"AUTHENTICATION_SUCCEEDED","correlationId":"cfab8b39-dbdb-4c79-acb5-7a17b04d05be","statusClass":"success"}
{"level":30,"time":1791464918658,"event":"admin_authentication","authStage":"INSTALLATION_BOOTSTRAP_REUSED_SUCCEEDED","correlationId":"c1f45d6d-9003-4c7e-ac7c-477f4c6c17de","statusClass":"success"}
{"level":30,"time":1791464918658,"event":"admin_authentication","authStage":"TENANT_RECONCILIATION_SUCCEEDED","correlationId":"c1f45d6d-9003-4c7e-ac7c-477f4c6c17de","statusClass":"success"}
{"level":30,"time":1791464918658,"event":"admin_authentication","authStage":"AUTHENTICATION_SUCCEEDED","correlationId":"c1f45d6d-9003-4c7e-ac7c-477f4c6c17de","statusClass":"success"}
{"level":30,"time":1791464918661,"event":"admin_authentication","authStage":"INSTALLATION_BOOTSTRAP_REUSED_SUCCEEDED","correlationId":"115b4f57-3da4-49dd-91b2-9be08804842a","statusClass":"success"}
{"level":30,"time":1791464918661,"event":"admin_authentication","authStage":"TENANT_RECONCILIATION_SUCCEEDED","correlationId":"115b4f57-3da4-49dd-91b2-9be08804842a","statusClass":"success"}
{"level":30,"time":1791464918661,"event":"admin_authentication","authStage":"AUTHENTICATION_SUCCEEDED","correlationId":"115b4f57-3da4-49dd-91b2-9be08804842a","statusClass":"success"}
{"level":30,"time":1791464918665,"event":"admin_authentication","authStage":"INSTALLATION_BOOTSTRAP_REUSED_SUCCEEDED","correlationId":"812a716f-8d08-49e0-8cc1-467bc52fcc16","statusClass":"success"}
{"level":30,"time":1791464918665,"event":"admin_authentication","authStage":"TENANT_RECONCILIATION_SUCCEEDED","correlationId":"812a716f-8d08-49e0-8cc1-467bc52fcc16","statusClass":"success"}
{"level":30,"time":1791464918665,"event":"admin_authentication","authStage":"AUTHENTICATION_SUCCEEDED","correlationId":"812a716f-8d08-49e0-8cc1-467bc52fcc16","statusClass":"success"}
{"level":30,"time":1791464918670,"event":"admin_authentication","authStage":"INSTALLATION_BOOTSTRAP_REUSED_SUCCEEDED","correlationId":"dd961d3d-f6b3-456a-9cd8-c624427422cd","statusClass":"success"}
{"level":30,"time":1791464918670,"event":"admin_authentication","authStage":"TENANT_RECONCILIATION_SUCCEEDED","correlationId":"dd961d3d-f6b3-456a-9cd8-c624427422cd","statusClass":"success"}
{"level":30,"time":1791464918670,"event":"admin_authentication","authStage":"AUTHENTICATION_SUCCEEDED","correlationId":"dd961d3d-f6b3-456a-9cd8-c624427422cd","statusClass":"success"}
{"level":30,"time":1791464918673,"event":"admin_authentication","authStage":"INSTALLATION_BOOTSTRAP_REUSED_SUCCEEDED","correlationId":"dcfede14-6990-46c7-84e8-83c100f73f8c","statusClass":"success"}
{"level":30,"time":1791464918673,"event":"admin_authentication","authStage":"TENANT_RECONCILIATION_SUCCEEDED","correlationId":"dcfede14-6990-46c7-84e8-83c100f73f8c","statusClass":"success"}
{"level":30,"time":1791464918673,"event":"admin_authentication","authStage":"AUTHENTICATION_SUCCEEDED","correlationId":"dcfede14-6990-46c7-84e8-83c100f73f8c","statusClass":"success"}
{"level":30,"time":1791464918677,"event":"admin_authentication","authStage":"INSTALLATION_BOOTSTRAP_REUSED_SUCCEEDED","correlationId":"64441286-e028-445b-9793-cd49144f2307","statusClass":"success"}
{"level":30,"time":1791464918677,"event":"admin_authentication","authStage":"TENANT_RECONCILIATION_SUCCEEDED","correlationId":"64441286-e028-445b-9793-cd49144f2307","statusClass":"success"}
{"level":30,"time":1791464918677,"event":"admin_authentication","authStage":"AUTHENTICATION_SUCCEEDED","correlationId":"64441286-e028-445b-9793-cd49144f2307","statusClass":"success"}
{"level":30,"time":1791464918680,"event":"admin_authentication","authStage":"INSTALLATION_BOOTSTRAP_REUSED_SUCCEEDED","correlationId":"4295c1d5-e10b-40f2-83a1-a2c531e6fe5a","statusClass":"success"}
{"level":30,"time":1791464918680,"event":"admin_authentication","authStage":"TENANT_RECONCILIATION_SUCCEEDED","correlationId":"4295c1d5-e10b-40f2-83a1-a2c531e6fe5a","statusClass":"success"}
{"level":30,"time":1791464918680,"event":"admin_authentication","authStage":"AUTHENTICATION_SUCCEEDED","correlationId":"4295c1d5-e10b-40f2-83a1-a2c531e6fe5a","statusClass":"success"}
{"level":30,"time":1791464918683,"event":"admin_authentication","authStage":"INSTALLATION_BOOTSTRAP_REUSED_SUCCEEDED","correlationId":"332bf009-f204-416d-9572-83f534ddc7c9","statusClass":"success"}
{"level":30,"time":1791464918683,"event":"admin_authentication","authStage":"TENANT_RECONCILIATION_SUCCEEDED","correlationId":"332bf009-f204-416d-9572-83f534ddc7c9","statusClass":"success"}
{"level":30,"time":1791464918683,"event":"admin_authentication","authStage":"AUTHENTICATION_SUCCEEDED","correlationId":"332bf009-f204-416d-9572-83f534ddc7c9","statusClass":"success"}
{"level":30,"time":1791464918686,"event":"admin_authentication","authStage":"INSTALLATION_BOOTSTRAP_REUSED_SUCCEEDED","correlationId":"e4c71f49-4673-46bd-b7bf-99bb46bc2a72","statusClass":"success"}
{"level":30,"time":1791464918686,"event":"admin_authentication","authStage":"TENANT_RECONCILIATION_SUCCEEDED","correlationId":"e4c71f49-4673-46bd-b7bf-99bb46bc2a72","statusClass":"success"}
{"level":30,"time":1791464918686,"event":"admin_authentication","authStage":"AUTHENTICATION_SUCCEEDED","correlationId":"e4c71f49-4673-46bd-b7bf-99bb46bc2a72","statusClass":"success"}
{"level":30,"time":1791464918689,"event":"admin_authentication","authStage":"INSTALLATION_BOOTSTRAP_REUSED_SUCCEEDED","correlationId":"0435f364-3fdc-41b0-a685-949a3ef25aae","statusClass":"success"}
{"level":30,"time":1791464918689,"event":"admin_authentication","authStage":"TENANT_RECONCILIATION_SUCCEEDED","correlationId":"0435f364-3fdc-41b0-a685-949a3ef25aae","statusClass":"success"}
{"level":30,"time":1791464918689,"event":"admin_authentication","authStage":"AUTHENTICATION_SUCCEEDED","correlationId":"0435f364-3fdc-41b0-a685-949a3ef25aae","statusClass":"success"}
{"level":30,"time":1791464918693,"event":"admin_authentication","authStage":"INSTALLATION_BOOTSTRAP_REUSED_SUCCEEDED","correlationId":"754011c0-aa38-4402-8730-7f30be93e8a9","statusClass":"success"}
{"level":30,"time":1791464918693,"event":"admin_authentication","authStage":"TENANT_RECONCILIATION_SUCCEEDED","correlationId":"754011c0-aa38-4402-8730-7f30be93e8a9","statusClass":"success"}
{"level":30,"time":1791464918693,"event":"admin_authentication","authStage":"AUTHENTICATION_SUCCEEDED","correlationId":"754011c0-aa38-4402-8730-7f30be93e8a9","statusClass":"success"}
{"level":30,"time":1791464918696,"event":"admin_authentication","authStage":"INSTALLATION_BOOTSTRAP_REUSED_SUCCEEDED","correlationId":"941d4ad0-645d-4f15-84a9-c5bd81f26bab","statusClass":"success"}
{"level":30,"time":1791464918696,"event":"admin_authentication","authStage":"TENANT_RECONCILIATION_SUCCEEDED","correlationId":"941d4ad0-645d-4f15-84a9-c5bd81f26bab","statusClass":"success"}
{"level":30,"time":1791464918696,"event":"admin_authentication","authStage":"AUTHENTICATION_SUCCEEDED","correlationId":"941d4ad0-645d-4f15-84a9-c5bd81f26bab","statusClass":"success"}
{"level":30,"time":1791464918699,"event":"admin_authentication","authStage":"INSTALLATION_BOOTSTRAP_REUSED_SUCCEEDED","correlationId":"d180af79-cd31-4592-9de0-e753df7bef4f","statusClass":"success"}
{"level":30,"time":1791464918699,"event":"admin_authentication","authStage":"TENANT_RECONCILIATION_SUCCEEDED","correlationId":"d180af79-cd31-4592-9de0-e753df7bef4f","statusClass":"success"}
{"level":30,"time":1791464918699,"event":"admin_authentication","authStage":"AUTHENTICATION_SUCCEEDED","correlationId":"d180af79-cd31-4592-9de0-e753df7bef4f","statusClass":"success"}
{"level":30,"time":1791464918703,"event":"admin_authentication","authStage":"INSTALLATION_BOOTSTRAP_REUSED_SUCCEEDED","correlationId":"3f3bd879-c72d-4d53-b89a-a9626be12598","statusClass":"success"}
{"level":30,"time":1791464918703,"event":"admin_authentication","authStage":"TENANT_RECONCILIATION_SUCCEEDED","correlationId":"3f3bd879-c72d-4d53-b89a-a9626be12598","statusClass":"success"}
{"level":30,"time":1791464918703,"event":"admin_authentication","authStage":"AUTHENTICATION_SUCCEEDED","correlationId":"3f3bd879-c72d-4d53-b89a-a9626be12598","statusClass":"success"}
{"level":30,"time":1791464918706,"event":"admin_authentication","authStage":"INSTALLATION_BOOTSTRAP_REUSED_SUCCEEDED","correlationId":"882e1419-56ed-4aeb-9747-5bac1b4a0142","statusClass":"success"}
{"level":30,"time":1791464918706,"event":"admin_authentication","authStage":"TENANT_RECONCILIATION_SUCCEEDED","correlationId":"882e1419-56ed-4aeb-9747-5bac1b4a0142","statusClass":"success"}
{"level":30,"time":1791464918706,"event":"admin_authentication","authStage":"AUTHENTICATION_SUCCEEDED","correlationId":"882e1419-56ed-4aeb-9747-5bac1b4a0142","statusClass":"success"}
{"level":30,"time":1791464918709,"event":"admin_authentication","authStage":"INSTALLATION_BOOTSTRAP_REUSED_SUCCEEDED","correlationId":"2f8d0de1-e17b-41f8-9a12-429b0aa1f103","statusClass":"success"}
{"level":30,"time":1791464918709,"event":"admin_authentication","authStage":"TENANT_RECONCILIATION_SUCCEEDED","correlationId":"2f8d0de1-e17b-41f8-9a12-429b0aa1f103","statusClass":"success"}
{"level":30,"time":1791464918709,"event":"admin_authentication","authStage":"AUTHENTICATION_SUCCEEDED","correlationId":"2f8d0de1-e17b-41f8-9a12-429b0aa1f103","statusClass":"success"}
{"level":30,"time":1791464918716,"event":"admin_authentication","authStage":"INSTALLATION_BOOTSTRAP_REUSED_SUCCEEDED","correlationId":"5b66a0ed-2742-49d1-b485-b6789dd6d3b9","statusClass":"success"}
{"level":30,"time":1791464918716,"event":"admin_authentication","authStage":"TENANT_RECONCILIATION_SUCCEEDED","correlationId":"5b66a0ed-2742-49d1-b485-b6789dd6d3b9","statusClass":"success"}
{"level":30,"time":1791464918716,"event":"admin_authentication","authStage":"AUTHENTICATION_SUCCEEDED","correlationId":"5b66a0ed-2742-49d1-b485-b6789dd6d3b9","statusClass":"success"}
{"level":30,"time":1791464918722,"event":"admin_authentication","authStage":"INSTALLATION_BOOTSTRAP_REUSED_SUCCEEDED","correlationId":"940272e3-5f69-4e5a-80a5-aeb705a30c56","statusClass":"success"}
{"level":30,"time":1791464918722,"event":"admin_authentication","authStage":"TENANT_RECONCILIATION_SUCCEEDED","correlationId":"940272e3-5f69-4e5a-80a5-aeb705a30c56","statusClass":"success"}
{"level":30,"time":1791464918722,"event":"admin_authentication","authStage":"AUTHENTICATION_SUCCEEDED","correlationId":"940272e3-5f69-4e5a-80a5-aeb705a30c56","statusClass":"success"}
{"level":30,"time":1791464918729,"event":"admin_authentication","authStage":"INSTALLATION_BOOTSTRAP_REUSED_SUCCEEDED","correlationId":"99fd7baa-21e9-4b8a-bfb0-ab2eb7b19e98","statusClass":"success"}
{"level":30,"time":1791464918729,"event":"admin_authentication","authStage":"TENANT_RECONCILIATION_SUCCEEDED","correlationId":"99fd7baa-21e9-4b8a-bfb0-ab2eb7b19e98","statusClass":"success"}
{"level":30,"time":1791464918729,"event":"admin_authentication","authStage":"AUTHENTICATION_SUCCEEDED","correlationId":"99fd7baa-21e9-4b8a-bfb0-ab2eb7b19e98","statusClass":"success"}
{"level":30,"time":1791464918737,"event":"admin_authentication","authStage":"INSTALLATION_BOOTSTRAP_REUSED_SUCCEEDED","correlationId":"3042e2aa-8599-413f-bd1b-b92adc3e476f","statusClass":"success"}
{"level":30,"time":1791464918737,"event":"admin_authentication","authStage":"TENANT_RECONCILIATION_SUCCEEDED","correlationId":"3042e2aa-8599-413f-bd1b-b92adc3e476f","statusClass":"success"}
{"level":30,"time":1791464918737,"event":"admin_authentication","authStage":"AUTHENTICATION_SUCCEEDED","correlationId":"3042e2aa-8599-413f-bd1b-b92adc3e476f","statusClass":"success"}
{"level":30,"time":1791464918757,"event":"admin_authentication","authStage":"ONLINE_EXCHANGE_SUCCEEDED","correlationId":"7e1cecca-07dc-413c-8603-be99aa13b599","statusClass":"success"}
{"level":30,"time":1791464918758,"event":"admin_authentication","authStage":"ONLINE_EXCHANGE_SUCCEEDED","correlationId":"52b38f81-d729-41d8-a9b8-cf6df7196bcc","statusClass":"success"}
{"level":30,"time":1791464918758,"event":"admin_authentication","authStage":"ONLINE_EXCHANGE_SUCCEEDED","correlationId":"e35c28d2-e962-4f4c-b989-aa20541d19e5","statusClass":"success"}
{"level":30,"time":1791464918758,"event":"admin_authentication","authStage":"ONLINE_EXCHANGE_SUCCEEDED","correlationId":"b8e132dd-8ea3-4880-9ebb-abcadb817d13","statusClass":"success"}
{"level":30,"time":1791464918758,"event":"admin_authentication","authStage":"ONLINE_EXCHANGE_SUCCEEDED","correlationId":"9832ebb5-a177-4c2e-bfc0-5202d2a70d06","statusClass":"success"}
{"level":30,"time":1791464918759,"event":"admin_authentication","authStage":"ONLINE_EXCHANGE_SUCCEEDED","correlationId":"0bf00dc7-b2b6-4b0c-a027-a963d9208245","statusClass":"success"}
{"level":30,"time":1791464918759,"event":"admin_authentication","authStage":"ONLINE_EXCHANGE_SUCCEEDED","correlationId":"c23920bd-4d17-44d9-b2b1-2818ed344bdb","statusClass":"success"}
{"level":30,"time":1791464918759,"event":"admin_authentication","authStage":"ONLINE_EXCHANGE_SUCCEEDED","correlationId":"2e068b87-0a16-45f0-bb62-acca3c8fe62b","statusClass":"success"}
{"level":30,"time":1791464918759,"event":"admin_authentication","authStage":"ONLINE_EXCHANGE_SUCCEEDED","correlationId":"37da3aae-f109-490d-a63d-18e11937d32e","statusClass":"success"}
{"level":30,"time":1791464918759,"event":"admin_authentication","authStage":"ONLINE_EXCHANGE_SUCCEEDED","correlationId":"b8d4e24a-afc9-41dc-b60f-7a399ea1937d","statusClass":"success"}
{"level":30,"time":1791464918759,"event":"admin_authentication","authStage":"ONLINE_EXCHANGE_SUCCEEDED","correlationId":"8d587b4b-74f6-4738-b44c-f36d8dfb1333","statusClass":"success"}
{"level":30,"time":1791464918759,"event":"admin_authentication","authStage":"ONLINE_EXCHANGE_SUCCEEDED","correlationId":"abcf47ef-87e2-43be-855e-c15ffacc3884","statusClass":"success"}
{"level":30,"time":1791464918760,"event":"admin_authentication","authStage":"ONLINE_EXCHANGE_SUCCEEDED","correlationId":"dba13f94-a3a8-4d12-9b39-b04d5dc66a24","statusClass":"success"}
{"level":30,"time":1791464918760,"event":"admin_authentication","authStage":"ONLINE_EXCHANGE_SUCCEEDED","correlationId":"315dba4b-ae94-48b6-8d1c-bafba215c0d0","statusClass":"success"}
{"level":30,"time":1791464918760,"event":"admin_authentication","authStage":"ONLINE_EXCHANGE_SUCCEEDED","correlationId":"b1e87d93-3167-4360-9301-e3df64cf5ad7","statusClass":"success"}
{"level":30,"time":1791464918760,"event":"admin_authentication","authStage":"ONLINE_EXCHANGE_SUCCEEDED","correlationId":"c8579e25-b4e4-4dde-aec3-b176a01a27f9","statusClass":"success"}
{"level":30,"time":1791464918760,"event":"admin_authentication","authStage":"ONLINE_EXCHANGE_SUCCEEDED","correlationId":"fd9c01a8-830f-4581-9859-38cd1fa4e6d0","statusClass":"success"}
{"level":30,"time":1791464918760,"event":"admin_authentication","authStage":"ONLINE_EXCHANGE_SUCCEEDED","correlationId":"42dfae5c-9d23-436b-b060-0cf96623b019","statusClass":"success"}
{"level":30,"time":1791464918761,"event":"admin_authentication","authStage":"ONLINE_EXCHANGE_SUCCEEDED","correlationId":"d60fc861-a747-4c45-b7b2-4e4d45089218","statusClass":"success"}
{"level":30,"time":1791464918761,"event":"admin_authentication","authStage":"ONLINE_EXCHANGE_SUCCEEDED","correlationId":"534ca672-cc19-484a-8d97-83bb15159f1b","statusClass":"success"}
{"level":30,"time":1791464918761,"event":"admin_authentication","authStage":"ONLINE_EXCHANGE_SUCCEEDED","correlationId":"23cd7a07-da35-4e33-ba90-8983ab27daf3","statusClass":"success"}
{"level":30,"time":1791464918761,"event":"admin_authentication","authStage":"ONLINE_EXCHANGE_SUCCEEDED","correlationId":"6fbc55bb-d7ca-4ef1-b97d-25a0b1f6cdce","statusClass":"success"}
{"level":30,"time":1791464918761,"event":"admin_authentication","authStage":"ONLINE_EXCHANGE_SUCCEEDED","correlationId":"e70f8f6c-4676-4da2-aef3-cab4cc6f4f4b","statusClass":"success"}
{"level":30,"time":1791464918761,"event":"admin_authentication","authStage":"ONLINE_EXCHANGE_SUCCEEDED","correlationId":"8b43803b-523b-4575-bcf6-aa99bba98fe3","statusClass":"success"}
{"level":30,"time":1791464918764,"event":"admin_authentication","authStage":"INSTALLATION_PROVIDER_READ_SUCCEEDED","correlationId":"7e1cecca-07dc-413c-8603-be99aa13b599","statusClass":"success"}
{"level":30,"time":1791464918765,"event":"admin_authentication","authStage":"INSTALLATION_PROVIDER_READ_SUCCEEDED","correlationId":"52b38f81-d729-41d8-a9b8-cf6df7196bcc","statusClass":"success"}
{"level":30,"time":1791464918766,"event":"admin_authentication","authStage":"INSTALLATION_PROVIDER_READ_SUCCEEDED","correlationId":"e35c28d2-e962-4f4c-b989-aa20541d19e5","statusClass":"success"}
{"level":30,"time":1791464918768,"event":"admin_authentication","authStage":"INSTALLATION_PROVIDER_READ_SUCCEEDED","correlationId":"8d587b4b-74f6-4738-b44c-f36d8dfb1333","statusClass":"success"}
{"level":30,"time":1791464918769,"event":"admin_authentication","authStage":"INSTALLATION_PROVIDER_READ_SUCCEEDED","correlationId":"abcf47ef-87e2-43be-855e-c15ffacc3884","statusClass":"success"}
{"level":30,"time":1791464918770,"event":"admin_authentication","authStage":"INSTALLATION_PROVIDER_READ_SUCCEEDED","correlationId":"dba13f94-a3a8-4d12-9b39-b04d5dc66a24","statusClass":"success"}
{"level":30,"time":1791464918771,"event":"admin_authentication","authStage":"INSTALLATION_PROVIDER_READ_SUCCEEDED","correlationId":"b8e132dd-8ea3-4880-9ebb-abcadb817d13","statusClass":"success"}
{"level":30,"time":1791464918772,"event":"admin_authentication","authStage":"INSTALLATION_PROVIDER_READ_SUCCEEDED","correlationId":"37da3aae-f109-490d-a63d-18e11937d32e","statusClass":"success"}
{"level":30,"time":1791464918772,"event":"admin_authentication","authStage":"INSTALLATION_PROVIDER_READ_SUCCEEDED","correlationId":"9832ebb5-a177-4c2e-bfc0-5202d2a70d06","statusClass":"success"}
{"level":30,"time":1791464918773,"event":"admin_authentication","authStage":"INSTALLATION_PROVIDER_READ_SUCCEEDED","correlationId":"2e068b87-0a16-45f0-bb62-acca3c8fe62b","statusClass":"success"}
{"level":30,"time":1791464918774,"event":"admin_authentication","authStage":"INSTALLATION_PROVIDER_READ_SUCCEEDED","correlationId":"0bf00dc7-b2b6-4b0c-a027-a963d9208245","statusClass":"success"}
{"level":30,"time":1791464918775,"event":"admin_authentication","authStage":"INSTALLATION_PROVIDER_READ_SUCCEEDED","correlationId":"c23920bd-4d17-44d9-b2b1-2818ed344bdb","statusClass":"success"}
{"level":30,"time":1791464918776,"event":"admin_authentication","authStage":"INSTALLATION_PROVIDER_READ_SUCCEEDED","correlationId":"b8d4e24a-afc9-41dc-b60f-7a399ea1937d","statusClass":"success"}
{"level":30,"time":1791464918777,"event":"admin_authentication","authStage":"INSTALLATION_PROVIDER_READ_SUCCEEDED","correlationId":"315dba4b-ae94-48b6-8d1c-bafba215c0d0","statusClass":"success"}
{"level":30,"time":1791464918778,"event":"admin_authentication","authStage":"INSTALLATION_PROVIDER_READ_SUCCEEDED","correlationId":"b1e87d93-3167-4360-9301-e3df64cf5ad7","statusClass":"success"}
{"level":30,"time":1791464918778,"event":"admin_authentication","authStage":"INSTALLATION_PROVIDER_READ_SUCCEEDED","correlationId":"c8579e25-b4e4-4dde-aec3-b176a01a27f9","statusClass":"success"}
{"level":30,"time":1791464918779,"event":"admin_authentication","authStage":"INSTALLATION_PROVIDER_READ_SUCCEEDED","correlationId":"fd9c01a8-830f-4581-9859-38cd1fa4e6d0","statusClass":"success"}
{"level":30,"time":1791464918780,"event":"admin_authentication","authStage":"INSTALLATION_PROVIDER_READ_SUCCEEDED","correlationId":"42dfae5c-9d23-436b-b060-0cf96623b019","statusClass":"success"}
{"level":30,"time":1791464918780,"event":"admin_authentication","authStage":"INSTALLATION_PROVIDER_READ_SUCCEEDED","correlationId":"d60fc861-a747-4c45-b7b2-4e4d45089218","statusClass":"success"}
{"level":30,"time":1791464918781,"event":"admin_authentication","authStage":"INSTALLATION_PROVIDER_READ_SUCCEEDED","correlationId":"534ca672-cc19-484a-8d97-83bb15159f1b","statusClass":"success"}
{"level":30,"time":1791464918782,"event":"admin_authentication","authStage":"INSTALLATION_PROVIDER_READ_SUCCEEDED","correlationId":"23cd7a07-da35-4e33-ba90-8983ab27daf3","statusClass":"success"}
{"level":30,"time":1791464918782,"event":"admin_authentication","authStage":"INSTALLATION_PROVIDER_READ_SUCCEEDED","correlationId":"6fbc55bb-d7ca-4ef1-b97d-25a0b1f6cdce","statusClass":"success"}
{"level":30,"time":1791464918783,"event":"admin_authentication","authStage":"INSTALLATION_PROVIDER_READ_SUCCEEDED","correlationId":"e70f8f6c-4676-4da2-aef3-cab4cc6f4f4b","statusClass":"success"}
{"level":30,"time":1791464918784,"event":"admin_authentication","authStage":"INSTALLATION_PROVIDER_READ_SUCCEEDED","correlationId":"8b43803b-523b-4575-bcf6-aa99bba98fe3","statusClass":"success"}
{"level":30,"time":1791464918793,"event":"admin_authentication","authStage":"INSTALLATION_BOOTSTRAP_REINSTALLED_SUCCEEDED","correlationId":"7e1cecca-07dc-413c-8603-be99aa13b599","statusClass":"success"}
{"level":30,"time":1791464918793,"event":"admin_authentication","authStage":"TENANT_RECONCILIATION_SUCCEEDED","correlationId":"7e1cecca-07dc-413c-8603-be99aa13b599","statusClass":"success"}
{"level":30,"time":1791464918793,"event":"admin_authentication","authStage":"AUTHENTICATION_SUCCEEDED","correlationId":"7e1cecca-07dc-413c-8603-be99aa13b599","statusClass":"success"}
{"level":30,"time":1791464918796,"event":"admin_authentication","authStage":"INSTALLATION_BOOTSTRAP_REUSED_SUCCEEDED","correlationId":"52b38f81-d729-41d8-a9b8-cf6df7196bcc","statusClass":"success"}
{"level":30,"time":1791464918796,"event":"admin_authentication","authStage":"TENANT_RECONCILIATION_SUCCEEDED","correlationId":"52b38f81-d729-41d8-a9b8-cf6df7196bcc","statusClass":"success"}
{"level":30,"time":1791464918796,"event":"admin_authentication","authStage":"AUTHENTICATION_SUCCEEDED","correlationId":"52b38f81-d729-41d8-a9b8-cf6df7196bcc","statusClass":"success"}
{"level":30,"time":1791464918799,"event":"admin_authentication","authStage":"INSTALLATION_BOOTSTRAP_REUSED_SUCCEEDED","correlationId":"e35c28d2-e962-4f4c-b989-aa20541d19e5","statusClass":"success"}
{"level":30,"time":1791464918799,"event":"admin_authentication","authStage":"TENANT_RECONCILIATION_SUCCEEDED","correlationId":"e35c28d2-e962-4f4c-b989-aa20541d19e5","statusClass":"success"}
{"level":30,"time":1791464918799,"event":"admin_authentication","authStage":"AUTHENTICATION_SUCCEEDED","correlationId":"e35c28d2-e962-4f4c-b989-aa20541d19e5","statusClass":"success"}
{"level":30,"time":1791464918802,"event":"admin_authentication","authStage":"INSTALLATION_BOOTSTRAP_REUSED_SUCCEEDED","correlationId":"8d587b4b-74f6-4738-b44c-f36d8dfb1333","statusClass":"success"}
{"level":30,"time":1791464918802,"event":"admin_authentication","authStage":"TENANT_RECONCILIATION_SUCCEEDED","correlationId":"8d587b4b-74f6-4738-b44c-f36d8dfb1333","statusClass":"success"}
{"level":30,"time":1791464918802,"event":"admin_authentication","authStage":"AUTHENTICATION_SUCCEEDED","correlationId":"8d587b4b-74f6-4738-b44c-f36d8dfb1333","statusClass":"success"}
{"level":30,"time":1791464918805,"event":"admin_authentication","authStage":"INSTALLATION_BOOTSTRAP_REUSED_SUCCEEDED","correlationId":"abcf47ef-87e2-43be-855e-c15ffacc3884","statusClass":"success"}
{"level":30,"time":1791464918805,"event":"admin_authentication","authStage":"TENANT_RECONCILIATION_SUCCEEDED","correlationId":"abcf47ef-87e2-43be-855e-c15ffacc3884","statusClass":"success"}
{"level":30,"time":1791464918805,"event":"admin_authentication","authStage":"AUTHENTICATION_SUCCEEDED","correlationId":"abcf47ef-87e2-43be-855e-c15ffacc3884","statusClass":"success"}
{"level":30,"time":1791464918809,"event":"admin_authentication","authStage":"INSTALLATION_BOOTSTRAP_REUSED_SUCCEEDED","correlationId":"dba13f94-a3a8-4d12-9b39-b04d5dc66a24","statusClass":"success"}
{"level":30,"time":1791464918809,"event":"admin_authentication","authStage":"TENANT_RECONCILIATION_SUCCEEDED","correlationId":"dba13f94-a3a8-4d12-9b39-b04d5dc66a24","statusClass":"success"}
{"level":30,"time":1791464918809,"event":"admin_authentication","authStage":"AUTHENTICATION_SUCCEEDED","correlationId":"dba13f94-a3a8-4d12-9b39-b04d5dc66a24","statusClass":"success"}
{"level":30,"time":1791464918812,"event":"admin_authentication","authStage":"INSTALLATION_BOOTSTRAP_REUSED_SUCCEEDED","correlationId":"b8e132dd-8ea3-4880-9ebb-abcadb817d13","statusClass":"success"}
{"level":30,"time":1791464918812,"event":"admin_authentication","authStage":"TENANT_RECONCILIATION_SUCCEEDED","correlationId":"b8e132dd-8ea3-4880-9ebb-abcadb817d13","statusClass":"success"}
{"level":30,"time":1791464918812,"event":"admin_authentication","authStage":"AUTHENTICATION_SUCCEEDED","correlationId":"b8e132dd-8ea3-4880-9ebb-abcadb817d13","statusClass":"success"}
{"level":30,"time":1791464918816,"event":"admin_authentication","authStage":"INSTALLATION_BOOTSTRAP_REUSED_SUCCEEDED","correlationId":"37da3aae-f109-490d-a63d-18e11937d32e","statusClass":"success"}
{"level":30,"time":1791464918816,"event":"admin_authentication","authStage":"TENANT_RECONCILIATION_SUCCEEDED","correlationId":"37da3aae-f109-490d-a63d-18e11937d32e","statusClass":"success"}
{"level":30,"time":1791464918816,"event":"admin_authentication","authStage":"AUTHENTICATION_SUCCEEDED","correlationId":"37da3aae-f109-490d-a63d-18e11937d32e","statusClass":"success"}
{"level":30,"time":1791464918819,"event":"admin_authentication","authStage":"INSTALLATION_BOOTSTRAP_REUSED_SUCCEEDED","correlationId":"9832ebb5-a177-4c2e-bfc0-5202d2a70d06","statusClass":"success"}
{"level":30,"time":1791464918819,"event":"admin_authentication","authStage":"TENANT_RECONCILIATION_SUCCEEDED","correlationId":"9832ebb5-a177-4c2e-bfc0-5202d2a70d06","statusClass":"success"}
{"level":30,"time":1791464918819,"event":"admin_authentication","authStage":"AUTHENTICATION_SUCCEEDED","correlationId":"9832ebb5-a177-4c2e-bfc0-5202d2a70d06","statusClass":"success"}
{"level":30,"time":1791464918822,"event":"admin_authentication","authStage":"INSTALLATION_BOOTSTRAP_REUSED_SUCCEEDED","correlationId":"2e068b87-0a16-45f0-bb62-acca3c8fe62b","statusClass":"success"}
{"level":30,"time":1791464918822,"event":"admin_authentication","authStage":"TENANT_RECONCILIATION_SUCCEEDED","correlationId":"2e068b87-0a16-45f0-bb62-acca3c8fe62b","statusClass":"success"}
{"level":30,"time":1791464918822,"event":"admin_authentication","authStage":"AUTHENTICATION_SUCCEEDED","correlationId":"2e068b87-0a16-45f0-bb62-acca3c8fe62b","statusClass":"success"}
{"level":30,"time":1791464918826,"event":"admin_authentication","authStage":"INSTALLATION_BOOTSTRAP_REUSED_SUCCEEDED","correlationId":"0bf00dc7-b2b6-4b0c-a027-a963d9208245","statusClass":"success"}
{"level":30,"time":1791464918826,"event":"admin_authentication","authStage":"TENANT_RECONCILIATION_SUCCEEDED","correlationId":"0bf00dc7-b2b6-4b0c-a027-a963d9208245","statusClass":"success"}
{"level":30,"time":1791464918826,"event":"admin_authentication","authStage":"AUTHENTICATION_SUCCEEDED","correlationId":"0bf00dc7-b2b6-4b0c-a027-a963d9208245","statusClass":"success"}
{"level":30,"time":1791464918829,"event":"admin_authentication","authStage":"INSTALLATION_BOOTSTRAP_REUSED_SUCCEEDED","correlationId":"c23920bd-4d17-44d9-b2b1-2818ed344bdb","statusClass":"success"}
{"level":30,"time":1791464918829,"event":"admin_authentication","authStage":"TENANT_RECONCILIATION_SUCCEEDED","correlationId":"c23920bd-4d17-44d9-b2b1-2818ed344bdb","statusClass":"success"}
{"level":30,"time":1791464918829,"event":"admin_authentication","authStage":"AUTHENTICATION_SUCCEEDED","correlationId":"c23920bd-4d17-44d9-b2b1-2818ed344bdb","statusClass":"success"}
{"level":30,"time":1791464918832,"event":"admin_authentication","authStage":"INSTALLATION_BOOTSTRAP_REUSED_SUCCEEDED","correlationId":"b8d4e24a-afc9-41dc-b60f-7a399ea1937d","statusClass":"success"}
{"level":30,"time":1791464918832,"event":"admin_authentication","authStage":"TENANT_RECONCILIATION_SUCCEEDED","correlationId":"b8d4e24a-afc9-41dc-b60f-7a399ea1937d","statusClass":"success"}
{"level":30,"time":1791464918832,"event":"admin_authentication","authStage":"AUTHENTICATION_SUCCEEDED","correlationId":"b8d4e24a-afc9-41dc-b60f-7a399ea1937d","statusClass":"success"}
{"level":30,"time":1791464918835,"event":"admin_authentication","authStage":"INSTALLATION_BOOTSTRAP_REUSED_SUCCEEDED","correlationId":"315dba4b-ae94-48b6-8d1c-bafba215c0d0","statusClass":"success"}
{"level":30,"time":1791464918835,"event":"admin_authentication","authStage":"TENANT_RECONCILIATION_SUCCEEDED","correlationId":"315dba4b-ae94-48b6-8d1c-bafba215c0d0","statusClass":"success"}
{"level":30,"time":1791464918835,"event":"admin_authentication","authStage":"AUTHENTICATION_SUCCEEDED","correlationId":"315dba4b-ae94-48b6-8d1c-bafba215c0d0","statusClass":"success"}
{"level":30,"time":1791464918838,"event":"admin_authentication","authStage":"INSTALLATION_BOOTSTRAP_REUSED_SUCCEEDED","correlationId":"b1e87d93-3167-4360-9301-e3df64cf5ad7","statusClass":"success"}
{"level":30,"time":1791464918838,"event":"admin_authentication","authStage":"TENANT_RECONCILIATION_SUCCEEDED","correlationId":"b1e87d93-3167-4360-9301-e3df64cf5ad7","statusClass":"success"}
{"level":30,"time":1791464918838,"event":"admin_authentication","authStage":"AUTHENTICATION_SUCCEEDED","correlationId":"b1e87d93-3167-4360-9301-e3df64cf5ad7","statusClass":"success"}
{"level":30,"time":1791464918841,"event":"admin_authentication","authStage":"INSTALLATION_BOOTSTRAP_REUSED_SUCCEEDED","correlationId":"c8579e25-b4e4-4dde-aec3-b176a01a27f9","statusClass":"success"}
{"level":30,"time":1791464918841,"event":"admin_authentication","authStage":"TENANT_RECONCILIATION_SUCCEEDED","correlationId":"c8579e25-b4e4-4dde-aec3-b176a01a27f9","statusClass":"success"}
{"level":30,"time":1791464918841,"event":"admin_authentication","authStage":"AUTHENTICATION_SUCCEEDED","correlationId":"c8579e25-b4e4-4dde-aec3-b176a01a27f9","statusClass":"success"}
{"level":30,"time":1791464918844,"event":"admin_authentication","authStage":"INSTALLATION_BOOTSTRAP_REUSED_SUCCEEDED","correlationId":"fd9c01a8-830f-4581-9859-38cd1fa4e6d0","statusClass":"success"}
{"level":30,"time":1791464918844,"event":"admin_authentication","authStage":"TENANT_RECONCILIATION_SUCCEEDED","correlationId":"fd9c01a8-830f-4581-9859-38cd1fa4e6d0","statusClass":"success"}
{"level":30,"time":1791464918844,"event":"admin_authentication","authStage":"AUTHENTICATION_SUCCEEDED","correlationId":"fd9c01a8-830f-4581-9859-38cd1fa4e6d0","statusClass":"success"}
{"level":30,"time":1791464918847,"event":"admin_authentication","authStage":"INSTALLATION_BOOTSTRAP_REUSED_SUCCEEDED","correlationId":"42dfae5c-9d23-436b-b060-0cf96623b019","statusClass":"success"}
{"level":30,"time":1791464918847,"event":"admin_authentication","authStage":"TENANT_RECONCILIATION_SUCCEEDED","correlationId":"42dfae5c-9d23-436b-b060-0cf96623b019","statusClass":"success"}
{"level":30,"time":1791464918847,"event":"admin_authentication","authStage":"AUTHENTICATION_SUCCEEDED","correlationId":"42dfae5c-9d23-436b-b060-0cf96623b019","statusClass":"success"}
{"level":30,"time":1791464918850,"event":"admin_authentication","authStage":"INSTALLATION_BOOTSTRAP_REUSED_SUCCEEDED","correlationId":"d60fc861-a747-4c45-b7b2-4e4d45089218","statusClass":"success"}
{"level":30,"time":1791464918850,"event":"admin_authentication","authStage":"TENANT_RECONCILIATION_SUCCEEDED","correlationId":"d60fc861-a747-4c45-b7b2-4e4d45089218","statusClass":"success"}
{"level":30,"time":1791464918850,"event":"admin_authentication","authStage":"AUTHENTICATION_SUCCEEDED","correlationId":"d60fc861-a747-4c45-b7b2-4e4d45089218","statusClass":"success"}
{"level":30,"time":1791464918853,"event":"admin_authentication","authStage":"INSTALLATION_BOOTSTRAP_REUSED_SUCCEEDED","correlationId":"534ca672-cc19-484a-8d97-83bb15159f1b","statusClass":"success"}
{"level":30,"time":1791464918853,"event":"admin_authentication","authStage":"TENANT_RECONCILIATION_SUCCEEDED","correlationId":"534ca672-cc19-484a-8d97-83bb15159f1b","statusClass":"success"}
{"level":30,"time":1791464918853,"event":"admin_authentication","authStage":"AUTHENTICATION_SUCCEEDED","correlationId":"534ca672-cc19-484a-8d97-83bb15159f1b","statusClass":"success"}
{"level":30,"time":1791464918856,"event":"admin_authentication","authStage":"INSTALLATION_BOOTSTRAP_REUSED_SUCCEEDED","correlationId":"23cd7a07-da35-4e33-ba90-8983ab27daf3","statusClass":"success"}
{"level":30,"time":1791464918857,"event":"admin_authentication","authStage":"TENANT_RECONCILIATION_SUCCEEDED","correlationId":"23cd7a07-da35-4e33-ba90-8983ab27daf3","statusClass":"success"}
{"level":30,"time":1791464918857,"event":"admin_authentication","authStage":"AUTHENTICATION_SUCCEEDED","correlationId":"23cd7a07-da35-4e33-ba90-8983ab27daf3","statusClass":"success"}
{"level":30,"time":1791464918860,"event":"admin_authentication","authStage":"INSTALLATION_BOOTSTRAP_REUSED_SUCCEEDED","correlationId":"6fbc55bb-d7ca-4ef1-b97d-25a0b1f6cdce","statusClass":"success"}
{"level":30,"time":1791464918860,"event":"admin_authentication","authStage":"TENANT_RECONCILIATION_SUCCEEDED","correlationId":"6fbc55bb-d7ca-4ef1-b97d-25a0b1f6cdce","statusClass":"success"}
{"level":30,"time":1791464918860,"event":"admin_authentication","authStage":"AUTHENTICATION_SUCCEEDED","correlationId":"6fbc55bb-d7ca-4ef1-b97d-25a0b1f6cdce","statusClass":"success"}
{"level":30,"time":1791464918863,"event":"admin_authentication","authStage":"INSTALLATION_BOOTSTRAP_REUSED_SUCCEEDED","correlationId":"e70f8f6c-4676-4da2-aef3-cab4cc6f4f4b","statusClass":"success"}
{"level":30,"time":1791464918863,"event":"admin_authentication","authStage":"TENANT_RECONCILIATION_SUCCEEDED","correlationId":"e70f8f6c-4676-4da2-aef3-cab4cc6f4f4b","statusClass":"success"}
{"level":30,"time":1791464918863,"event":"admin_authentication","authStage":"AUTHENTICATION_SUCCEEDED","correlationId":"e70f8f6c-4676-4da2-aef3-cab4cc6f4f4b","statusClass":"success"}
{"level":30,"time":1791464918865,"event":"admin_authentication","authStage":"INSTALLATION_BOOTSTRAP_REUSED_SUCCEEDED","correlationId":"8b43803b-523b-4575-bcf6-aa99bba98fe3","statusClass":"success"}
{"level":30,"time":1791464918866,"event":"admin_authentication","authStage":"TENANT_RECONCILIATION_SUCCEEDED","correlationId":"8b43803b-523b-4575-bcf6-aa99bba98fe3","statusClass":"success"}
{"level":30,"time":1791464918866,"event":"admin_authentication","authStage":"AUTHENTICATION_SUCCEEDED","correlationId":"8b43803b-523b-4575-bcf6-aa99bba98fe3","statusClass":"success"}
✔ production concurrent verified sessions converge and concurrent reinstalls advance once (297.481662ms)
{"level":30,"time":1791464918891,"event":"admin_authentication","authStage":"ONLINE_EXCHANGE_FAILED","correlationId":"6b149cf2-6911-4e98-8813-1a66e35fe0ba","statusClass":"failure"}
✔ production exchange failure cannot bootstrap an installation (25.210967ms)
{"level":30,"time":1791464918910,"event":"admin_authentication","authStage":"ONLINE_EXCHANGE_SUCCEEDED","correlationId":"c24e3202-7ac3-4c40-87c0-132b6996676c","statusClass":"success"}
{"level":30,"time":1791464918911,"event":"admin_authentication","authStage":"INSTALLATION_PROVIDER_READ_FAILED","correlationId":"c24e3202-7ac3-4c40-87c0-132b6996676c","statusClass":"failure"}
✔ production provider failure cannot bootstrap an installation (19.105972ms)
{"level":30,"time":1791464918928,"event":"admin_authentication","authStage":"ONLINE_EXCHANGE_SUCCEEDED","correlationId":"4feb8e78-9d30-4e6f-af9c-97a2f8b6956f","statusClass":"success"}
{"level":30,"time":1791464918929,"event":"admin_authentication","authStage":"INSTALLATION_PROVIDER_SHAPE_OR_IDENTITY_MISMATCH","correlationId":"4feb8e78-9d30-4e6f-af9c-97a2f8b6956f","statusClass":"failure"}
✔ production domain failure cannot bootstrap an installation (18.279221ms)
{"level":30,"time":1791464918951,"event":"admin_authentication","authStage":"ONLINE_EXCHANGE_SUCCEEDED","correlationId":"bc93d117-49fe-43b4-8346-859e556051de","statusClass":"success"}
{"level":30,"time":1791464918952,"event":"admin_authentication","authStage":"INSTALLATION_PROVIDER_READ_SUCCEEDED","correlationId":"bc93d117-49fe-43b4-8346-859e556051de","statusClass":"success"}
{"level":30,"time":1791464918954,"event":"admin_authentication","authStage":"INSTALLATION_BOOTSTRAP_IDENTITY_MISMATCH","correlationId":"bc93d117-49fe-43b4-8346-859e556051de","statusClass":"failure"}
✔ production durable-shop-id failure cannot bootstrap an installation (24.596128ms)
{"level":30,"time":1791464918976,"event":"admin_authentication","authStage":"ONLINE_EXCHANGE_SUCCEEDED","correlationId":"6d90e1d7-b767-44d1-83b9-15e58debbbfe","statusClass":"success"}
{"level":30,"time":1791464918981,"event":"admin_authentication","authStage":"INSTALLATION_PROVIDER_READ_SUCCEEDED","correlationId":"6d90e1d7-b767-44d1-83b9-15e58debbbfe","statusClass":"success"}
{"level":30,"time":1791464918987,"event":"admin_authentication","authStage":"INSTALLATION_BOOTSTRAP_CREATED_SUCCEEDED","correlationId":"6d90e1d7-b767-44d1-83b9-15e58debbbfe","statusClass":"success"}
{"level":30,"time":1791464918987,"event":"admin_authentication","authStage":"TENANT_RECONCILIATION_SUCCEEDED","correlationId":"6d90e1d7-b767-44d1-83b9-15e58debbbfe","statusClass":"success"}
{"level":30,"time":1791464918987,"event":"admin_authentication","authStage":"AUTHENTICATION_SUCCEEDED","correlationId":"6d90e1d7-b767-44d1-83b9-15e58debbbfe","statusClass":"success"}
{"level":30,"time":1791464918994,"event":"admin_authentication","authStage":"ONLINE_EXCHANGE_SUCCEEDED","correlationId":"7361087c-83b1-4ba6-8b59-c562b05e5fe3","statusClass":"success"}
{"level":30,"time":1791464918995,"event":"admin_authentication","authStage":"INSTALLATION_PROVIDER_READ_SUCCEEDED","correlationId":"7361087c-83b1-4ba6-8b59-c562b05e5fe3","statusClass":"success"}
{"level":30,"time":1791464918998,"event":"admin_authentication","authStage":"INSTALLATION_BOOTSTRAP_REUSED_SUCCEEDED","correlationId":"7361087c-83b1-4ba6-8b59-c562b05e5fe3","statusClass":"success"}
{"level":30,"time":1791464918998,"event":"admin_authentication","authStage":"TENANT_RECONCILIATION_SUCCEEDED","correlationId":"7361087c-83b1-4ba6-8b59-c562b05e5fe3","statusClass":"success"}
{"level":30,"time":1791464918998,"event":"admin_authentication","authStage":"AUTHENTICATION_SUCCEEDED","correlationId":"7361087c-83b1-4ba6-8b59-c562b05e5fe3","statusClass":"success"}
{"level":30,"time":1791464918999,"event":"admin_authentication","authStage":"ONLINE_EXCHANGE_SUCCEEDED","correlationId":"920fff49-74f6-4f89-b267-66f5ebb462ea","statusClass":"success"}
{"level":30,"time":1791464919000,"event":"admin_authentication","authStage":"INSTALLATION_PROVIDER_READ_SUCCEEDED","correlationId":"920fff49-74f6-4f89-b267-66f5ebb462ea","statusClass":"success"}
{"level":30,"time":1791464919003,"event":"admin_authentication","authStage":"INSTALLATION_BOOTSTRAP_REUSED_SUCCEEDED","correlationId":"920fff49-74f6-4f89-b267-66f5ebb462ea","statusClass":"success"}
{"level":30,"time":1791464919003,"event":"admin_authentication","authStage":"TENANT_RECONCILIATION_SUCCEEDED","correlationId":"920fff49-74f6-4f89-b267-66f5ebb462ea","statusClass":"success"}
{"level":30,"time":1791464919003,"event":"admin_authentication","authStage":"AUTHENTICATION_SUCCEEDED","correlationId":"920fff49-74f6-4f89-b267-66f5ebb462ea","statusClass":"success"}
{"level":30,"time":1791464919003,"event":"admin_authentication","authStage":"ONLINE_EXCHANGE_SUCCEEDED","correlationId":"b5dff9f5-0eb5-4d98-9b64-9fce4179872c","statusClass":"success"}
{"level":30,"time":1791464919004,"event":"admin_authentication","authStage":"INSTALLATION_PROVIDER_READ_SUCCEEDED","correlationId":"b5dff9f5-0eb5-4d98-9b64-9fce4179872c","statusClass":"success"}
{"level":30,"time":1791464919008,"event":"admin_authentication","authStage":"INSTALLATION_BOOTSTRAP_REUSED_SUCCEEDED","correlationId":"b5dff9f5-0eb5-4d98-9b64-9fce4179872c","statusClass":"success"}
✔ technical readiness HTTP remains authenticated, private, staff-bound and read-only (53.849455ms)
{"level":30,"time":1791464919008,"event":"admin_authentication","authStage":"TENANT_RECONCILIATION_SUCCEEDED","correlationId":"b5dff9f5-0eb5-4d98-9b64-9fce4179872c","statusClass":"success"}
{"level":30,"time":1791464919008,"event":"admin_authentication","authStage":"AUTHENTICATION_SUCCEEDED","correlationId":"b5dff9f5-0eb5-4d98-9b64-9fce4179872c","statusClass":"success"}
✔ readiness collection fingerprints match the reviewed Function query artifacts (2.667865ms)
ℹ tests 10
ℹ suites 0
ℹ pass 10
ℹ fail 0
ℹ cancelled 0
ℹ skipped 0
ℹ todo 0
ℹ duration_ms 11129.022313
