{"level":30,"time":1791464729971,"event":"admin_authentication","authStage":"ONLINE_EXCHANGE_SUCCEEDED","correlationId":"930a5ac2-2349-4326-9459-a832f4dfd434","statusClass":"success"}
{"level":30,"time":1791464729994,"event":"admin_authentication","authStage":"INSTALLATION_PROVIDER_READ_SUCCEEDED","correlationId":"930a5ac2-2349-4326-9459-a832f4dfd434","statusClass":"success"}
{"level":30,"time":1791464730006,"event":"admin_authentication","authStage":"INSTALLATION_BOOTSTRAP_CREATED_SUCCEEDED","correlationId":"930a5ac2-2349-4326-9459-a832f4dfd434","statusClass":"success"}
{"level":30,"time":1791464730006,"event":"admin_authentication","authStage":"TENANT_RECONCILIATION_SUCCEEDED","correlationId":"930a5ac2-2349-4326-9459-a832f4dfd434","statusClass":"success"}
{"level":30,"time":1791464730006,"event":"admin_authentication","authStage":"AUTHENTICATION_SUCCEEDED","correlationId":"930a5ac2-2349-4326-9459-a832f4dfd434","statusClass":"success"}
{"level":30,"time":1791464730013,"event":"admin_authentication","authStage":"ONLINE_EXCHANGE_SUCCEEDED","correlationId":"3fab21bb-cec3-4ccb-821d-8ea9b91d9b56","statusClass":"success"}
{"level":30,"time":1791464730014,"event":"admin_authentication","authStage":"INSTALLATION_PROVIDER_READ_SUCCEEDED","correlationId":"3fab21bb-cec3-4ccb-821d-8ea9b91d9b56","statusClass":"success"}
{"level":30,"time":1791464730019,"event":"admin_authentication","authStage":"INSTALLATION_BOOTSTRAP_REUSED_SUCCEEDED","correlationId":"3fab21bb-cec3-4ccb-821d-8ea9b91d9b56","statusClass":"success"}
{"level":30,"time":1791464730019,"event":"admin_authentication","authStage":"TENANT_RECONCILIATION_SUCCEEDED","correlationId":"3fab21bb-cec3-4ccb-821d-8ea9b91d9b56","statusClass":"success"}
{"level":30,"time":1791464730019,"event":"admin_authentication","authStage":"AUTHENTICATION_SUCCEEDED","correlationId":"3fab21bb-cec3-4ccb-821d-8ea9b91d9b56","statusClass":"success"}
✖ production first verified staff session bootstraps and searches, repeat reuses provider identity (247.872058ms)
ℹ tests 1
ℹ suites 0
ℹ pass 0
ℹ fail 1
ℹ cancelled 0
ℹ skipped 0
ℹ todo 0
ℹ duration_ms 594.507636

✖ failing tests:

test at test/admin/managed-install-bootstrap.test.mjs:85:1
✖ production first verified staff session bootstraps and searches, repeat reuses provider identity (247.872058ms)
  TypeError: services.inspectReadiness is not a function
      at file:///home/serveradmin/insignia-m5-023-worktree/apps/web/test/admin/managed-install-bootstrap.test.mjs:107:38
      at process.processTicksAndRejections (node:internal/process/task_queues:104:5)
      at async fixture (file:///home/serveradmin/insignia-m5-023-worktree/apps/web/test/admin/managed-install-bootstrap.test.mjs:77:5)
      at async Test.run (node:internal/test_runner/test:1409:7)
      at async startSubtestAfterBootstrap (node:internal/test_runner/harness:387:3)
Error: ERR_PNPM_RECURSIVE_EXEC_FIRST_FAIL

  × "pnpm recursive exec" failed in /home/serveradmin/insignia-m5-023-
  │ worktree/apps/web

