{"level":30,"time":1791464782977,"event":"admin_authentication","authStage":"ONLINE_EXCHANGE_SUCCEEDED","correlationId":"48057b8f-d3b7-4bc9-9086-9c56397358ee","statusClass":"success"}
{"level":30,"time":1791464783000,"event":"admin_authentication","authStage":"INSTALLATION_PROVIDER_READ_SUCCEEDED","correlationId":"48057b8f-d3b7-4bc9-9086-9c56397358ee","statusClass":"success"}
{"level":30,"time":1791464783013,"event":"admin_authentication","authStage":"INSTALLATION_BOOTSTRAP_CREATED_SUCCEEDED","correlationId":"48057b8f-d3b7-4bc9-9086-9c56397358ee","statusClass":"success"}
{"level":30,"time":1791464783013,"event":"admin_authentication","authStage":"TENANT_RECONCILIATION_SUCCEEDED","correlationId":"48057b8f-d3b7-4bc9-9086-9c56397358ee","statusClass":"success"}
{"level":30,"time":1791464783013,"event":"admin_authentication","authStage":"AUTHENTICATION_SUCCEEDED","correlationId":"48057b8f-d3b7-4bc9-9086-9c56397358ee","statusClass":"success"}
{"level":30,"time":1791464783020,"event":"admin_authentication","authStage":"ONLINE_EXCHANGE_SUCCEEDED","correlationId":"34015ad3-eb66-4344-822a-6b53421816dd","statusClass":"success"}
{"level":30,"time":1791464783021,"event":"admin_authentication","authStage":"INSTALLATION_PROVIDER_READ_SUCCEEDED","correlationId":"34015ad3-eb66-4344-822a-6b53421816dd","statusClass":"success"}
{"level":30,"time":1791464783025,"event":"admin_authentication","authStage":"INSTALLATION_BOOTSTRAP_REUSED_SUCCEEDED","correlationId":"34015ad3-eb66-4344-822a-6b53421816dd","statusClass":"success"}
{"level":30,"time":1791464783025,"event":"admin_authentication","authStage":"TENANT_RECONCILIATION_SUCCEEDED","correlationId":"34015ad3-eb66-4344-822a-6b53421816dd","statusClass":"success"}
{"level":30,"time":1791464783025,"event":"admin_authentication","authStage":"AUTHENTICATION_SUCCEEDED","correlationId":"34015ad3-eb66-4344-822a-6b53421816dd","statusClass":"success"}
✔ production first verified staff session bootstraps and searches, repeat reuses provider identity (258.935287ms)
{"level":30,"time":1791464783050,"event":"admin_authentication","authStage":"ONLINE_EXCHANGE_SUCCEEDED","correlationId":"e0a70298-c7e4-48d9-87fa-fcaa70255c74","statusClass":"success"}
{"level":30,"time":1791464783056,"event":"admin_authentication","authStage":"INSTALLATION_PROVIDER_READ_SUCCEEDED","correlationId":"e0a70298-c7e4-48d9-87fa-fcaa70255c74","statusClass":"success"}
{"level":30,"time":1791464783063,"event":"admin_authentication","authStage":"INSTALLATION_BOOTSTRAP_CREATED_SUCCEEDED","correlationId":"e0a70298-c7e4-48d9-87fa-fcaa70255c74","statusClass":"success"}
{"level":30,"time":1791464783063,"event":"admin_authentication","authStage":"TENANT_RECONCILIATION_SUCCEEDED","correlationId":"e0a70298-c7e4-48d9-87fa-fcaa70255c74","statusClass":"success"}
{"level":30,"time":1791464783063,"event":"admin_authentication","authStage":"AUTHENTICATION_SUCCEEDED","correlationId":"e0a70298-c7e4-48d9-87fa-fcaa70255c74","statusClass":"success"}
{"level":30,"time":1791464783064,"event":"admin_authentication","authStage":"ONLINE_EXCHANGE_SUCCEEDED","correlationId":"90f2daa3-4227-4121-9b38-6df45d8b070a","statusClass":"success"}
{"level":30,"time":1791464783066,"event":"admin_authentication","authStage":"INSTALLATION_PROVIDER_READ_SUCCEEDED","correlationId":"90f2daa3-4227-4121-9b38-6df45d8b070a","statusClass":"success"}
{"level":30,"time":1791464783075,"event":"admin_authentication","authStage":"INSTALLATION_BOOTSTRAP_REINSTALLED_SUCCEEDED","correlationId":"90f2daa3-4227-4121-9b38-6df45d8b070a","statusClass":"success"}
{"level":30,"time":1791464783075,"event":"admin_authentication","authStage":"TENANT_RECONCILIATION_SUCCEEDED","correlationId":"90f2daa3-4227-4121-9b38-6df45d8b070a","statusClass":"success"}
{"level":30,"time":1791464783075,"event":"admin_authentication","authStage":"AUTHENTICATION_SUCCEEDED","correlationId":"90f2daa3-4227-4121-9b38-6df45d8b070a","statusClass":"success"}
{"level":30,"time":1791464783076,"event":"admin_authentication","authStage":"ONLINE_EXCHANGE_SUCCEEDED","correlationId":"27d1ba1c-d43f-4c1f-9e08-cb48f5c3914b","statusClass":"success"}
{"level":30,"time":1791464783078,"event":"admin_authentication","authStage":"INSTALLATION_PROVIDER_READ_SUCCEEDED","correlationId":"27d1ba1c-d43f-4c1f-9e08-cb48f5c3914b","statusClass":"success"}
{"level":30,"time":1791464783081,"event":"admin_authentication","authStage":"INSTALLATION_BOOTSTRAP_STALE_STATE","correlationId":"27d1ba1c-d43f-4c1f-9e08-cb48f5c3914b","statusClass":"failure"}
✔ production confirms a reinstall twice, advances once and rejects historical stale sessions (45.410703ms)
{"level":30,"time":1791464783094,"event":"admin_authentication","authStage":"ONLINE_EXCHANGE_SUCCEEDED","correlationId":"00390b9e-4259-4bf4-b8cb-aa23dfa25564","statusClass":"success"}
{"level":30,"time":1791464783099,"event":"admin_authentication","authStage":"INSTALLATION_PROVIDER_READ_SUCCEEDED","correlationId":"00390b9e-4259-4bf4-b8cb-aa23dfa25564","statusClass":"success"}
{"level":30,"time":1791464783106,"event":"admin_authentication","authStage":"INSTALLATION_BOOTSTRAP_CREATED_SUCCEEDED","correlationId":"00390b9e-4259-4bf4-b8cb-aa23dfa25564","statusClass":"success"}
{"level":30,"time":1791464783106,"event":"admin_authentication","authStage":"TENANT_RECONCILIATION_SUCCEEDED","correlationId":"00390b9e-4259-4bf4-b8cb-aa23dfa25564","statusClass":"success"}
{"level":30,"time":1791464783106,"event":"admin_authentication","authStage":"AUTHENTICATION_SUCCEEDED","correlationId":"00390b9e-4259-4bf4-b8cb-aa23dfa25564","statusClass":"success"}
{"level":30,"time":1791464783107,"event":"admin_authentication","authStage":"ONLINE_EXCHANGE_SUCCEEDED","correlationId":"77676e23-0e02-4238-b2db-d605577d5e97","statusClass":"success"}
{"level":30,"time":1791464783109,"event":"admin_authentication","authStage":"INSTALLATION_PROVIDER_READ_SUCCEEDED","correlationId":"77676e23-0e02-4238-b2db-d605577d5e97","statusClass":"success"}
{"level":30,"time":1791464783112,"event":"admin_authentication","authStage":"INSTALLATION_BOOTSTRAP_CONFIRMATION_REQUIRED","correlationId":"77676e23-0e02-4238-b2db-d605577d5e97","statusClass":"failure"}
✔ production provider drift during reinstall confirmation leaves the generation unchanged (29.72313ms)
{"level":30,"time":1791464783132,"event":"admin_authentication","authStage":"ONLINE_EXCHANGE_SUCCEEDED","correlationId":"2ca48a07-0b00-4d0c-841b-aefdf142d121","statusClass":"success"}
{"level":30,"time":1791464783133,"event":"admin_authentication","authStage":"ONLINE_EXCHANGE_SUCCEEDED","correlationId":"7cb4eea2-a2e1-415e-8773-01a3ab562531","statusClass":"success"}
{"level":30,"time":1791464783133,"event":"admin_authentication","authStage":"ONLINE_EXCHANGE_SUCCEEDED","correlationId":"22b4ad45-6489-4d17-a79c-6250a5dd4ac6","statusClass":"success"}
{"level":30,"time":1791464783133,"event":"admin_authentication","authStage":"ONLINE_EXCHANGE_SUCCEEDED","correlationId":"4468b17d-b91d-4553-8224-90acba1e350d","statusClass":"success"}
{"level":30,"time":1791464783133,"event":"admin_authentication","authStage":"ONLINE_EXCHANGE_SUCCEEDED","correlationId":"abe3fc21-e54c-49d7-bcb3-5b05db57f5c8","statusClass":"success"}
{"level":30,"time":1791464783133,"event":"admin_authentication","authStage":"ONLINE_EXCHANGE_SUCCEEDED","correlationId":"db39b668-ee35-4167-b961-bbb51b7b0088","statusClass":"success"}
{"level":30,"time":1791464783133,"event":"admin_authentication","authStage":"ONLINE_EXCHANGE_SUCCEEDED","correlationId":"76c13866-8a62-48fc-8233-c221ab2ce668","statusClass":"success"}
{"level":30,"time":1791464783133,"event":"admin_authentication","authStage":"ONLINE_EXCHANGE_SUCCEEDED","correlationId":"7ddb080a-f737-4b56-901c-1203112a4ce8","statusClass":"success"}
{"level":30,"time":1791464783133,"event":"admin_authentication","authStage":"ONLINE_EXCHANGE_SUCCEEDED","correlationId":"b6c0db94-b115-492a-866a-433f94fe2de7","statusClass":"success"}
{"level":30,"time":1791464783133,"event":"admin_authentication","authStage":"ONLINE_EXCHANGE_SUCCEEDED","correlationId":"897aec77-0ffc-4f38-a6e8-ae0b45982ad8","statusClass":"success"}
{"level":30,"time":1791464783134,"event":"admin_authentication","authStage":"ONLINE_EXCHANGE_SUCCEEDED","correlationId":"cd2f322d-f2b2-45a1-813c-bfbee254abdd","statusClass":"success"}
{"level":30,"time":1791464783134,"event":"admin_authentication","authStage":"ONLINE_EXCHANGE_SUCCEEDED","correlationId":"90d7d1f4-f286-4e4b-b4e7-3f0d24e7c9f5","statusClass":"success"}
{"level":30,"time":1791464783134,"event":"admin_authentication","authStage":"ONLINE_EXCHANGE_SUCCEEDED","correlationId":"13da98cf-1788-40a6-a597-fbd4a64836b5","statusClass":"success"}
{"level":30,"time":1791464783134,"event":"admin_authentication","authStage":"ONLINE_EXCHANGE_SUCCEEDED","correlationId":"da521ad2-71e9-456f-9741-c06cd6d692a0","statusClass":"success"}
{"level":30,"time":1791464783134,"event":"admin_authentication","authStage":"ONLINE_EXCHANGE_SUCCEEDED","correlationId":"d3b02bd8-61e8-4633-af22-fba0c0be2ffc","statusClass":"success"}
{"level":30,"time":1791464783134,"event":"admin_authentication","authStage":"ONLINE_EXCHANGE_SUCCEEDED","correlationId":"34c192a3-18d7-4770-97ad-d57010a5d44c","statusClass":"success"}
{"level":30,"time":1791464783134,"event":"admin_authentication","authStage":"ONLINE_EXCHANGE_SUCCEEDED","correlationId":"90190749-bef2-494d-9096-52da23a34fed","statusClass":"success"}
{"level":30,"time":1791464783134,"event":"admin_authentication","authStage":"ONLINE_EXCHANGE_SUCCEEDED","correlationId":"2bdf7a7a-3c28-4374-97cd-2e6cd0f08ef2","statusClass":"success"}
{"level":30,"time":1791464783134,"event":"admin_authentication","authStage":"ONLINE_EXCHANGE_SUCCEEDED","correlationId":"9ecb0eaa-8a00-4336-9945-53ca1551820e","statusClass":"success"}
{"level":30,"time":1791464783134,"event":"admin_authentication","authStage":"ONLINE_EXCHANGE_SUCCEEDED","correlationId":"4d0927ac-a694-45c1-95b2-cf68149ded24","statusClass":"success"}
{"level":30,"time":1791464783135,"event":"admin_authentication","authStage":"ONLINE_EXCHANGE_SUCCEEDED","correlationId":"0e1b5117-fc8f-4166-a716-b5f398ffd14f","statusClass":"success"}
{"level":30,"time":1791464783135,"event":"admin_authentication","authStage":"ONLINE_EXCHANGE_SUCCEEDED","correlationId":"a1af2aa0-96c3-421f-a77d-8d15562a0694","statusClass":"success"}
{"level":30,"time":1791464783135,"event":"admin_authentication","authStage":"ONLINE_EXCHANGE_SUCCEEDED","correlationId":"893b84d4-589e-4607-bc99-c9174d5364a4","statusClass":"success"}
{"level":30,"time":1791464783135,"event":"admin_authentication","authStage":"ONLINE_EXCHANGE_SUCCEEDED","correlationId":"8bcf3e31-df0b-4d4f-aa03-74b7f457b62f","statusClass":"success"}
{"level":30,"time":1791464783145,"event":"admin_authentication","authStage":"INSTALLATION_PROVIDER_READ_SUCCEEDED","correlationId":"76c13866-8a62-48fc-8233-c221ab2ce668","statusClass":"success"}
{"level":30,"time":1791464783146,"event":"admin_authentication","authStage":"INSTALLATION_PROVIDER_READ_SUCCEEDED","correlationId":"22b4ad45-6489-4d17-a79c-6250a5dd4ac6","statusClass":"success"}
{"level":30,"time":1791464783147,"event":"admin_authentication","authStage":"INSTALLATION_PROVIDER_READ_SUCCEEDED","correlationId":"2ca48a07-0b00-4d0c-841b-aefdf142d121","statusClass":"success"}
{"level":30,"time":1791464783148,"event":"admin_authentication","authStage":"INSTALLATION_PROVIDER_READ_SUCCEEDED","correlationId":"cd2f322d-f2b2-45a1-813c-bfbee254abdd","statusClass":"success"}
{"level":30,"time":1791464783148,"event":"admin_authentication","authStage":"INSTALLATION_PROVIDER_READ_SUCCEEDED","correlationId":"90d7d1f4-f286-4e4b-b4e7-3f0d24e7c9f5","statusClass":"success"}
{"level":30,"time":1791464783150,"event":"admin_authentication","authStage":"INSTALLATION_PROVIDER_READ_SUCCEEDED","correlationId":"db39b668-ee35-4167-b961-bbb51b7b0088","statusClass":"success"}
{"level":30,"time":1791464783152,"event":"admin_authentication","authStage":"INSTALLATION_PROVIDER_READ_SUCCEEDED","correlationId":"da521ad2-71e9-456f-9741-c06cd6d692a0","statusClass":"success"}
{"level":30,"time":1791464783153,"event":"admin_authentication","authStage":"INSTALLATION_PROVIDER_READ_SUCCEEDED","correlationId":"d3b02bd8-61e8-4633-af22-fba0c0be2ffc","statusClass":"success"}
{"level":30,"time":1791464783154,"event":"admin_authentication","authStage":"INSTALLATION_PROVIDER_READ_SUCCEEDED","correlationId":"abe3fc21-e54c-49d7-bcb3-5b05db57f5c8","statusClass":"success"}
{"level":30,"time":1791464783154,"event":"admin_authentication","authStage":"INSTALLATION_PROVIDER_READ_SUCCEEDED","correlationId":"34c192a3-18d7-4770-97ad-d57010a5d44c","statusClass":"success"}
{"level":30,"time":1791464783155,"event":"admin_authentication","authStage":"INSTALLATION_PROVIDER_READ_SUCCEEDED","correlationId":"4468b17d-b91d-4553-8224-90acba1e350d","statusClass":"success"}
{"level":30,"time":1791464783156,"event":"admin_authentication","authStage":"INSTALLATION_PROVIDER_READ_SUCCEEDED","correlationId":"7cb4eea2-a2e1-415e-8773-01a3ab562531","statusClass":"success"}
{"level":30,"time":1791464783156,"event":"admin_authentication","authStage":"INSTALLATION_PROVIDER_READ_SUCCEEDED","correlationId":"13da98cf-1788-40a6-a597-fbd4a64836b5","statusClass":"success"}
{"level":30,"time":1791464783157,"event":"admin_authentication","authStage":"INSTALLATION_PROVIDER_READ_SUCCEEDED","correlationId":"7ddb080a-f737-4b56-901c-1203112a4ce8","statusClass":"success"}
{"level":30,"time":1791464783158,"event":"admin_authentication","authStage":"INSTALLATION_PROVIDER_READ_SUCCEEDED","correlationId":"90190749-bef2-494d-9096-52da23a34fed","statusClass":"success"}
{"level":30,"time":1791464783159,"event":"admin_authentication","authStage":"INSTALLATION_PROVIDER_READ_SUCCEEDED","correlationId":"2bdf7a7a-3c28-4374-97cd-2e6cd0f08ef2","statusClass":"success"}
{"level":30,"time":1791464783159,"event":"admin_authentication","authStage":"INSTALLATION_PROVIDER_READ_SUCCEEDED","correlationId":"9ecb0eaa-8a00-4336-9945-53ca1551820e","statusClass":"success"}
{"level":30,"time":1791464783160,"event":"admin_authentication","authStage":"INSTALLATION_PROVIDER_READ_SUCCEEDED","correlationId":"4d0927ac-a694-45c1-95b2-cf68149ded24","statusClass":"success"}
{"level":30,"time":1791464783161,"event":"admin_authentication","authStage":"INSTALLATION_PROVIDER_READ_SUCCEEDED","correlationId":"0e1b5117-fc8f-4166-a716-b5f398ffd14f","statusClass":"success"}
{"level":30,"time":1791464783161,"event":"admin_authentication","authStage":"INSTALLATION_PROVIDER_READ_SUCCEEDED","correlationId":"a1af2aa0-96c3-421f-a77d-8d15562a0694","statusClass":"success"}
{"level":30,"time":1791464783162,"event":"admin_authentication","authStage":"INSTALLATION_PROVIDER_READ_SUCCEEDED","correlationId":"893b84d4-589e-4607-bc99-c9174d5364a4","statusClass":"success"}
{"level":30,"time":1791464783162,"event":"admin_authentication","authStage":"INSTALLATION_PROVIDER_READ_SUCCEEDED","correlationId":"8bcf3e31-df0b-4d4f-aa03-74b7f457b62f","statusClass":"success"}
{"level":30,"time":1791464783165,"event":"admin_authentication","authStage":"INSTALLATION_PROVIDER_READ_SUCCEEDED","correlationId":"b6c0db94-b115-492a-866a-433f94fe2de7","statusClass":"success"}
{"level":30,"time":1791464783165,"event":"admin_authentication","authStage":"INSTALLATION_PROVIDER_READ_SUCCEEDED","correlationId":"897aec77-0ffc-4f38-a6e8-ae0b45982ad8","statusClass":"success"}
{"level":30,"time":1791464783172,"event":"admin_authentication","authStage":"INSTALLATION_BOOTSTRAP_CREATED_SUCCEEDED","correlationId":"76c13866-8a62-48fc-8233-c221ab2ce668","statusClass":"success"}
{"level":30,"time":1791464783172,"event":"admin_authentication","authStage":"TENANT_RECONCILIATION_SUCCEEDED","correlationId":"76c13866-8a62-48fc-8233-c221ab2ce668","statusClass":"success"}
{"level":30,"time":1791464783172,"event":"admin_authentication","authStage":"AUTHENTICATION_SUCCEEDED","correlationId":"76c13866-8a62-48fc-8233-c221ab2ce668","statusClass":"success"}
{"level":30,"time":1791464783176,"event":"admin_authentication","authStage":"INSTALLATION_BOOTSTRAP_REUSED_SUCCEEDED","correlationId":"22b4ad45-6489-4d17-a79c-6250a5dd4ac6","statusClass":"success"}
{"level":30,"time":1791464783176,"event":"admin_authentication","authStage":"TENANT_RECONCILIATION_SUCCEEDED","correlationId":"22b4ad45-6489-4d17-a79c-6250a5dd4ac6","statusClass":"success"}
{"level":30,"time":1791464783176,"event":"admin_authentication","authStage":"AUTHENTICATION_SUCCEEDED","correlationId":"22b4ad45-6489-4d17-a79c-6250a5dd4ac6","statusClass":"success"}
{"level":30,"time":1791464783180,"event":"admin_authentication","authStage":"INSTALLATION_BOOTSTRAP_REUSED_SUCCEEDED","correlationId":"2ca48a07-0b00-4d0c-841b-aefdf142d121","statusClass":"success"}
{"level":30,"time":1791464783180,"event":"admin_authentication","authStage":"TENANT_RECONCILIATION_SUCCEEDED","correlationId":"2ca48a07-0b00-4d0c-841b-aefdf142d121","statusClass":"success"}
{"level":30,"time":1791464783180,"event":"admin_authentication","authStage":"AUTHENTICATION_SUCCEEDED","correlationId":"2ca48a07-0b00-4d0c-841b-aefdf142d121","statusClass":"success"}
{"level":30,"time":1791464783184,"event":"admin_authentication","authStage":"INSTALLATION_BOOTSTRAP_REUSED_SUCCEEDED","correlationId":"90d7d1f4-f286-4e4b-b4e7-3f0d24e7c9f5","statusClass":"success"}
{"level":30,"time":1791464783184,"event":"admin_authentication","authStage":"TENANT_RECONCILIATION_SUCCEEDED","correlationId":"90d7d1f4-f286-4e4b-b4e7-3f0d24e7c9f5","statusClass":"success"}
{"level":30,"time":1791464783184,"event":"admin_authentication","authStage":"AUTHENTICATION_SUCCEEDED","correlationId":"90d7d1f4-f286-4e4b-b4e7-3f0d24e7c9f5","statusClass":"success"}
{"level":30,"time":1791464783187,"event":"admin_authentication","authStage":"INSTALLATION_BOOTSTRAP_REUSED_SUCCEEDED","correlationId":"db39b668-ee35-4167-b961-bbb51b7b0088","statusClass":"success"}
{"level":30,"time":1791464783187,"event":"admin_authentication","authStage":"TENANT_RECONCILIATION_SUCCEEDED","correlationId":"db39b668-ee35-4167-b961-bbb51b7b0088","statusClass":"success"}
{"level":30,"time":1791464783187,"event":"admin_authentication","authStage":"AUTHENTICATION_SUCCEEDED","correlationId":"db39b668-ee35-4167-b961-bbb51b7b0088","statusClass":"success"}
{"level":30,"time":1791464783191,"event":"admin_authentication","authStage":"INSTALLATION_BOOTSTRAP_REUSED_SUCCEEDED","correlationId":"cd2f322d-f2b2-45a1-813c-bfbee254abdd","statusClass":"success"}
{"level":30,"time":1791464783191,"event":"admin_authentication","authStage":"TENANT_RECONCILIATION_SUCCEEDED","correlationId":"cd2f322d-f2b2-45a1-813c-bfbee254abdd","statusClass":"success"}
{"level":30,"time":1791464783191,"event":"admin_authentication","authStage":"AUTHENTICATION_SUCCEEDED","correlationId":"cd2f322d-f2b2-45a1-813c-bfbee254abdd","statusClass":"success"}
{"level":30,"time":1791464783195,"event":"admin_authentication","authStage":"INSTALLATION_BOOTSTRAP_REUSED_SUCCEEDED","correlationId":"da521ad2-71e9-456f-9741-c06cd6d692a0","statusClass":"success"}
{"level":30,"time":1791464783195,"event":"admin_authentication","authStage":"TENANT_RECONCILIATION_SUCCEEDED","correlationId":"da521ad2-71e9-456f-9741-c06cd6d692a0","statusClass":"success"}
{"level":30,"time":1791464783195,"event":"admin_authentication","authStage":"AUTHENTICATION_SUCCEEDED","correlationId":"da521ad2-71e9-456f-9741-c06cd6d692a0","statusClass":"success"}
{"level":30,"time":1791464783198,"event":"admin_authentication","authStage":"INSTALLATION_BOOTSTRAP_REUSED_SUCCEEDED","correlationId":"d3b02bd8-61e8-4633-af22-fba0c0be2ffc","statusClass":"success"}
{"level":30,"time":1791464783198,"event":"admin_authentication","authStage":"TENANT_RECONCILIATION_SUCCEEDED","correlationId":"d3b02bd8-61e8-4633-af22-fba0c0be2ffc","statusClass":"success"}
{"level":30,"time":1791464783198,"event":"admin_authentication","authStage":"AUTHENTICATION_SUCCEEDED","correlationId":"d3b02bd8-61e8-4633-af22-fba0c0be2ffc","statusClass":"success"}
{"level":30,"time":1791464783202,"event":"admin_authentication","authStage":"INSTALLATION_BOOTSTRAP_REUSED_SUCCEEDED","correlationId":"abe3fc21-e54c-49d7-bcb3-5b05db57f5c8","statusClass":"success"}
{"level":30,"time":1791464783202,"event":"admin_authentication","authStage":"TENANT_RECONCILIATION_SUCCEEDED","correlationId":"abe3fc21-e54c-49d7-bcb3-5b05db57f5c8","statusClass":"success"}
{"level":30,"time":1791464783202,"event":"admin_authentication","authStage":"AUTHENTICATION_SUCCEEDED","correlationId":"abe3fc21-e54c-49d7-bcb3-5b05db57f5c8","statusClass":"success"}
{"level":30,"time":1791464783206,"event":"admin_authentication","authStage":"INSTALLATION_BOOTSTRAP_REUSED_SUCCEEDED","correlationId":"34c192a3-18d7-4770-97ad-d57010a5d44c","statusClass":"success"}
{"level":30,"time":1791464783206,"event":"admin_authentication","authStage":"TENANT_RECONCILIATION_SUCCEEDED","correlationId":"34c192a3-18d7-4770-97ad-d57010a5d44c","statusClass":"success"}
{"level":30,"time":1791464783206,"event":"admin_authentication","authStage":"AUTHENTICATION_SUCCEEDED","correlationId":"34c192a3-18d7-4770-97ad-d57010a5d44c","statusClass":"success"}
{"level":30,"time":1791464783215,"event":"admin_authentication","authStage":"INSTALLATION_BOOTSTRAP_REUSED_SUCCEEDED","correlationId":"4468b17d-b91d-4553-8224-90acba1e350d","statusClass":"success"}
{"level":30,"time":1791464783215,"event":"admin_authentication","authStage":"TENANT_RECONCILIATION_SUCCEEDED","correlationId":"4468b17d-b91d-4553-8224-90acba1e350d","statusClass":"success"}
{"level":30,"time":1791464783215,"event":"admin_authentication","authStage":"AUTHENTICATION_SUCCEEDED","correlationId":"4468b17d-b91d-4553-8224-90acba1e350d","statusClass":"success"}
{"level":30,"time":1791464783219,"event":"admin_authentication","authStage":"INSTALLATION_BOOTSTRAP_REUSED_SUCCEEDED","correlationId":"7cb4eea2-a2e1-415e-8773-01a3ab562531","statusClass":"success"}
{"level":30,"time":1791464783219,"event":"admin_authentication","authStage":"TENANT_RECONCILIATION_SUCCEEDED","correlationId":"7cb4eea2-a2e1-415e-8773-01a3ab562531","statusClass":"success"}
{"level":30,"time":1791464783219,"event":"admin_authentication","authStage":"AUTHENTICATION_SUCCEEDED","correlationId":"7cb4eea2-a2e1-415e-8773-01a3ab562531","statusClass":"success"}
{"level":30,"time":1791464783222,"event":"admin_authentication","authStage":"INSTALLATION_BOOTSTRAP_REUSED_SUCCEEDED","correlationId":"13da98cf-1788-40a6-a597-fbd4a64836b5","statusClass":"success"}
{"level":30,"time":1791464783222,"event":"admin_authentication","authStage":"TENANT_RECONCILIATION_SUCCEEDED","correlationId":"13da98cf-1788-40a6-a597-fbd4a64836b5","statusClass":"success"}
{"level":30,"time":1791464783222,"event":"admin_authentication","authStage":"AUTHENTICATION_SUCCEEDED","correlationId":"13da98cf-1788-40a6-a597-fbd4a64836b5","statusClass":"success"}
{"level":30,"time":1791464783225,"event":"admin_authentication","authStage":"INSTALLATION_BOOTSTRAP_REUSED_SUCCEEDED","correlationId":"7ddb080a-f737-4b56-901c-1203112a4ce8","statusClass":"success"}
{"level":30,"time":1791464783225,"event":"admin_authentication","authStage":"TENANT_RECONCILIATION_SUCCEEDED","correlationId":"7ddb080a-f737-4b56-901c-1203112a4ce8","statusClass":"success"}
{"level":30,"time":1791464783225,"event":"admin_authentication","authStage":"AUTHENTICATION_SUCCEEDED","correlationId":"7ddb080a-f737-4b56-901c-1203112a4ce8","statusClass":"success"}
{"level":30,"time":1791464783228,"event":"admin_authentication","authStage":"INSTALLATION_BOOTSTRAP_REUSED_SUCCEEDED","correlationId":"90190749-bef2-494d-9096-52da23a34fed","statusClass":"success"}
{"level":30,"time":1791464783228,"event":"admin_authentication","authStage":"TENANT_RECONCILIATION_SUCCEEDED","correlationId":"90190749-bef2-494d-9096-52da23a34fed","statusClass":"success"}
{"level":30,"time":1791464783228,"event":"admin_authentication","authStage":"AUTHENTICATION_SUCCEEDED","correlationId":"90190749-bef2-494d-9096-52da23a34fed","statusClass":"success"}
{"level":30,"time":1791464783231,"event":"admin_authentication","authStage":"INSTALLATION_BOOTSTRAP_REUSED_SUCCEEDED","correlationId":"2bdf7a7a-3c28-4374-97cd-2e6cd0f08ef2","statusClass":"success"}
{"level":30,"time":1791464783231,"event":"admin_authentication","authStage":"TENANT_RECONCILIATION_SUCCEEDED","correlationId":"2bdf7a7a-3c28-4374-97cd-2e6cd0f08ef2","statusClass":"success"}
{"level":30,"time":1791464783231,"event":"admin_authentication","authStage":"AUTHENTICATION_SUCCEEDED","correlationId":"2bdf7a7a-3c28-4374-97cd-2e6cd0f08ef2","statusClass":"success"}
{"level":30,"time":1791464783234,"event":"admin_authentication","authStage":"INSTALLATION_BOOTSTRAP_REUSED_SUCCEEDED","correlationId":"9ecb0eaa-8a00-4336-9945-53ca1551820e","statusClass":"success"}
{"level":30,"time":1791464783234,"event":"admin_authentication","authStage":"TENANT_RECONCILIATION_SUCCEEDED","correlationId":"9ecb0eaa-8a00-4336-9945-53ca1551820e","statusClass":"success"}
{"level":30,"time":1791464783234,"event":"admin_authentication","authStage":"AUTHENTICATION_SUCCEEDED","correlationId":"9ecb0eaa-8a00-4336-9945-53ca1551820e","statusClass":"success"}
{"level":30,"time":1791464783238,"event":"admin_authentication","authStage":"INSTALLATION_BOOTSTRAP_REUSED_SUCCEEDED","correlationId":"4d0927ac-a694-45c1-95b2-cf68149ded24","statusClass":"success"}
{"level":30,"time":1791464783238,"event":"admin_authentication","authStage":"TENANT_RECONCILIATION_SUCCEEDED","correlationId":"4d0927ac-a694-45c1-95b2-cf68149ded24","statusClass":"success"}
{"level":30,"time":1791464783238,"event":"admin_authentication","authStage":"AUTHENTICATION_SUCCEEDED","correlationId":"4d0927ac-a694-45c1-95b2-cf68149ded24","statusClass":"success"}
{"level":30,"time":1791464783240,"event":"admin_authentication","authStage":"INSTALLATION_BOOTSTRAP_REUSED_SUCCEEDED","correlationId":"0e1b5117-fc8f-4166-a716-b5f398ffd14f","statusClass":"success"}
{"level":30,"time":1791464783240,"event":"admin_authentication","authStage":"TENANT_RECONCILIATION_SUCCEEDED","correlationId":"0e1b5117-fc8f-4166-a716-b5f398ffd14f","statusClass":"success"}
{"level":30,"time":1791464783240,"event":"admin_authentication","authStage":"AUTHENTICATION_SUCCEEDED","correlationId":"0e1b5117-fc8f-4166-a716-b5f398ffd14f","statusClass":"success"}
{"level":30,"time":1791464783243,"event":"admin_authentication","authStage":"INSTALLATION_BOOTSTRAP_REUSED_SUCCEEDED","correlationId":"a1af2aa0-96c3-421f-a77d-8d15562a0694","statusClass":"success"}
{"level":30,"time":1791464783243,"event":"admin_authentication","authStage":"TENANT_RECONCILIATION_SUCCEEDED","correlationId":"a1af2aa0-96c3-421f-a77d-8d15562a0694","statusClass":"success"}
{"level":30,"time":1791464783243,"event":"admin_authentication","authStage":"AUTHENTICATION_SUCCEEDED","correlationId":"a1af2aa0-96c3-421f-a77d-8d15562a0694","statusClass":"success"}
{"level":30,"time":1791464783246,"event":"admin_authentication","authStage":"INSTALLATION_BOOTSTRAP_REUSED_SUCCEEDED","correlationId":"893b84d4-589e-4607-bc99-c9174d5364a4","statusClass":"success"}
{"level":30,"time":1791464783246,"event":"admin_authentication","authStage":"TENANT_RECONCILIATION_SUCCEEDED","correlationId":"893b84d4-589e-4607-bc99-c9174d5364a4","statusClass":"success"}
{"level":30,"time":1791464783246,"event":"admin_authentication","authStage":"AUTHENTICATION_SUCCEEDED","correlationId":"893b84d4-589e-4607-bc99-c9174d5364a4","statusClass":"success"}
{"level":30,"time":1791464783249,"event":"admin_authentication","authStage":"INSTALLATION_BOOTSTRAP_REUSED_SUCCEEDED","correlationId":"8bcf3e31-df0b-4d4f-aa03-74b7f457b62f","statusClass":"success"}
{"level":30,"time":1791464783249,"event":"admin_authentication","authStage":"TENANT_RECONCILIATION_SUCCEEDED","correlationId":"8bcf3e31-df0b-4d4f-aa03-74b7f457b62f","statusClass":"success"}
{"level":30,"time":1791464783249,"event":"admin_authentication","authStage":"AUTHENTICATION_SUCCEEDED","correlationId":"8bcf3e31-df0b-4d4f-aa03-74b7f457b62f","statusClass":"success"}
{"level":30,"time":1791464783251,"event":"admin_authentication","authStage":"INSTALLATION_BOOTSTRAP_REUSED_SUCCEEDED","correlationId":"b6c0db94-b115-492a-866a-433f94fe2de7","statusClass":"success"}
{"level":30,"time":1791464783251,"event":"admin_authentication","authStage":"TENANT_RECONCILIATION_SUCCEEDED","correlationId":"b6c0db94-b115-492a-866a-433f94fe2de7","statusClass":"success"}
{"level":30,"time":1791464783251,"event":"admin_authentication","authStage":"AUTHENTICATION_SUCCEEDED","correlationId":"b6c0db94-b115-492a-866a-433f94fe2de7","statusClass":"success"}
{"level":30,"time":1791464783254,"event":"admin_authentication","authStage":"INSTALLATION_BOOTSTRAP_REUSED_SUCCEEDED","correlationId":"897aec77-0ffc-4f38-a6e8-ae0b45982ad8","statusClass":"success"}
{"level":30,"time":1791464783254,"event":"admin_authentication","authStage":"TENANT_RECONCILIATION_SUCCEEDED","correlationId":"897aec77-0ffc-4f38-a6e8-ae0b45982ad8","statusClass":"success"}
{"level":30,"time":1791464783254,"event":"admin_authentication","authStage":"AUTHENTICATION_SUCCEEDED","correlationId":"897aec77-0ffc-4f38-a6e8-ae0b45982ad8","statusClass":"success"}
{"level":30,"time":1791464783261,"event":"admin_authentication","authStage":"ONLINE_EXCHANGE_SUCCEEDED","correlationId":"78d5f1ee-618f-43b9-b4d8-20a4a6af9b61","statusClass":"success"}
{"level":30,"time":1791464783262,"event":"admin_authentication","authStage":"ONLINE_EXCHANGE_SUCCEEDED","correlationId":"0550c231-29e1-4830-85fd-baa86d1c67c1","statusClass":"success"}
{"level":30,"time":1791464783262,"event":"admin_authentication","authStage":"ONLINE_EXCHANGE_SUCCEEDED","correlationId":"1abc84f4-56ee-41d0-9155-20810518ff12","statusClass":"success"}
{"level":30,"time":1791464783262,"event":"admin_authentication","authStage":"ONLINE_EXCHANGE_SUCCEEDED","correlationId":"bf518409-7918-41b9-a557-8e45e6e1bbee","statusClass":"success"}
{"level":30,"time":1791464783262,"event":"admin_authentication","authStage":"ONLINE_EXCHANGE_SUCCEEDED","correlationId":"077f4c3f-1ae7-42f8-890f-3db049f86fed","statusClass":"success"}
{"level":30,"time":1791464783262,"event":"admin_authentication","authStage":"ONLINE_EXCHANGE_SUCCEEDED","correlationId":"e13d8c8b-a397-4ffd-9fb3-5f8ba7d669b2","statusClass":"success"}
{"level":30,"time":1791464783262,"event":"admin_authentication","authStage":"ONLINE_EXCHANGE_SUCCEEDED","correlationId":"3b517fd2-2b79-442c-9599-c39e78b05393","statusClass":"success"}
{"level":30,"time":1791464783262,"event":"admin_authentication","authStage":"ONLINE_EXCHANGE_SUCCEEDED","correlationId":"c8e577c0-35c4-46a7-a8e9-18748f58e8a7","statusClass":"success"}
{"level":30,"time":1791464783262,"event":"admin_authentication","authStage":"ONLINE_EXCHANGE_SUCCEEDED","correlationId":"8d951f5a-4d7f-4ef0-adf9-695134a4f39a","statusClass":"success"}
{"level":30,"time":1791464783262,"event":"admin_authentication","authStage":"ONLINE_EXCHANGE_SUCCEEDED","correlationId":"3e30e406-76c9-4775-9a16-7826aa5890dd","statusClass":"success"}
{"level":30,"time":1791464783262,"event":"admin_authentication","authStage":"ONLINE_EXCHANGE_SUCCEEDED","correlationId":"a8badde1-581a-491f-a0b6-e7f92ff6d3ea","statusClass":"success"}
{"level":30,"time":1791464783262,"event":"admin_authentication","authStage":"ONLINE_EXCHANGE_SUCCEEDED","correlationId":"6d0036e2-6936-4197-b15e-41074cdada47","statusClass":"success"}
{"level":30,"time":1791464783263,"event":"admin_authentication","authStage":"ONLINE_EXCHANGE_SUCCEEDED","correlationId":"a18bac70-83a0-4363-8a88-f9b89a5430a2","statusClass":"success"}
{"level":30,"time":1791464783263,"event":"admin_authentication","authStage":"ONLINE_EXCHANGE_SUCCEEDED","correlationId":"1d8df39c-9f0a-4e50-b624-9f67e035f263","statusClass":"success"}
{"level":30,"time":1791464783263,"event":"admin_authentication","authStage":"ONLINE_EXCHANGE_SUCCEEDED","correlationId":"4b87281e-a7c1-4ac5-a06b-687baf1ac922","statusClass":"success"}
{"level":30,"time":1791464783263,"event":"admin_authentication","authStage":"ONLINE_EXCHANGE_SUCCEEDED","correlationId":"7a6c6eb0-73e7-4d1f-a524-2bf16c711921","statusClass":"success"}
{"level":30,"time":1791464783263,"event":"admin_authentication","authStage":"ONLINE_EXCHANGE_SUCCEEDED","correlationId":"ba06b9fa-4ae0-41d1-9323-09814b955e30","statusClass":"success"}
{"level":30,"time":1791464783263,"event":"admin_authentication","authStage":"ONLINE_EXCHANGE_SUCCEEDED","correlationId":"8a3eb133-4d84-4960-82a6-5d222f559395","statusClass":"success"}
{"level":30,"time":1791464783263,"event":"admin_authentication","authStage":"ONLINE_EXCHANGE_SUCCEEDED","correlationId":"c01155c2-77b1-45c0-ac63-5a3c63f6535b","statusClass":"success"}
{"level":30,"time":1791464783263,"event":"admin_authentication","authStage":"ONLINE_EXCHANGE_SUCCEEDED","correlationId":"8da4bda2-c2d7-4e15-9eae-530c2b5bc24a","statusClass":"success"}
{"level":30,"time":1791464783263,"event":"admin_authentication","authStage":"ONLINE_EXCHANGE_SUCCEEDED","correlationId":"354bda53-551d-4daf-9cc5-c1a4c70fcb0f","statusClass":"success"}
{"level":30,"time":1791464783263,"event":"admin_authentication","authStage":"ONLINE_EXCHANGE_SUCCEEDED","correlationId":"a7fdfb50-be75-45e9-9337-b7bce989eec2","statusClass":"success"}
{"level":30,"time":1791464783264,"event":"admin_authentication","authStage":"ONLINE_EXCHANGE_SUCCEEDED","correlationId":"0e88e411-fb9f-4f6e-95d8-a63370dd4065","statusClass":"success"}
{"level":30,"time":1791464783264,"event":"admin_authentication","authStage":"ONLINE_EXCHANGE_SUCCEEDED","correlationId":"b2489db0-fbe7-4496-96df-515958da5478","statusClass":"success"}
{"level":30,"time":1791464783266,"event":"admin_authentication","authStage":"INSTALLATION_PROVIDER_READ_SUCCEEDED","correlationId":"78d5f1ee-618f-43b9-b4d8-20a4a6af9b61","statusClass":"success"}
{"level":30,"time":1791464783267,"event":"admin_authentication","authStage":"INSTALLATION_PROVIDER_READ_SUCCEEDED","correlationId":"e13d8c8b-a397-4ffd-9fb3-5f8ba7d669b2","statusClass":"success"}
{"level":30,"time":1791464783268,"event":"admin_authentication","authStage":"INSTALLATION_PROVIDER_READ_SUCCEEDED","correlationId":"0550c231-29e1-4830-85fd-baa86d1c67c1","statusClass":"success"}
{"level":30,"time":1791464783269,"event":"admin_authentication","authStage":"INSTALLATION_PROVIDER_READ_SUCCEEDED","correlationId":"a8badde1-581a-491f-a0b6-e7f92ff6d3ea","statusClass":"success"}
{"level":30,"time":1791464783270,"event":"admin_authentication","authStage":"INSTALLATION_PROVIDER_READ_SUCCEEDED","correlationId":"6d0036e2-6936-4197-b15e-41074cdada47","statusClass":"success"}
{"level":30,"time":1791464783271,"event":"admin_authentication","authStage":"INSTALLATION_PROVIDER_READ_SUCCEEDED","correlationId":"a18bac70-83a0-4363-8a88-f9b89a5430a2","statusClass":"success"}
{"level":30,"time":1791464783271,"event":"admin_authentication","authStage":"INSTALLATION_PROVIDER_READ_SUCCEEDED","correlationId":"bf518409-7918-41b9-a557-8e45e6e1bbee","statusClass":"success"}
{"level":30,"time":1791464783272,"event":"admin_authentication","authStage":"INSTALLATION_PROVIDER_READ_SUCCEEDED","correlationId":"8d951f5a-4d7f-4ef0-adf9-695134a4f39a","statusClass":"success"}
{"level":30,"time":1791464783273,"event":"admin_authentication","authStage":"INSTALLATION_PROVIDER_READ_SUCCEEDED","correlationId":"1abc84f4-56ee-41d0-9155-20810518ff12","statusClass":"success"}
{"level":30,"time":1791464783274,"event":"admin_authentication","authStage":"INSTALLATION_PROVIDER_READ_SUCCEEDED","correlationId":"3e30e406-76c9-4775-9a16-7826aa5890dd","statusClass":"success"}
{"level":30,"time":1791464783274,"event":"admin_authentication","authStage":"INSTALLATION_PROVIDER_READ_SUCCEEDED","correlationId":"3b517fd2-2b79-442c-9599-c39e78b05393","statusClass":"success"}
{"level":30,"time":1791464783275,"event":"admin_authentication","authStage":"INSTALLATION_PROVIDER_READ_SUCCEEDED","correlationId":"077f4c3f-1ae7-42f8-890f-3db049f86fed","statusClass":"success"}
{"level":30,"time":1791464783276,"event":"admin_authentication","authStage":"INSTALLATION_PROVIDER_READ_SUCCEEDED","correlationId":"c8e577c0-35c4-46a7-a8e9-18748f58e8a7","statusClass":"success"}
{"level":30,"time":1791464783276,"event":"admin_authentication","authStage":"INSTALLATION_PROVIDER_READ_SUCCEEDED","correlationId":"1d8df39c-9f0a-4e50-b624-9f67e035f263","statusClass":"success"}
{"level":30,"time":1791464783277,"event":"admin_authentication","authStage":"INSTALLATION_PROVIDER_READ_SUCCEEDED","correlationId":"4b87281e-a7c1-4ac5-a06b-687baf1ac922","statusClass":"success"}
{"level":30,"time":1791464783278,"event":"admin_authentication","authStage":"INSTALLATION_PROVIDER_READ_SUCCEEDED","correlationId":"7a6c6eb0-73e7-4d1f-a524-2bf16c711921","statusClass":"success"}
{"level":30,"time":1791464783279,"event":"admin_authentication","authStage":"INSTALLATION_PROVIDER_READ_SUCCEEDED","correlationId":"ba06b9fa-4ae0-41d1-9323-09814b955e30","statusClass":"success"}
{"level":30,"time":1791464783279,"event":"admin_authentication","authStage":"INSTALLATION_PROVIDER_READ_SUCCEEDED","correlationId":"8a3eb133-4d84-4960-82a6-5d222f559395","statusClass":"success"}
{"level":30,"time":1791464783280,"event":"admin_authentication","authStage":"INSTALLATION_PROVIDER_READ_SUCCEEDED","correlationId":"c01155c2-77b1-45c0-ac63-5a3c63f6535b","statusClass":"success"}
{"level":30,"time":1791464783280,"event":"admin_authentication","authStage":"INSTALLATION_PROVIDER_READ_SUCCEEDED","correlationId":"8da4bda2-c2d7-4e15-9eae-530c2b5bc24a","statusClass":"success"}
{"level":30,"time":1791464783281,"event":"admin_authentication","authStage":"INSTALLATION_PROVIDER_READ_SUCCEEDED","correlationId":"354bda53-551d-4daf-9cc5-c1a4c70fcb0f","statusClass":"success"}
{"level":30,"time":1791464783282,"event":"admin_authentication","authStage":"INSTALLATION_PROVIDER_READ_SUCCEEDED","correlationId":"a7fdfb50-be75-45e9-9337-b7bce989eec2","statusClass":"success"}
{"level":30,"time":1791464783282,"event":"admin_authentication","authStage":"INSTALLATION_PROVIDER_READ_SUCCEEDED","correlationId":"0e88e411-fb9f-4f6e-95d8-a63370dd4065","statusClass":"success"}
{"level":30,"time":1791464783283,"event":"admin_authentication","authStage":"INSTALLATION_PROVIDER_READ_SUCCEEDED","correlationId":"b2489db0-fbe7-4496-96df-515958da5478","statusClass":"success"}
{"level":30,"time":1791464783293,"event":"admin_authentication","authStage":"INSTALLATION_BOOTSTRAP_REINSTALLED_SUCCEEDED","correlationId":"78d5f1ee-618f-43b9-b4d8-20a4a6af9b61","statusClass":"success"}
{"level":30,"time":1791464783293,"event":"admin_authentication","authStage":"TENANT_RECONCILIATION_SUCCEEDED","correlationId":"78d5f1ee-618f-43b9-b4d8-20a4a6af9b61","statusClass":"success"}
{"level":30,"time":1791464783293,"event":"admin_authentication","authStage":"AUTHENTICATION_SUCCEEDED","correlationId":"78d5f1ee-618f-43b9-b4d8-20a4a6af9b61","statusClass":"success"}
{"level":30,"time":1791464783296,"event":"admin_authentication","authStage":"INSTALLATION_BOOTSTRAP_REUSED_SUCCEEDED","correlationId":"e13d8c8b-a397-4ffd-9fb3-5f8ba7d669b2","statusClass":"success"}
{"level":30,"time":1791464783296,"event":"admin_authentication","authStage":"TENANT_RECONCILIATION_SUCCEEDED","correlationId":"e13d8c8b-a397-4ffd-9fb3-5f8ba7d669b2","statusClass":"success"}
{"level":30,"time":1791464783296,"event":"admin_authentication","authStage":"AUTHENTICATION_SUCCEEDED","correlationId":"e13d8c8b-a397-4ffd-9fb3-5f8ba7d669b2","statusClass":"success"}
{"level":30,"time":1791464783299,"event":"admin_authentication","authStage":"INSTALLATION_BOOTSTRAP_REUSED_SUCCEEDED","correlationId":"0550c231-29e1-4830-85fd-baa86d1c67c1","statusClass":"success"}
{"level":30,"time":1791464783299,"event":"admin_authentication","authStage":"TENANT_RECONCILIATION_SUCCEEDED","correlationId":"0550c231-29e1-4830-85fd-baa86d1c67c1","statusClass":"success"}
{"level":30,"time":1791464783299,"event":"admin_authentication","authStage":"AUTHENTICATION_SUCCEEDED","correlationId":"0550c231-29e1-4830-85fd-baa86d1c67c1","statusClass":"success"}
{"level":30,"time":1791464783301,"event":"admin_authentication","authStage":"INSTALLATION_BOOTSTRAP_REUSED_SUCCEEDED","correlationId":"a8badde1-581a-491f-a0b6-e7f92ff6d3ea","statusClass":"success"}
{"level":30,"time":1791464783301,"event":"admin_authentication","authStage":"TENANT_RECONCILIATION_SUCCEEDED","correlationId":"a8badde1-581a-491f-a0b6-e7f92ff6d3ea","statusClass":"success"}
{"level":30,"time":1791464783301,"event":"admin_authentication","authStage":"AUTHENTICATION_SUCCEEDED","correlationId":"a8badde1-581a-491f-a0b6-e7f92ff6d3ea","statusClass":"success"}
{"level":30,"time":1791464783305,"event":"admin_authentication","authStage":"INSTALLATION_BOOTSTRAP_REUSED_SUCCEEDED","correlationId":"6d0036e2-6936-4197-b15e-41074cdada47","statusClass":"success"}
{"level":30,"time":1791464783305,"event":"admin_authentication","authStage":"TENANT_RECONCILIATION_SUCCEEDED","correlationId":"6d0036e2-6936-4197-b15e-41074cdada47","statusClass":"success"}
{"level":30,"time":1791464783305,"event":"admin_authentication","authStage":"AUTHENTICATION_SUCCEEDED","correlationId":"6d0036e2-6936-4197-b15e-41074cdada47","statusClass":"success"}
{"level":30,"time":1791464783308,"event":"admin_authentication","authStage":"INSTALLATION_BOOTSTRAP_REUSED_SUCCEEDED","correlationId":"a18bac70-83a0-4363-8a88-f9b89a5430a2","statusClass":"success"}
{"level":30,"time":1791464783308,"event":"admin_authentication","authStage":"TENANT_RECONCILIATION_SUCCEEDED","correlationId":"a18bac70-83a0-4363-8a88-f9b89a5430a2","statusClass":"success"}
{"level":30,"time":1791464783308,"event":"admin_authentication","authStage":"AUTHENTICATION_SUCCEEDED","correlationId":"a18bac70-83a0-4363-8a88-f9b89a5430a2","statusClass":"success"}
{"level":30,"time":1791464783312,"event":"admin_authentication","authStage":"INSTALLATION_BOOTSTRAP_REUSED_SUCCEEDED","correlationId":"bf518409-7918-41b9-a557-8e45e6e1bbee","statusClass":"success"}
{"level":30,"time":1791464783312,"event":"admin_authentication","authStage":"TENANT_RECONCILIATION_SUCCEEDED","correlationId":"bf518409-7918-41b9-a557-8e45e6e1bbee","statusClass":"success"}
{"level":30,"time":1791464783312,"event":"admin_authentication","authStage":"AUTHENTICATION_SUCCEEDED","correlationId":"bf518409-7918-41b9-a557-8e45e6e1bbee","statusClass":"success"}
{"level":30,"time":1791464783315,"event":"admin_authentication","authStage":"INSTALLATION_BOOTSTRAP_REUSED_SUCCEEDED","correlationId":"8d951f5a-4d7f-4ef0-adf9-695134a4f39a","statusClass":"success"}
{"level":30,"time":1791464783315,"event":"admin_authentication","authStage":"TENANT_RECONCILIATION_SUCCEEDED","correlationId":"8d951f5a-4d7f-4ef0-adf9-695134a4f39a","statusClass":"success"}
{"level":30,"time":1791464783315,"event":"admin_authentication","authStage":"AUTHENTICATION_SUCCEEDED","correlationId":"8d951f5a-4d7f-4ef0-adf9-695134a4f39a","statusClass":"success"}
{"level":30,"time":1791464783318,"event":"admin_authentication","authStage":"INSTALLATION_BOOTSTRAP_REUSED_SUCCEEDED","correlationId":"1abc84f4-56ee-41d0-9155-20810518ff12","statusClass":"success"}
{"level":30,"time":1791464783318,"event":"admin_authentication","authStage":"TENANT_RECONCILIATION_SUCCEEDED","correlationId":"1abc84f4-56ee-41d0-9155-20810518ff12","statusClass":"success"}
{"level":30,"time":1791464783318,"event":"admin_authentication","authStage":"AUTHENTICATION_SUCCEEDED","correlationId":"1abc84f4-56ee-41d0-9155-20810518ff12","statusClass":"success"}
{"level":30,"time":1791464783322,"event":"admin_authentication","authStage":"INSTALLATION_BOOTSTRAP_REUSED_SUCCEEDED","correlationId":"3e30e406-76c9-4775-9a16-7826aa5890dd","statusClass":"success"}
{"level":30,"time":1791464783322,"event":"admin_authentication","authStage":"TENANT_RECONCILIATION_SUCCEEDED","correlationId":"3e30e406-76c9-4775-9a16-7826aa5890dd","statusClass":"success"}
{"level":30,"time":1791464783322,"event":"admin_authentication","authStage":"AUTHENTICATION_SUCCEEDED","correlationId":"3e30e406-76c9-4775-9a16-7826aa5890dd","statusClass":"success"}
{"level":30,"time":1791464783325,"event":"admin_authentication","authStage":"INSTALLATION_BOOTSTRAP_REUSED_SUCCEEDED","correlationId":"3b517fd2-2b79-442c-9599-c39e78b05393","statusClass":"success"}
{"level":30,"time":1791464783325,"event":"admin_authentication","authStage":"TENANT_RECONCILIATION_SUCCEEDED","correlationId":"3b517fd2-2b79-442c-9599-c39e78b05393","statusClass":"success"}
{"level":30,"time":1791464783325,"event":"admin_authentication","authStage":"AUTHENTICATION_SUCCEEDED","correlationId":"3b517fd2-2b79-442c-9599-c39e78b05393","statusClass":"success"}
{"level":30,"time":1791464783328,"event":"admin_authentication","authStage":"INSTALLATION_BOOTSTRAP_REUSED_SUCCEEDED","correlationId":"077f4c3f-1ae7-42f8-890f-3db049f86fed","statusClass":"success"}
{"level":30,"time":1791464783328,"event":"admin_authentication","authStage":"TENANT_RECONCILIATION_SUCCEEDED","correlationId":"077f4c3f-1ae7-42f8-890f-3db049f86fed","statusClass":"success"}
{"level":30,"time":1791464783328,"event":"admin_authentication","authStage":"AUTHENTICATION_SUCCEEDED","correlationId":"077f4c3f-1ae7-42f8-890f-3db049f86fed","statusClass":"success"}
{"level":30,"time":1791464783331,"event":"admin_authentication","authStage":"INSTALLATION_BOOTSTRAP_REUSED_SUCCEEDED","correlationId":"c8e577c0-35c4-46a7-a8e9-18748f58e8a7","statusClass":"success"}
{"level":30,"time":1791464783331,"event":"admin_authentication","authStage":"TENANT_RECONCILIATION_SUCCEEDED","correlationId":"c8e577c0-35c4-46a7-a8e9-18748f58e8a7","statusClass":"success"}
{"level":30,"time":1791464783331,"event":"admin_authentication","authStage":"AUTHENTICATION_SUCCEEDED","correlationId":"c8e577c0-35c4-46a7-a8e9-18748f58e8a7","statusClass":"success"}
{"level":30,"time":1791464783335,"event":"admin_authentication","authStage":"INSTALLATION_BOOTSTRAP_REUSED_SUCCEEDED","correlationId":"1d8df39c-9f0a-4e50-b624-9f67e035f263","statusClass":"success"}
{"level":30,"time":1791464783335,"event":"admin_authentication","authStage":"TENANT_RECONCILIATION_SUCCEEDED","correlationId":"1d8df39c-9f0a-4e50-b624-9f67e035f263","statusClass":"success"}
{"level":30,"time":1791464783335,"event":"admin_authentication","authStage":"AUTHENTICATION_SUCCEEDED","correlationId":"1d8df39c-9f0a-4e50-b624-9f67e035f263","statusClass":"success"}
{"level":30,"time":1791464783338,"event":"admin_authentication","authStage":"INSTALLATION_BOOTSTRAP_REUSED_SUCCEEDED","correlationId":"4b87281e-a7c1-4ac5-a06b-687baf1ac922","statusClass":"success"}
{"level":30,"time":1791464783338,"event":"admin_authentication","authStage":"TENANT_RECONCILIATION_SUCCEEDED","correlationId":"4b87281e-a7c1-4ac5-a06b-687baf1ac922","statusClass":"success"}
{"level":30,"time":1791464783338,"event":"admin_authentication","authStage":"AUTHENTICATION_SUCCEEDED","correlationId":"4b87281e-a7c1-4ac5-a06b-687baf1ac922","statusClass":"success"}
{"level":30,"time":1791464783340,"event":"admin_authentication","authStage":"INSTALLATION_BOOTSTRAP_REUSED_SUCCEEDED","correlationId":"7a6c6eb0-73e7-4d1f-a524-2bf16c711921","statusClass":"success"}
{"level":30,"time":1791464783340,"event":"admin_authentication","authStage":"TENANT_RECONCILIATION_SUCCEEDED","correlationId":"7a6c6eb0-73e7-4d1f-a524-2bf16c711921","statusClass":"success"}
{"level":30,"time":1791464783340,"event":"admin_authentication","authStage":"AUTHENTICATION_SUCCEEDED","correlationId":"7a6c6eb0-73e7-4d1f-a524-2bf16c711921","statusClass":"success"}
{"level":30,"time":1791464783343,"event":"admin_authentication","authStage":"INSTALLATION_BOOTSTRAP_REUSED_SUCCEEDED","correlationId":"ba06b9fa-4ae0-41d1-9323-09814b955e30","statusClass":"success"}
{"level":30,"time":1791464783343,"event":"admin_authentication","authStage":"TENANT_RECONCILIATION_SUCCEEDED","correlationId":"ba06b9fa-4ae0-41d1-9323-09814b955e30","statusClass":"success"}
{"level":30,"time":1791464783343,"event":"admin_authentication","authStage":"AUTHENTICATION_SUCCEEDED","correlationId":"ba06b9fa-4ae0-41d1-9323-09814b955e30","statusClass":"success"}
{"level":30,"time":1791464783346,"event":"admin_authentication","authStage":"INSTALLATION_BOOTSTRAP_REUSED_SUCCEEDED","correlationId":"8a3eb133-4d84-4960-82a6-5d222f559395","statusClass":"success"}
{"level":30,"time":1791464783346,"event":"admin_authentication","authStage":"TENANT_RECONCILIATION_SUCCEEDED","correlationId":"8a3eb133-4d84-4960-82a6-5d222f559395","statusClass":"success"}
{"level":30,"time":1791464783346,"event":"admin_authentication","authStage":"AUTHENTICATION_SUCCEEDED","correlationId":"8a3eb133-4d84-4960-82a6-5d222f559395","statusClass":"success"}
{"level":30,"time":1791464783349,"event":"admin_authentication","authStage":"INSTALLATION_BOOTSTRAP_REUSED_SUCCEEDED","correlationId":"c01155c2-77b1-45c0-ac63-5a3c63f6535b","statusClass":"success"}
{"level":30,"time":1791464783349,"event":"admin_authentication","authStage":"TENANT_RECONCILIATION_SUCCEEDED","correlationId":"c01155c2-77b1-45c0-ac63-5a3c63f6535b","statusClass":"success"}
{"level":30,"time":1791464783349,"event":"admin_authentication","authStage":"AUTHENTICATION_SUCCEEDED","correlationId":"c01155c2-77b1-45c0-ac63-5a3c63f6535b","statusClass":"success"}
{"level":30,"time":1791464783352,"event":"admin_authentication","authStage":"INSTALLATION_BOOTSTRAP_REUSED_SUCCEEDED","correlationId":"8da4bda2-c2d7-4e15-9eae-530c2b5bc24a","statusClass":"success"}
{"level":30,"time":1791464783352,"event":"admin_authentication","authStage":"TENANT_RECONCILIATION_SUCCEEDED","correlationId":"8da4bda2-c2d7-4e15-9eae-530c2b5bc24a","statusClass":"success"}
{"level":30,"time":1791464783352,"event":"admin_authentication","authStage":"AUTHENTICATION_SUCCEEDED","correlationId":"8da4bda2-c2d7-4e15-9eae-530c2b5bc24a","statusClass":"success"}
{"level":30,"time":1791464783355,"event":"admin_authentication","authStage":"INSTALLATION_BOOTSTRAP_REUSED_SUCCEEDED","correlationId":"354bda53-551d-4daf-9cc5-c1a4c70fcb0f","statusClass":"success"}
{"level":30,"time":1791464783355,"event":"admin_authentication","authStage":"TENANT_RECONCILIATION_SUCCEEDED","correlationId":"354bda53-551d-4daf-9cc5-c1a4c70fcb0f","statusClass":"success"}
{"level":30,"time":1791464783355,"event":"admin_authentication","authStage":"AUTHENTICATION_SUCCEEDED","correlationId":"354bda53-551d-4daf-9cc5-c1a4c70fcb0f","statusClass":"success"}
{"level":30,"time":1791464783358,"event":"admin_authentication","authStage":"INSTALLATION_BOOTSTRAP_REUSED_SUCCEEDED","correlationId":"a7fdfb50-be75-45e9-9337-b7bce989eec2","statusClass":"success"}
{"level":30,"time":1791464783358,"event":"admin_authentication","authStage":"TENANT_RECONCILIATION_SUCCEEDED","correlationId":"a7fdfb50-be75-45e9-9337-b7bce989eec2","statusClass":"success"}
{"level":30,"time":1791464783358,"event":"admin_authentication","authStage":"AUTHENTICATION_SUCCEEDED","correlationId":"a7fdfb50-be75-45e9-9337-b7bce989eec2","statusClass":"success"}
{"level":30,"time":1791464783360,"event":"admin_authentication","authStage":"INSTALLATION_BOOTSTRAP_REUSED_SUCCEEDED","correlationId":"0e88e411-fb9f-4f6e-95d8-a63370dd4065","statusClass":"success"}
{"level":30,"time":1791464783360,"event":"admin_authentication","authStage":"TENANT_RECONCILIATION_SUCCEEDED","correlationId":"0e88e411-fb9f-4f6e-95d8-a63370dd4065","statusClass":"success"}
{"level":30,"time":1791464783360,"event":"admin_authentication","authStage":"AUTHENTICATION_SUCCEEDED","correlationId":"0e88e411-fb9f-4f6e-95d8-a63370dd4065","statusClass":"success"}
{"level":30,"time":1791464783363,"event":"admin_authentication","authStage":"INSTALLATION_BOOTSTRAP_REUSED_SUCCEEDED","correlationId":"b2489db0-fbe7-4496-96df-515958da5478","statusClass":"success"}
{"level":30,"time":1791464783363,"event":"admin_authentication","authStage":"TENANT_RECONCILIATION_SUCCEEDED","correlationId":"b2489db0-fbe7-4496-96df-515958da5478","statusClass":"success"}
{"level":30,"time":1791464783363,"event":"admin_authentication","authStage":"AUTHENTICATION_SUCCEEDED","correlationId":"b2489db0-fbe7-4496-96df-515958da5478","statusClass":"success"}
✔ production concurrent verified sessions converge and concurrent reinstalls advance once (251.119266ms)
{"level":30,"time":1791464783385,"event":"admin_authentication","authStage":"ONLINE_EXCHANGE_FAILED","correlationId":"243d3684-8ab0-4427-b157-e9d6912099a3","statusClass":"failure"}
✔ production exchange failure cannot bootstrap an installation (21.222437ms)
{"level":30,"time":1791464783399,"event":"admin_authentication","authStage":"ONLINE_EXCHANGE_SUCCEEDED","correlationId":"8a7b430c-b7b8-4b7b-8d2f-f7c8ac5fb813","statusClass":"success"}
{"level":30,"time":1791464783400,"event":"admin_authentication","authStage":"INSTALLATION_PROVIDER_READ_FAILED","correlationId":"8a7b430c-b7b8-4b7b-8d2f-f7c8ac5fb813","statusClass":"failure"}
✔ production provider failure cannot bootstrap an installation (15.468376ms)
{"level":30,"time":1791464783415,"event":"admin_authentication","authStage":"ONLINE_EXCHANGE_SUCCEEDED","correlationId":"43008b1d-1f69-4211-ab62-9b1ab2688aea","statusClass":"success"}
{"level":30,"time":1791464783416,"event":"admin_authentication","authStage":"INSTALLATION_PROVIDER_SHAPE_OR_IDENTITY_MISMATCH","correlationId":"43008b1d-1f69-4211-ab62-9b1ab2688aea","statusClass":"failure"}
✔ production domain failure cannot bootstrap an installation (15.363495ms)
{"level":30,"time":1791464783435,"event":"admin_authentication","authStage":"ONLINE_EXCHANGE_SUCCEEDED","correlationId":"8af87b26-d00c-40d5-a3b9-10d1d74d10d9","statusClass":"success"}
{"level":30,"time":1791464783436,"event":"admin_authentication","authStage":"INSTALLATION_PROVIDER_READ_SUCCEEDED","correlationId":"8af87b26-d00c-40d5-a3b9-10d1d74d10d9","statusClass":"success"}
{"level":30,"time":1791464783437,"event":"admin_authentication","authStage":"INSTALLATION_BOOTSTRAP_IDENTITY_MISMATCH","correlationId":"8af87b26-d00c-40d5-a3b9-10d1d74d10d9","statusClass":"failure"}
✔ production durable-shop-id failure cannot bootstrap an installation (21.656014ms)
ℹ tests 8
ℹ suites 0
ℹ pass 8
ℹ fail 0
ℹ cancelled 0
ℹ skipped 0
ℹ todo 0
ℹ duration_ms 1000.060659
