Scope: all 12 workspace projects
✓ Lockfile passes supply-chain policies (verified 11h ago)
Lockfile is up to date, resolution step is skipped
Packages: -171
--------------------------------------------------------------------------------

devDependencies:
- @biomejs/biome 2.5.14
- @types/node 24.10.0
- dbmate 2.36.0
- dependency-cruiser 18.4.0
- esbuild 0.25.12
- typescript 5.9.3

Done in 195ms using pnpm v12.6.0
$ node scripts/m5-002/missing-renderer-control.mjs
node:internal/modules/package_json_reader:331
  throw new ERR_MODULE_NOT_FOUND(packageName, fileURLToPath(base), null);
        ^

Error [ERR_MODULE_NOT_FOUND]: Cannot find package 'playwright' imported from /home/serveradmin/insignia-m5-023-worktree/apps/web/test/admin/editor-browser.test.mjs
    at Object.getPackageJSONURL (node:internal/modules/package_json_reader:331:9)
    at packageResolve (node:internal/modules/esm/resolve:784:25)
    at moduleResolve (node:internal/modules/esm/resolve:873:18)
    at defaultResolve (node:internal/modules/esm/resolve:1006:11)
    at #cachedDefaultResolve (node:internal/modules/esm/loader:705:20)
    at #resolveAndMaybeBlockOnLoaderThread (node:internal/modules/esm/loader:725:38)
    at ModuleLoader.resolveSync (node:internal/modules/esm/loader:763:56)
    at #resolve (node:internal/modules/esm/loader:687:17)
    at ModuleLoader.getOrCreateModuleJob (node:internal/modules/esm/loader:607:35)
    at ModuleJob.syncLink (node:internal/modules/esm/module_job:276:33) {
  code: 'ERR_MODULE_NOT_FOUND'
}

Node.js v24.21.0
✖ apps/web/test/admin/editor-browser.test.mjs (72.225361ms)
ℹ tests 1
ℹ suites 0
ℹ pass 0
ℹ fail 1
ℹ cancelled 0
ℹ skipped 0
ℹ todo 0
ℹ duration_ms 82.865857

✖ failing tests:

test at apps/web/test/admin/editor-browser.test.mjs:1:1
✖ apps/web/test/admin/editor-browser.test.mjs (72.225361ms)
  'test failed'
node:internal/modules/run_main:107
    triggerUncaughtException(
    ^

AssertionError [ERR_ASSERTION]: The input did not match the regular expression /PUBLICATION_STRESS_FIRST_FAILURE/. Input:

'node:internal/modules/package_json_reader:331\n' +
  '  throw new ERR_MODULE_NOT_FOUND(packageName, fileURLToPath(base), null);\n' +
  '        ^\n' +
  '\n' +
  "Error [ERR_MODULE_NOT_FOUND]: Cannot find package 'playwright' imported from /home/serveradmin/insignia-m5-023-worktree/apps/web/test/admin/editor-browser.test.mjs\n" +
  '    at Object.getPackageJSONURL (node:internal/modules/package_json_reader:331:9)\n' +
  '    at packageResolve (node:internal/modules/esm/resolve:784:25)\n' +
  '    at moduleResolve (node:internal/modules/esm/resolve:873:18)\n' +
  '    at defaultResolve (node:internal/modules/esm/resolve:1006:11)\n' +
  '    at #cachedDefaultResolve (node:internal/modules/esm/loader:705:20)\n' +
  '    at #resolveAndMaybeBlockOnLoaderThread (node:internal/modules/esm/loader:725:38)\n' +
  '    at ModuleLoader.resolveSync (node:internal/modules/esm/loader:763:56)\n' +
  '    at #resolve (node:internal/modules/esm/loader:687:17)\n' +
  '    at ModuleLoader.getOrCreateModuleJob (node:internal/modules/esm/loader:607:35)\n' +
  '    at ModuleJob.syncLink (node:internal/modules/esm/module_job:276:33) {\n' +
  "  code: 'ERR_MODULE_NOT_FOUND'\n" +
  '}\n' +
  '\n' +
  'Node.js v24.21.0\n' +
  '✖ apps/web/test/admin/editor-browser.test.mjs (72.225361ms)\n' +
  'ℹ tests 1\n' +
  'ℹ suites 0\n' +
  'ℹ pass 0\n' +
  'ℹ fail 1\n' +
  'ℹ cancelled 0\n' +
  'ℹ skipped 0\n' +
  'ℹ todo 0\n' +
  'ℹ duration_ms 82.865857\n' +
  '\n' +
  '✖ failing tests:\n' +
  '\n' +
  'test at apps/web/test/admin/editor-browser.test.mjs:1:1\n' +
  '✖ apps/web/test/admin/editor-browser.test.mjs (72.225361ms)\n' +
  "  'test failed'\n"

    at file:///home/serveradmin/insignia-m5-023-worktree/scripts/m5-002/missing-renderer-control.mjs:16:8
    at ModuleJob.run (node:internal/modules/esm/module_job:561:25)
    at async node:internal/modules/esm/loader:647:26
    at async asyncRunEntryPointWithESMLoader (node:internal/modules/run_main:101:5) {
  generatedMessage: true,
  code: 'ERR_ASSERTION',
  actual: 'node:internal/modules/package_json_reader:331\n' +
    '  throw new ERR_MODULE_NOT_FOUND(packageName, fileURLToPath(base), null);\n' +
    '        ^\n' +
    '\n' +
    "Error [ERR_MODULE_NOT_FOUND]: Cannot find package 'playwright' imported from /home/serveradmin/insignia-m5-023-worktree/apps/web/test/admin/editor-browser.test.mjs\n" +
    '    at Object.getPackageJSONURL (node:internal/modules/package_json_reader:331:9)\n' +
    '    at packageResolve (node:internal/modules/esm/resolve:784:25)\n' +
    '    at moduleResolve (node:internal/modules/esm/resolve:873:18)\n' +
    '    at defaultResolve (node:internal/modules/esm/resolve:1006:11)\n' +
    '    at #cachedDefaultResolve (node:internal/modules/esm/loader:705:20)\n' +
    '    at #resolveAndMaybeBlockOnLoaderThread (node:internal/modules/esm/loader:725:38)\n' +
    '    at ModuleLoader.resolveSync (node:internal/modules/esm/loader:763:56)\n' +
    '    at #resolve (node:internal/modules/esm/loader:687:17)\n' +
    '    at ModuleLoader.getOrCreateModuleJob (node:internal/modules/esm/loader:607:35)\n' +
    '    at ModuleJob.syncLink (node:internal/modules/esm/module_job:276:33) {\n' +
    "  code: 'ERR_MODULE_NOT_FOUND'\n" +
    '}\n' +
    '\n' +
    'Node.js v24.21.0\n' +
    '✖ apps/web/test/admin/editor-browser.test.mjs (72.225361ms)\n' +
    'ℹ tests 1\n' +
    'ℹ suites 0\n' +
    'ℹ pass 0\n' +
    'ℹ fail 1\n' +
    'ℹ cancelled 0\n' +
    'ℹ skipped 0\n' +
    'ℹ todo 0\n' +
    'ℹ duration_ms 82.865857\n' +
    '\n' +
    '✖ failing tests:\n' +
    '\n' +
    'test at apps/web/test/admin/editor-browser.test.mjs:1:1\n' +
    '✖ apps/web/test/admin/editor-browser.test.mjs (72.225361ms)\n' +
    "  'test failed'\n",
  expected: /PUBLICATION_STRESS_FIRST_FAILURE/,
  operator: 'match',
  diff: 'simple'
}

Node.js v24.21.0
[ELIFECYCLE] Command failed with exit code 1.
