$ node scripts/m5-002/missing-renderer-control.mjs
PUBLICATION_STRESS_FIRST_FAILURE {"iteration":1,"saveMode":"dirty","publishMode":"success","observation":{}}
✖ publication success preserves dirty local edits and exact save recovery [1/1] (5596.24788ms)
ℹ tests 1
ℹ suites 0
ℹ pass 0
ℹ fail 1
ℹ cancelled 0
ℹ skipped 0
ℹ todo 0
ℹ duration_ms 6381.915411

✖ failing tests:

test at apps/web/test/admin/editor-browser.test.mjs:1146:7
✖ publication success preserves dirty local edits and exact save recovery [1/1] (5596.24788ms)
  locator.waitFor: Timeout 5000ms exceeded.
  Call log:
  [2m  - waiting for getByText('Draft version 2') to be visible[22m
  
      at TestContext.<anonymous> (/home/serveradmin/insignia-m5-023-worktree/apps/web/test/admin/editor-browser.test.mjs:1238:51) {
    name: 'TimeoutError',
    log: [ "  - waiting for getByText('Draft version 2') to be visible" ]
  }
node:internal/modules/run_main:107
    triggerUncaughtException(
    ^

AssertionError [ERR_ASSERTION]: The input did not match the regular expression /waiting for getByText\('Preview: ready'/. Input:

'PUBLICATION_STRESS_FIRST_FAILURE {"iteration":1,"saveMode":"dirty","publishMode":"success","observation":{}}\n' +
  '✖ publication success preserves dirty local edits and exact save recovery [1/1] (5596.24788ms)\n' +
  'ℹ tests 1\n' +
  'ℹ suites 0\n' +
  'ℹ pass 0\n' +
  'ℹ fail 1\n' +
  'ℹ cancelled 0\n' +
  'ℹ skipped 0\n' +
  'ℹ todo 0\n' +
  'ℹ duration_ms 6381.915411\n' +
  '\n' +
  '✖ failing tests:\n' +
  '\n' +
  'test at apps/web/test/admin/editor-browser.test.mjs:1146:7\n' +
  '✖ publication success preserves dirty local edits and exact save recovery [1/1] (5596.24788ms)\n' +
  '  locator.waitFor: Timeout 5000ms exceeded.\n' +
  '  Call log:\n' +
  "  \x1B[2m  - waiting for getByText('Draft version 2') to be visible\x1B[22m\n" +
  '  \n' +
  '      at TestContext.<anonymous> (/home/serveradmin/insignia-m5-023-worktree/apps/web/test/admin/editor-browser.test.mjs:1238:51) {\n' +
  "    name: 'TimeoutError',\n" +
  `    log: [ "  - waiting for getByText('Draft version 2') to be visible" ]\n` +
  '  }\n'

    at file:///home/serveradmin/insignia-m5-023-worktree/scripts/m5-002/missing-renderer-control.mjs:17:8
    at ModuleJob.run (node:internal/modules/esm/module_job:561:25)
    at async node:internal/modules/esm/loader:647:26
    at async asyncRunEntryPointWithESMLoader (node:internal/modules/run_main:101:5) {
  generatedMessage: true,
  code: 'ERR_ASSERTION',
  actual: 'PUBLICATION_STRESS_FIRST_FAILURE {"iteration":1,"saveMode":"dirty","publishMode":"success","observation":{}}\n' +
    '✖ publication success preserves dirty local edits and exact save recovery [1/1] (5596.24788ms)\n' +
    'ℹ tests 1\n' +
    'ℹ suites 0\n' +
    'ℹ pass 0\n' +
    'ℹ fail 1\n' +
    'ℹ cancelled 0\n' +
    'ℹ skipped 0\n' +
    'ℹ todo 0\n' +
    'ℹ duration_ms 6381.915411\n' +
    '\n' +
    '✖ failing tests:\n' +
    '\n' +
    'test at apps/web/test/admin/editor-browser.test.mjs:1146:7\n' +
    '✖ publication success preserves dirty local edits and exact save recovery [1/1] (5596.24788ms)\n' +
    '  locator.waitFor: Timeout 5000ms exceeded.\n' +
    '  Call log:\n' +
    "  \x1B[2m  - waiting for getByText('Draft version 2') to be visible\x1B[22m\n" +
    '  \n' +
    '      at TestContext.<anonymous> (/home/serveradmin/insignia-m5-023-worktree/apps/web/test/admin/editor-browser.test.mjs:1238:51) {\n' +
    "    name: 'TimeoutError',\n" +
    `    log: [ "  - waiting for getByText('Draft version 2') to be visible" ]\n` +
    '  }\n',
  expected: /waiting for getByText\('Preview: ready'/,
  operator: 'match',
  diff: 'simple'
}

Node.js v24.21.0
[ELIFECYCLE] Command failed with exit code 1.
