✔ complete inventory accepts exact dependencies without executing them (18.126479ms)
✔ changed database dependency fails despite identical entry and handler bytes (3.255122ms)
✔ additional executable file fails exact inventory (2.717029ms)
✔ changed internal module path fails despite unchanged file bytes (2.694643ms)
✔ escaping executable link is rejected before reading or executing it (1.904138ms)
✔ preload and lookup overrides cannot qualify (1.975499ms)
✔ nearer dist dependency shadow cannot qualify the reviewed root package (2.900549ms)
✖ root alias into writable storage fails even with exact package bytes (3.186241ms)
ℹ tests 8
ℹ suites 0
ℹ pass 7
ℹ fail 1
ℹ cancelled 0
ℹ skipped 0
ℹ todo 0
ℹ duration_ms 122.021103

✖ failing tests:

test at docs/delivery/evidence/m5-023/operators/worker-inventory-controls.mjs:74:1
✖ root alias into writable storage fails even with exact package bytes (3.186241ms)
  AssertionError [ERR_ASSERTION]: Missing expected exception.
      at file:///home/serveradmin/insignia-m5-023-worktree/docs/delivery/evidence/m5-023/operators/worker-inventory-controls.mjs:78:10
      at fixture (file:///home/serveradmin/insignia-m5-023-worktree/docs/delivery/evidence/m5-023/operators/worker-inventory-controls.mjs:26:9)
      at TestContext.<anonymous> (file:///home/serveradmin/insignia-m5-023-worktree/docs/delivery/evidence/m5-023/operators/worker-inventory-controls.mjs:74:81)
      at Test.runInAsyncScope (node:async_hooks:227:14)
      at Test.run (node:internal/test_runner/test:1402:25)
      at Test.processPendingSubtests (node:internal/test_runner/test:974:18)
      at Test.postRun (node:internal/test_runner/test:1542:19)
      at Test.run (node:internal/test_runner/test:1467:12)
      at async Test.processPendingSubtests (node:internal/test_runner/test:974:7) {
    generatedMessage: false,
    code: 'ERR_ASSERTION',
    actual: undefined,
    expected: /Writable executable overlap/,
    operator: 'throws',
    diff: 'simple'
  }
