✔ complete inventory accepts exact dependencies without executing them (792.776239ms)
✔ changed database dependency fails despite identical entry and handler bytes (778.520675ms)
✔ additional executable file fails exact inventory (785.723261ms)
✔ changed internal module path fails despite unchanged file bytes (786.883259ms)
✔ escaping executable link is rejected before reading or executing it (3.349562ms)
✔ preload and lookup overrides cannot qualify (389.811322ms)
✔ nearer dist dependency shadow cannot qualify the reviewed root package (785.36259ms)
✔ mislabeled nearer owned-root dependency is rejected at the Node lookup boundary (396.478391ms)
✔ nearer legacy directory without metadata cannot fall through to the outer package (392.121871ms)
✔ nearer CJS file cannot fall through to the outer package (394.977764ms)
✔ qualified nested module files remain bound and any change fails (1181.14567ms)
✔ root alias into writable storage fails even with exact package bytes (393.573037ms)
✔ inventory alone cannot qualify a different actually running process (458.114993ms)
✔ effective process requires exact arguments, binary and absent preload flags (0.426507ms)
ℹ tests 14
ℹ suites 0
ℹ pass 14
ℹ fail 0
ℹ cancelled 0
ℹ skipped 0
ℹ todo 0
ℹ duration_ms 7639.289048
