....F....
======================================================================
FAIL: test_only_exact_ready_worker_and_queue_qualify (__main__.GuardControls.test_only_exact_ready_worker_and_queue_qualify) (failure='writable-code')
----------------------------------------------------------------------
Traceback (most recent call last):
  File "/home/serveradmin/insignia-m5-023-worktree/docs/delivery/evidence/m5-023/operators/host-operator-controls.py", line 167, in test_only_exact_ready_worker_and_queue_qualify
    self.assertEqual(value['classification'], 'PASS_UNINSTALL_PROCESSOR' if failure is None else 'BLOCKED_UNINSTALL_PROCESSOR_READINESS')
    ~~~~~~~~~~~~~~~~^^^^^^^^^^^^^^^^^^^^^^^^^^^^^^^^^^^^^^^^^^^^^^^^^^^^^^^^^^^^^^^^^^^^^^^^^^^^^^^^^^^^^^^^^^^^^^^^^^^^^^^^^^^^^^^^^^^^^
AssertionError: 'PASS_UNINSTALL_PROCESSOR' != 'BLOCKED_UNINSTALL_PROCESSOR_READINESS'
- PASS_UNINSTALL_PROCESSOR
+ BLOCKED_UNINSTALL_PROCESSOR_READINESS


----------------------------------------------------------------------
Ran 9 tests in 0.009s

FAILED (failures=1)
{"action": "lifecycle-settled", "at": "2026-10-08T15:03:34.420738+00:00", "candidateCount": 1, "checks": {"exactWorkerArtifact": true, "queueRuntimeUsable": true, "queueSchemaPresent": true, "runtimeRoleExact": true, "uninstallRuntimeUsable": true, "webhookSecretMatchesApp": true, "workerKeyConfigurationPresent": true, "workerReady": true, "workerRoleExact": true}, "classification": "PASS_UNINSTALL_PROCESSOR", "databaseWrites": 0, "providerRequests": 0, "runtimeEnvironmentValuesLogged": false, "workerDeployments": 0}
{"action": "lifecycle-settled", "at": "2026-10-08T15:03:34.421282+00:00", "candidateCount": 1, "checks": {"exactWorkerArtifact": false, "queueRuntimeUsable": true, "queueSchemaPresent": true, "runtimeRoleExact": true, "uninstallRuntimeUsable": true, "webhookSecretMatchesApp": true, "workerKeyConfigurationPresent": true, "workerReady": false, "workerRoleExact": true}, "classification": "BLOCKED_UNINSTALL_PROCESSOR_READINESS", "databaseWrites": 0, "providerRequests": 0, "runtimeEnvironmentValuesLogged": false, "workerDeployments": 0}
{"action": "lifecycle-settled", "at": "2026-10-08T15:03:34.421793+00:00", "candidateCount": 1, "checks": {"exactWorkerArtifact": true, "queueRuntimeUsable": true, "queueSchemaPresent": true, "runtimeRoleExact": true, "uninstallRuntimeUsable": true, "webhookSecretMatchesApp": false, "workerKeyConfigurationPresent": true, "workerReady": true, "workerRoleExact": true}, "classification": "BLOCKED_UNINSTALL_PROCESSOR_READINESS", "databaseWrites": 0, "providerRequests": 0, "runtimeEnvironmentValuesLogged": false, "workerDeployments": 0}
{"action": "lifecycle-settled", "at": "2026-10-08T15:03:34.422302+00:00", "candidateCount": 1, "checks": {"exactWorkerArtifact": true, "queueRuntimeUsable": false, "queueSchemaPresent": true, "runtimeRoleExact": true, "uninstallRuntimeUsable": true, "webhookSecretMatchesApp": true, "workerKeyConfigurationPresent": true, "workerReady": true, "workerRoleExact": true}, "classification": "BLOCKED_UNINSTALL_PROCESSOR_READINESS", "databaseWrites": 0, "providerRequests": 0, "runtimeEnvironmentValuesLogged": false, "workerDeployments": 0}
{"action": "lifecycle-settled", "at": "2026-10-08T15:03:34.422798+00:00", "candidateCount": 1, "checks": {"exactWorkerArtifact": true, "queueRuntimeUsable": true, "queueSchemaPresent": true, "runtimeRoleExact": true, "uninstallRuntimeUsable": true, "webhookSecretMatchesApp": true, "workerKeyConfigurationPresent": true, "workerReady": false, "workerRoleExact": true}, "classification": "BLOCKED_UNINSTALL_PROCESSOR_READINESS", "databaseWrites": 0, "providerRequests": 0, "runtimeEnvironmentValuesLogged": false, "workerDeployments": 0}
{"action": "lifecycle-settled", "at": "2026-10-08T15:03:34.423293+00:00", "candidateCount": 1, "checks": {"exactWorkerArtifact": false, "queueRuntimeUsable": true, "queueSchemaPresent": true, "runtimeRoleExact": true, "uninstallRuntimeUsable": true, "webhookSecretMatchesApp": true, "workerKeyConfigurationPresent": true, "workerReady": false, "workerRoleExact": true}, "classification": "BLOCKED_UNINSTALL_PROCESSOR_READINESS", "databaseWrites": 0, "providerRequests": 0, "runtimeEnvironmentValuesLogged": false, "workerDeployments": 0}
{"action": "lifecycle-settled", "at": "2026-10-08T15:03:34.423802+00:00", "candidateCount": 1, "checks": {"exactWorkerArtifact": true, "queueRuntimeUsable": true, "queueSchemaPresent": true, "runtimeRoleExact": true, "uninstallRuntimeUsable": true, "webhookSecretMatchesApp": true, "workerKeyConfigurationPresent": true, "workerReady": true, "workerRoleExact": false}, "classification": "BLOCKED_UNINSTALL_PROCESSOR_READINESS", "databaseWrites": 0, "providerRequests": 0, "runtimeEnvironmentValuesLogged": false, "workerDeployments": 0}
{"action": "lifecycle-settled", "at": "2026-10-08T15:03:34.424305+00:00", "candidateCount": 1, "checks": {"exactWorkerArtifact": true, "queueRuntimeUsable": true, "queueSchemaPresent": true, "runtimeRoleExact": true, "uninstallRuntimeUsable": false, "webhookSecretMatchesApp": true, "workerKeyConfigurationPresent": true, "workerReady": true, "workerRoleExact": true}, "classification": "BLOCKED_UNINSTALL_PROCESSOR_READINESS", "databaseWrites": 0, "providerRequests": 0, "runtimeEnvironmentValuesLogged": false, "workerDeployments": 0}
{"action": "lifecycle-settled", "at": "2026-10-08T15:03:34.424794+00:00", "candidateCount": 1, "checks": {"exactWorkerArtifact": true, "queueRuntimeUsable": true, "queueSchemaPresent": true, "runtimeRoleExact": true, "uninstallRuntimeUsable": true, "webhookSecretMatchesApp": true, "workerKeyConfigurationPresent": true, "workerReady": true, "workerRoleExact": true}, "classification": "PASS_UNINSTALL_PROCESSOR", "databaseWrites": 0, "providerRequests": 0, "runtimeEnvironmentValuesLogged": false, "workerDeployments": 0}
{"action": "lifecycle-settled", "at": "2026-10-08T15:03:34.426225+00:00", "candidateCount": 0, "checks": {"exactWorkerArtifact": false, "queueRuntimeUsable": false, "queueSchemaPresent": false, "runtimeRoleExact": false, "webhookSecretMatchesApp": true, "workerKeyConfigurationPresent": false, "workerReady": false, "workerRoleExact": false}, "classification": "BLOCKED_UNINSTALL_PROCESSOR_READINESS", "databaseWrites": 0, "providerRequests": 0, "runtimeEnvironmentValuesLogged": false, "workerDeployments": 0}
