....FF....
======================================================================
FAIL: test_only_exact_ready_worker_and_queue_qualify (__main__.GuardControls.test_only_exact_ready_worker_and_queue_qualify) (failure='custom-launcher')
----------------------------------------------------------------------
Traceback (most recent call last):
  File "/home/serveradmin/insignia-m5-023-worktree/docs/delivery/evidence/m5-023/operators/host-operator-controls.py", line 174, in test_only_exact_ready_worker_and_queue_qualify
    self.assertEqual(value['classification'], 'PASS_UNINSTALL_PROCESSOR' if failure is None else 'BLOCKED_UNINSTALL_PROCESSOR_READINESS')
    ~~~~~~~~~~~~~~~~^^^^^^^^^^^^^^^^^^^^^^^^^^^^^^^^^^^^^^^^^^^^^^^^^^^^^^^^^^^^^^^^^^^^^^^^^^^^^^^^^^^^^^^^^^^^^^^^^^^^^^^^^^^^^^^^^^^^^
AssertionError: 'PASS_UNINSTALL_PROCESSOR' != 'BLOCKED_UNINSTALL_PROCESSOR_READINESS'
- PASS_UNINSTALL_PROCESSOR
+ BLOCKED_UNINSTALL_PROCESSOR_READINESS


======================================================================
FAIL: test_only_exact_ready_worker_and_queue_qualify (__main__.GuardControls.test_only_exact_ready_worker_and_queue_qualify) (failure='separate-network')
----------------------------------------------------------------------
Traceback (most recent call last):
  File "/home/serveradmin/insignia-m5-023-worktree/docs/delivery/evidence/m5-023/operators/host-operator-controls.py", line 174, in test_only_exact_ready_worker_and_queue_qualify
    self.assertEqual(value['classification'], 'PASS_UNINSTALL_PROCESSOR' if failure is None else 'BLOCKED_UNINSTALL_PROCESSOR_READINESS')
    ~~~~~~~~~~~~~~~~^^^^^^^^^^^^^^^^^^^^^^^^^^^^^^^^^^^^^^^^^^^^^^^^^^^^^^^^^^^^^^^^^^^^^^^^^^^^^^^^^^^^^^^^^^^^^^^^^^^^^^^^^^^^^^^^^^^^^
AssertionError: 'PASS_UNINSTALL_PROCESSOR' != 'BLOCKED_UNINSTALL_PROCESSOR_READINESS'
- PASS_UNINSTALL_PROCESSOR
+ BLOCKED_UNINSTALL_PROCESSOR_READINESS


----------------------------------------------------------------------
Ran 9 tests in 0.011s

FAILED (failures=2)
{"action": "lifecycle-settled", "at": "2026-10-08T15:22:29.688304+00:00", "candidateCount": 1, "checks": {"exactWorkerArtifact": true, "queueRuntimeUsable": true, "queueSchemaPresent": true, "runtimeRoleExact": true, "uninstallRuntimeUsable": true, "webhookSecretMatchesApp": true, "workerKeyConfigurationPresent": true, "workerReady": true, "workerRoleExact": true}, "classification": "PASS_UNINSTALL_PROCESSOR", "databaseWrites": 0, "providerRequests": 0, "runtimeEnvironmentValuesLogged": false, "workerDeployments": 0}
{"action": "lifecycle-settled", "at": "2026-10-08T15:22:29.688866+00:00", "candidateCount": 1, "checks": {"exactWorkerArtifact": false, "queueRuntimeUsable": true, "queueSchemaPresent": true, "runtimeRoleExact": true, "uninstallRuntimeUsable": true, "webhookSecretMatchesApp": true, "workerKeyConfigurationPresent": true, "workerReady": false, "workerRoleExact": true}, "classification": "BLOCKED_UNINSTALL_PROCESSOR_READINESS", "databaseWrites": 0, "providerRequests": 0, "runtimeEnvironmentValuesLogged": false, "workerDeployments": 0}
{"action": "lifecycle-settled", "at": "2026-10-08T15:22:29.689407+00:00", "candidateCount": 1, "checks": {"exactWorkerArtifact": true, "queueRuntimeUsable": true, "queueSchemaPresent": true, "runtimeRoleExact": true, "uninstallRuntimeUsable": true, "webhookSecretMatchesApp": false, "workerKeyConfigurationPresent": true, "workerReady": true, "workerRoleExact": true}, "classification": "BLOCKED_UNINSTALL_PROCESSOR_READINESS", "databaseWrites": 0, "providerRequests": 0, "runtimeEnvironmentValuesLogged": false, "workerDeployments": 0}
{"action": "lifecycle-settled", "at": "2026-10-08T15:22:29.689922+00:00", "candidateCount": 1, "checks": {"exactWorkerArtifact": true, "queueRuntimeUsable": false, "queueSchemaPresent": true, "runtimeRoleExact": true, "uninstallRuntimeUsable": true, "webhookSecretMatchesApp": true, "workerKeyConfigurationPresent": true, "workerReady": true, "workerRoleExact": true}, "classification": "BLOCKED_UNINSTALL_PROCESSOR_READINESS", "databaseWrites": 0, "providerRequests": 0, "runtimeEnvironmentValuesLogged": false, "workerDeployments": 0}
{"action": "lifecycle-settled", "at": "2026-10-08T15:22:29.690446+00:00", "candidateCount": 1, "checks": {"exactWorkerArtifact": true, "queueRuntimeUsable": true, "queueSchemaPresent": true, "runtimeRoleExact": true, "uninstallRuntimeUsable": true, "webhookSecretMatchesApp": true, "workerKeyConfigurationPresent": true, "workerReady": false, "workerRoleExact": true}, "classification": "BLOCKED_UNINSTALL_PROCESSOR_READINESS", "databaseWrites": 0, "providerRequests": 0, "runtimeEnvironmentValuesLogged": false, "workerDeployments": 0}
{"action": "lifecycle-settled", "at": "2026-10-08T15:22:29.690948+00:00", "candidateCount": 1, "checks": {"exactWorkerArtifact": false, "queueRuntimeUsable": true, "queueSchemaPresent": true, "runtimeRoleExact": true, "uninstallRuntimeUsable": true, "webhookSecretMatchesApp": true, "workerKeyConfigurationPresent": true, "workerReady": false, "workerRoleExact": true}, "classification": "BLOCKED_UNINSTALL_PROCESSOR_READINESS", "databaseWrites": 0, "providerRequests": 0, "runtimeEnvironmentValuesLogged": false, "workerDeployments": 0}
{"action": "lifecycle-settled", "at": "2026-10-08T15:22:29.691486+00:00", "candidateCount": 1, "checks": {"exactWorkerArtifact": true, "queueRuntimeUsable": true, "queueSchemaPresent": true, "runtimeRoleExact": true, "uninstallRuntimeUsable": true, "webhookSecretMatchesApp": true, "workerKeyConfigurationPresent": true, "workerReady": true, "workerRoleExact": false}, "classification": "BLOCKED_UNINSTALL_PROCESSOR_READINESS", "databaseWrites": 0, "providerRequests": 0, "runtimeEnvironmentValuesLogged": false, "workerDeployments": 0}
{"action": "lifecycle-settled", "at": "2026-10-08T15:22:29.691993+00:00", "candidateCount": 1, "checks": {"exactWorkerArtifact": true, "queueRuntimeUsable": true, "queueSchemaPresent": true, "runtimeRoleExact": true, "uninstallRuntimeUsable": false, "webhookSecretMatchesApp": true, "workerKeyConfigurationPresent": true, "workerReady": true, "workerRoleExact": true}, "classification": "BLOCKED_UNINSTALL_PROCESSOR_READINESS", "databaseWrites": 0, "providerRequests": 0, "runtimeEnvironmentValuesLogged": false, "workerDeployments": 0}
{"action": "lifecycle-settled", "at": "2026-10-08T15:22:29.692473+00:00", "candidateCount": 1, "checks": {"exactWorkerArtifact": false, "queueRuntimeUsable": true, "queueSchemaPresent": true, "runtimeRoleExact": true, "uninstallRuntimeUsable": true, "webhookSecretMatchesApp": true, "workerKeyConfigurationPresent": true, "workerReady": false, "workerRoleExact": true}, "classification": "BLOCKED_UNINSTALL_PROCESSOR_READINESS", "databaseWrites": 0, "providerRequests": 0, "runtimeEnvironmentValuesLogged": false, "workerDeployments": 0}
{"action": "lifecycle-settled", "at": "2026-10-08T15:22:29.692980+00:00", "candidateCount": 1, "checks": {"exactWorkerArtifact": true, "queueRuntimeUsable": true, "queueSchemaPresent": true, "runtimeRoleExact": true, "uninstallRuntimeUsable": true, "webhookSecretMatchesApp": true, "workerKeyConfigurationPresent": true, "workerReady": true, "workerRoleExact": true}, "classification": "PASS_UNINSTALL_PROCESSOR", "databaseWrites": 0, "providerRequests": 0, "runtimeEnvironmentValuesLogged": false, "workerDeployments": 0}
{"action": "lifecycle-settled", "at": "2026-10-08T15:22:29.694162+00:00", "candidateCount": 1, "checks": {"exactWorkerArtifact": true, "queueRuntimeUsable": true, "queueSchemaPresent": true, "runtimeRoleExact": true, "uninstallRuntimeUsable": true, "webhookSecretMatchesApp": true, "workerKeyConfigurationPresent": true, "workerReady": true, "workerRoleExact": true}, "classification": "PASS_UNINSTALL_PROCESSOR", "databaseWrites": 0, "providerRequests": 0, "runtimeEnvironmentValuesLogged": false, "workerDeployments": 0}
{"action": "lifecycle-settled", "at": "2026-10-08T15:22:29.695393+00:00", "candidateCount": 0, "checks": {"exactWorkerArtifact": false, "queueRuntimeUsable": false, "queueSchemaPresent": false, "runtimeRoleExact": false, "webhookSecretMatchesApp": true, "workerKeyConfigurationPresent": false, "workerReady": false, "workerRoleExact": false}, "classification": "BLOCKED_UNINSTALL_PROCESSOR_READINESS", "databaseWrites": 0, "providerRequests": 0, "runtimeEnvironmentValuesLogged": false, "workerDeployments": 0}
