✔ complete inventory accepts exact dependencies without executing them (17.327116ms)
✔ changed database dependency fails despite identical entry and handler bytes (2.606711ms)
✔ additional executable file fails exact inventory (2.216883ms)
✖ changed internal module path fails despite unchanged file bytes (3.068831ms)
✔ escaping executable link is rejected before reading or executing it (1.674406ms)
✔ preload and lookup overrides cannot qualify (1.399245ms)
ℹ tests 6
ℹ suites 0
ℹ pass 5
ℹ fail 1
ℹ cancelled 0
ℹ skipped 0
ℹ todo 0
ℹ duration_ms 111.907438

✖ failing tests:

test at docs/delivery/evidence/m5-023/operators/worker-inventory-controls.mjs:46:1
✖ changed internal module path fails despite unchanged file bytes (3.068831ms)
  AssertionError [ERR_ASSERTION]: Expected values to be strictly equal:
  
  true !== false
  
      at file:///home/serveradmin/insignia-m5-023-worktree/docs/delivery/evidence/m5-023/operators/worker-inventory-controls.mjs:50:10
      at fixture (file:///home/serveradmin/insignia-m5-023-worktree/docs/delivery/evidence/m5-023/operators/worker-inventory-controls.mjs:25:9)
      at TestContext.<anonymous> (file:///home/serveradmin/insignia-m5-023-worktree/docs/delivery/evidence/m5-023/operators/worker-inventory-controls.mjs:46:76)
      at Test.runInAsyncScope (node:async_hooks:227:14)
      at Test.run (node:internal/test_runner/test:1402:25)
      at Test.processPendingSubtests (node:internal/test_runner/test:974:18)
      at Test.postRun (node:internal/test_runner/test:1542:19)
      at Test.run (node:internal/test_runner/test:1467:12)
      at async Test.processPendingSubtests (node:internal/test_runner/test:974:7) {
    generatedMessage: true,
    code: 'ERR_ASSERTION',
    actual: true,
    expected: false,
    operator: 'strictEqual',
    diff: 'simple'
  }
