✔ one actual diagnostic sequence keeps empty installation distinct from nonempty token/REST/declarations (10.583514ms)
✔ partial stream failure is UNKNOWN and cannot allow a later independent read (3.128484ms)
✔ permission/shape metadata error does not become an empty grant agreement (3.072155ms)
✔ metadata shape failure still permits the independent REST read (2.146906ms)
✔ public sequence preserves missing installation/REST scope semantics (2.304495ms)
✔ public sequence preserves null installation/REST scope semantics (2.086979ms)
✔ public sequence preserves empty installation/REST scope semantics (1.989382ms)
✔ public sequence preserves wrong-type installation/REST scope semantics (1.789373ms)
✔ public sequence preserves duplicates installation/REST scope semantics (2.079433ms)
✔ public sequence preserves bad-handle installation/REST scope semantics (3.499801ms)
✔ token missing is recorded separately without preventing identity verification (1.680314ms)
✔ token null is recorded separately without preventing identity verification (1.483861ms)
✔ token empty is recorded separately without preventing identity verification (1.479615ms)
✔ token wrong-type is recorded separately without preventing identity verification (1.418995ms)
✔ token duplicate is recorded separately without preventing identity verification (1.502699ms)
✔ token bad-handle is recorded separately without preventing identity verification (1.424806ms)
✔ wrong shop identity stops after exactly two attempts (1.230574ms)
✔ wrong domain identity stops after exactly two attempts (0.920051ms)
✔ wrong app identity stops after exactly two attempts (0.983812ms)
✔ wrong client identity stops after exactly two attempts (0.922339ms)
✔ wrong installation identity stops after exactly two attempts (0.962103ms)
✔ wrong development identity stops after exactly two attempts (0.866863ms)
✔ explicit mismatched declared identity stops before REST (1.325529ms)
✔ token-invalid metadata response stops all later work (1.268744ms)
✔ offline unvalidated metadata is NOT_RUN without live document fallback (1.222911ms)
✔ unvalidated identity document stops before credential access (0.421935ms)
✔ actual entrypoint prevents host dispatch (0.937319ms)
✔ actual entrypoint prevents API dispatch (0.800809ms)
✔ actual entrypoint prevents method dispatch (0.830504ms)
✔ actual entrypoint prevents document dispatch (0.870493ms)
✔ actual entrypoint prevents mutation dispatch (0.832509ms)
✔ actual entrypoint prevents variables dispatch (0.816356ms)
✔ fixed REST GET prevents query (3.106943ms)
✔ fixed REST GET prevents body (1.466073ms)
✔ canonical history cannot be reopened, exhausted, corrupted or reset after loss (2.293509ms)
✔ expired credential preparation never dispatches a late HTTP call and retains pending lock (36.424339ms)
✔ ignored abort and late HTTP completion remain UNKNOWN with no later request or evidence rewrite (36.664747ms)
✔ metadata oversized is shape evidence and allows independent REST (3.116957ms)
✔ metadata invalid-UTF8 is shape evidence and allows independent REST (1.846497ms)
✔ metadata invalid-JSON is shape evidence and allows independent REST (1.824924ms)
✔ metadata missing-body is shape evidence and allows independent REST (1.667361ms)
✔ unusable authentication never authorizes a read (0.866232ms)
✔ unusable authentication never authorizes a read (0.749591ms)
✔ unusable authentication never authorizes a read (0.742106ms)
✔ synthetic entry cannot override its mode to admit a nonsynthetic bearer (0.94458ms)
✔ pinned documented fields validate both exact documents and reject mutation/extra/unknown syntax (0.854521ms)
✔ live entrypoint rejects an unbound offline gate before owner credential metadata (28.051418ms)
✔ complete source/CI/review gate accepts exact receipts and rejects omitted/stale/altered evidence (87.327543ms)
✔ captured four-surface empty scope result replays through the public sequence without authorizing repair (2.049565ms)
ℹ tests 49
ℹ suites 0
ℹ pass 49
ℹ fail 0
ℹ cancelled 0
ℹ skipped 0
ℹ todo 0
ℹ duration_ms 463.760497
