✔ one actual diagnostic sequence keeps empty installation distinct from nonempty token/REST/declarations (10.760543ms)
✔ partial stream failure is UNKNOWN and cannot allow a later independent read (3.143188ms)
✔ permission/shape metadata error does not become an empty grant agreement (3.110018ms)
✔ metadata shape failure still permits the independent REST read (2.18875ms)
✔ public sequence preserves missing installation/REST scope semantics (2.339494ms)
✔ public sequence preserves null installation/REST scope semantics (2.21869ms)
✔ public sequence preserves empty installation/REST scope semantics (2.173265ms)
✔ public sequence preserves wrong-type installation/REST scope semantics (1.80762ms)
✔ public sequence preserves duplicates installation/REST scope semantics (2.13193ms)
✔ public sequence preserves bad-handle installation/REST scope semantics (3.302229ms)
✔ token missing is recorded separately without preventing identity verification (1.716397ms)
✔ token null is recorded separately without preventing identity verification (1.474113ms)
✔ token empty is recorded separately without preventing identity verification (1.532411ms)
✔ token wrong-type is recorded separately without preventing identity verification (1.428639ms)
✔ token duplicate is recorded separately without preventing identity verification (1.500447ms)
✔ token bad-handle is recorded separately without preventing identity verification (1.465941ms)
✔ wrong shop identity stops after exactly two attempts (1.209153ms)
✔ wrong domain identity stops after exactly two attempts (0.911899ms)
✔ wrong app identity stops after exactly two attempts (1.032109ms)
✔ wrong client identity stops after exactly two attempts (0.934507ms)
✔ wrong installation identity stops after exactly two attempts (0.920133ms)
✔ wrong development identity stops after exactly two attempts (0.873886ms)
✔ explicit mismatched declared identity stops before REST (1.35634ms)
✔ token-invalid metadata response stops all later work (1.285707ms)
✔ offline unvalidated metadata is NOT_RUN without live document fallback (1.227748ms)
✔ unvalidated identity document stops before credential access (0.421799ms)
✔ actual entrypoint prevents host dispatch (0.96722ms)
✔ actual entrypoint prevents API dispatch (0.806036ms)
✔ actual entrypoint prevents method dispatch (0.806897ms)
✔ actual entrypoint prevents document dispatch (0.908011ms)
✔ actual entrypoint prevents mutation dispatch (0.82775ms)
✔ actual entrypoint prevents variables dispatch (0.876426ms)
✔ fixed REST GET prevents query (3.018071ms)
✔ fixed REST GET prevents body (1.482175ms)
✔ canonical history cannot be reopened, exhausted, corrupted or reset after loss (2.283841ms)
✔ expired credential preparation never dispatches a late HTTP call and retains pending lock (35.926474ms)
✔ ignored abort and late HTTP completion remain UNKNOWN with no later request or evidence rewrite (36.648847ms)
✔ metadata oversized is shape evidence and allows independent REST (2.890342ms)
✔ metadata invalid-UTF8 is shape evidence and allows independent REST (1.680549ms)
✔ metadata invalid-JSON is shape evidence and allows independent REST (1.702957ms)
✔ metadata missing-body is shape evidence and allows independent REST (1.490833ms)
✔ unusable authentication never authorizes a read (0.768304ms)
✔ unusable authentication never authorizes a read (0.673442ms)
✔ unusable authentication never authorizes a read (0.644503ms)
✔ synthetic entry cannot override its mode to admit a nonsynthetic bearer (0.857786ms)
✔ pinned documented fields validate both exact documents and reject mutation/extra/unknown syntax (0.736253ms)
✔ live entrypoint rejects an unbound offline gate before owner credential metadata (26.972129ms)
✔ complete source/CI/review gate accepts exact receipts and rejects omitted/stale/altered evidence (86.843857ms)
ℹ tests 48
ℹ suites 0
ℹ pass 48
ℹ fail 0
ℹ cancelled 0
ℹ skipped 0
ℹ todo 0
ℹ duration_ms 461.564756
