✖ one actual diagnostic sequence keeps empty installation distinct from nonempty token/REST/declarations (7.940513ms)
ℹ tests 1
ℹ suites 0
ℹ pass 0
ℹ fail 1
ℹ cancelled 0
ℹ skipped 0
ℹ todo 0
ℹ duration_ms 204.900252

✖ failing tests:

test at scripts/m5-005/diagnostic.test.mjs:9:1
✖ one actual diagnostic sequence keeps empty installation distinct from nonempty token/REST/declarations (7.940513ms)
  AssertionError [ERR_ASSERTION]: Expected values to be strictly equal:
  + actual - expected
  
  + 'STOPPED'
  - 'OBSERVATIONS_COMPLETE'
  
      at TestContext.<anonymous> (file:///home/serveradmin/insignia-m5-005-worktree/scripts/m5-005/diagnostic.test.mjs:21:10)
      at async Test.run (node:internal/test_runner/test:1409:7)
      at async startSubtestAfterBootstrap (node:internal/test_runner/harness:387:3) {
    generatedMessage: true,
    code: 'ERR_ASSERTION',
    actual: 'STOPPED',
    expected: 'OBSERVATIONS_COMPLETE',
    operator: 'strictEqual',
    diff: 'simple'
  }
