$ corepack pnpm check:style && corepack pnpm build && corepack pnpm test:unit && corepack pnpm test:m5-operator && corepack pnpm test:vectors && corepack pnpm check:boundaries && corepack pnpm check:secrets && python3 -B scripts/boundaries/check-cargo-workspace.py && corepack pnpm check:rust && M1_FUNCTION_RUNNER=.m1-artifacts/tools/function-runner-9.2.2 python3 -B scripts/m4-002/replay-production-vectors.py && M1_FUNCTION_RUNNER=.m1-artifacts/tools/function-runner-9.2.2 node scripts/m4-003/replay-public-config.mjs && corepack pnpm test:browser && python3 -B spikes/m0-007/scripts/check-history.py && python3 -B spikes/m0-014/scripts/check-live-setup.py && python3 -B scripts/m1-functions/artifact-manifest.py
$ biome check .dependency-cruiser.cjs apps/storefront/src apps/storefront/test apps/storefront/scripts apps/storefront/vite.config.ts apps/web/src/islands apps/web/src/pages/live.ts apps/web/src/pages/api apps/web/src/server apps/web/src/shared apps/web/src/styles apps/web/test apps/web/astro.config.mjs apps/worker/src apps/worker/test packages/contracts/src packages/domain/src packages/cart-authorization/src packages/cart-authorization/test packages/application/src packages/database/src packages/database/test packages/shopify/src packages/shopify/test packages/visualizer/src packages/observability/src packages/observability/test scripts/boundaries scripts/m1-functions/check-vector.test.ts scripts/m5-002 scripts/m5-003 scripts/m5-004 scripts/m5-005
apps/web/src/server/admin/production.ts:69:57 lint/style/useTemplate  FIXABLE  ━━━━━━━━━━━━━━━━━━━━━

  i Template literals are preferred over string concatenation.
  
    67 │   const appOrigin = required(env, 'APP_URL');
    68 │   const appId = env.INSIGNIA_SHOPIFY_APP_ID;
  > 69 │   const appGid = appId && /^[1-9][0-9]*$/.test(appId) ? 'gid://shopify/App/' + appId : null;
       │                                                         ^^^^^^^^^^^^^^^^^^^^^^^^^^^^
    70 │   const shopify = createAdminOnlineIdentity({ apiKey, apiSecret, hostName: new URL(appOrigin).host });
    71 │   const core = createDurableCore(databasePool ?? new Pool({ connectionString: databaseUrl }));
  
  i Unsafe fix: Use a template literal.
  
     67  67 │     const appOrigin = required(env, 'APP_URL');
     68  68 │     const appId = env.INSIGNIA_SHOPIFY_APP_ID;
     69     │ - ··const·appGid·=·appId·&&·/^[1-9][0-9]*$/.test(appId)·?·'gid://shopify/App/'·+·appId·:·null;
         69 │ + ··const·appGid·=·appId·&&·/^[1-9][0-9]*$/.test(appId)·?·`gid://shopify/App/${appId}`·:·null;
     70  70 │     const shopify = createAdminOnlineIdentity({ apiKey, apiSecret, hostName: new URL(appOrigin).host });
     71  71 │     const core = createDurableCore(databasePool ?? new Pool({ connectionString: databaseUrl }));
  

apps/web/src/server/admin/production.ts:89:54 lint/style/useTemplate  FIXABLE  ━━━━━━━━━━━━━━━━━━━━━

  i Template literals are preferred over string concatenation.
  
    87 │       installationGeneration: actor.installationGeneration,
    88 │     });
  > 89 │     if (!scope || scope.shopDomain !== actor.shop || 'gid://shopify/Shop/' + scope.shopifyShopId !== actor.shopId)
       │                                                      ^^^^^^^^^^^^^^^^^^^^^^^^^^^^^^^^^^^^^^^^^^^
    90 │       throw new Error('Admin installation changed');
    91 │   }
  
  i Unsafe fix: Use a template literal.
  
     87  87 │         installationGeneration: actor.installationGeneration,
     88  88 │       });
     89     │ - ····if·(!scope·||·scope.shopDomain·!==·actor.shop·||·'gid://shopify/Shop/'·+·scope.shopifyShopId·!==·actor.shopId)
         89 │ + ····if·(!scope·||·scope.shopDomain·!==·actor.shop·||·`gid://shopify/Shop/${scope.shopifyShopId}`·!==·actor.shopId)
     90  90 │         throw new Error('Admin installation changed');
     91  91 │     }
  

apps/web/src/server/admin/production.ts:214:51 lint/style/useTemplate  FIXABLE  ━━━━━━━━━━━━━━━━━━━━

  i Template literals are preferred over string concatenation.
  
    212 │           const provider = await shopify.readInstallation(online);
    213 │           const tenant = await core.tenants.getShopByDomain(provider.shop);
  > 214 │           if (!tenant || !tenant.shopifyShopId || 'gid://shopify/Shop/' + tenant.shopifyShopId !== provider.shopId)
        │                                                   ^^^^^^^^^^^^^^^^^^^^^^^^^^^^^^^^^^^^^^^^^^^^
    215 │             throw new Error('Tenant installation mismatch');
    216 │           const installed = await core.tenants.getCurrentAdminInstallation(tenant.shopId);
  
  i Unsafe fix: Use a template literal.
  
    212 212 │             const provider = await shopify.readInstallation(online);
    213 213 │             const tenant = await core.tenants.getShopByDomain(provider.shop);
    214     │ - ··········if·(!tenant·||·!tenant.shopifyShopId·||·'gid://shopify/Shop/'·+·tenant.shopifyShopId·!==·provider.shopId)
        214 │ + ··········if·(!tenant·||·!tenant.shopifyShopId·||·`gid://shopify/Shop/${tenant.shopifyShopId}`·!==·provider.shopId)
    215 215 │               throw new Error('Tenant installation mismatch');
    216 216 │             const installed = await core.tenants.getCurrentAdminInstallation(tenant.shopId);
  

apps/web/src/server/admin/auth.ts:48:48 lint/style/noNonNullAssertion ━━━━━━━━━━━━━━━━━━━━━━━━━━━━━━

  ! Forbidden non-null assertion.
  
    46 │     let identity: VerifiedAdminIdentity;
    47 │     try {
  > 48 │       identity = await port.verifySessionToken(match[1]!);
       │                                                ^^^^^^^^^
    49 │     } catch {
    50 │       return null;
  

apps/web/src/server/admin/auth.ts:61:50 lint/style/noNonNullAssertion ━━━━━━━━━━━━━━━━━━━━━━━━━━━━━━

  ! Forbidden non-null assertion.
  
    59 │     )
    60 │       return null;
  > 61 │     const grant = await port.exchangeOnlineGrant(match[1]!, identity);
       │                                                  ^^^^^^^^^
    62 │     if (
    63 │       grant.shop !== identity.shop ||
  

apps/web/src/server/admin/preview.ts:109:28 lint/style/noNonNullAssertion ━━━━━━━━━━━━━━━━━━━━━━━━━━

  ! Forbidden non-null assertion.
  
    107 │             .then((found) => (found ? project(found) : null)),
    108 │         );
  > 109 │       const result = await map.get(id)!;
        │                            ^^^^^^^^^^^^
    110 │       await active(actor);
    111 │       return result;
  

apps/web/src/server/admin/preview.ts:116:28 lint/style/noNonNullAssertion ━━━━━━━━━━━━━━━━━━━━━━━━━━

  ! Forbidden non-null assertion.
  
    114 │       await active(actor);
    115 │       if (!currencies.has(actor)) currencies.set(actor, reader(actor).shopCurrency());
  > 116 │       const result = await currencies.get(actor)!;
        │                            ^^^^^^^^^^^^^^^^^^^^^^
    117 │       await active(actor);
    118 │       return result;
  

apps/web/src/server/admin/preview.ts:163:34 lint/style/noNonNullAssertion ━━━━━━━━━━━━━━━━━━━━━━━━━━

  ! Forbidden non-null assertion.
  
    161 │                   shopId: randomUUID(),
    162 │                   shopDomain: shop,
  > 163 │                   shopifyShopId: shopId.split('/').at(-1)!,
        │                                  ^^^^^^^^^^^^^^^^^^^^^^^^^
    164 │                   externalInstallationId: provider.installationId,
    165 │                 }),
  

apps/web/src/server/admin/preview.ts:223:26 lint/style/noNonNullAssertion ━━━━━━━━━━━━━━━━━━━━━━━━━━

  ! Forbidden non-null assertion.
  
    221 │                   installationGeneration: bound.installationGeneration,
    222 │                   shopifyShopId: shopId,
  > 223 │                   appId: env.INSIGNIA_M5_002_APP_RESOURCE!,
        │                          ^^^^^^^^^^^^^^^^^^^^^^^^^^^^^^^^^
    224 │                 },
    225 │                 {
  

apps/web/src/server/admin/preview.ts:227:46 lint/style/noNonNullAssertion ━━━━━━━━━━━━━━━━━━━━━━━━━━

  ! Forbidden non-null assertion.
  
    225 │                 {
    226 │                   appKey: client,
  > 227 │                   transformInputQuerySha256: env.INSIGNIA_M5_002_TRANSFORM_QUERY_HASH!,
        │                                              ^^^^^^^^^^^^^^^^^^^^^^^^^^^^^^^^^^^^^^^^^
    228 │                   validationInputQuerySha256: env.INSIGNIA_M5_002_VALIDATION_QUERY_HASH!,
    229 │                 },
  

apps/web/src/server/admin/preview.ts:228:47 lint/style/noNonNullAssertion ━━━━━━━━━━━━━━━━━━━━━━━━━━

  ! Forbidden non-null assertion.
  
    226 │                   appKey: client,
    227 │                   transformInputQuerySha256: env.INSIGNIA_M5_002_TRANSFORM_QUERY_HASH!,
  > 228 │                   validationInputQuerySha256: env.INSIGNIA_M5_002_VALIDATION_QUERY_HASH!,
        │                                               ^^^^^^^^^^^^^^^^^^^^^^^^^^^^^^^^^^^^^^^^^^
    229 │                 },
    230 │               );
  

apps/web/src/server/admin/production.ts:214:15 lint/complexity/useOptionalChain  FIXABLE  ━━━━━━━━━━

  ! Change to an optional chain.
  
    212 │           const provider = await shopify.readInstallation(online);
    213 │           const tenant = await core.tenants.getShopByDomain(provider.shop);
  > 214 │           if (!tenant || !tenant.shopifyShopId || 'gid://shopify/Shop/' + tenant.shopifyShopId !== provider.shopId)
        │               ^^^^^^^^^^^^^^^^^^^^^^^^^^^^^^^^
    215 │             throw new Error('Tenant installation mismatch');
    216 │           const installed = await core.tenants.getCurrentAdminInstallation(tenant.shopId);
  
  i Unsafe fix: Change to an optional chain.
  
    212 212 │             const provider = await shopify.readInstallation(online);
    213 213 │             const tenant = await core.tenants.getShopByDomain(provider.shop);
    214     │ - ··········if·(!tenant·||·!tenant.shopifyShopId·||·'gid://shopify/Shop/'·+·tenant.shopifyShopId·!==·provider.shopId)
        214 │ + ··········if·(!tenant?.shopifyShopId·||·'gid://shopify/Shop/'·+·tenant.shopifyShopId·!==·provider.shopId)
    215 215 │               throw new Error('Tenant installation mismatch');
    216 216 │             const installed = await core.tenants.getCurrentAdminInstallation(tenant.shopId);
  

apps/web/src/server/merchant-config.ts:123:28 lint/style/noNonNullAssertion ━━━━━━━━━━━━━━━━━━━━━━━━

  ! Forbidden non-null assertion.
  
    121 │         option.allowedValueIds.flatMap((id) => {
    122 │           const label = oldLabels?.[id];
  > 123 │           return label ? [[values.get(id)!, label]] : [];
        │                            ^^^^^^^^^^^^^^^
    124 │         }),
    125 │       );
  

apps/web/src/server/merchant-config.ts:126:47 lint/style/noNonNullAssertion ━━━━━━━━━━━━━━━━━━━━━━━━

  ! Forbidden non-null assertion.
  
    124 │         }),
    125 │       );
  > 126 │       return Object.keys(remapped).length ? [[options.get(option.id)!, remapped]] : [];
        │                                               ^^^^^^^^^^^^^^^^^^^^^^^
    127 │     }),
    128 │   );
  

apps/web/src/server/merchant-config.ts:132:50 lint/style/noNonNullAssertion ━━━━━━━━━━━━━━━━━━━━━━━━

  ! Forbidden non-null assertion.
  
    130 │     ...source,
    131 │     labels,
  > 132 │     methods: source.methods.map((item) => ({ id: methods.get(item.id)! })),
        │                                                  ^^^^^^^^^^^^^^^^^^^^^
    133 │     placements: source.placements.map((item) => ({
    134 │       ...item,
  

apps/web/src/server/merchant-config.ts:135:11 lint/style/noNonNullAssertion ━━━━━━━━━━━━━━━━━━━━━━━━

  ! Forbidden non-null assertion.
  
    133 │     placements: source.placements.map((item) => ({
    134 │       ...item,
  > 135 │       id: placements.get(item.id)!,
        │           ^^^^^^^^^^^^^^^^^^^^^^^^
    136 │       allowedMethodIds: item.allowedMethodIds.map((id) => methods.get(id)!),
    137 │       allowedStepIds: item.allowedStepIds.map((id) => steps.get(id)!),
  

apps/web/src/server/merchant-config.ts:136:59 lint/style/noNonNullAssertion ━━━━━━━━━━━━━━━━━━━━━━━━

  ! Forbidden non-null assertion.
  
    134 │       ...item,
    135 │       id: placements.get(item.id)!,
  > 136 │       allowedMethodIds: item.allowedMethodIds.map((id) => methods.get(id)!),
        │                                                           ^^^^^^^^^^^^^^^^
    137 │       allowedStepIds: item.allowedStepIds.map((id) => steps.get(id)!),
    138 │     })),
  

apps/web/src/server/merchant-config.ts:137:55 lint/style/noNonNullAssertion ━━━━━━━━━━━━━━━━━━━━━━━━

  ! Forbidden non-null assertion.
  
    135 │       id: placements.get(item.id)!,
    136 │       allowedMethodIds: item.allowedMethodIds.map((id) => methods.get(id)!),
  > 137 │       allowedStepIds: item.allowedStepIds.map((id) => steps.get(id)!),
        │                                                       ^^^^^^^^^^^^^^
    138 │     })),
    139 │     productionOptions: source.productionOptions.map((item) => ({
  

apps/web/src/server/merchant-config.ts:140:11 lint/style/noNonNullAssertion ━━━━━━━━━━━━━━━━━━━━━━━━

  ! Forbidden non-null assertion.
  
    138 │     })),
    139 │     productionOptions: source.productionOptions.map((item) => ({
  > 140 │       id: options.get(item.id)!,
        │           ^^^^^^^^^^^^^^^^^^^^^
    141 │       allowedValueIds: item.allowedValueIds.map((id) => values.get(id)!),
    142 │     })),
  

apps/web/src/server/merchant-config.ts:141:57 lint/style/noNonNullAssertion ━━━━━━━━━━━━━━━━━━━━━━━━

  ! Forbidden non-null assertion.
  
    139 │     productionOptions: source.productionOptions.map((item) => ({
    140 │       id: options.get(item.id)!,
  > 141 │       allowedValueIds: item.allowedValueIds.map((id) => values.get(id)!),
        │                                                         ^^^^^^^^^^^^^^^
    142 │     })),
    143 │     pricingRules: source.pricingRules.map((rule) => ({
  

The number of diagnostics exceeds the limit allowed. Use --max-diagnostics to increase it.
Diagnostics not shown: 94.
Checked 203 files in 376ms. No fixes applied.
Found 36 warnings.
Found 78 infos.
$ corepack pnpm -r --filter './packages/**' build && corepack pnpm -r --filter './apps/**' build
packages/observability build$ tsc -p tsconfig.json
packages/domain build$ tsc -p tsconfig.json
packages/cart-authorization build$ tsc -p tsconfig.json
packages/contracts build$ tsc -p tsconfig.json
packages/domain build: Done
packages/visualizer build$ tsc -p tsconfig.json
packages/contracts build: Done
packages/application build$ tsc -p tsconfig.json
packages/observability build: Done
packages/cart-authorization build: Done
packages/visualizer build: Done
packages/application build: Done
packages/shopify build$ tsc -p tsconfig.json
packages/shopify build: Done
packages/database build$ tsc -p tsconfig.json
packages/database build: Done
apps/worker build$ tsc -p tsconfig.json
apps/storefront build$ tsc --noEmit && vite build && node scripts/copy-theme-asset.mjs
apps/storefront build: vite v8.3.1 building client environment for production...
apps/storefront build: transforming...
apps/storefront build: ✓ 5 modules transformed.
apps/storefront build: rendering chunks...
apps/storefront build: computing gzip size...
apps/storefront build: dist/insignia-storefront.js  14.03 kB │ gzip: 5.93 kB
apps/storefront build: 
apps/storefront build: ✓ built in 37ms
apps/storefront build: Done
apps/worker build: Done
apps/web build$ astro check && astro build
apps/web build: 01:14:52 [@astrojs/node] Enabling sessions with filesystem storage
apps/web build: 01:14:52 [types] Generated 67ms
apps/web build: 01:14:52 [check] Getting diagnostics for Astro files in /home/serveradmin/insignia-m5-005-worktree/apps/web...
apps/web build: Result (28 files): 
apps/web build: - 0 errors
apps/web build: - 0 warnings
apps/web build: - 0 hints
apps/web build: 
apps/web build: 01:14:58 [@astrojs/node] Enabling sessions with filesystem storage
apps/web build: 01:14:58 [types] Generated 66ms
apps/web build: 01:14:58 [build] output: "server"
apps/web build: 01:14:58 [build] mode: "server"
apps/web build: 01:14:58 [build] directory: /home/serveradmin/insignia-m5-005-worktree/apps/web/dist/
apps/web build: 01:14:58 [build] adapter: @astrojs/node
apps/web build: 01:14:58 [build] Collecting build info...
apps/web build: 01:14:58 [build] ✓ Completed in 108ms.
apps/web build: 01:14:58 [build] Building server entrypoints...
apps/web build: 01:14:58 [vite] ✓ built in 211ms
apps/web build: 01:14:59 [vite] ✓ built in 1.47s
apps/web build: 01:15:00 [vite] ✓ built in 217ms
apps/web build: 01:15:00 [build] Rearranging server assets...
apps/web build: 01:15:00 [build] ✓ Completed in 1.96s.
apps/web build: 01:15:00 [build] Server built in 2.07s
apps/web build: 01:15:00 [build] Complete!
apps/web build: Done
$ corepack pnpm --filter @insignia/domain test && corepack pnpm --filter @insignia/contracts test && corepack pnpm --filter @insignia/visualizer test && corepack pnpm --filter @insignia/cart-authorization test && corepack pnpm --filter @insignia/application test && corepack pnpm --filter @insignia/shopify test && corepack pnpm --filter @insignia/observability test && corepack pnpm --filter @insignia/worker test
$ vitest run

 RUN  v5.0.2 /home/serveradmin/insignia-m5-005-worktree/packages/domain


 Test Files  5 passed (5)
      Tests  26 passed (26)
   Start at  01:15:00
   Duration  434ms (transform 47%, tests 33%, import 15%, worker 4%)

$ vitest run

 RUN  v5.0.2 /home/serveradmin/insignia-m5-005-worktree/packages/contracts


 Test Files  2 passed (2)
      Tests  6 passed (6)
   Start at  01:15:01
   Duration  270ms (import 58%, transform 28%, tests 11%, worker 3%)

$ vitest run

 RUN  v5.0.2 /home/serveradmin/insignia-m5-005-worktree/packages/visualizer


 Test Files  2 passed (2)
      Tests  9 passed (9)
   Start at  01:15:02
   Duration  226ms (transform 63%, import 18%, tests 15%, worker 5%)

$ node --experimental-strip-types --test test/*.test.ts
✔ hard subset bounds and untrusted ordinary-line hints (2.253793ms)
✔ 33 buckets are refused before the signer is called (0.461027ms)
✔ every admitted code matches the versioned matrix and unknown/digital values reject (12.367274ms)
✔ production-generated carriers decode, conserve and verify for every complete set (6.318403ms)
✔ PostgreSQL-persisted negative adjustment has exact signed quote and member economics (1.15925ms)
✔ versioned 33-bucket vector rejects before any signing call (0.44868ms)
✔ production decoder and signature bytes preserve the independent v2 wire literal (5.185495ms)
✔ injected synthetic Ed25519 signer covers the complete set and three-day key window (2.616812ms)
✔ invalid window or set refuses signing and noncanonical carrier refuses decoding (0.540642ms)
ℹ tests 9
ℹ suites 0
ℹ pass 9
ℹ fail 0
ℹ cancelled 0
ℹ skipped 0
ℹ todo 0
ℹ duration_ms 182.494026
$ vitest run

 RUN  v5.0.2 /home/serveradmin/insignia-m5-005-worktree/packages/application


 Test Files  14 passed (14)
      Tests  174 passed (174)
   Start at  01:15:03
   Duration  1.39s (transform 43%, import 35%, tests 19%, worker 3%)

    Isolate  14 workers spawned · ~124ms startup each (spawn + environment, per file)
             at least ~454ms faster with isolate: false — reuses workers across files instead of one per file

$ vitest run

 RUN  v5.0.2 /home/serveradmin/insignia-m5-005-worktree/packages/shopify


 Test Files  12 passed (12)
      Tests  226 passed (226)
   Start at  01:15:05
   Duration  1.34s (tests 64%, transform 19%, import 15%, worker 2%)

    Isolate  12 workers spawned · ~116ms startup each (spawn + environment, per file)
             at least ~349ms faster with isolate: false — reuses workers across files instead of one per file

$ node --test test/*.test.mjs
✔ structured runtime events cannot emit arbitrary payload or credential fields (4.762881ms)
✔ metric labels are fixed outcomes and never contain tenant or delivery IDs (2.599911ms)
ℹ tests 2
ℹ suites 0
ℹ pass 2
ℹ fail 0
ℹ cancelled 0
ℹ skipped 0
ℹ todo 0
ℹ duration_ms 128.386605
$ node --test test/*.test.mjs
✔ current and previous synthetic wrapping keys remain available by ID (2.344421ms)
﹣ PostgreSQL claim retries the old refresh token after a lost response and fences stale replacement (1.022744ms) # SKIP
✔ diagnostic decodes and derives synthetic pixels without claiming durable readiness (14.525399ms)
✔ liveness stays separate from durable readiness; loopback metrics expose bounded outcomes (65.284209ms)
﹣ PostgreSQL pg-boss starts, retries, settles and replays after restart (0.956993ms) # SKIP
﹣ pg-boss retry after committed uninstall retains one deactivation and one inbox fact (0.162877ms) # SKIP
✔ process starts queues and workers before readiness; stop makes readiness unavailable (42.38721ms)
✔ startup failure closes a started queue without reporting readiness (1.302138ms)
{"level":30,"time":1790903707634,"event":"worker_started"}
{"level":30,"time":1790903707639,"event":"worker_started"}
{"level":30,"time":1790903707641,"event":"worker_started"}
{"level":30,"time":1790903707644,"event":"worker_started"}
{"level":30,"time":1790903707645,"event":"worker_started"}
{"level":30,"time":1790903707646,"event":"worker_started"}
✔ enqueue confirms exact inbox identity, including completed job replay (8.201535ms)
✔ null send without same persisted job is retryable, never an acknowledgement (1.559152ms)
✔ workers pass IDs only to injected durable handlers; failed attempt retries safely (3.041166ms)
✔ invalid job body and identity fail closed without invoking application (0.951371ms)
✔ enabled worker refuses missing credential-key configuration and stays not ready (0.721473ms)
✔ refresh claim contention is retried rather than silently completing its job (1.183861ms)
{"level":30,"time":1790903707636,"event":"webhook_enqueued","inboxId":"126d2a9f-95c7-4c5d-8280-7168af8abed2"}
{"level":30,"time":1790903707637,"event":"worker_stopped"}
{"level":50,"time":1790903707641,"event":"webhook_process_failed","inboxId":"7f888607-9caf-4abb-a296-dcf960564c4c","errorClass":"ProcessingError","attempt":0}
{"level":30,"time":1790903707642,"event":"webhook_process_ok","inboxId":"7f888607-9caf-4abb-a296-dcf960564c4c","attempt":1}
{"level":30,"time":1790903707642,"event":"refresh_process_ok","shopId":"2adf05ba-51b2-42e7-9ae3-c70ee5274934","attempt":0}
{"level":30,"time":1790903707643,"event":"worker_stopped"}
{"level":50,"time":1790903707644,"event":"webhook_process_failed","inboxId":"e60b27b3-68a0-42fd-a259-2fd38a25d984","errorClass":"ProcessingError","attempt":0}
{"level":30,"time":1790903707645,"event":"worker_stopped"}
{"level":50,"time":1790903707646,"event":"refresh_process_failed","errorClass":"RefreshError","attempt":0}
{"level":30,"time":1790903707646,"event":"worker_stopped"}
﹣ configured worker serves liveness and durable readiness, then closes on SIGTERM (1.062551ms) # SKIP
ℹ tests 15
ℹ suites 0
ℹ pass 11
ℹ fail 0
ℹ cancelled 0
ℹ skipped 4
ℹ todo 0
ℹ duration_ms 607.912599
$ node --test scripts/m5-002/read-register.test.mjs scripts/m5-002/built-runtime.test.mjs && node --test scripts/m5-004/operator.test.mjs && node --test scripts/m5-005/diagnostic.test.mjs
✔ complete built server reproduces CLI development-mode CSP rejection (254.525131ms)
✔ actual launcher runtime preparation admits built hydration without widening CSP (210.164299ms)
✔ actual launcher register reserves durably before synthetic fetch, serializes and denies extra attempts (84.487707ms)
✔ exact SDK online exchange is counted per attempt; mutations, wrong targets and other token/event routes never send (2.29795ms)
✔ ambiguous or inflated history stops before any send (0.484606ms)
✔ one-shot loss applies only after a committed local save and never changes transport counts (1.732002ms)
ℹ tests 6
ℹ suites 0
ℹ pass 6
ℹ fail 0
ℹ cancelled 0
ℹ skipped 0
ℹ todo 0
ℹ duration_ms 539.009207
✔ actual HTTP attempts are durably reserved before dispatch (9.768579ms)
✔ captured M5-004 empty grants stop the actual public workflow before any fixture write (5.915802ms)
✔ fixed targets/documents/variables reject unrelated writes and extra payload before actual HTTP (3.351447ms)
✔ normal reserves cannot consume final 12 reads/3 updates; all attempts count, one lock and one create (172.838432ms)
✔ naturally lost mutation response stops all later writes and cleanup across reopen; no automatic retry (2.120858ms)
✔ real routing identity, nine retained grants and complete empty publication history are mandatory (1.95405ms)
✔ auth exact app/route counts3 and never persists synthetic secret or returned token (1.62292ms)
✔ missing/corrupt history never reinitializes or sends (0.650468ms)
✔ offline gate prevents even credential loading (0.270619ms)
✔ full qualification reuses unchanged actual status/catalog adapters, fresh-process hold reload and drift refusal (493.564666ms)
✔ complete workflow stops on changed installation; no manufacture or unsafe cleanup (20.030164ms)
✔ complete workflow stops on unexpected exposure; no manufacture or unsafe cleanup (20.501808ms)
✔ complete workflow stops on visibility mismatch; no manufacture or unsafe cleanup (156.092322ms)
✔ complete workflow stops on natural lost response; no manufacture or unsafe cleanup (92.548445ms)
✔ complete workflow stops on metadata drift; no manufacture or unsafe cleanup (22.19993ms)
✔ complete workflow stops on malformed success; no manufacture or unsafe cleanup (85.54108ms)
✔ live register is canonical; synthetic initialization rejects unsafe directories and lost history (0.627219ms)
✔ malformed/unsuccessful mutation responses stay unknown; only valid explicit rejection permits finalization (4.373801ms)
✔ lock cannot release while late HTTP/body work can still persist history (0.997918ms)
✔ acknowledged fixture metadata baseline rejects added tags or changed creation identity (1.083404ms)
✔ actual adapter HTTP/GraphQL outcomes survive bounded transport and sanitized response replay (11.046993ms)
✔ foreign live root and stale register binding cannot reach credential loading (18.662198ms)
✔ gate rejects incomplete CI and unbound review receipts even when every supplied workflow is green (25.816407ms)
✔ complete source/build/review/CI gate accepts bound receipts and rejects omissions, stale refs or altered evidence (84.126146ms)
✔ actual adapter user-error failure remains identical when replayed from sanitized mutation evidence (4.047723ms)
✔ malformed success userErrors cannot acknowledge a status mutation or allow cleanup (5.999088ms)
✔ actual availability missing/oversized bodies keep direct/wrapped/replayed shape errors (4.586315ms)
✔ catalog receives original bounded UTF8 bytes and provenance hashes the bytes, not replacement text (2.266758ms)
✔ failed catalog preserves actual normalized results before STOP (256.254482ms)
✔ failed drift preserves actual normalized results before STOP (445.048483ms)
✔ availability preserves its lossy UTF8 semantics while catalog rejects the same original bad bytes (2.2005ms)
✔ reopening a finished run preserves exact normalized evidence and refuses before credential loading (473.78337ms)
✔ catalog successful non200 keeps direct/wrapped/replayed body semantics (1.913977ms)
ℹ tests 33
ℹ suites 0
ℹ pass 33
ℹ fail 0
ℹ cancelled 0
ℹ skipped 0
ℹ todo 0
ℹ duration_ms 2657.751442
✔ one actual diagnostic sequence keeps empty installation distinct from nonempty token/REST/declarations (10.694937ms)
✔ partial stream failure is UNKNOWN and cannot allow a later independent read (3.122983ms)
✔ permission/shape metadata error does not become an empty grant agreement (3.077342ms)
✔ metadata shape failure still permits the independent REST read (2.1599ms)
✔ public sequence preserves missing installation/REST scope semantics (2.314357ms)
✔ public sequence preserves null installation/REST scope semantics (2.060285ms)
✔ public sequence preserves empty installation/REST scope semantics (2.008486ms)
✔ public sequence preserves wrong-type installation/REST scope semantics (1.808765ms)
✔ public sequence preserves duplicates installation/REST scope semantics (2.038153ms)
✔ public sequence preserves bad-handle installation/REST scope semantics (3.201429ms)
✔ token missing is recorded separately without preventing identity verification (1.68582ms)
✔ token null is recorded separately without preventing identity verification (1.496121ms)
✔ token empty is recorded separately without preventing identity verification (1.481369ms)
✔ token wrong-type is recorded separately without preventing identity verification (1.421412ms)
✔ token duplicate is recorded separately without preventing identity verification (1.505694ms)
✔ token bad-handle is recorded separately without preventing identity verification (1.429076ms)
✔ wrong shop identity stops after exactly two attempts (1.245127ms)
✔ wrong domain identity stops after exactly two attempts (0.915148ms)
✔ wrong app identity stops after exactly two attempts (0.978779ms)
✔ wrong client identity stops after exactly two attempts (0.914027ms)
✔ wrong installation identity stops after exactly two attempts (0.917279ms)
✔ wrong development identity stops after exactly two attempts (0.909805ms)
✔ explicit mismatched declared identity stops before REST (1.335203ms)
✔ token-invalid metadata response stops all later work (1.246708ms)
✔ offline unvalidated metadata is NOT_RUN without live document fallback (1.21957ms)
✔ unvalidated identity document stops before credential access (0.41819ms)
✔ actual entrypoint prevents host dispatch (0.939623ms)
✔ actual entrypoint prevents API dispatch (0.795338ms)
✔ actual entrypoint prevents method dispatch (0.782059ms)
✔ actual entrypoint prevents document dispatch (0.929455ms)
✔ actual entrypoint prevents mutation dispatch (0.826306ms)
✔ actual entrypoint prevents variables dispatch (0.81198ms)
✔ fixed REST GET prevents query (3.072558ms)
✔ fixed REST GET prevents body (1.484797ms)
✔ canonical history cannot be reopened, exhausted, corrupted or reset after loss (2.322702ms)
✔ expired credential preparation never dispatches a late HTTP call and retains pending lock (36.082541ms)
✔ ignored abort and late HTTP completion remain UNKNOWN with no later request or evidence rewrite (37.96189ms)
✔ metadata oversized is shape evidence and allows independent REST (6.354204ms)
✔ metadata invalid-UTF8 is shape evidence and allows independent REST (3.976411ms)
✔ metadata invalid-JSON is shape evidence and allows independent REST (3.996498ms)
✔ metadata missing-body is shape evidence and allows independent REST (3.417612ms)
✔ unusable authentication never authorizes a read (1.692263ms)
✔ unusable authentication never authorizes a read (1.492554ms)
✔ unusable authentication never authorizes a read (1.46692ms)
✔ synthetic entry cannot override its mode to admit a nonsynthetic bearer (1.743672ms)
✔ pinned documented fields validate both exact documents and reject mutation/extra/unknown syntax (1.116596ms)
✔ live entrypoint rejects an unbound offline gate before owner credential metadata (29.687863ms)
✔ complete source/CI/review gate accepts exact receipts and rejects omitted/stale/altered evidence (89.228484ms)
ℹ tests 48
ℹ suites 0
ℹ pass 48
ℹ fail 0
ℹ cancelled 0
ℹ skipped 0
ℹ todo 0
ℹ duration_ms 483.843058
$ tsc -p scripts/m1-functions/tsconfig.json && node --test scripts/m1-functions/check-vector.test.ts
✔ TypeScript/Node and Rust share the exact experimental-v2 envelope/member bytes (5.700228ms)
ℹ tests 1
ℹ suites 0
ℹ pass 1
ℹ fail 0
ℹ cancelled 0
ℹ skipped 0
ℹ todo 0
ℹ duration_ms 120.689259
$ node scripts/boundaries/check.mjs && node scripts/boundaries/check-database-api.mjs && node scripts/boundaries/check-domain-effects.mjs && node --test scripts/boundaries/domain-effects.test.mjs
Boundary checks passed: 187 real modules, 4 browser modules, 19 negative source fixtures, 2 rejected browser bundles and exports.
Database public API rejects 19 compiler probes and 4 runtime deep imports.
6 production domain modules have no prohibited ambient effects
✔ Date.now is rejected in a production domain helper (8.973409ms)
✔ new Date is rejected in a production domain helper (0.753207ms)
✔ Math.random is rejected in a production domain helper (0.47153ms)
✔ globalThis.Date.now is rejected in a production domain helper (0.51544ms)
✔ fetch is rejected in a production domain helper (1.202107ms)
✔ globalThis.crypto is rejected in a production domain helper (0.422699ms)
✔ computed random is rejected in a production domain helper (0.902185ms)
✔ template random is rejected in a production domain helper (0.660699ms)
✔ dynamic Math member is rejected in a production domain helper (1.218189ms)
✔ spread Date is rejected in a production domain helper (1.560207ms)
✔ random destructuring is rejected in a production domain helper (0.74726ms)
✔ date alias is rejected in a production domain helper (0.346422ms)
✔ math alias is rejected in a production domain helper (0.301787ms)
✔ import meta is rejected in a production domain helper (0.385866ms)
✔ process environment is rejected in a production domain helper (0.224718ms)
✔ deterministic numeric and explicit-value operations stay allowed (1.392828ms)
✔ type-only properties are not ambient API references (2.108709ms)
✔ compiled graph includes an imported module with an excluded test-like filename (586.266768ms)
ℹ tests 18
ℹ suites 0
ℹ pass 18
ℹ fail 0
ℹ cancelled 0
ℹ skipped 0
ℹ todo 0
ℹ duration_ms 1028.602553
$ node scripts/boundaries/check-secrets.mjs
Secret/fixture provenance check passed: 108 production source files, 82 separately scanned test/fixture files, 2 browser artifacts, 2 explicitly synthetic seeds.
20 archived Cargo manifests remain independent
$ bash scripts/m1-functions/check.sh
   Compiling proc-macro2 v1.0.107
   Compiling unicode-ident v1.0.26
   Compiling quote v1.0.47
   Compiling semver v1.0.28
   Compiling zmij v1.0.23
   Compiling rustc_version v0.4.1
   Compiling serde_json v1.0.151
   Compiling version_check v0.9.5
   Compiling heck v0.5.0
   Compiling serde_core v1.0.229
   Compiling generic-array v0.14.7
    Checking typenum v1.20.1
   Compiling serde v1.0.229
   Compiling syn v2.0.119
   Compiling syn v3.0.6
    Checking block-buffer v0.10.4
    Checking crypto-common v0.1.7
   Compiling logos-codegen v0.15.1
    Checking digest v0.10.7
   Compiling curve25519-dalek v4.1.3
   Compiling regex-syntax v0.8.11
    Checking itoa v1.0.18
   Compiling beef v0.5.2
    Checking cfg-if v1.0.5
    Checking cpufeatures v0.2.17
   Compiling fnv v1.0.7
   Compiling autocfg v1.5.1
    Checking memchr v2.8.3
   Compiling serde_derive v1.0.229
   Compiling lazy_static v1.5.0
   Compiling strum_macros v0.27.2
   Compiling curve25519-dalek-derive v0.1.1
   Compiling num-traits v0.2.19
    Checking signature v2.2.0
    Checking subtle v2.6.1
   Compiling either v1.18.0
   Compiling itertools v0.14.0
    Checking ed25519 v2.2.3
   Compiling strum v0.27.2
   Compiling logos-derive v0.15.1
   Compiling enum-as-inner v0.6.1
    Checking sha2 v0.10.9
   Compiling paste v1.0.15
   Compiling yansi v1.0.1
   Compiling unicode-width v0.1.14
   Compiling ariadne v0.5.1
    Checking ed25519-dalek v2.2.0
   Compiling logos v0.15.1
    Checking base64 v0.22.1
   Compiling seq-macro v0.3.6
   Compiling unicode-segmentation v1.13.3
    Checking rmp v0.8.15
   Compiling bluejay-core v0.3.1
   Compiling thiserror v2.0.21
    Checking shopify_function_wasm_api_core v0.2.0
   Compiling convert_case v0.8.0
   Compiling bluejay-parser v0.3.1
    Checking cart-authorization v0.1.0 (/home/serveradmin/insignia-m5-005-worktree/crates/cart-authorization)
   Compiling thiserror-impl v2.0.21
    Checking bumpalo v3.20.3
   Compiling convert_case v0.11.0
    Checking rmp-serde v1.3.1
    Checking shopify_function_provider v2.0.1
    Checking ryu v1.0.23
    Checking shopify_function_wasm_api v0.3.1
   Compiling bluejay-validator v0.3.1
   Compiling bluejay-typegen-codegen v0.3.1
   Compiling shopify_function_macro v2.2.0
    Checking shopify_function v2.2.0
    Checking cart-transform v0.1.0 (/home/serveradmin/insignia-m5-005-worktree/crates/cart-transform)
    Checking cart-validation v0.1.0 (/home/serveradmin/insignia-m5-005-worktree/crates/cart-validation)
    Finished `dev` profile [unoptimized + debuginfo] target(s) in 13.90s
   Compiling zmij v1.0.23
   Compiling itoa v1.0.18
   Compiling memchr v2.8.3
   Compiling typenum v1.20.1
   Compiling serde_core v1.0.229
   Compiling strum v0.27.2
   Compiling cpufeatures v0.2.17
   Compiling cfg-if v1.0.5
   Compiling subtle v2.6.1
   Compiling signature v2.2.0
   Compiling ed25519 v2.2.3
   Compiling serde_json v1.0.151
   Compiling generic-array v0.14.7
   Compiling base64 v0.22.1
   Compiling num-traits v0.2.19
   Compiling block-buffer v0.10.4
   Compiling crypto-common v0.1.7
   Compiling digest v0.10.7
   Compiling curve25519-dalek v4.1.3
   Compiling sha2 v0.10.9
   Compiling bluejay-core v0.3.1
   Compiling rmp v0.8.15
   Compiling ed25519-dalek v2.2.0
   Compiling serde v1.0.229
   Compiling bluejay-parser v0.3.1
   Compiling shopify_function_wasm_api_core v0.2.0
   Compiling bumpalo v3.20.3
   Compiling rmp-serde v1.3.1
   Compiling shopify_function_provider v2.0.1
   Compiling cart-authorization v0.1.0 (/home/serveradmin/insignia-m5-005-worktree/crates/cart-authorization)
   Compiling thiserror v2.0.21
   Compiling shopify_function_wasm_api v0.3.1
   Compiling ryu v1.0.23
   Compiling bluejay-validator v0.3.1
   Compiling bluejay-typegen-codegen v0.3.1
   Compiling shopify_function_macro v2.2.0
   Compiling shopify_function v2.2.0
   Compiling cart-transform v0.1.0 (/home/serveradmin/insignia-m5-005-worktree/crates/cart-transform)
   Compiling cart-validation v0.1.0 (/home/serveradmin/insignia-m5-005-worktree/crates/cart-validation)
    Finished `test` profile [unoptimized + debuginfo] target(s) in 9.40s
     Running unittests src/lib.rs (target/debug/deps/cart_authorization-428bc6dab939b9b3)

running 0 tests

test result: ok. 0 passed; 0 failed; 0 ignored; 0 measured; 0 filtered out; finished in 0.00s

     Running tests/currency_matrix.rs (target/debug/deps/currency_matrix-a76cbbc666a7ab20)

running 1 test
test every_admitted_currency_agrees_with_versioned_ts_matrix ... ok

test result: ok. 1 passed; 0 failed; 0 ignored; 0 measured; 0 filtered out; finished in 0.01s

     Running tests/production_vectors.rs (target/debug/deps/production_vectors-931358b74671ec5f)

running 1 test
test production_typescript_vectors_verify_with_complete_rust_core ... ok

test result: ok. 1 passed; 0 failed; 0 ignored; 0 measured; 0 filtered out; finished in 0.11s

     Running tests/whole_quote.rs (target/debug/deps/whole_quote-dd6e3b33eb9f8a50)

running 13 tests
test canonical_carriers_reject_length_padding_alphabet_and_tail_bits ... ok
test complete_ordered_set_verifies_once_and_matches_observed_price ... ok
test compensated_price_mutations_cannot_preserve_authorization_by_preserving_total ... ok
test every_header_byte_class_is_signed_and_structural_header_is_strict ... ok
test last_member_change_invalidates_everything ... ok
test member_from_a_different_signed_quote_cannot_mix_with_original_envelope ... ok
test independent_context_keys_date_and_physical_economics_reject ... ok
test missing_duplicate_unsigned_and_extra_members_fail_closed ... ok
test noncanonical_public_point_and_revoked_or_out_of_window_keys_reject ... ok
test shared_python_typescript_rust_golden_vector_agrees ... ok
test signature_and_arithmetic_profiles_reject_mutations ... ok
test large_complete_quantity_and_500_unit_tier_cannot_be_partially_reused ... ok
test fifteen_independently_signed_high_bit_magic_variants_reject ... ok

test result: ok. 13 passed; 0 failed; 0 ignored; 0 measured; 0 filtered out; finished in 0.34s

     Running unittests src/main.rs (target/debug/deps/cart_transform-358275b5ea2405f6)

running 20 tests
test capacity::tests::exact_output_bound_has_headroom ... ok
test capacity::tests::cart_line_width_and_grammar ... ok
test product_policy::tests::illegible_lone_anchor_cannot_authorize_a_signed_quote ... ok
test product_policy::tests::absent_fields_are_unmanaged_but_a_single_lost_field_is_uncertain ... ok
test product_policy::tests::matching_ready_fields_classify_required_and_optional ... ok
test product_policy::tests::pending_malformed_and_stale_fields_block_plain_but_preserve_signed ... ok
test product_policy::tests::wrong_installation_generation_rejects_signed_too ... ok
test product_policy::tests::strict_grammar_rejects_unknown_states_and_noncanonical_revisions ... ok
test tests::no_partial_expansion_for_incomplete_or_tampered_set ... ok
test tests::revoked_and_out_of_window_public_keys_emit_no_price_operation ... ok
test tests::complete_set_sets_both_prices_and_copies_compact_member ... ok
test tests::signed_quote_with_only_illegible_policy_emits_no_price ... ok
test tests::signed_quote_with_no_product_anchors_still_requires_shop_keys ... ok
test tests::context_physical_line_policy_and_cart_order_are_enforced ... ok
test tests::signed_prices_survive_policy_revision_and_one_lost_anchor ... ok
test tests::ten_thousand_physical_units_use_two_expansions ... ok
test tests::unsigned_marker_removed_and_invalid_signature_emit_no_price ... ok
test tests::untrusted_config_cannot_raise_experiment_ceiling ... ok
test tests::transform_accepts_canonical_zero_and_echoes_target_local_id ... ok
test tests::ten_bucket_output_is_bounded_and_oversized_sets_emit_no_partial_operation ... ok

test result: ok. 20 passed; 0 failed; 0 ignored; 0 measured; 0 filtered out; finished in 0.05s

     Running unittests src/main.rs (target/debug/deps/cart_validation-95daed9c7c60dc1b)

running 24 tests
test capacity::tests::cart_line_width_and_grammar ... ok
test capacity::tests::exact_output_bound_has_headroom ... ok
test product_policy::tests::illegible_lone_anchor_cannot_authorize_a_signed_quote ... ok
test product_policy::tests::absent_fields_are_unmanaged_but_a_single_lost_field_is_uncertain ... ok
test product_policy::tests::pending_malformed_and_stale_fields_block_plain_but_preserve_signed ... ok
test product_policy::tests::matching_ready_fields_classify_required_and_optional ... ok
test product_policy::tests::wrong_installation_generation_rejects_signed_too ... ok
test product_policy::tests::strict_grammar_rejects_unknown_states_and_noncanonical_revisions ... ok
test tests::incomplete_tampered_and_unsigned_required_sets_reject ... ok
test tests::malformed_stale_pending_and_wrong_generation_policy_fail_plain ... ok
test tests::cart_order_context_and_physical_claim_changes_fail_at_checkout ... ok
test tests::one_lost_anchor_blocks_plain_while_explicit_optional_and_unmanaged_pass ... ok
test tests::buyer_marker_removal_cannot_turn_known_required_into_plain ... ok
test tests::complete_set_compares_observed_exact_subtotals ... ok
test tests::revoked_and_out_of_window_public_keys_reject_checkout ... ok
test tests::signed_quote_with_only_illegible_policy_rejects ... ok
test tests::signed_quote_with_no_product_anchors_needs_healthy_shop_keys ... ok
test tests::ten_thousand_physical_units_validate_without_per_unit_expansion ... ok
test tests::untrusted_config_cannot_raise_experiment_ceiling ... ok
test tests::zero_based_cartline_does_not_bypass_economics_or_trust_at_checkout ... ok
test tests::signed_historical_quote_survives_same_generation_policy_revision ... ok
test tests::mixed_200_line_cart_blocks_damaged_managed_line_then_recovers ... ok
test tests::ten_bucket_set_validates_and_oversized_sets_reject ... ok
test tests::zero_based_cartline_preserves_complete_signed_checkout_at_both_steps ... ok

test result: ok. 24 passed; 0 failed; 0 ignored; 0 measured; 0 filtered out; finished in 0.12s

   Doc-tests cart_authorization

running 0 tests

test result: ok. 0 passed; 0 failed; 0 ignored; 0 measured; 0 filtered out; finished in 0.00s

/home/serveradmin/insignia-m5-005-worktree/crates/cart-transform/target/m1-tools/shopify-function-trampoline-2.0.1: OK
   Compiling proc-macro2 v1.0.107
   Compiling quote v1.0.47
   Compiling unicode-ident v1.0.26
   Compiling semver v1.0.28
   Compiling zmij v1.0.23
   Compiling heck v0.5.0
   Compiling rustc_version v0.4.1
   Compiling serde_json v1.0.151
   Compiling version_check v0.9.5
   Compiling serde_core v1.0.229
   Compiling logos-codegen v0.15.1
   Compiling generic-array v0.14.7
   Compiling fnv v1.0.7
   Compiling regex-syntax v0.8.11
   Compiling typenum v1.20.1
   Compiling syn v2.0.119
   Compiling beef v0.5.2
   Compiling lazy_static v1.5.0
   Compiling syn v3.0.6
   Compiling either v1.18.0
   Compiling itoa v1.0.18
   Compiling memchr v2.8.3
   Compiling itertools v0.14.0
   Compiling strum_macros v0.27.2
   Compiling logos-derive v0.15.1
   Compiling enum-as-inner v0.6.1
   Compiling unicode-width v0.1.14
   Compiling yansi v1.0.1
   Compiling paste v1.0.15
   Compiling logos v0.15.1
   Compiling crypto-common v0.1.7
   Compiling ariadne v0.5.1
   Compiling block-buffer v0.10.4
   Compiling seq-macro v0.3.6
   Compiling unicode-segmentation v1.13.3
   Compiling digest v0.10.7
   Compiling curve25519-dalek v4.1.3
   Compiling cfg-if v1.0.5
   Compiling thiserror v2.0.21
   Compiling convert_case v0.8.0
   Compiling thiserror-impl v2.0.21
   Compiling strum v0.27.2
   Compiling bluejay-core v0.3.1
   Compiling bluejay-parser v0.3.1
   Compiling serde v1.0.229
   Compiling subtle v2.6.1
   Compiling signature v2.2.0
   Compiling ed25519 v2.2.3
   Compiling shopify_function_wasm_api_core v0.2.0
   Compiling sha2 v0.10.9
   Compiling bluejay-validator v0.3.1
   Compiling convert_case v0.11.0
   Compiling serde_derive v1.0.229
   Compiling ed25519-dalek v2.2.0
   Compiling shopify_function_wasm_api v0.3.1
   Compiling base64 v0.22.1
   Compiling ryu v1.0.23
   Compiling bluejay-typegen-codegen v0.3.1
   Compiling shopify_function_macro v2.2.0
   Compiling cart-authorization v0.1.0 (/home/serveradmin/insignia-m5-005-worktree/crates/cart-authorization)
   Compiling shopify_function v2.2.0
   Compiling cart-transform v0.1.0 (/home/serveradmin/insignia-m5-005-worktree/crates/cart-transform)
    Finished `release` profile [optimized] target(s) in 14.57s
e7081ad72ce8b41dcc5917d3e0dd87bff9a9d81c73c2a683cc11f1b183a2d52d  /home/serveradmin/insignia-m5-005-worktree/extensions/insignia-cart-transform/target/cart-transform.raw.wasm
76e890cf702a6bc182e8ca8b55942260f33a5bc5e072d42c2f104a72161a4ddb  /home/serveradmin/insignia-m5-005-worktree/extensions/insignia-cart-transform/target/cart-transform.wasm
184504 /home/serveradmin/insignia-m5-005-worktree/extensions/insignia-cart-transform/target/cart-transform.raw.wasm
181570 /home/serveradmin/insignia-m5-005-worktree/extensions/insignia-cart-transform/target/cart-transform.wasm
366074 total
/home/serveradmin/insignia-m5-005-worktree/crates/cart-validation/target/m1-tools/shopify-function-trampoline-2.0.1: OK
   Compiling proc-macro2 v1.0.107
   Compiling unicode-ident v1.0.26
   Compiling quote v1.0.47
   Compiling semver v1.0.28
   Compiling zmij v1.0.23
   Compiling heck v0.5.0
   Compiling rustc_version v0.4.1
   Compiling serde_json v1.0.151
   Compiling version_check v0.9.5
   Compiling serde_core v1.0.229
   Compiling logos-codegen v0.15.1
   Compiling generic-array v0.14.7
   Compiling lazy_static v1.5.0
   Compiling typenum v1.20.1
   Compiling beef v0.5.2
   Compiling regex-syntax v0.8.11
   Compiling syn v2.0.119
   Compiling fnv v1.0.7
   Compiling syn v3.0.6
   Compiling either v1.18.0
   Compiling itoa v1.0.18
   Compiling memchr v2.8.3
   Compiling itertools v0.14.0
   Compiling strum_macros v0.27.2
   Compiling logos-derive v0.15.1
   Compiling enum-as-inner v0.6.1
   Compiling yansi v1.0.1
   Compiling paste v1.0.15
   Compiling unicode-width v0.1.14
   Compiling logos v0.15.1
   Compiling crypto-common v0.1.7
   Compiling ariadne v0.5.1
   Compiling block-buffer v0.10.4
   Compiling seq-macro v0.3.6
   Compiling unicode-segmentation v1.13.3
   Compiling digest v0.10.7
   Compiling curve25519-dalek v4.1.3
   Compiling thiserror v2.0.21
   Compiling cfg-if v1.0.5
   Compiling convert_case v0.8.0
   Compiling thiserror-impl v2.0.21
   Compiling strum v0.27.2
   Compiling bluejay-core v0.3.1
   Compiling serde v1.0.229
   Compiling bluejay-parser v0.3.1
   Compiling subtle v2.6.1
   Compiling signature v2.2.0
   Compiling ed25519 v2.2.3
   Compiling shopify_function_wasm_api_core v0.2.0
   Compiling sha2 v0.10.9
   Compiling bluejay-validator v0.3.1
   Compiling convert_case v0.11.0
   Compiling serde_derive v1.0.229
   Compiling ed25519-dalek v2.2.0
   Compiling shopify_function_wasm_api v0.3.1
   Compiling base64 v0.22.1
   Compiling ryu v1.0.23
   Compiling bluejay-typegen-codegen v0.3.1
   Compiling shopify_function_macro v2.2.0
   Compiling cart-authorization v0.1.0 (/home/serveradmin/insignia-m5-005-worktree/crates/cart-authorization)
   Compiling shopify_function v2.2.0
   Compiling cart-validation v0.1.0 (/home/serveradmin/insignia-m5-005-worktree/crates/cart-validation)
    Finished `release` profile [optimized] target(s) in 14.47s
f32282420c3c1088e40d369e351d3d594cdd661fe46b239424fa7a3547a85c7a  /home/serveradmin/insignia-m5-005-worktree/extensions/insignia-cart-validation/target/cart-validation.raw.wasm
51cd4867fa5c8181eac421c65e3e7fd210662213c3705ffe5cfc8c8d4a085207  /home/serveradmin/insignia-m5-005-worktree/extensions/insignia-cart-validation/target/cart-validation.wasm
186152 /home/serveradmin/insignia-m5-005-worktree/extensions/insignia-cart-validation/target/cart-validation.raw.wasm
183160 /home/serveradmin/insignia-m5-005-worktree/extensions/insignia-cart-validation/target/cart-validation.wasm
369312 total
/home/serveradmin/insignia-m5-005-worktree/.m1-artifacts/tools/function-runner-9.2.2.gz: OK
/home/serveradmin/insignia-m5-005-worktree/.m1-artifacts/tools/function-runner-9.2.2: OK
transform 8 e7081ad72ce8b41dcc5917d3e0dd87bff9a9d81c73c2a683cc11f1b183a2d52d 76e890cf702a6bc182e8ca8b55942260f33a5bc5e072d42c2f104a72161a4ddb
validation 18 f32282420c3c1088e40d369e351d3d594cdd661fe46b239424fa7a3547a85c7a 51cd4867fa5c8181eac421c65e3e7fd210662213c3705ffe5cfc8c8d4a085207
{
  "rows": 230,
  "positive": 16,
  "vectorsSha256": "7f0046b88183b79cbccc305c883aab0483a6cda1eddb191297e2295c35ac1eda",
  "transformWasmSha256": "76e890cf702a6bc182e8ca8b55942260f33a5bc5e072d42c2f104a72161a4ddb",
  "validationWasmSha256": "51cd4867fa5c8181eac421c65e3e7fd210662213c3705ffe5cfc8c8d4a085207"
}
M4-003 production builder config passed 6 complete Function runs.
$ corepack pnpm --filter @insignia/web test && corepack pnpm --filter @insignia/storefront test
$ node --test test/*.test.mjs test/admin/*.test.mjs
﹣ real PG activation composes trusted release, synthetic Shopify hold and immutable evidence (0.872212ms) # SKIP
✔ admin distinguishes activation waiting, held, restoration and conflict without manufacturing ACTIVE (1.22208ms)
✔ publication conflict outranks a retained held/pending activation state (0.194195ms)
✔ terminal operator hold outranks stale held activation (0.175102ms)
✔ current staff and installation grant read and edit; reinstallation is checked every request (1.829396ms)
✔ staff read access does not grant mutation (1.039698ms)
✔ expired or cross-shop identity and stale installation fail closed (0.451175ms)
✔ read requires current verified staff and exact shop, even on deep links (28.390487ms)
✔ mutation refuses cross-origin and staff denial before invoking command (2.852734ms)
✔ save carries exact product, draft version and idempotency to durable command (2.321803ms)
✔ stale draft save is a conflict, never a success response (1.154617ms)
✔ publish returns activation-pending truthfully and requires current edit grant (1.187086ms)
✔ a product missing from the verified shop cannot be changed (1.636758ms)
✔ expired identity and shop supplied in command body cannot create a config (2.041168ms)
✔ unwired admin backend serves no private catalog data (0.75309ms)
✔ unknown durable command failures remain unavailable without leaking details (1.614111ms)
✔ editor-generated fixed, override and tier defaults price through unchanged M2 in zero/two/three exponent currencies (3760.402615ms)
✔ real browser editor syncs typed view, variant and step controls with direct Konva canvas and saved draft (1909.568146ms)
✔ removing named choices drops only their labels including nested option value labels before save (1202.880672ms)
✔ variant without a saved image override retains the portrait default until explicit landscape adoption (944.437595ms)
✔ merchant currency adoption refreshes saved publication eligibility and later failed or stale reads fail closed (946.75513ms)
✔ mobile deep link, cookie-free reload, interrupted save, stale conflict, and missing Polaris control (2046.672353ms)
✔ interrupted publication resumes the identical request after reload and reaches a durable phase (894.710517ms)
✔ numeric placement input reaches owner state before blur and survives an owner rerender (1412.097206ms)
✔ publication success preserves dirty local edits and exact save recovery [1/1] (829.129001ms)
✔ publication failed preserves dirty local edits and exact save recovery [1/1] (868.015766ms)
✔ publication success preserves ambiguous local edits and exact save recovery [1/1] (1007.970076ms)
✔ publication failed preserves ambiguous local edits and exact save recovery [1/1] (934.544276ms)
✔ publication retry keeps the original version after a newer draft edit when embedded storage is denied (856.384653ms)
✔ stale stored publication is replaced by the current immutable intent despite newer ineligible draft (647.724379ms)
✔ reinstalled Admin discards prior-generation browser request and publishes with a new key (700.34744ms)
✔ concurrent editor refreshes share one App Bridge identity request (1246.96533ms)
✔ empty merchant draft can be configured through typed controls and pass M2 validation (1133.898404ms)
﹣ overlapping distinct-key M5 creates serialize before the command FK lock upgrade (1.041412ms) # SKIP
﹣ currency precision rejects invalid saved and legacy publication amounts without rounding or durable intent (0.220198ms) # SKIP
﹣ durable editor CAS, exact-key replay, independent copy, immutable geometry, and reinstall fence (0.144022ms) # SKIP
﹣ actual M4 prepare/advance over immutable M5 revision reports ready, conflict and hold truthfully (0.954611ms) # SKIP
✔ diagnostic preview requires accounting and HTTPS before any provider access (448.43928ms)
﹣ live-style SDK identity, local PG create/save/reload/CAS/exact ambiguous replay and mutation refusal (0.574871ms) # SKIP
✔ preview same-token single flight; replacement and current-installation invalidation exchange fresh (1.517841ms)
✔ preview rejected exchange is not cached and expired or long-lived identity is denied (1.075751ms)
﹣ production composition uses signed staff SDK, current feature policy and real M4 prepare with admission hold (1.241099ms) # SKIP
✔ server activation composition cannot promote a diagnostic observation without trusted release source (3.666789ms)
✔ server composition binds trusted provider reads to one signed immutable quote candidate (41.876736ms)
✔ built SSR serves public shell and a real Polaris/Preact interaction (6010.987923ms)
✔ HTTP 5xx after durable inbox commit leads to same-ID retry and a single queue handoff (17.986106ms)
✔ stream bound rejects a lying or absent Content-Length before trusted metadata is stored (1.285044ms)
﹣ built HTTP ingress authenticates raw bytes and durably deduplicates through PostgreSQL and queue (5.107032ms) # SKIP
ℹ tests 48
ℹ suites 0
ℹ pass 40
ℹ fail 0
ℹ cancelled 0
ℹ skipped 8
ℹ todo 0
ℹ duration_ms 22055.85245
$ node --test test/*.test.mjs
✔ custom element mounts, unmounts, and contains DOM, state and events (710.219713ms)
ℹ tests 1
ℹ suites 0
ℹ pass 1
ℹ fail 0
ℹ cancelled 0
ℹ skipped 0
ℹ todo 0
ℹ duration_ms 1144.670626
{"archivedArchitectureRef": "0f2c80a316228bd69fdd2ff272e967ff14647b2b", "archivedArchitectureVerified": true, "archivedV1_2Ref": "662a78cd27507d8a2f1eaa976f1c644c93edd1be", "archivedV1_2Sha256": {"docs/architecture/OPTION-A-APPROVED.md": "321f86f5823a0b73b6a6483c172e5d56a0172de442f38dc79ae337de51adf209", "docs/architecture/decision-ledger.md": "97ebb79ddc53000c53c46218ba8c83a5ba2279720ed07ff50809706b4f1a800a", "docs/architecture/implementation-plan.md": "8bb45ac9e2834bf047824a2e3dda4da7f76692bae685f6657da7b3ab03d0b145"}, "archivedV1_3Ref": "4209bb16a09cff95d5cbbc1bbcb082e8c1fa8899", "archivedV1_3Sha256": {"docs/architecture/decision-ledger.md": "d4297182b12978822dae124a040a0d47aafcdb7749f7ad8602f0626e964937e9", "docs/architecture/implementation-plan.md": "b730c0dc274af8180a9aae3290189a8fd61b6b92e06681d345fe5d9aab22c06d"}, "currentArchitectureSha256": {"docs/architecture/OPTION-A-APPROVED.md": "321f86f5823a0b73b6a6483c172e5d56a0172de442f38dc79ae337de51adf209", "docs/architecture/decision-ledger.md": "3d1e8fe50c948822ba3403facfc142402d4fc6631d8d667a2e3341ff6cdbd802", "docs/architecture/implementation-plan.md": "cd59fd361d69adc3f307ee9b88ba1f5509ffeefb68aea90a15f9b88757b4e792"}, "currentArchitectureVersion": "1.4", "historicalMerge": "eaa386c90786e560d49f8311878c95d26cc3c7b8", "manifestSha256": "c2d017f70c4e781d174695c27b9a8c3295666c105af598d8caed6ce9a18160e8", "oldSourceCount": 41, "unchangedReceiptCount": 120}
{"draftProducts": 2, "hashedSetupReceipts": 14, "initialUnits": 272, "ownedFunctions": 2, "status": "PASS", "variants": 3}
48 required files hashed: .m1-artifacts/manifest.json
