$ M5_PUBLICATION_STRESS_ITERATIONS=25 corepack pnpm --filter @insignia/web exec node --test --test-name-pattern="publication (success|failed) preserves" test/admin/editor-browser.test.mjs
✔ publication success preserves dirty local edits and exact save recovery [1/25] (922.556705ms)
✔ publication failed preserves dirty local edits and exact save recovery [1/25] (831.999839ms)
✔ publication success preserves ambiguous local edits and exact save recovery [1/25] (877.147411ms)
✔ publication failed preserves ambiguous local edits and exact save recovery [1/25] (921.608622ms)
✔ publication success preserves dirty local edits and exact save recovery [2/25] (865.007906ms)
✔ publication failed preserves dirty local edits and exact save recovery [2/25] (839.018991ms)
✔ publication success preserves ambiguous local edits and exact save recovery [2/25] (1017.148899ms)
✔ publication failed preserves ambiguous local edits and exact save recovery [2/25] (920.664237ms)
✔ publication success preserves dirty local edits and exact save recovery [3/25] (858.099576ms)
✔ publication failed preserves dirty local edits and exact save recovery [3/25] (852.531315ms)
✔ publication success preserves ambiguous local edits and exact save recovery [3/25] (923.888053ms)
✔ publication failed preserves ambiguous local edits and exact save recovery [3/25] (883.101289ms)
✔ publication success preserves dirty local edits and exact save recovery [4/25] (850.01894ms)
✔ publication failed preserves dirty local edits and exact save recovery [4/25] (857.414475ms)
✔ publication success preserves ambiguous local edits and exact save recovery [4/25] (893.544851ms)
✔ publication failed preserves ambiguous local edits and exact save recovery [4/25] (925.008757ms)
✔ publication success preserves dirty local edits and exact save recovery [5/25] (831.200879ms)
✔ publication failed preserves dirty local edits and exact save recovery [5/25] (885.183458ms)
✔ publication success preserves ambiguous local edits and exact save recovery [5/25] (898.517521ms)
✔ publication failed preserves ambiguous local edits and exact save recovery [5/25] (1138.935376ms)
✔ publication success preserves dirty local edits and exact save recovery [6/25] (1081.766967ms)
✔ publication failed preserves dirty local edits and exact save recovery [6/25] (1046.817803ms)
✔ publication success preserves ambiguous local edits and exact save recovery [6/25] (1153.994558ms)
✔ publication failed preserves ambiguous local edits and exact save recovery [6/25] (993.302322ms)
✔ publication success preserves dirty local edits and exact save recovery [7/25] (852.681195ms)
✔ publication failed preserves dirty local edits and exact save recovery [7/25] (839.972525ms)
✔ publication success preserves ambiguous local edits and exact save recovery [7/25] (990.658391ms)
✔ publication failed preserves ambiguous local edits and exact save recovery [7/25] (925.34062ms)
✔ publication success preserves dirty local edits and exact save recovery [8/25] (812.108682ms)
✔ publication failed preserves dirty local edits and exact save recovery [8/25] (816.24213ms)
✔ publication success preserves ambiguous local edits and exact save recovery [8/25] (885.945603ms)
✔ publication failed preserves ambiguous local edits and exact save recovery [8/25] (982.078049ms)
✔ publication success preserves dirty local edits and exact save recovery [9/25] (1148.540931ms)
✔ publication failed preserves dirty local edits and exact save recovery [9/25] (978.17155ms)
✔ publication success preserves ambiguous local edits and exact save recovery [9/25] (1056.388016ms)
✔ publication failed preserves ambiguous local edits and exact save recovery [9/25] (997.161798ms)
✔ publication success preserves dirty local edits and exact save recovery [10/25] (925.677554ms)
✔ publication failed preserves dirty local edits and exact save recovery [10/25] (854.253038ms)
✔ publication success preserves ambiguous local edits and exact save recovery [10/25] (1009.652634ms)
✔ publication failed preserves ambiguous local edits and exact save recovery [10/25] (918.821833ms)
✔ publication success preserves dirty local edits and exact save recovery [11/25] (838.442902ms)
✔ publication failed preserves dirty local edits and exact save recovery [11/25] (858.743042ms)
✔ publication success preserves ambiguous local edits and exact save recovery [11/25] (994.382705ms)
✔ publication failed preserves ambiguous local edits and exact save recovery [11/25] (890.705115ms)
✔ publication success preserves dirty local edits and exact save recovery [12/25] (837.387231ms)
✔ publication failed preserves dirty local edits and exact save recovery [12/25] (930.89495ms)
✔ publication success preserves ambiguous local edits and exact save recovery [12/25] (946.203679ms)
✔ publication failed preserves ambiguous local edits and exact save recovery [12/25] (953.770906ms)
✔ publication success preserves dirty local edits and exact save recovery [13/25] (867.002247ms)
✔ publication failed preserves dirty local edits and exact save recovery [13/25] (847.206116ms)
✔ publication success preserves ambiguous local edits and exact save recovery [13/25] (898.477513ms)
✔ publication failed preserves ambiguous local edits and exact save recovery [13/25] (934.274539ms)
✔ publication success preserves dirty local edits and exact save recovery [14/25] (891.791611ms)
✔ publication failed preserves dirty local edits and exact save recovery [14/25] (899.290847ms)
✔ publication success preserves ambiguous local edits and exact save recovery [14/25] (917.960133ms)
✔ publication failed preserves ambiguous local edits and exact save recovery [14/25] (906.062243ms)
✔ publication success preserves dirty local edits and exact save recovery [15/25] (833.256746ms)
✔ publication failed preserves dirty local edits and exact save recovery [15/25] (886.126691ms)
✔ publication success preserves ambiguous local edits and exact save recovery [15/25] (934.678845ms)
✔ publication failed preserves ambiguous local edits and exact save recovery [15/25] (943.307529ms)
✔ publication success preserves dirty local edits and exact save recovery [16/25] (835.054771ms)
✔ publication failed preserves dirty local edits and exact save recovery [16/25] (822.15739ms)
✔ publication success preserves ambiguous local edits and exact save recovery [16/25] (972.825275ms)
✔ publication failed preserves ambiguous local edits and exact save recovery [16/25] (972.701536ms)
✔ publication success preserves dirty local edits and exact save recovery [17/25] (857.700416ms)
✔ publication failed preserves dirty local edits and exact save recovery [17/25] (897.925868ms)
✔ publication success preserves ambiguous local edits and exact save recovery [17/25] (885.806545ms)
✔ publication failed preserves ambiguous local edits and exact save recovery [17/25] (990.992164ms)
✔ publication success preserves dirty local edits and exact save recovery [18/25] (883.261185ms)
✔ publication failed preserves dirty local edits and exact save recovery [18/25] (825.775956ms)
✔ publication success preserves ambiguous local edits and exact save recovery [18/25] (946.595049ms)
✔ publication failed preserves ambiguous local edits and exact save recovery [18/25] (943.480421ms)
✔ publication success preserves dirty local edits and exact save recovery [19/25] (943.853663ms)
✔ publication failed preserves dirty local edits and exact save recovery [19/25] (867.043775ms)
✔ publication success preserves ambiguous local edits and exact save recovery [19/25] (929.11141ms)
✔ publication failed preserves ambiguous local edits and exact save recovery [19/25] (894.107417ms)
✔ publication success preserves dirty local edits and exact save recovery [20/25] (824.512306ms)
✔ publication failed preserves dirty local edits and exact save recovery [20/25] (834.605028ms)
✔ publication success preserves ambiguous local edits and exact save recovery [20/25] (915.155039ms)
✔ publication failed preserves ambiguous local edits and exact save recovery [20/25] (940.525098ms)
✔ publication success preserves dirty local edits and exact save recovery [21/25] (831.126336ms)
✔ publication failed preserves dirty local edits and exact save recovery [21/25] (925.329837ms)
✔ publication success preserves ambiguous local edits and exact save recovery [21/25] (944.370108ms)
✔ publication failed preserves ambiguous local edits and exact save recovery [21/25] (899.326647ms)
✔ publication success preserves dirty local edits and exact save recovery [22/25] (900.215163ms)
✔ publication failed preserves dirty local edits and exact save recovery [22/25] (819.154418ms)
✔ publication success preserves ambiguous local edits and exact save recovery [22/25] (932.271892ms)
✔ publication failed preserves ambiguous local edits and exact save recovery [22/25] (930.571427ms)
✔ publication success preserves dirty local edits and exact save recovery [23/25] (842.534514ms)
✔ publication failed preserves dirty local edits and exact save recovery [23/25] (825.645793ms)
✔ publication success preserves ambiguous local edits and exact save recovery [23/25] (882.903806ms)
✔ publication failed preserves ambiguous local edits and exact save recovery [23/25] (908.438127ms)
✔ publication success preserves dirty local edits and exact save recovery [24/25] (833.856188ms)
✔ publication failed preserves dirty local edits and exact save recovery [24/25] (859.766498ms)
✔ publication success preserves ambiguous local edits and exact save recovery [24/25] (974.507594ms)
✔ publication failed preserves ambiguous local edits and exact save recovery [24/25] (907.287042ms)
✔ publication success preserves dirty local edits and exact save recovery [25/25] (886.223978ms)
✔ publication failed preserves dirty local edits and exact save recovery [25/25] (835.005627ms)
✔ publication success preserves ambiguous local edits and exact save recovery [25/25] (907.954783ms)
✔ publication failed preserves ambiguous local edits and exact save recovery [25/25] (921.568225ms)
ℹ tests 100
ℹ suites 0
ℹ pass 100
ℹ fail 0
ℹ cancelled 0
ℹ skipped 0
ℹ todo 0
ℹ duration_ms 91498.151622
