✖ zero ACTIVE effective membership is PARTIAL with one create and safe archive, without acquire or restore (2.262758ms)
ℹ tests 1
ℹ suites 0
ℹ pass 0
ℹ fail 1
ℹ cancelled 0
ℹ skipped 0
ℹ todo 0
ℹ duration_ms 76.762847

✖ failing tests:

test at scripts/m5-015/operator.test.mjs:50:1
✖ zero ACTIVE effective membership is PARTIAL with one create and safe archive, without acquire or restore (2.262758ms)
  AssertionError [ERR_ASSERTION]: Expected values to be strictly equal:
  + actual - expected

  + 'STOPPED'
  - 'PARTIAL'

      at TestContext.<anonymous> (file:///home/serveradmin/insignia-m5-015-worktree/scripts/m5-015/operator.test.mjs:55:12)
      at async Test.run (node:internal/test_runner/test:1409:7)
      at async startSubtestAfterBootstrap (node:internal/test_runner/harness:387:3) {
    generatedMessage: true,
    code: 'ERR_ASSERTION',
    actual: 'STOPPED',
    expected: 'PARTIAL',
    operator: 'strictEqual',
    diff: 'simple'
  }
