Traceback (most recent call last):
  File "/home/serveradmin/insignia-m5-host-inventory-worktree/scripts/m5-host-inventory/operator_test.py", line 1, in <module>
    import json
  File "/usr/lib/python3.14/json/__init__.py", line 106, in <module>
    from .decoder import JSONDecoder, JSONDecodeError
  File "/usr/lib/python3.14/json/decoder.py", line 3, in <module>
    import re
  File "/usr/lib/python3.14/re/__init__.py", line 127, in <module>
    import functools
  File "/usr/lib/python3.14/functools.py", line 18, in <module>
    from collections import namedtuple
  File "/usr/lib/python3.14/collections/__init__.py", line 39, in <module>
    from operator import eq as _eq
ImportError: cannot import name 'eq' from 'operator' (consider renaming '/home/serveradmin/insignia-m5-host-inventory-worktree/scripts/m5-host-inventory/operator.py' since it has the same name as the standard library module named 'operator' and prevents importing that standard library module)
Error in sys.excepthook:
Traceback (most recent call last):
  File "/usr/lib/python3/dist-packages/apport_python_hook.py", line 238, in partial_apport_excepthook
    return apport_excepthook(binary, exc_type, exc_obj, exc_tb)
  File "/usr/lib/python3/dist-packages/apport_python_hook.py", line 62, in apport_excepthook
    if not enabled():
  File "/usr/lib/python3/dist-packages/apport_python_hook.py", line 25, in enabled
    import re
  File "/usr/lib/python3.14/re/__init__.py", line 127, in <module>
    import functools
  File "/usr/lib/python3.14/functools.py", line 18, in <module>
    from collections import namedtuple
  File "/usr/lib/python3.14/collections/__init__.py", line 39, in <module>
    from operator import eq as _eq
ImportError: cannot import name 'eq' from 'operator' (consider renaming '/home/serveradmin/insignia-m5-host-inventory-worktree/scripts/m5-host-inventory/operator.py' since it has the same name as the standard library module named 'operator' and prevents importing that standard library module)

Original exception was:
Traceback (most recent call last):
  File "/home/serveradmin/insignia-m5-host-inventory-worktree/scripts/m5-host-inventory/operator_test.py", line 1, in <module>
    import json
  File "/usr/lib/python3.14/json/__init__.py", line 106, in <module>
    from .decoder import JSONDecoder, JSONDecodeError
  File "/usr/lib/python3.14/json/decoder.py", line 3, in <module>
    import re
  File "/usr/lib/python3.14/re/__init__.py", line 127, in <module>
    import functools
  File "/usr/lib/python3.14/functools.py", line 18, in <module>
    from collections import namedtuple
  File "/usr/lib/python3.14/collections/__init__.py", line 39, in <module>
    from operator import eq as _eq
ImportError: cannot import name 'eq' from 'operator' (consider renaming '/home/serveradmin/insignia-m5-host-inventory-worktree/scripts/m5-host-inventory/operator.py' since it has the same name as the standard library module named 'operator' and prevents importing that standard library module)
