✔ complete one-page collection reserves every attempt durably and returns only opaque observations (61.275286ms)
▶ unallocated or broadened owner inputs stop before any HTTP request or evidence creation
  ✔ missing allocation (8.255388ms)
  ✔ request template is not permission (2.011813ms)
  ✔ no approval reference (2.081931ms)
  ✔ wrong endpoint (1.752668ms)
  ✔ wrong optional scopes (1.641215ms)
  ✔ required scope expansion (3.257876ms)
  ✔ grant expansion (2.522103ms)
  ✔ mutations (2.179558ms)
  ✔ wrong operation (1.904032ms)
  ✔ too many requests (1.647344ms)
  ✔ too long retention (1.488719ms)
  ✔ expired grant (1.799105ms)
  ✔ wrong private destination (4.377906ms)
  ✔ credential absent (2.183788ms)
✔ unallocated or broadened owner inputs stop before any HTTP request or evidence creation (40.800255ms)
✔ two pages follow the exact private cursor then final identity within three total requests (19.685752ms)
▶ incomplete, drifting, duplicate or over-cap provider observations seal immediately without boundary claims
  ✔ GraphQL errors (16.154773ms)
  ✔ missing shop (6.345054ms)
  ✔ wrong shop (12.50594ms)
  ✔ wrong client (6.88081ms)
  ✔ wrong app (11.633982ms)
  ✔ wrong installation (5.351592ms)
  ✔ grant drift (14.335067ms)
  ✔ grant duplicate (8.753957ms)
  ✔ connection missing (5.872562ms)
  ✔ page info missing (26.387204ms)
  ✔ next cursor missing (26.866625ms)
  ✔ topic missing (11.631642ms)
  ✔ unsupported version (18.614188ms)
  ✔ unsupported format (12.189538ms)
  ✔ URI missing (11.061052ms)
  ✔ duplicate ID (6.030573ms)
  ✔ URI conflict (5.607792ms)
  ✔ page over 250 (9.560185ms)
✔ incomplete, drifting, duplicate or over-cap provider observations seal immediately without boundary claims (219.598169ms)
▶ transport failures, redirects, API fallback, oversized bodies and absolute timeouts consume one attempt with no retry
  ✔ permission (7.262245ms)
  ✔ throttle (6.40418ms)
  ✔ redirect (6.223917ms)
  ✔ API fallback (8.727808ms)
  ✔ missing API header (9.839746ms)
  ✔ not JSON (6.357702ms)
  ✔ encoding (5.748482ms)
  ✔ malformed body (5.375176ms)
  ✔ over 1 MiB (11.895799ms)
  ✔ lost response (5.75628ms)
  ✔ absolute timeout (31.324098ms)
✔ transport failures, redirects, API fallback, oversized bodies and absolute timeouts consume one attempt with no retry (106.897543ms)
✔ run deadline and expired allocation stop in flight and preserve consumed reservations (28.477632ms)
✔ CLI reads one bounded existing token from inherited descriptor and prints only the public result (346.772897ms)
✔ killed in-flight process leaves a consumed reservation; seal never resumes or retries it (142.170893ms)
▶ unknown identity and connection shapes cannot silently qualify a partial provider response
  ✔ unexpected queried object field (4.577149ms)
  ✔ unexpected queried object field (18.611612ms)
  ✔ unexpected queried object field (14.764998ms)
  ✔ unexpected queried object field (10.830106ms)
  ✔ unexpected queried object field (6.234221ms)
✔ unknown identity and connection shapes cannot silently qualify a partial provider response (56.085651ms)
✔ credential reflection is withheld from disk and public errors while the attempted request remains consumed (5.356637ms)
✔ private response-write failure seals the acknowledged request as uncertain without another transport (6.418097ms)
✔ full 500-record envelope needs exactly two pages and one final identity read (21.600342ms)
▶ third page, cursor cycle, cross-page duplicates and boundary drift never extend the request envelope
  ✔ third page (5.605315ms)
  ✔ cursor cycle (7.270814ms)
  ✔ cross-page duplicate (8.006174ms)
  ✔ boundary drift (24.189206ms)
  ✔ boundary error (11.494668ms)
✔ third page, cursor cycle, cross-page duplicates and boundary drift never extend the request envelope (57.600322ms)
▶ allocation may tighten ceilings and injected test endpoints cannot leave loopback
  ✔ tight requests (4.635176ms)
  ✔ tight pages (8.991088ms)
  ✔ tight records (4.786748ms)
  ✔ invalid endpoint denied before transport (1.00085ms)
  ✔ invalid endpoint denied before transport (11.109255ms)
  ✔ invalid endpoint denied before transport (1.094843ms)
  ✔ invalid endpoint denied before transport (1.006907ms)
  ✔ invalid endpoint denied before transport (0.990392ms)
✔ allocation may tighten ceilings and injected test endpoints cannot leave loopback (34.990671ms)
✔ failed journal persistence keeps reservation durable and forbids reinvocation despite an unsealed run (6.070791ms)
▶ CLI refuses arbitrary queries, environment credential switches and duplicate flags before transport
  ✔ --query (75.058842ms)
  ✔ --token-env (76.817076ms)
  ✔ --token-fd (91.074813ms)
✔ CLI refuses arbitrary queries, environment credential switches and duplicate flags before transport (243.794382ms)
▶ resource declaration must name an existing supported capability and cannot smuggle a second token store
  ✔ unsupported owner input (10.570684ms)
  ✔ unsupported owner input (4.022748ms)
✔ resource declaration must name an existing supported capability and cannot smuggle a second token store (15.215578ms)
✔ unexpected topic bytes remain private while the public observation uses an opaque category (44.410537ms)
✔ distinct topics can share one coherent receiver while duplicate URI/topic bindings still stop (7.506389ms)
▶ CLI rejects missing, multiline and oversized descriptor tokens before creating a run or contacting HTTP
  ✔ invalid private descriptor bytes (152.693726ms)
  ✔ invalid private descriptor bytes (131.205478ms)
  ✔ invalid private descriptor bytes (127.643542ms)
✔ CLI rejects missing, multiline and oversized descriptor tokens before creating a run or contacting HTTP (412.283844ms)
✔ CLI exits by the credential deadline while a real blocking pipe writer remains open (5153.97728ms)
✔ CLI rejects a regular-file credential descriptor before transport or run creation (87.063857ms)
▶ public CLI rejects writerless allocation and abandoned-journal FIFOs without blocking open
  ✔ allocation (106.393058ms)
  ✔ journal (101.988957ms)
✔ public CLI rejects writerless allocation and abandoned-journal FIFOs without blocking open (209.034583ms)
✔ private reader terminates and releases its pipe by an independent deadline after CLI SIGKILL (5175.009095ms)
ℹ {"readerState":"ABSENT","fdRetained":false,"pipeClosed":true}
ℹ tests 95
ℹ suites 0
ℹ pass 95
ℹ fail 0
ℹ cancelled 0
ℹ skipped 0
ℹ todo 0
ℹ duration_ms 12672.811337
