✖ private reader terminates and releases its pipe by an independent deadline after CLI SIGKILL (6457.39507ms)
ℹ {"readerState":"S","fdRetained":true,"pipeClosed":false}
ℹ tests 1
ℹ suites 0
ℹ pass 0
ℹ fail 1
ℹ cancelled 0
ℹ skipped 0
ℹ todo 0
ℹ duration_ms 6617.995336

✖ failing tests:

test at scripts/m5-native-inventory/collector.test.mjs:989:1
✖ private reader terminates and releases its pipe by an independent deadline after CLI SIGKILL (6457.39507ms)
  AssertionError [ERR_ASSERTION]: orphaned reader still executing beyond its independent deadline
      at TestContext.<anonymous> (file:///home/serveradmin/insignia-m5-native-inventory-worktree/scripts/m5-native-inventory/collector.test.mjs:1036:10)
      at process.processTicksAndRejections (node:internal/process/task_queues:104:5)
      at async Test.run (node:internal/test_runner/test:1409:7)
      at async startSubtestAfterBootstrap (node:internal/test_runner/harness:387:3) {
    generatedMessage: false,
    code: 'ERR_ASSERTION',
    actual: false,
    expected: true,
    operator: '==',
    diff: 'simple'
  }
