✖ actual HTTP attempts are durably reserved before dispatch (2.334776ms)
ℹ tests 1
ℹ suites 0
ℹ pass 0
ℹ fail 1
ℹ cancelled 0
ℹ skipped 0
ℹ todo 0
ℹ duration_ms 72.123456

✖ failing tests:

test at scripts/m5-004/operator.test.mjs:8:1
✖ actual HTTP attempts are durably reserved before dispatch (2.334776ms)
  AssertionError [ERR_ASSERTION]: Expected values to be strictly equal:
  
  0 !== 1
  
      at Object.fetchImpl [as fetch] (file:///home/serveradmin/insignia-m5-004-worktree/scripts/m5-004/operator.test.mjs:14:14)
      at TestContext.<anonymous> (file:///home/serveradmin/insignia-m5-004-worktree/scripts/m5-004/operator.test.mjs:17:26)
      at Test.runInAsyncScope (node:async_hooks:227:14)
      at Test.run (node:internal/test_runner/test:1402:25)
      at Test.start (node:internal/test_runner/test:1262:17)
      at startSubtestAfterBootstrap (node:internal/test_runner/harness:387:17) {
    generatedMessage: true,
    code: 'ERR_ASSERTION',
    actual: 0,
    expected: 1,
    operator: 'strictEqual',
    diff: 'simple'
  }
