✔ actual HTTP attempts are durably reserved before dispatch (8.909617ms)
✔ fixed targets/documents/variables reject unrelated writes and extra payload before actual HTTP (3.197332ms)
✔ normal reserves cannot consume final 12 reads/3 updates; all attempts count, one lock and one create (166.552888ms)
✔ naturally lost mutation response stops all later writes and cleanup across reopen; no automatic retry (2.010056ms)
✔ real routing identity, nine retained grants and complete empty publication history are mandatory (1.822914ms)
✔ auth exact app/route counts3 and never persists synthetic secret or returned token (1.56446ms)
✔ missing/corrupt history never reinitializes or sends (0.628437ms)
✔ offline gate prevents even credential loading (0.86213ms)
✔ full qualification reuses unchanged actual status/catalog adapters, fresh-process hold reload and drift refusal (496.845376ms)
✔ complete workflow stops on changed installation; no manufacture or unsafe cleanup (31.22666ms)
✖ complete workflow stops on unexpected exposure; no manufacture or unsafe cleanup (27.220576ms)
✔ complete workflow stops on visibility mismatch; no manufacture or unsafe cleanup (155.246499ms)
✔ complete workflow stops on natural lost response; no manufacture or unsafe cleanup (91.597383ms)
ℹ tests 13
ℹ suites 0
ℹ pass 12
ℹ fail 1
ℹ cancelled 0
ℹ skipped 0
ℹ todo 0
ℹ duration_ms 1193.811377

✖ failing tests:

test at scripts/m5-004/operator.test.mjs:217:4
✖ complete workflow stops on unexpected exposure; no manufacture or unsafe cleanup (27.220576ms)
  AssertionError [ERR_ASSERTION]: Expected values to be strictly equal:
  + actual - expected
  
  + 'OWNERSHIP_UNRESOLVED_NO_MORE_MUTATIONS'
  - 'UNRESOLVED_NO_MORE_MUTATIONS'
  
      at TestContext.<anonymous> (file:///home/serveradmin/insignia-m5-004-worktree/scripts/m5-004/operator.test.mjs:221:53)
      at async Test.run (node:internal/test_runner/test:1409:7)
      at async Test.processPendingSubtests (node:internal/test_runner/test:974:7) {
    generatedMessage: true,
    code: 'ERR_ASSERTION',
    actual: 'OWNERSHIP_UNRESOLVED_NO_MORE_MUTATIONS',
    expected: 'UNRESOLVED_NO_MORE_MUTATIONS',
    operator: 'strictEqual',
    diff: 'simple'
  }
