✔ source gate requires two fresh high-effort reviews and every workflow on the frozen source (4.193025ms)
✔ full source binding includes the inherited internal Rust links without following external symlinks (209.789372ms)
✔ exact historical ownership accepts the fixed fixture and rejects an alternate target (2.142451ms)
✔ actual production acquire reports legacy membership conflict; V2 adjudication archives the owned fixture once (45.365573ms)
✔ ownership stops before any status mutation (2.663859ms)
✔ incomplete resourcePublications stops before any status mutation (2.427723ms)
✔ incomplete unpublishedPublications stops before any status mutation (2.565117ms)
✔ incomplete APP stops before any status mutation (3.459649ms)
✔ incomplete MARKET stops before any status mutation (4.153843ms)
✔ incomplete COMPANY_LOCATION stops before any status mutation (4.866291ms)
✔ incomplete NONE stops before any status mutation (6.583048ms)
✔ missing read scope stops before any status mutation (1.617148ms)
✔ initial DRAFT drift stops before any status mutation (6.022459ms)
✔ cross-partition version drift stops before any status mutation (2.986484ms)
✔ observed required grant loss in adapter read stops before any status mutation (9.559605ms)
✔ lost DRAFT acknowledgement never retries or archives (11.644397ms)
✔ DRAFT readback failure never retries or archives (11.942418ms)
✔ post-DRAFT ownership drift never retries or archives (15.302319ms)
✔ post-DRAFT partition drift never retries or archives (13.296911ms)
✔ different V2 behavior is classified from evidence without assuming staged membership (24.208097ms)
✔ ambiguous archive has exactly one bounded final observation and no resend (20.015935ms)
✔ newly appearing DRAFT V2 membership is not described as retained from ACTIVE (19.378974ms)
✔ concrete Shopify AppCatalog metadata permits the fixed adjudication (20.844921ms)
✔ concrete Shopify MarketCatalog metadata permits the fixed adjudication (21.397305ms)
✔ concrete Shopify CompanyLocationCatalog metadata permits the fixed adjudication (20.559621ms)
✔ catalog typename and global ID mismatch stops before any status mutation (6.155018ms)
✔ wrapped production failure preserves {"userError":true} (10.496108ms)
✔ wrapped production failure preserves {"adapterFailure":"http403"} (9.737518ms)
✔ wrapped production failure preserves {"adapterFailure":"graphql"} (7.124709ms)
✔ wrapped production failure preserves {"adapterFailure":"invalidJSON"} (8.476229ms)
✔ wrapped production failure preserves {"adapterFailure":"missingBody"} (6.940316ms)
✔ wrapped production failure preserves {"adapterFailure":"badScopes"} (6.8779ms)
✔ wrapped production failure preserves {"adapterFailure":"badNodes"} (6.849967ms)
✔ outstanding archive transport quarantines all further dispatch {"archiveOutstanding":true} (38.719422ms)
✔ outstanding archive transport quarantines all further dispatch {"archiveBodyOutstanding":true} (39.437511ms)
✔ outstanding archive transport quarantines all further dispatch {"archiveOversizeOutstanding":true} (37.393011ms)
✔ outstanding archive transport quarantines all further dispatch {"archiveBodyAbortOutstanding":true} (37.694067ms)
✔ outstanding archive transport quarantines all further dispatch {"archiveBodyCancelRejected":true} (19.032881ms)
✔ durable transport denies alternate target, ACTIVE, extra fields and arbitrary documents before HTTP (0.871961ms)
✔ quarantined first event zero rejects every subsequent provider dispatch (21.244445ms)
✔ 100 serial synthetic adjudications preserve the fixed ceilings and stop on each ambiguous write (1580.07387ms)
ℹ tests 41
ℹ suites 0
ℹ pass 41
ℹ fail 0
ℹ cancelled 0
ℹ skipped 0
ℹ todo 0
ℹ duration_ms 2354.560938
