✖ foreign live root and stale register binding cannot reach credential loading (3.030812ms)
ℹ tests 1
ℹ suites 0
ℹ pass 0
ℹ fail 1
ℹ cancelled 0
ℹ skipped 0
ℹ todo 0
ℹ duration_ms 204.338039

✖ failing tests:

test at scripts/m5-004/operator.test.mjs:524:2
✖ foreign live root and stale register binding cannot reach credential loading (3.030812ms)
  AssertionError [ERR_ASSERTION]: The input did not match the regular expression /executing_root/. Input:
  
  "Error: ENOENT: no such file or directory, scandir '/foreign-checkout/scripts/m5-004'"
  
      at async TestContext.<anonymous> (file:///home/serveradmin/insignia-m5-004-worktree/scripts/m5-004/operator.test.mjs:525:19)
      at async Test.run (node:internal/test_runner/test:1409:7)
      at async startSubtestAfterBootstrap (node:internal/test_runner/harness:387:3) {
    generatedMessage: true,
    code: 'ERR_ASSERTION',
    actual: Error: ENOENT: no such file or directory, scandir '/foreign-checkout/scripts/m5-004'
        at readdirSync (node:fs:1630:26)
        at walk (file:///home/serveradmin/insignia-m5-004-worktree/scripts/m5-004/binding.mjs:10:25)
        at freeze (file:///home/serveradmin/insignia-m5-004-worktree/scripts/m5-004/binding.mjs:28:5)
        at verifyGate (file:///home/serveradmin/insignia-m5-004-worktree/scripts/m5-004/binding.mjs:37:31)
        at qualify (file:///home/serveradmin/insignia-m5-004-worktree/scripts/m5-004/qualification.mjs:90:3)
        at TestContext.<anonymous> (file:///home/serveradmin/insignia-m5-004-worktree/scripts/m5-004/operator.test.mjs:525:40)
        at Test.runInAsyncScope (node:async_hooks:227:14)
        at Test.run (node:internal/test_runner/test:1402:25)
        at Test.start (node:internal/test_runner/test:1262:17)
        at startSubtestAfterBootstrap (node:internal/test_runner/harness:387:17),
    expected: /executing_root/,
    operator: 'rejects',
    diff: 'simple'
  }
