✔ actual HTTP attempts are durably reserved before dispatch (9.582126ms)
✔ fixed targets/documents/variables reject unrelated writes and extra payload before actual HTTP (3.428617ms)
✔ normal reserves cannot consume final 12 reads/3 updates; all attempts count, one lock and one create (167.440783ms)
✔ naturally lost mutation response stops all later writes and cleanup across reopen; no automatic retry (2.184054ms)
✔ real routing identity, nine retained grants and complete empty publication history are mandatory (1.942604ms)
✔ auth exact app/route counts3 and never persists synthetic secret or returned token (1.6959ms)
✔ missing/corrupt history never reinitializes or sends (0.674573ms)
✔ offline gate prevents even credential loading (0.224972ms)
✔ full qualification reuses unchanged actual status/catalog adapters, fresh-process hold reload and drift refusal (497.939451ms)
✔ complete workflow stops on changed installation; no manufacture or unsafe cleanup (19.888462ms)
✔ complete workflow stops on unexpected exposure; no manufacture or unsafe cleanup (19.67258ms)
✔ complete workflow stops on visibility mismatch; no manufacture or unsafe cleanup (156.245389ms)
✔ complete workflow stops on natural lost response; no manufacture or unsafe cleanup (86.052523ms)
✔ complete workflow stops on metadata drift; no manufacture or unsafe cleanup (21.291948ms)
✔ complete workflow stops on malformed success; no manufacture or unsafe cleanup (93.228448ms)
✔ live register is canonical; synthetic initialization rejects unsafe directories and lost history (0.66878ms)
✔ malformed/unsuccessful mutation responses stay unknown; only valid explicit rejection permits finalization (4.566133ms)
✔ lock cannot release while late HTTP/body work can still persist history (0.986113ms)
✔ acknowledged fixture metadata baseline rejects added tags or changed creation identity (1.073913ms)
✔ actual adapter HTTP/GraphQL outcomes survive bounded transport and sanitized response replay (10.815734ms)
✔ foreign live root and stale register binding cannot reach credential loading (18.267769ms)
✔ gate rejects incomplete CI and unbound review receipts even when every supplied workflow is green (24.685543ms)
✔ complete source/build/review/CI gate accepts bound receipts and rejects omissions, stale refs or altered evidence (81.143846ms)
✔ actual adapter user-error failure remains identical when replayed from sanitized mutation evidence (3.902045ms)
✔ malformed success userErrors cannot acknowledge a status mutation or allow cleanup (5.635986ms)
✔ actual availability missing/oversized bodies keep direct/wrapped/replayed shape errors (5.009321ms)
✔ catalog receives original bounded UTF8 bytes and provenance hashes the bytes, not replacement text (2.332573ms)
✔ failed catalog preserves actual normalized results before STOP (252.730667ms)
✔ failed drift preserves actual normalized results before STOP (455.785751ms)
ℹ tests 29
ℹ suites 0
ℹ pass 29
ℹ fail 0
ℹ cancelled 0
ℹ skipped 0
ℹ todo 0
ℹ duration_ms 2157.516824
