✖ live register is canonical; synthetic initialization rejects unsafe directories and lost history (2.683525ms)
ℹ tests 1
ℹ suites 0
ℹ pass 0
ℹ fail 1
ℹ cancelled 0
ℹ skipped 0
ℹ todo 0
ℹ duration_ms 204.004822

✖ failing tests:

test at scripts/m5-004/operator.test.mjs:466:2
✖ live register is canonical; synthetic initialization rejects unsafe directories and lost history (2.683525ms)
  AssertionError [ERR_ASSERTION]: Missing expected exception.
      at TestContext.<anonymous> (file:///home/serveradmin/insignia-m5-004-worktree/scripts/m5-004/operator.test.mjs:469:9)
      at Test.runInAsyncScope (node:async_hooks:227:14)
      at Test.run (node:internal/test_runner/test:1402:25)
      at Test.start (node:internal/test_runner/test:1262:17)
      at startSubtestAfterBootstrap (node:internal/test_runner/harness:387:17) {
    generatedMessage: false,
    code: 'ERR_ASSERTION',
    actual: undefined,
    expected: /canonical_register/,
    operator: 'throws',
    diff: 'simple'
  }
