✖ failed catalog preserves actual normalized results before STOP (289.866345ms)
✖ failed drift preserves actual normalized results before STOP (498.55873ms)
ℹ tests 2
ℹ suites 0
ℹ pass 0
ℹ fail 2
ℹ cancelled 0
ℹ skipped 0
ℹ todo 0
ℹ duration_ms 1000.396146

✖ failing tests:

test at scripts/m5-004/operator.test.mjs:838:123
✖ failed catalog preserves actual normalized results before STOP (289.866345ms)
  AssertionError [ERR_ASSERTION]: Expected values to be strictly equal:
  
  'PASS' !== 'STOPPED'
  
      at TestContext.<anonymous> (file:///home/serveradmin/insignia-m5-004-worktree/scripts/m5-004/operator.test.mjs:840:95)
      at async Test.run (node:internal/test_runner/test:1409:7)
      at async startSubtestAfterBootstrap (node:internal/test_runner/harness:387:3) {
    generatedMessage: true,
    code: 'ERR_ASSERTION',
    actual: 'PASS',
    expected: 'STOPPED',
    operator: 'strictEqual',
    diff: 'simple'
  }

test at scripts/m5-004/operator.test.mjs:838:123
✖ failed drift preserves actual normalized results before STOP (498.55873ms)
  TypeError: Cannot read properties of undefined (reading 'outcome')
      at TestContext.<anonymous> (file:///home/serveradmin/insignia-m5-004-worktree/scripts/m5-004/operator.test.mjs:840:107)
      at async Test.run (node:internal/test_runner/test:1409:7)
      at async Test.processPendingSubtests (node:internal/test_runner/test:974:7)
