✔ actual HTTP attempts are durably reserved before dispatch (9.490864ms)
✔ fixed targets/documents/variables reject unrelated writes and extra payload before actual HTTP (3.357965ms)
✔ normal reserves cannot consume final 12 reads/3 updates; all attempts count, one lock and one create (160.065148ms)
✔ naturally lost mutation response stops all later writes and cleanup across reopen; no automatic retry (2.104975ms)
✔ real routing identity, nine retained grants and complete empty publication history are mandatory (1.855439ms)
✔ auth exact app/route counts3 and never persists synthetic secret or returned token (1.679147ms)
✔ missing/corrupt history never reinitializes or sends (0.670901ms)
✔ offline gate prevents even credential loading (0.227083ms)
✔ full qualification reuses unchanged actual status/catalog adapters, fresh-process hold reload and drift refusal (486.233838ms)
✔ complete workflow stops on changed installation; no manufacture or unsafe cleanup (19.674196ms)
✔ complete workflow stops on unexpected exposure; no manufacture or unsafe cleanup (19.772678ms)
✔ complete workflow stops on visibility mismatch; no manufacture or unsafe cleanup (165.533704ms)
✔ complete workflow stops on natural lost response; no manufacture or unsafe cleanup (98.486934ms)
✔ complete workflow stops on metadata drift; no manufacture or unsafe cleanup (21.221445ms)
✔ live register is canonical; synthetic initialization rejects unsafe directories and lost history (0.633735ms)
✔ malformed/unsuccessful mutation responses stay unknown; only valid explicit rejection permits finalization (5.831278ms)
✔ lock cannot release while late HTTP/body work can still persist history (1.237934ms)
✔ acknowledged fixture metadata baseline rejects added tags or changed creation identity (1.158423ms)
✔ actual adapter HTTP/GraphQL outcomes survive bounded transport and sanitized response replay (10.677325ms)
✔ foreign live root and stale register binding cannot reach credential loading (18.083031ms)
✔ gate rejects incomplete CI and unbound review receipts even when every supplied workflow is green (24.695554ms)
✔ complete source/build/review/CI gate accepts bound receipts and rejects omissions, stale refs or altered evidence (82.515126ms)
✔ actual adapter user-error failure remains identical when replayed from sanitized mutation evidence (3.993308ms)
ℹ tests 23
ℹ suites 0
ℹ pass 23
ℹ fail 0
ℹ cancelled 0
ℹ skipped 0
ℹ todo 0
ℹ duration_ms 1350.364776
