✔ actual HTTP attempts are durably reserved before dispatch (9.392665ms)
✔ fixed targets/documents/variables reject unrelated writes and extra payload before actual HTTP (3.392021ms)
✔ normal reserves cannot consume final 12 reads/3 updates; all attempts count, one lock and one create (157.47088ms)
✔ naturally lost mutation response stops all later writes and cleanup across reopen; no automatic retry (2.154309ms)
✔ real routing identity, nine retained grants and complete empty publication history are mandatory (1.997836ms)
✔ auth exact app/route counts3 and never persists synthetic secret or returned token (1.922191ms)
✔ missing/corrupt history never reinitializes or sends (0.696765ms)
✔ offline gate prevents even credential loading (0.246243ms)
✔ full qualification reuses unchanged actual status/catalog adapters, fresh-process hold reload and drift refusal (492.131856ms)
✔ complete workflow stops on changed installation; no manufacture or unsafe cleanup (19.747748ms)
✔ complete workflow stops on unexpected exposure; no manufacture or unsafe cleanup (19.723174ms)
✔ complete workflow stops on visibility mismatch; no manufacture or unsafe cleanup (144.613465ms)
✔ complete workflow stops on natural lost response; no manufacture or unsafe cleanup (85.856686ms)
✔ live register is canonical; synthetic initialization rejects unsafe directories and lost history (0.606123ms)
✔ malformed/unsuccessful mutation responses stay unknown; only valid explicit rejection permits finalization (4.240851ms)
✔ lock cannot release while late HTTP/body work can still persist history (0.980767ms)
✔ acknowledged fixture metadata baseline rejects added tags or changed creation identity (1.123041ms)
✔ actual adapter HTTP/GraphQL outcomes survive bounded transport and sanitized response replay (16.633966ms)
✔ foreign live root and stale register binding cannot reach credential loading (18.389778ms)
✔ gate rejects incomplete CI and unbound review receipts even when every supplied workflow is green (24.684826ms)
✔ complete source/build/review/CI gate accepts bound receipts and rejects omissions, stale refs or altered evidence (81.654052ms)
✔ actual adapter user-error failure remains identical when replayed from sanitized mutation evidence (3.800666ms)
ℹ tests 22
ℹ suites 0
ℹ pass 22
ℹ fail 0
ℹ cancelled 0
ℹ skipped 0
ℹ todo 0
ℹ duration_ms 1303.999758
