✖ gate rejects incomplete CI and unbound review receipts even when every supplied workflow is green (40.302259ms)
ℹ tests 1
ℹ suites 0
ℹ pass 0
ℹ fail 1
ℹ cancelled 0
ℹ skipped 0
ℹ todo 0
ℹ duration_ms 249.121542

✖ failing tests:

test at scripts/m5-004/operator.test.mjs:533:2
✖ gate rejects incomplete CI and unbound review receipts even when every supplied workflow is green (40.302259ms)
  AssertionError [ERR_ASSERTION]: Missing expected exception.
      at TestContext.<anonymous> (file:///home/serveradmin/insignia-m5-004-worktree/scripts/m5-004/operator.test.mjs:534:50)
      at async Test.run (node:internal/test_runner/test:1409:7)
      at async startSubtestAfterBootstrap (node:internal/test_runner/harness:387:3) {
    generatedMessage: false,
    code: 'ERR_ASSERTION',
    actual: undefined,
    expected: /offline_gate/,
    operator: 'throws',
    diff: 'simple'
  }
