✖ lock cannot release while late HTTP/body work can still persist history (10.009401ms)
✖ acknowledged fixture metadata baseline rejects added tags or changed creation identity (2.596528ms)
ℹ tests 2
ℹ suites 0
ℹ pass 0
ℹ fail 2
ℹ cancelled 0
ℹ skipped 0
ℹ todo 0
ℹ duration_ms 209.666637

✖ failing tests:

test at scripts/m5-004/operator.test.mjs:491:2
✖ lock cannot release while late HTTP/body work can still persist history (10.009401ms)
  AssertionError [ERR_ASSERTION]: Missing expected exception.
      at TestContext.<anonymous> (file:///home/serveradmin/insignia-m5-004-worktree/scripts/m5-004/operator.test.mjs:497:13)
      at async Test.run (node:internal/test_runner/test:1409:7)
      at async startSubtestAfterBootstrap (node:internal/test_runner/harness:387:3) {
    generatedMessage: false,
    code: 'ERR_ASSERTION',
    actual: undefined,
    expected: /pending_dispatch/,
    operator: 'throws',
    diff: 'simple'
  }

test at scripts/m5-004/operator.test.mjs:500:2
✖ acknowledged fixture metadata baseline rejects added tags or changed creation identity (2.596528ms)
  AssertionError [ERR_ASSERTION]: Missing expected exception.
      at TestContext.<anonymous> (file:///home/serveradmin/insignia-m5-004-worktree/scripts/m5-004/operator.test.mjs:502:9)
      at async Test.run (node:internal/test_runner/test:1409:7)
      at async Test.processPendingSubtests (node:internal/test_runner/test:974:7) {
    generatedMessage: false,
    code: 'ERR_ASSERTION',
    actual: undefined,
    expected: /fixture_identity/,
    operator: 'throws',
    diff: 'simple'
  }
