✔ actual HTTP attempts are durably reserved before dispatch (9.598842ms)
✔ captured M5-004 empty grants stop the actual public workflow before any fixture write (5.82983ms)
✔ fixed targets/documents/variables reject unrelated writes and extra payload before actual HTTP (3.359291ms)
✔ normal reserves cannot consume final 12 reads/3 updates; all attempts count, one lock and one create (171.356545ms)
✔ naturally lost mutation response stops all later writes and cleanup across reopen; no automatic retry (2.090894ms)
✔ real routing identity, nine retained grants and complete empty publication history are mandatory (1.925813ms)
✔ auth exact app/route counts3 and never persists synthetic secret or returned token (1.593853ms)
✔ missing/corrupt history never reinitializes or sends (0.631896ms)
✔ offline gate prevents even credential loading (0.279376ms)
✔ full qualification reuses unchanged actual status/catalog adapters, fresh-process hold reload and drift refusal (493.022987ms)
✔ complete workflow stops on changed installation; no manufacture or unsafe cleanup (20.099607ms)
✔ complete workflow stops on unexpected exposure; no manufacture or unsafe cleanup (19.842954ms)
✔ complete workflow stops on visibility mismatch; no manufacture or unsafe cleanup (157.72998ms)
✔ complete workflow stops on natural lost response; no manufacture or unsafe cleanup (88.28284ms)
✔ complete workflow stops on metadata drift; no manufacture or unsafe cleanup (21.836003ms)
✔ complete workflow stops on malformed success; no manufacture or unsafe cleanup (87.040618ms)
✔ live register is canonical; synthetic initialization rejects unsafe directories and lost history (0.617021ms)
✔ malformed/unsuccessful mutation responses stay unknown; only valid explicit rejection permits finalization (4.35526ms)
✔ lock cannot release while late HTTP/body work can still persist history (0.979672ms)
✔ acknowledged fixture metadata baseline rejects added tags or changed creation identity (1.10875ms)
✔ actual adapter HTTP/GraphQL outcomes survive bounded transport and sanitized response replay (10.954981ms)
✔ foreign live root and stale register binding cannot reach credential loading (18.896282ms)
✔ gate rejects incomplete CI and unbound review receipts even when every supplied workflow is green (24.884394ms)
✔ complete source/build/review/CI gate accepts bound receipts and rejects omissions, stale refs or altered evidence (81.328473ms)
✔ actual adapter user-error failure remains identical when replayed from sanitized mutation evidence (4.049472ms)
✔ malformed success userErrors cannot acknowledge a status mutation or allow cleanup (4.253782ms)
✔ actual availability missing/oversized bodies keep direct/wrapped/replayed shape errors (4.675043ms)
✔ catalog receives original bounded UTF8 bytes and provenance hashes the bytes, not replacement text (4.147123ms)
✔ failed catalog preserves actual normalized results before STOP (255.148853ms)
✔ failed drift preserves actual normalized results before STOP (436.724744ms)
✔ availability preserves its lossy UTF8 semantics while catalog rejects the same original bad bytes (2.238908ms)
✔ reopening a finished run preserves exact normalized evidence and refuses before credential loading (468.199288ms)
✔ catalog successful non200 keeps direct/wrapped/replayed body semantics (1.921991ms)
ℹ tests 33
ℹ suites 0
ℹ pass 33
ℹ fail 0
ℹ cancelled 0
ℹ skipped 0
ℹ todo 0
ℹ duration_ms 2617.964045
