✔ actual HTTP attempts are durably reserved before dispatch (9.649026ms)
✔ fixed targets/documents/variables reject unrelated writes and extra payload before actual HTTP (3.422828ms)
✔ normal reserves cannot consume final 12 reads/3 updates; all attempts count, one lock and one create (164.840049ms)
✔ naturally lost mutation response stops all later writes and cleanup across reopen; no automatic retry (2.122273ms)
✔ real routing identity, nine retained grants and complete empty publication history are mandatory (1.892824ms)
✔ auth exact app/route counts3 and never persists synthetic secret or returned token (1.715563ms)
✔ missing/corrupt history never reinitializes or sends (0.673626ms)
✔ offline gate prevents even credential loading (0.235964ms)
✔ full qualification reuses unchanged actual status/catalog adapters, fresh-process hold reload and drift refusal (484.020506ms)
✔ complete workflow stops on changed installation; no manufacture or unsafe cleanup (19.879967ms)
✔ complete workflow stops on unexpected exposure; no manufacture or unsafe cleanup (19.94995ms)
✔ complete workflow stops on visibility mismatch; no manufacture or unsafe cleanup (157.279459ms)
✔ complete workflow stops on natural lost response; no manufacture or unsafe cleanup (92.24771ms)
✔ complete workflow stops on metadata drift; no manufacture or unsafe cleanup (21.73291ms)
✔ complete workflow stops on malformed success; no manufacture or unsafe cleanup (96.273399ms)
✔ live register is canonical; synthetic initialization rejects unsafe directories and lost history (0.606545ms)
✔ malformed/unsuccessful mutation responses stay unknown; only valid explicit rejection permits finalization (4.303786ms)
✔ lock cannot release while late HTTP/body work can still persist history (1.000295ms)
✔ acknowledged fixture metadata baseline rejects added tags or changed creation identity (1.125227ms)
✔ actual adapter HTTP/GraphQL outcomes survive bounded transport and sanitized response replay (10.774188ms)
✔ foreign live root and stale register binding cannot reach credential loading (18.287972ms)
✔ gate rejects incomplete CI and unbound review receipts even when every supplied workflow is green (24.721706ms)
✔ complete source/build/review/CI gate accepts bound receipts and rejects omissions, stale refs or altered evidence (81.517745ms)
✔ actual adapter user-error failure remains identical when replayed from sanitized mutation evidence (3.969957ms)
✔ malformed success userErrors cannot acknowledge a status mutation or allow cleanup (4.075678ms)
✔ actual availability missing/oversized bodies keep direct/wrapped/replayed shape errors (5.3747ms)
✔ catalog receives original bounded UTF8 bytes and provenance hashes the bytes, not replacement text (2.301249ms)
✔ failed catalog preserves actual normalized results before STOP (279.33787ms)
✔ failed drift preserves actual normalized results before STOP (455.477907ms)
✔ availability preserves its lossy UTF8 semantics while catalog rejects the same original bad bytes (2.172447ms)
✔ reopening a finished run preserves exact normalized evidence and refuses before credential loading (464.947814ms)
✔ catalog successful non200 keeps direct/wrapped/replayed body semantics (1.886257ms)
ℹ tests 32
ℹ suites 0
ℹ pass 32
ℹ fail 0
ℹ cancelled 0
ℹ skipped 0
ℹ todo 0
ℹ duration_ms 2646.393337
