✖ malformed/unsuccessful mutation responses stay unknown; only valid explicit rejection permits finalization (12.00377ms)
ℹ tests 1
ℹ suites 0
ℹ pass 0
ℹ fail 1
ℹ cancelled 0
ℹ skipped 0
ℹ todo 0
ℹ duration_ms 206.434114

✖ failing tests:

test at scripts/m5-004/operator.test.mjs:480:2
✖ malformed/unsuccessful mutation responses stay unknown; only valid explicit rejection permits finalization (12.00377ms)
  AssertionError [ERR_ASSERTION]: Expected values to be strictly equal:
  + actual - expected
  
  + 'REJECTED'
  - 'UNKNOWN'
  
      at TestContext.<anonymous> (file:///home/serveradmin/insignia-m5-004-worktree/scripts/m5-004/operator.test.mjs:484:9)
      at async Test.run (node:internal/test_runner/test:1409:7)
      at async startSubtestAfterBootstrap (node:internal/test_runner/harness:387:3) {
    generatedMessage: true,
    code: 'ERR_ASSERTION',
    actual: 'REJECTED',
    expected: 'UNKNOWN',
    operator: 'strictEqual',
    diff: 'simple'
  }
