✖ malformed success userErrors cannot acknowledge a status mutation or allow cleanup (12.478851ms)
ℹ tests 1
ℹ suites 0
ℹ pass 0
ℹ fail 1
ℹ cancelled 0
ℹ skipped 0
ℹ todo 0
ℹ duration_ms 207.004948

✖ failing tests:

test at scripts/m5-004/operator.test.mjs:802:2
✖ malformed success userErrors cannot acknowledge a status mutation or allow cleanup (12.478851ms)
  AssertionError [ERR_ASSERTION]: Expected values to be strictly equal:
  + actual - expected
  
  + 'ACKNOWLEDGED'
  - 'UNKNOWN'
  
      at TestContext.<anonymous> (file:///home/serveradmin/insignia-m5-004-worktree/scripts/m5-004/operator.test.mjs:803:313)
      at async Test.run (node:internal/test_runner/test:1409:7)
      at async startSubtestAfterBootstrap (node:internal/test_runner/harness:387:3) {
    generatedMessage: true,
    code: 'ERR_ASSERTION',
    actual: 'ACKNOWLEDGED',
    expected: 'UNKNOWN',
    operator: 'strictEqual',
    diff: 'simple'
  }
