✔ complete one-page collection reserves every attempt durably and returns only opaque observations (43.208706ms)
▶ unallocated or broadened owner inputs stop before any HTTP request or evidence creation
  ✔ missing allocation (4.84555ms)
  ✔ request template is not permission (1.405163ms)
  ✔ no approval reference (1.515972ms)
  ✔ wrong endpoint (1.295361ms)
  ✔ wrong optional scopes (1.410672ms)
  ✔ required scope expansion (1.689529ms)
  ✔ grant expansion (1.369478ms)
  ✔ mutations (1.349357ms)
  ✔ wrong operation (1.4581ms)
  ✔ too many requests (1.308926ms)
  ✔ too long retention (1.100042ms)
  ✔ expired grant (1.125087ms)
  ✔ wrong private destination (2.313278ms)
  ✔ credential absent (1.202736ms)
✔ unallocated or broadened owner inputs stop before any HTTP request or evidence creation (26.072807ms)
✔ two pages follow the exact private cursor then final identity within three total requests (13.802237ms)
▶ incomplete, drifting, duplicate or over-cap provider observations seal immediately without boundary claims
  ✔ GraphQL errors (5.226949ms)
  ✔ missing shop (5.872313ms)
  ✔ wrong shop (5.404676ms)
  ✔ wrong client (5.730428ms)
  ✔ wrong app (7.538287ms)
  ✔ wrong installation (4.860724ms)
  ✔ grant drift (4.863082ms)
  ✔ grant duplicate (4.885417ms)
  ✔ connection missing (4.570631ms)
  ✔ page info missing (4.97783ms)
  ✔ next cursor missing (6.993869ms)
  ✔ topic missing (4.792933ms)
  ✔ unsupported version (4.631506ms)
  ✔ unsupported format (5.415942ms)
  ✔ URI missing (4.615962ms)
  ✔ duplicate ID (4.053434ms)
  ✔ URI conflict (5.97335ms)
  ✔ page over 250 (5.343313ms)
✔ incomplete, drifting, duplicate or over-cap provider observations seal immediately without boundary claims (98.636787ms)
▶ transport failures, redirects, API fallback, oversized bodies and absolute timeouts consume one attempt with no retry
  ✔ permission (4.649077ms)
  ✔ throttle (4.861489ms)
  ✔ redirect (4.005614ms)
  ✔ API fallback (4.667372ms)
  ✔ missing API header (7.367713ms)
  ✔ not JSON (4.085539ms)
  ✔ encoding (4.256737ms)
  ✔ malformed body (4.813538ms)
  ✔ over 1 MiB (7.819486ms)
  ✔ lost response (4.553845ms)
  ✔ absolute timeout (24.821447ms)
✔ transport failures, redirects, API fallback, oversized bodies and absolute timeouts consume one attempt with no retry (77.583137ms)
✔ run deadline and expired allocation stop in flight and preserve consumed reservations (38.191782ms)
✔ CLI reads one bounded existing token from inherited descriptor and prints only the public result (278.124391ms)
✔ killed in-flight process leaves a consumed reservation; seal never resumes or retries it (129.278806ms)
▶ unknown identity and connection shapes cannot silently qualify a partial provider response
  ✔ unexpected queried object field (5.317331ms)
  ✔ unexpected queried object field (4.362608ms)
  ✔ unexpected queried object field (4.243304ms)
  ✔ unexpected queried object field (5.041569ms)
  ✔ unexpected queried object field (4.260959ms)
✔ unknown identity and connection shapes cannot silently qualify a partial provider response (24.142359ms)
✔ credential reflection is withheld from disk and public errors while the attempted request remains consumed (4.471854ms)
✔ private response-write failure seals the acknowledged request as uncertain without another transport (7.731765ms)
✔ full 500-record envelope needs exactly two pages and one final identity read (15.196392ms)
▶ third page, cursor cycle, cross-page duplicates and boundary drift never extend the request envelope
  ✔ third page (6.440517ms)
  ✔ cursor cycle (10.466863ms)
  ✔ cross-page duplicate (7.010082ms)
  ✔ boundary drift (8.205901ms)
  ✔ boundary error (8.05137ms)
✔ third page, cursor cycle, cross-page duplicates and boundary drift never extend the request envelope (41.20203ms)
▶ allocation may tighten ceilings and injected test endpoints cannot leave loopback
  ✔ tight requests (4.09611ms)
  ✔ tight pages (7.815017ms)
  ✔ tight records (8.449526ms)
  ✔ invalid endpoint denied before transport (1.150374ms)
  ✔ invalid endpoint denied before transport (1.26403ms)
  ✔ invalid endpoint denied before transport (2.14238ms)
  ✔ invalid endpoint denied before transport (12.796634ms)
  ✔ invalid endpoint denied before transport (3.005608ms)
✔ allocation may tighten ceilings and injected test endpoints cannot leave loopback (42.18747ms)
✔ failed journal persistence keeps reservation durable and forbids reinvocation despite an unsealed run (5.994958ms)
▶ CLI refuses arbitrary queries, environment credential switches and duplicate flags before transport
  ✔ --query (85.985579ms)
  ✔ --token-env (87.026763ms)
  ✔ --token-fd (79.181713ms)
✔ CLI refuses arbitrary queries, environment credential switches and duplicate flags before transport (252.939566ms)
▶ resource declaration must name an existing supported capability and cannot smuggle a second token store
  ✔ unsupported owner input (1.091942ms)
  ✔ unsupported owner input (0.7791ms)
✔ resource declaration must name an existing supported capability and cannot smuggle a second token store (2.378505ms)
✔ unexpected topic bytes remain private while the public observation uses an opaque category (6.348224ms)
✔ distinct topics can share one coherent receiver while duplicate URI/topic bindings still stop (6.44613ms)
▶ CLI rejects missing, multiline and oversized descriptor tokens before creating a run or contacting HTTP
  ✔ invalid private descriptor bytes (117.434573ms)
  ✔ invalid private descriptor bytes (123.827028ms)
  ✔ invalid private descriptor bytes (119.97419ms)
✔ CLI rejects missing, multiline and oversized descriptor tokens before creating a run or contacting HTTP (361.927451ms)
✔ CLI exits by the credential deadline while a real blocking pipe writer remains open (5157.310679ms)
✔ CLI rejects a regular-file credential descriptor before transport or run creation (82.897067ms)
▶ public CLI rejects writerless allocation and abandoned-journal FIFOs without blocking open
  ✔ allocation (107.226068ms)
  ✔ journal (109.216375ms)
✔ public CLI rejects writerless allocation and abandoned-journal FIFOs without blocking open (217.05023ms)
▶ private reader terminates and releases its pipe by an independent deadline after CLI SIGKILL
  ✔ normal (5179.775686ms)
  ✔ retained-zombie (5201.267735ms)
✔ private reader terminates and releases its pipe by an independent deadline after CLI SIGKILL (10382.65401ms)
ℹ {"pythonVersion":"3.14.4 (main, Aug 20 2026, 10:41:58) [GCC 15.2.0]","platform":{"system":"Linux","kernel":"7.0.0-31-generic","machine":"x86_64"},"retainedZombie":false,"readerState":"ABSENT","fdRetained":false,"pipeClosed":true,"observerElapsedMs":4791.328328894451,"closureWithinDeadline":true}
ℹ {"pythonVersion":"3.14.4 (main, Aug 20 2026, 10:41:58) [GCC 15.2.0]","platform":{"system":"Linux","kernel":"7.0.0-31-generic","machine":"x86_64"},"retainedZombie":true,"readerState":"Z","fdRetained":false,"pipeClosed":true,"observerElapsedMs":4790.031861048192,"closureWithinDeadline":true}
✔ synthetic Python control failures preserve their diagnostic traceback (80.023556ms)
ℹ SYNTHETIC_CONTROL_RUNTIME {"pythonVersion": "3.14.4 (main, Aug 20 2026, 10:41:58) [GCC 15.2.0]", "platform": {"system": "Linux", "kernel": "7.0.0-31-generic", "machine": "x86_64"}}
ℹ tests 98
ℹ suites 0
ℹ pass 98
ℹ fail 0
ℹ cancelled 0
ℹ skipped 0
ℹ todo 0
ℹ duration_ms 17514.275656
