✔ actual HTTP attempts are durably reserved before dispatch (10.006425ms)
✔ captured M5-004 empty grants stop the actual public workflow before any fixture write (6.261706ms)
✔ fixed targets/documents/variables reject unrelated writes and extra payload before actual HTTP (3.452037ms)
✔ normal reserves cannot consume final 12 reads/3 updates; all attempts count, one lock and one create (179.707343ms)
✔ naturally lost mutation response stops all later writes and cleanup across reopen; no automatic retry (2.146659ms)
✔ real routing identity, nine retained grants and complete empty publication history are mandatory (1.979182ms)
✔ auth exact app/route counts3 and never persists synthetic secret or returned token (1.608588ms)
✔ missing/corrupt history never reinitializes or sends (0.662264ms)
✔ offline gate prevents even credential loading (0.29272ms)
✔ full qualification reuses unchanged actual status/catalog adapters, fresh-process hold reload and drift refusal (515.961471ms)
✔ complete workflow stops on changed installation; no manufacture or unsafe cleanup (20.249119ms)
✔ complete workflow stops on unexpected exposure; no manufacture or unsafe cleanup (21.280892ms)
✔ complete workflow stops on visibility mismatch; no manufacture or unsafe cleanup (170.034295ms)
✔ complete workflow stops on natural lost response; no manufacture or unsafe cleanup (93.667649ms)
✔ complete workflow stops on metadata drift; no manufacture or unsafe cleanup (23.111577ms)
✔ complete workflow stops on malformed success; no manufacture or unsafe cleanup (94.847102ms)
✔ live register is canonical; synthetic initialization rejects unsafe directories and lost history (0.669724ms)
✔ malformed/unsuccessful mutation responses stay unknown; only valid explicit rejection permits finalization (4.589086ms)
✔ lock cannot release while late HTTP/body work can still persist history (1.114724ms)
✔ acknowledged fixture metadata baseline rejects added tags or changed creation identity (1.113377ms)
✔ actual adapter HTTP/GraphQL outcomes survive bounded transport and sanitized response replay (10.983462ms)
✔ foreign live root and stale register binding cannot reach credential loading (18.175902ms)
✔ gate rejects incomplete CI and unbound review receipts even when every supplied workflow is green (24.745642ms)
✔ complete source/build/review/CI gate accepts bound receipts and rejects omissions, stale refs or altered evidence (82.332939ms)
✔ actual adapter user-error failure remains identical when replayed from sanitized mutation evidence (4.679768ms)
✔ malformed success userErrors cannot acknowledge a status mutation or allow cleanup (4.877142ms)
✔ actual availability missing/oversized bodies keep direct/wrapped/replayed shape errors (5.190625ms)
✔ catalog receives original bounded UTF8 bytes and provenance hashes the bytes, not replacement text (2.675573ms)
✔ failed catalog preserves actual normalized results before STOP (256.0256ms)
✔ failed drift preserves actual normalized results before STOP (459.770081ms)
✔ availability preserves its lossy UTF8 semantics while catalog rejects the same original bad bytes (2.223072ms)
✔ reopening a finished run preserves exact normalized evidence and refuses before credential loading (466.694088ms)
✔ catalog successful non200 keeps direct/wrapped/replayed body semantics (1.919574ms)
✔ current product capability accepts write_products without the obsolete nine grants (1.60261ms)
✔ legacy exact-nine guard stays unchanged while successor records current additional grants (3.414247ms)
✔ successor rejects absent capability, malformed grants and every wrong routing identity (0.75099ms)
✔ successor rejects the legacy canonical live directory before writing and cannot reopen legacy history (0.879921ms)
✔ successor documents, request ceilings, ownership, settlement and shared matrix stay source-identical (9.513669ms)
✔ fresh complete successor workflow uses real adapters, current product grants, persisted holds and unchanged matrix (892.610692ms)
✔ public successor workflow stops on missing capability without unsafe cleanup or retries (2.053704ms)
✔ public successor workflow stops on wrong identity without unsafe cleanup or retries (1.733249ms)
✔ public successor workflow stops on lost status acknowledgement without unsafe cleanup or retries (76.109772ms)
✔ successor live entry refuses incomplete gate before the protected credential route (35.836034ms)
✔ successor gate binds its own tree, directory, exact source and independent review/CI receipts (97.36635ms)
✔ captured live publication-field denial stops create settlement and never permits status finalization (5.862828ms)
ℹ tests 45
ℹ suites 0
ℹ pass 45
ℹ fail 0
ℹ cancelled 0
ℹ skipped 0
ℹ todo 0
ℹ duration_ms 2709.53474
