✔ actual HTTP attempts are durably reserved before dispatch (9.896509ms)
✔ captured M5-004 empty grants stop the actual public workflow before any fixture write (6.330768ms)
✔ fixed targets/documents/variables reject unrelated writes and extra payload before actual HTTP (3.509511ms)
✔ normal reserves cannot consume final 12 reads/3 updates; all attempts count, one lock and one create (175.261814ms)
✔ naturally lost mutation response stops all later writes and cleanup across reopen; no automatic retry (2.143261ms)
✔ real routing identity, nine retained grants and complete empty publication history are mandatory (1.986762ms)
✔ auth exact app/route counts3 and never persists synthetic secret or returned token (1.60683ms)
✔ missing/corrupt history never reinitializes or sends (0.669462ms)
✔ offline gate prevents even credential loading (0.305095ms)
✔ full qualification reuses unchanged actual status/catalog adapters, fresh-process hold reload and drift refusal (508.513393ms)
✔ complete workflow stops on changed installation; no manufacture or unsafe cleanup (20.73481ms)
✔ complete workflow stops on unexpected exposure; no manufacture or unsafe cleanup (20.909527ms)
✔ complete workflow stops on visibility mismatch; no manufacture or unsafe cleanup (162.511149ms)
✔ complete workflow stops on natural lost response; no manufacture or unsafe cleanup (97.162971ms)
✔ complete workflow stops on metadata drift; no manufacture or unsafe cleanup (22.768641ms)
✔ complete workflow stops on malformed success; no manufacture or unsafe cleanup (93.039554ms)
✔ live register is canonical; synthetic initialization rejects unsafe directories and lost history (0.594796ms)
✔ malformed/unsuccessful mutation responses stay unknown; only valid explicit rejection permits finalization (4.34282ms)
✔ lock cannot release while late HTTP/body work can still persist history (0.977932ms)
✔ acknowledged fixture metadata baseline rejects added tags or changed creation identity (1.098261ms)
✔ actual adapter HTTP/GraphQL outcomes survive bounded transport and sanitized response replay (10.874888ms)
✔ foreign live root and stale register binding cannot reach credential loading (18.330941ms)
✔ gate rejects incomplete CI and unbound review receipts even when every supplied workflow is green (24.728356ms)
✔ complete source/build/review/CI gate accepts bound receipts and rejects omissions, stale refs or altered evidence (81.15083ms)
✔ actual adapter user-error failure remains identical when replayed from sanitized mutation evidence (4.068566ms)
✔ malformed success userErrors cannot acknowledge a status mutation or allow cleanup (4.634882ms)
✔ actual availability missing/oversized bodies keep direct/wrapped/replayed shape errors (4.671952ms)
✔ catalog receives original bounded UTF8 bytes and provenance hashes the bytes, not replacement text (2.34282ms)
✔ failed catalog preserves actual normalized results before STOP (254.843492ms)
✔ failed drift preserves actual normalized results before STOP (456.843432ms)
✔ availability preserves its lossy UTF8 semantics while catalog rejects the same original bad bytes (2.236398ms)
✔ reopening a finished run preserves exact normalized evidence and refuses before credential loading (470.890937ms)
✔ catalog successful non200 keeps direct/wrapped/replayed body semantics (1.943718ms)
✔ current product capability accepts write_products without the obsolete nine grants (1.60017ms)
✔ legacy exact-nine guard stays unchanged while successor records current additional grants (3.486209ms)
✔ successor rejects absent capability, malformed grants and every wrong routing identity (0.752887ms)
✔ successor rejects the legacy canonical live directory before writing and cannot reopen legacy history (0.893038ms)
✔ successor documents, request ceilings, ownership, settlement and shared matrix stay source-identical (9.387288ms)
✔ fresh complete successor workflow uses real adapters, current product grants, persisted holds and unchanged matrix (886.522574ms)
✔ public successor workflow stops on missing capability without unsafe cleanup or retries (2.053376ms)
✔ public successor workflow stops on wrong identity without unsafe cleanup or retries (1.789974ms)
✔ public successor workflow stops on lost status acknowledgement without unsafe cleanup or retries (68.506613ms)
✔ successor live entry refuses incomplete gate before the protected credential route (31.167288ms)
✔ successor gate binds its own tree, directory, exact source and independent review/CI receipts (95.259516ms)
ℹ tests 44
ℹ suites 0
ℹ pass 44
ℹ fail 0
ℹ cancelled 0
ℹ skipped 0
ℹ todo 0
ℹ duration_ms 2694.431334
