$ node --test scripts/m5-002/read-register.test.mjs scripts/m5-002/built-runtime.test.mjs && node --test scripts/m5-004/operator.test.mjs scripts/m5-009/operator.test.mjs scripts/m5-010/operator.test.mjs scripts/m5-010/binding.test.mjs scripts/m5-010/native-actions.test.mjs && node --test scripts/m5-005/diagnostic.test.mjs && node --test scripts/m5-011/operator.test.mjs scripts/m5-011/binding.test.mjs
✔ complete built server reproduces CLI development-mode CSP rejection (265.073377ms)
✔ actual launcher runtime preparation admits built hydration without widening CSP (210.830364ms)
✔ actual launcher register reserves durably before synthetic fetch, serializes and denies extra attempts (80.108356ms)
✔ exact SDK online exchange is counted per attempt; mutations, wrong targets and other token/event routes never send (3.108171ms)
✔ ambiguous or inflated history stops before any send (0.494345ms)
✔ one-shot loss applies only after a committed local save and never changes transport counts (1.774592ms)
ℹ tests 6
ℹ suites 0
ℹ pass 6
ℹ fail 0
ℹ cancelled 0
ℹ skipped 0
ℹ todo 0
ℹ duration_ms 569.114835
✔ actual HTTP attempts are durably reserved before dispatch (11.047121ms)
✔ captured M5-004 empty grants stop the actual public workflow before any fixture write (8.433316ms)
✔ fixed targets/documents/variables reject unrelated writes and extra payload before actual HTTP (5.204391ms)
✔ normal reserves cannot consume final 12 reads/3 updates; all attempts count, one lock and one create (247.088423ms)
✔ naturally lost mutation response stops all later writes and cleanup across reopen; no automatic retry (2.820057ms)
✔ real routing identity, nine retained grants and complete empty publication history are mandatory (3.101888ms)
✔ auth exact app/route counts3 and never persists synthetic secret or returned token (2.009409ms)
✔ missing/corrupt history never reinitializes or sends (0.783745ms)
✔ offline gate prevents even credential loading (0.675749ms)
✔ full qualification reuses unchanged actual status/catalog adapters, fresh-process hold reload and drift refusal (634.704938ms)
✔ complete workflow stops on changed installation; no manufacture or unsafe cleanup (24.674036ms)
✔ complete workflow stops on unexpected exposure; no manufacture or unsafe cleanup (27.854544ms)
✔ complete workflow stops on visibility mismatch; no manufacture or unsafe cleanup (190.591587ms)
✔ complete workflow stops on natural lost response; no manufacture or unsafe cleanup (121.123494ms)
✔ complete workflow stops on metadata drift; no manufacture or unsafe cleanup (28.525407ms)
✔ complete workflow stops on malformed success; no manufacture or unsafe cleanup (136.716891ms)
✔ live register is canonical; synthetic initialization rejects unsafe directories and lost history (0.743578ms)
✔ malformed/unsuccessful mutation responses stay unknown; only valid explicit rejection permits finalization (6.570038ms)
✔ lock cannot release while late HTTP/body work can still persist history (1.223986ms)
✔ acknowledged fixture metadata baseline rejects added tags or changed creation identity (1.357381ms)
✔ actual adapter HTTP/GraphQL outcomes survive bounded transport and sanitized response replay (14.001726ms)
✔ foreign live root and stale register binding cannot reach credential loading (20.902958ms)
✔ gate rejects incomplete CI and unbound review receipts even when every supplied workflow is green (39.235254ms)
✔ complete source/build/review/CI gate accepts bound receipts and rejects omissions, stale refs or altered evidence (108.636698ms)
✔ actual adapter user-error failure remains identical when replayed from sanitized mutation evidence (6.085719ms)
✔ malformed success userErrors cannot acknowledge a status mutation or allow cleanup (4.228325ms)
✔ actual availability missing/oversized bodies keep direct/wrapped/replayed shape errors (5.140061ms)
✔ catalog receives original bounded UTF8 bytes and provenance hashes the bytes, not replacement text (2.851022ms)
✔ failed catalog preserves actual normalized results before STOP (304.614935ms)
✔ failed drift preserves actual normalized results before STOP (548.718019ms)
✔ availability preserves its lossy UTF8 semantics while catalog rejects the same original bad bytes (2.38519ms)
✔ reopening a finished run preserves exact normalized evidence and refuses before credential loading (507.942129ms)
✔ catalog successful non200 keeps direct/wrapped/replayed body semantics (1.982336ms)
✔ current product capability accepts write_products without the obsolete nine grants (1.942923ms)
✔ legacy exact-nine guard stays unchanged while successor records current additional grants (3.801134ms)
✔ successor rejects absent capability, malformed grants and every wrong routing identity (1.054198ms)
✔ successor rejects the legacy canonical live directory before writing and cannot reopen legacy history (1.126801ms)
✔ successor documents, request ceilings, ownership, settlement and shared matrix stay source-identical (19.160995ms)
✔ fresh complete successor workflow uses real adapters, current product grants, persisted holds and unchanged matrix (1193.915225ms)
✔ public successor workflow stops on missing capability without unsafe cleanup or retries (2.142451ms)
✔ public successor workflow stops on wrong identity without unsafe cleanup or retries (2.699523ms)
✔ public successor workflow stops on lost status acknowledgement without unsafe cleanup or retries (115.277834ms)
✔ successor live entry refuses incomplete gate before the protected credential route (49.973483ms)
✔ successor gate binds its own tree, directory, exact source and independent review/CI receipts (129.642934ms)
✔ captured live publication-field denial stops create settlement and never permits status finalization (5.150924ms)
✔ successor gate binds its own tree, directory, exact source and independent review/CI receipts (134.711421ms)
✔ native release and two-scope consent are durable one-use operations with dependency and ambiguity stops (6.649696ms)
✔ native successful sequence closes after exactly one release/request/approval and rejects reset reservation history (3.475572ms)
✔ 010 requires all publication/product capabilities and permits additional well formed grants (5.511459ms)
✔ 010 denies normal fresh create until fixed predecessor has been safely resolved (3.877827ms)
✔ complete absent predecessor lookup permits one fresh create and retains resolution independently (20.369272ms)
✔ owned unpublished ARCHIVED predecessor requires exact archived readback before fresh create (13.107131ms)
✔ owned unpublished DRAFT predecessor requires exact archived readback before fresh create (11.310416ms)
✔ owned unpublished ACTIVE predecessor requires exact archived readback before fresh create (11.103719ms)
✔ owned unpublished UNLISTED predecessor requires exact archived readback before fresh create (10.092825ms)
✔ predecessor multiple stops without any mutation or second lookup (2.19395ms)
✔ predecessor partial next stops without any mutation or second lookup (2.524812ms)
✔ predecessor partial previous stops without any mutation or second lookup (3.149363ms)
✔ predecessor missing page info stops without any mutation or second lookup (2.108979ms)
✔ predecessor missing nodes stops without any mutation or second lookup (1.807867ms)
✔ predecessor invalid product id stops without any mutation or second lookup (2.456098ms)
✔ predecessor wrong type stops without any mutation or second lookup (1.44268ms)
✔ predecessor wrong handle stops without any mutation or second lookup (4.252542ms)
✔ predecessor wrong title stops without any mutation or second lookup (1.595132ms)
✔ predecessor wrong tag stops without any mutation or second lookup (4.634076ms)
✔ predecessor too early creation stops without any mutation or second lookup (1.714792ms)
✔ predecessor invalid creation stops without any mutation or second lookup (1.389195ms)
✔ predecessor future creation stops without any mutation or second lookup (2.205462ms)
✔ predecessor published stops without any mutation or second lookup (1.460182ms)
✔ predecessor store url stops without any mutation or second lookup (1.38021ms)
✔ predecessor publication membership stops without any mutation or second lookup (1.402804ms)
✔ predecessor resource partial stops without any mutation or second lookup (1.671726ms)
✔ predecessor unpublished partial stops without any mutation or second lookup (1.392969ms)
✔ predecessor missing publications stops without any mutation or second lookup (1.368199ms)
✔ predecessor unsupported status stops without any mutation or second lookup (1.598709ms)
✔ predecessor lookup transport retains stop and never retries or creates (4.349652ms)
✔ predecessor lookup stream failure retains stop and never retries or creates (2.067571ms)
✔ predecessor lookup invalid utf8 retains stop and never retries or creates (5.803481ms)
✔ predecessor lookup http retains stop and never retries or creates (6.410886ms)
✔ predecessor lookup missing body retains stop and never retries or creates (1.275111ms)
✔ predecessor lookup invalid json retains stop and never retries or creates (10.121068ms)
✔ predecessor lookup oversized retains stop and never retries or creates (2.455014ms)
✔ predecessor lookup graphql permission retains stop and never retries or creates (1.700324ms)
✔ predecessor lookup partial graphql data retains stop and never retries or creates (1.965576ms)
✔ predecessor lookup mutation rejected retains stop and never retries or creates (1.816892ms)
✔ predecessor archive transport retains stop and never retries or creates (2.155757ms)
✔ predecessor archive stream failure retains stop and never retries or creates (2.397711ms)
✔ predecessor archive invalid utf8 retains stop and never retries or creates (2.412945ms)
✔ predecessor archive http retains stop and never retries or creates (2.045427ms)
✔ predecessor archive missing body retains stop and never retries or creates (2.422602ms)
✔ predecessor archive invalid json retains stop and never retries or creates (2.087404ms)
✔ predecessor archive oversized retains stop and never retries or creates (2.83055ms)
✔ predecessor archive graphql permission retains stop and never retries or creates (1.910092ms)
✔ predecessor archive partial graphql data retains stop and never retries or creates (1.929939ms)
✔ predecessor archive mutation rejected retains stop and never retries or creates (1.999627ms)
✔ predecessor readback transport retains stop and never retries or creates (4.227614ms)
✔ predecessor readback stream failure retains stop and never retries or creates (2.64574ms)
✔ predecessor readback invalid utf8 retains stop and never retries or creates (2.423775ms)
✔ predecessor readback http retains stop and never retries or creates (2.194315ms)
✔ predecessor readback missing body retains stop and never retries or creates (2.201343ms)
✔ predecessor readback invalid json retains stop and never retries or creates (2.387528ms)
✔ predecessor readback oversized retains stop and never retries or creates (3.601105ms)
✔ predecessor readback graphql permission retains stop and never retries or creates (3.427912ms)
✔ predecessor readback partial graphql data retains stop and never retries or creates (2.620078ms)
✔ predecessor readback mutation rejected retains stop and never retries or creates (2.323374ms)
✔ archive wrong id cannot resolve predecessor (2.45999ms)
✔ archive wrong metadata cannot resolve predecessor (1.771475ms)
✔ archive wrong status cannot resolve predecessor (1.751518ms)
✔ archive exposed cannot resolve predecessor (1.759817ms)
✔ readback wrong id cannot resolve predecessor (3.524011ms)
✔ readback wrong metadata cannot resolve predecessor (2.542639ms)
✔ readback wrong status cannot resolve predecessor (2.413615ms)
✔ readback exposed cannot resolve predecessor (3.051223ms)
✔ public qualification resolves absent predecessor then runs unchanged real adapter matrix (572.004156ms)
✔ public qualification resolves ARCHIVED predecessor then runs unchanged real adapter matrix (546.104062ms)
✔ public qualification resolves ACTIVE predecessor then runs unchanged real adapter matrix (513.756747ms)
✔ fixed predecessor search and status-only allowance cannot be caller substituted (2.144782ms)
✔ reload retains predecessor FOUND, independent identity and one archival reservation (2.071429ms)
✔ reload retains predecessor ARCHIVE_ACKNOWLEDGED, independent identity and one archival reservation (2.221551ms)
✔ reload retains predecessor ARCHIVED_VERIFIED, independent identity and one archival reservation (2.667696ms)
✔ reload retains predecessor STOPPED, independent identity and one archival reservation (2.121206ms)
✔ reload retains predecessor ABSENT, independent identity and one archival reservation (1.637351ms)
✔ reopening refuses forged safe resolution or a retained lookup for a substituted marker (2.126004ms)
✔ serialized archive and readback attempts reserve actual HTTP once and never share the matrix allowance (4.501166ms)
✔ predecessor lookup consumes normal read ceiling and auth remains bounded at three (81.320302ms)
✔ public qualification stops on missing read_publications with no blind retry (1.830093ms)
✔ public qualification stops on wrong identity with no blind retry (1.678414ms)
✔ public qualification stops on predecessor permission failure with no blind retry (2.323889ms)
✔ public qualification stops on fresh create unknown with no blind retry (4.768709ms)
✔ public qualification stops on fresh adapter update unknown with no blind retry (91.674875ms)
✔ 010 cannot reopen closed-profile histories and synthetic qualification rejects every canonical live directory (31.099683ms)
✔ archival permission expiring during durable reservation consumes allowance without HTTP or retry (2.125554ms)
✔ pending predecessor HTTP retains exclusive lock and prevents early operator closure (3.12456ms)
✔ public qualification stops before fresh create after ACTIVE predecessor archive failure (3.841163ms)
✔ public qualification stops before fresh create after ACTIVE predecessor readback failure (3.876336ms)
✔ public qualification stops before fresh create after ARCHIVED predecessor readback failure (3.026748ms)
ℹ tests 136
ℹ suites 0
ℹ pass 136
ℹ fail 0
ℹ cancelled 0
ℹ skipped 0
ℹ todo 0
ℹ duration_ms 3293.378123
✔ one actual diagnostic sequence keeps empty installation distinct from nonempty token/REST/declarations (11.091809ms)
✔ partial stream failure is UNKNOWN and cannot allow a later independent read (3.235976ms)
✔ permission/shape metadata error does not become an empty grant agreement (3.190268ms)
✔ metadata shape failure still permits the independent REST read (2.235219ms)
✔ public sequence preserves missing installation/REST scope semantics (2.413723ms)
✔ public sequence preserves null installation/REST scope semantics (2.170991ms)
✔ public sequence preserves empty installation/REST scope semantics (2.13217ms)
✔ public sequence preserves wrong-type installation/REST scope semantics (1.823609ms)
✔ public sequence preserves duplicates installation/REST scope semantics (2.050371ms)
✔ public sequence preserves bad-handle installation/REST scope semantics (3.871746ms)
✔ token missing is recorded separately without preventing identity verification (1.808507ms)
✔ token null is recorded separately without preventing identity verification (1.561852ms)
✔ token empty is recorded separately without preventing identity verification (1.511906ms)
✔ token wrong-type is recorded separately without preventing identity verification (1.441413ms)
✔ token duplicate is recorded separately without preventing identity verification (1.557142ms)
✔ token bad-handle is recorded separately without preventing identity verification (1.450026ms)
✔ wrong shop identity stops after exactly two attempts (1.286748ms)
✔ wrong domain identity stops after exactly two attempts (0.950466ms)
✔ wrong app identity stops after exactly two attempts (1.04888ms)
✔ wrong client identity stops after exactly two attempts (1.068962ms)
✔ wrong installation identity stops after exactly two attempts (1.02137ms)
✔ wrong development identity stops after exactly two attempts (0.892722ms)
✔ explicit mismatched declared identity stops before REST (1.373517ms)
✔ token-invalid metadata response stops all later work (1.345836ms)
✔ offline unvalidated metadata is NOT_RUN without live document fallback (1.284005ms)
✔ unvalidated identity document stops before credential access (0.459005ms)
✔ actual entrypoint prevents host dispatch (1.003993ms)
✔ actual entrypoint prevents API dispatch (0.810237ms)
✔ actual entrypoint prevents method dispatch (0.839924ms)
✔ actual entrypoint prevents document dispatch (0.895053ms)
✔ actual entrypoint prevents mutation dispatch (0.851996ms)
✔ actual entrypoint prevents variables dispatch (0.860273ms)
✔ fixed REST GET prevents query (3.314103ms)
✔ fixed REST GET prevents body (1.516064ms)
✔ canonical history cannot be reopened, exhausted, corrupted or reset after loss (2.368545ms)
✔ expired credential preparation never dispatches a late HTTP call and retains pending lock (36.009331ms)
✔ ignored abort and late HTTP completion remain UNKNOWN with no later request or evidence rewrite (1022.170083ms)
✔ metadata oversized is shape evidence and allows independent REST (2.556356ms)
✔ metadata invalid-UTF8 is shape evidence and allows independent REST (1.526101ms)
✔ metadata invalid-JSON is shape evidence and allows independent REST (1.55068ms)
✔ metadata missing-body is shape evidence and allows independent REST (1.423497ms)
✔ unusable authentication never authorizes a read (0.754351ms)
✔ unusable authentication never authorizes a read (0.634871ms)
✔ unusable authentication never authorizes a read (0.624623ms)
✔ synthetic entry cannot override its mode to admit a nonsynthetic bearer (0.850506ms)
✔ pinned documented fields validate both exact documents and reject mutation/extra/unknown syntax (0.740272ms)
✔ live entrypoint rejects an unbound offline gate before owner credential metadata (25.260889ms)
✔ complete source/CI/review gate accepts exact receipts and rejects omitted/stale/altered evidence (103.281382ms)
✔ captured four-surface empty scope result replays through the public sequence without authorizing repair (2.056579ms)
ℹ tests 49
ℹ suites 0
ℹ pass 49
ℹ fail 0
ℹ cancelled 0
ℹ skipped 0
ℹ todo 0
ℹ duration_ms 1504.333799
✔ source gate requires two fresh high-effort reviews and every workflow on the frozen source (3.243164ms)
✔ full source binding includes the inherited internal Rust links without following external symlinks (230.407789ms)
✔ exact historical ownership accepts the fixed fixture and rejects an alternate target (1.845634ms)
✔ actual production acquire reports legacy membership conflict; V2 adjudication archives the owned fixture once (50.03136ms)
✔ ownership stops before any status mutation (2.845463ms)
✔ incomplete resourcePublications stops before any status mutation (5.626087ms)
✔ incomplete unpublishedPublications stops before any status mutation (3.220948ms)
✔ incomplete APP stops before any status mutation (4.335099ms)
✔ incomplete MARKET stops before any status mutation (5.32468ms)
✔ incomplete COMPANY_LOCATION stops before any status mutation (5.130298ms)
✔ incomplete NONE stops before any status mutation (6.033045ms)
✔ missing read scope stops before any status mutation (3.298614ms)
✔ initial DRAFT drift stops before any status mutation (9.883079ms)
✔ cross-partition version drift stops before any status mutation (3.463154ms)
✔ lost DRAFT acknowledgement never retries or archives (14.395188ms)
✔ DRAFT readback failure never retries or archives (10.69527ms)
✔ post-DRAFT ownership drift never retries or archives (13.346018ms)
✔ post-DRAFT partition drift never retries or archives (16.765807ms)
✔ different V2 behavior is classified from evidence without assuming staged membership (22.670133ms)
✔ ambiguous archive has exactly one bounded final observation and no resend (21.530201ms)
✔ durable transport denies alternate target, ACTIVE, extra fields and arbitrary documents before HTTP (0.960436ms)
✔ 100 serial synthetic adjudications preserve the fixed ceilings and stop on each ambiguous write (1593.549867ms)
ℹ tests 22
ℹ suites 0
ℹ pass 22
ℹ fail 0
ℹ cancelled 0
ℹ skipped 0
ℹ todo 0
ℹ duration_ms 2102.393493
