$ M5_PUBLICATION_STRESS_ITERATIONS=25 corepack pnpm --filter @insignia/web exec node --test --test-name-pattern="publication (success|failed) preserves" test/admin/editor-browser.test.mjs
✔ publication success preserves dirty local edits and exact save recovery [1/25] (1179.714467ms)
✔ publication failed preserves dirty local edits and exact save recovery [1/25] (959.125332ms)
✔ publication success preserves ambiguous local edits and exact save recovery [1/25] (1086.399496ms)
✔ publication failed preserves ambiguous local edits and exact save recovery [1/25] (1088.973662ms)
✔ publication success preserves dirty local edits and exact save recovery [2/25] (1080.728708ms)
✔ publication failed preserves dirty local edits and exact save recovery [2/25] (918.624255ms)
✔ publication success preserves ambiguous local edits and exact save recovery [2/25] (1005.597526ms)
✔ publication failed preserves ambiguous local edits and exact save recovery [2/25] (965.464456ms)
✔ publication success preserves dirty local edits and exact save recovery [3/25] (924.880359ms)
✔ publication failed preserves dirty local edits and exact save recovery [3/25] (1023.179246ms)
✔ publication success preserves ambiguous local edits and exact save recovery [3/25] (990.68649ms)
✔ publication failed preserves ambiguous local edits and exact save recovery [3/25] (962.989809ms)
✔ publication success preserves dirty local edits and exact save recovery [4/25] (903.449552ms)
✔ publication failed preserves dirty local edits and exact save recovery [4/25] (1060.240286ms)
✔ publication success preserves ambiguous local edits and exact save recovery [4/25] (987.920725ms)
✔ publication failed preserves ambiguous local edits and exact save recovery [4/25] (1043.346579ms)
✔ publication success preserves dirty local edits and exact save recovery [5/25] (909.765655ms)
✔ publication failed preserves dirty local edits and exact save recovery [5/25] (959.319471ms)
✔ publication success preserves ambiguous local edits and exact save recovery [5/25] (1025.275464ms)
✔ publication failed preserves ambiguous local edits and exact save recovery [5/25] (1095.961469ms)
✔ publication success preserves dirty local edits and exact save recovery [6/25] (999.307855ms)
✔ publication failed preserves dirty local edits and exact save recovery [6/25] (903.981726ms)
✔ publication success preserves ambiguous local edits and exact save recovery [6/25] (954.940655ms)
✔ publication failed preserves ambiguous local edits and exact save recovery [6/25] (1018.335244ms)
✔ publication success preserves dirty local edits and exact save recovery [7/25] (1020.114767ms)
✔ publication failed preserves dirty local edits and exact save recovery [7/25] (1019.437698ms)
✔ publication success preserves ambiguous local edits and exact save recovery [7/25] (1062.698393ms)
✔ publication failed preserves ambiguous local edits and exact save recovery [7/25] (1103.844164ms)
✔ publication success preserves dirty local edits and exact save recovery [8/25] (918.476834ms)
✔ publication failed preserves dirty local edits and exact save recovery [8/25] (930.665395ms)
✔ publication success preserves ambiguous local edits and exact save recovery [8/25] (984.399843ms)
✔ publication failed preserves ambiguous local edits and exact save recovery [8/25] (994.594348ms)
✔ publication success preserves dirty local edits and exact save recovery [9/25] (987.131254ms)
✔ publication failed preserves dirty local edits and exact save recovery [9/25] (971.865524ms)
✔ publication success preserves ambiguous local edits and exact save recovery [9/25] (1035.101408ms)
✔ publication failed preserves ambiguous local edits and exact save recovery [9/25] (973.0498ms)
✔ publication success preserves dirty local edits and exact save recovery [10/25] (1011.90605ms)
✔ publication failed preserves dirty local edits and exact save recovery [10/25] (968.790762ms)
✔ publication success preserves ambiguous local edits and exact save recovery [10/25] (1055.31402ms)
✔ publication failed preserves ambiguous local edits and exact save recovery [10/25] (1066.840462ms)
✔ publication success preserves dirty local edits and exact save recovery [11/25] (922.727478ms)
✔ publication failed preserves dirty local edits and exact save recovery [11/25] (1585.315156ms)
✔ publication success preserves ambiguous local edits and exact save recovery [11/25] (1739.996711ms)
✔ publication failed preserves ambiguous local edits and exact save recovery [11/25] (1525.889683ms)
✔ publication success preserves dirty local edits and exact save recovery [12/25] (1545.675265ms)
✔ publication failed preserves dirty local edits and exact save recovery [12/25] (1340.997002ms)
✔ publication success preserves ambiguous local edits and exact save recovery [12/25] (1486.621264ms)
✔ publication failed preserves ambiguous local edits and exact save recovery [12/25] (1508.621108ms)
✔ publication success preserves dirty local edits and exact save recovery [13/25] (1366.089864ms)
✔ publication failed preserves dirty local edits and exact save recovery [13/25] (1107.293015ms)
✔ publication success preserves ambiguous local edits and exact save recovery [13/25] (979.058419ms)
✔ publication failed preserves ambiguous local edits and exact save recovery [13/25] (994.365413ms)
✔ publication success preserves dirty local edits and exact save recovery [14/25] (1164.902274ms)
✔ publication failed preserves dirty local edits and exact save recovery [14/25] (1308.416221ms)
✔ publication success preserves ambiguous local edits and exact save recovery [14/25] (1451.369899ms)
✔ publication failed preserves ambiguous local edits and exact save recovery [14/25] (1552.03521ms)
✔ publication success preserves dirty local edits and exact save recovery [15/25] (1570.685574ms)
✔ publication failed preserves dirty local edits and exact save recovery [15/25] (1260.711897ms)
✔ publication success preserves ambiguous local edits and exact save recovery [15/25] (1024.702676ms)
✔ publication failed preserves ambiguous local edits and exact save recovery [15/25] (1007.629163ms)
✔ publication success preserves dirty local edits and exact save recovery [16/25] (1130.107823ms)
✔ publication failed preserves dirty local edits and exact save recovery [16/25] (1028.10677ms)
✔ publication success preserves ambiguous local edits and exact save recovery [16/25] (1180.053864ms)
✔ publication failed preserves ambiguous local edits and exact save recovery [16/25] (1166.651418ms)
✔ publication success preserves dirty local edits and exact save recovery [17/25] (1068.728222ms)
✔ publication failed preserves dirty local edits and exact save recovery [17/25] (973.87242ms)
✔ publication success preserves ambiguous local edits and exact save recovery [17/25] (965.770387ms)
✔ publication failed preserves ambiguous local edits and exact save recovery [17/25] (1168.693191ms)
✔ publication success preserves dirty local edits and exact save recovery [18/25] (1500.481241ms)
✔ publication failed preserves dirty local edits and exact save recovery [18/25] (1496.894253ms)
✔ publication success preserves ambiguous local edits and exact save recovery [18/25] (1562.948295ms)
✔ publication failed preserves ambiguous local edits and exact save recovery [18/25] (1814.242825ms)
✔ publication success preserves dirty local edits and exact save recovery [19/25] (1445.471791ms)
✔ publication failed preserves dirty local edits and exact save recovery [19/25] (1501.608697ms)
✔ publication success preserves ambiguous local edits and exact save recovery [19/25] (1643.419988ms)
✔ publication failed preserves ambiguous local edits and exact save recovery [19/25] (1486.370751ms)
✔ publication success preserves dirty local edits and exact save recovery [20/25] (1102.650437ms)
✔ publication failed preserves dirty local edits and exact save recovery [20/25] (1003.328465ms)
✔ publication success preserves ambiguous local edits and exact save recovery [20/25] (1102.285364ms)
✔ publication failed preserves ambiguous local edits and exact save recovery [20/25] (974.913241ms)
✔ publication success preserves dirty local edits and exact save recovery [21/25] (898.453533ms)
✔ publication failed preserves dirty local edits and exact save recovery [21/25] (1014.740074ms)
✔ publication success preserves ambiguous local edits and exact save recovery [21/25] (1457.440115ms)
✔ publication failed preserves ambiguous local edits and exact save recovery [21/25] (1639.283443ms)
✔ publication success preserves dirty local edits and exact save recovery [22/25] (1434.905165ms)
✔ publication failed preserves dirty local edits and exact save recovery [22/25] (1524.593316ms)
✔ publication success preserves ambiguous local edits and exact save recovery [22/25] (1508.799075ms)
✔ publication failed preserves ambiguous local edits and exact save recovery [22/25] (1608.485365ms)
✔ publication success preserves dirty local edits and exact save recovery [23/25] (1536.878643ms)
✔ publication failed preserves dirty local edits and exact save recovery [23/25] (1504.307726ms)
✔ publication success preserves ambiguous local edits and exact save recovery [23/25] (1162.253907ms)
✔ publication failed preserves ambiguous local edits and exact save recovery [23/25] (1238.548786ms)
✔ publication success preserves dirty local edits and exact save recovery [24/25] (997.833871ms)
✔ publication failed preserves dirty local edits and exact save recovery [24/25] (863.080546ms)
✔ publication success preserves ambiguous local edits and exact save recovery [24/25] (955.902724ms)
✔ publication failed preserves ambiguous local edits and exact save recovery [24/25] (932.92976ms)
✔ publication success preserves dirty local edits and exact save recovery [25/25] (860.382042ms)
✔ publication failed preserves dirty local edits and exact save recovery [25/25] (881.785855ms)
✔ publication success preserves ambiguous local edits and exact save recovery [25/25] (955.686543ms)
✔ publication failed preserves ambiguous local edits and exact save recovery [25/25] (1050.045559ms)
ℹ tests 100
ℹ suites 0
ℹ pass 100
ℹ fail 0
ℹ cancelled 0
ℹ skipped 0
ℹ todo 0
ℹ duration_ms 116450.123746
