$ corepack pnpm check:style && corepack pnpm build && corepack pnpm test:unit && corepack pnpm test:m5-operator && corepack pnpm test:vectors && corepack pnpm check:boundaries && corepack pnpm check:secrets && python3 -B scripts/boundaries/check-cargo-workspace.py && corepack pnpm check:rust && M1_FUNCTION_RUNNER=.m1-artifacts/tools/function-runner-9.2.2 python3 -B scripts/m4-002/replay-production-vectors.py && M1_FUNCTION_RUNNER=.m1-artifacts/tools/function-runner-9.2.2 node scripts/m4-003/replay-public-config.mjs && corepack pnpm test:browser && python3 -B spikes/m0-007/scripts/check-history.py && python3 -B spikes/m0-014/scripts/check-live-setup.py && python3 -B scripts/m1-functions/artifact-manifest.py
$ biome check .dependency-cruiser.cjs apps/storefront/src apps/storefront/test apps/storefront/scripts apps/storefront/vite.config.ts apps/web/src/islands apps/web/src/pages/live.ts apps/web/src/pages/api apps/web/src/server apps/web/src/shared apps/web/src/styles apps/web/test apps/web/astro.config.mjs apps/worker/src apps/worker/test packages/contracts/src packages/domain/src packages/cart-authorization/src packages/cart-authorization/test packages/application/src packages/database/src packages/database/test packages/shopify/src packages/shopify/test packages/visualizer/src packages/observability/src packages/observability/test scripts/boundaries scripts/m1-functions/check-vector.test.ts scripts/m5-002 scripts/m5-003 scripts/m5-004 scripts/m5-005 scripts/m5-009 scripts/m5-010 scripts/m5-011 scripts/m5-012 scripts/m5-013 scripts/m5-015 scripts/m5-015r scripts/m5-016 scripts/m5-017
apps/web/src/server/admin/production.ts:81:57 lint/style/useTemplate  FIXABLE  ━━━━━━━━━━━━━━━━━━━━━

  i Template literals are preferred over string concatenation.
  
    79 │   const appOrigin = required(env, 'APP_URL');
    80 │   const appId = env.INSIGNIA_SHOPIFY_APP_ID;
  > 81 │   const appGid = appId && /^[1-9][0-9]*$/.test(appId) ? 'gid://shopify/App/' + appId : null;
       │                                                         ^^^^^^^^^^^^^^^^^^^^^^^^^^^^
    82 │   const shopify = createAdminOnlineIdentity({ apiKey, apiSecret, hostName: new URL(appOrigin).host });
    83 │   const core = createDurableCore(databasePool ?? new Pool({ connectionString: databaseUrl }));
  
  i Unsafe fix: Use a template literal.
  
     79  79 │     const appOrigin = required(env, 'APP_URL');
     80  80 │     const appId = env.INSIGNIA_SHOPIFY_APP_ID;
     81     │ - ··const·appGid·=·appId·&&·/^[1-9][0-9]*$/.test(appId)·?·'gid://shopify/App/'·+·appId·:·null;
         81 │ + ··const·appGid·=·appId·&&·/^[1-9][0-9]*$/.test(appId)·?·`gid://shopify/App/${appId}`·:·null;
     82  82 │     const shopify = createAdminOnlineIdentity({ apiKey, apiSecret, hostName: new URL(appOrigin).host });
     83  83 │     const core = createDurableCore(databasePool ?? new Pool({ connectionString: databaseUrl }));
  

apps/web/src/server/admin/production.ts:104:54 lint/style/useTemplate  FIXABLE  ━━━━━━━━━━━━━━━━━━━━

  i Template literals are preferred over string concatenation.
  
    102 │       installationGeneration: actor.installationGeneration,
    103 │     });
  > 104 │     if (!scope || scope.shopDomain !== actor.shop || 'gid://shopify/Shop/' + scope.shopifyShopId !== actor.shopId)
        │                                                      ^^^^^^^^^^^^^^^^^^^^^^^^^^^^^^^^^^^^^^^^^^^
    105 │       throw new Error('Admin installation changed');
    106 │   }
  
  i Unsafe fix: Use a template literal.
  
    102 102 │         installationGeneration: actor.installationGeneration,
    103 103 │       });
    104     │ - ····if·(!scope·||·scope.shopDomain·!==·actor.shop·||·'gid://shopify/Shop/'·+·scope.shopifyShopId·!==·actor.shopId)
        104 │ + ····if·(!scope·||·scope.shopDomain·!==·actor.shop·||·`gid://shopify/Shop/${scope.shopifyShopId}`·!==·actor.shopId)
    105 105 │         throw new Error('Admin installation changed');
    106 106 │     }
  

apps/web/src/server/admin/production.ts:292:53 lint/style/useTemplate  FIXABLE  ━━━━━━━━━━━━━━━━━━━━

  i Template literals are preferred over string concatenation.
  
    290 │               throw new AdminInstallationReconciliationError('TENANT_READ_FAILED');
    291 │             });
  > 292 │             if (!tenant || !tenant.shopifyShopId || 'gid://shopify/Shop/' + tenant.shopifyShopId !== provider.shopId)
        │                                                     ^^^^^^^^^^^^^^^^^^^^^^^^^^^^^^^^^^^^^^^^^^^^
    293 │               throw new AdminInstallationReconciliationError('TENANT_NOT_FOUND_OR_SHOP_ID_MISMATCH');
    294 │             const installed = await core.tenants.getCurrentAdminInstallation(tenant.shopId).catch(() => {
  
  i Unsafe fix: Use a template literal.
  
    290 290 │                 throw new AdminInstallationReconciliationError('TENANT_READ_FAILED');
    291 291 │               });
    292     │ - ············if·(!tenant·||·!tenant.shopifyShopId·||·'gid://shopify/Shop/'·+·tenant.shopifyShopId·!==·provider.shopId)
        292 │ + ············if·(!tenant·||·!tenant.shopifyShopId·||·`gid://shopify/Shop/${tenant.shopifyShopId}`·!==·provider.shopId)
    293 293 │                 throw new AdminInstallationReconciliationError('TENANT_NOT_FOUND_OR_SHOP_ID_MISMATCH');
    294 294 │               const installed = await core.tenants.getCurrentAdminInstallation(tenant.shopId).catch(() => {
  

scripts/m5-017/qualification.mjs:301:9 lint/complexity/noUselessCatch  FIXABLE  ━━━━━━━━━━━━━━━━━━━━

  i The catch clause that only rethrows the original error is useless.
  
    299 │         save();
    300 │       } catch (error) {
  > 301 │         throw error;
        │         ^^^^^^^^^^^^
    302 │       }
    303 │       requireValue((await owner()).status === 'DRAFT', 'initial_draft');
  
  i An unnecessary catch clause can be confusing.
  
  i Unsafe fix: Remove the try/catch clause.
  
    292 292 │       if (phase === 'start') {
    293 293 │         op.mode('create');
    294     │ - ······try·{
    295 294 │           const s = op.state();
    296 295 │           evidence.create = (
    ······· │ 
    298 297 │           ).productCreate.product;
    299 298 │           save();
    300     │ - ······}·catch·(error)·{
    301     │ - ········throw·error;
    302     │ - ······}
    303 299 │         requireValue((await owner()).status === 'DRAFT', 'initial_draft');
    304 300 │         evidence.draft = await snapshot('draft');
  

apps/web/src/server/admin/auth.ts:64:48 lint/style/noNonNullAssertion ━━━━━━━━━━━━━━━━━━━━━━━━━━━━━━

  ! Forbidden non-null assertion.
  
    62 │     let identity: VerifiedAdminIdentity;
    63 │     try {
  > 64 │       identity = await port.verifySessionToken(match[1]!);
       │                                                ^^^^^^^^^
    65 │     } catch {
    66 │       return null;
  

apps/web/src/server/admin/auth.ts:79:46 lint/style/noNonNullAssertion ━━━━━━━━━━━━━━━━━━━━━━━━━━━━━━

  ! Forbidden non-null assertion.
  
    77 │     let grant: OnlineAdminGrant;
    78 │     try {
  > 79 │       grant = await port.exchangeOnlineGrant(match[1]!, identity);
       │                                              ^^^^^^^^^
    80 │     } catch (error) {
    81 │       diagnostic(error instanceof AdminOnlineIdentityError ? error.stage : 'ONLINE_EXCHANGE_FAILED');
  

apps/web/src/server/admin/preview.ts:109:28 lint/style/noNonNullAssertion ━━━━━━━━━━━━━━━━━━━━━━━━━━

  ! Forbidden non-null assertion.
  
    107 │             .then((found) => (found ? project(found) : null)),
    108 │         );
  > 109 │       const result = await map.get(id)!;
        │                            ^^^^^^^^^^^^
    110 │       await active(actor);
    111 │       return result;
  

apps/web/src/server/admin/preview.ts:116:28 lint/style/noNonNullAssertion ━━━━━━━━━━━━━━━━━━━━━━━━━━

  ! Forbidden non-null assertion.
  
    114 │       await active(actor);
    115 │       if (!currencies.has(actor)) currencies.set(actor, reader(actor).shopCurrency());
  > 116 │       const result = await currencies.get(actor)!;
        │                            ^^^^^^^^^^^^^^^^^^^^^^
    117 │       await active(actor);
    118 │       return result;
  

apps/web/src/server/admin/preview.ts:163:34 lint/style/noNonNullAssertion ━━━━━━━━━━━━━━━━━━━━━━━━━━

  ! Forbidden non-null assertion.
  
    161 │                   shopId: randomUUID(),
    162 │                   shopDomain: shop,
  > 163 │                   shopifyShopId: shopId.split('/').at(-1)!,
        │                                  ^^^^^^^^^^^^^^^^^^^^^^^^^
    164 │                   externalInstallationId: provider.installationId,
    165 │                 }),
  

apps/web/src/server/admin/preview.ts:223:26 lint/style/noNonNullAssertion ━━━━━━━━━━━━━━━━━━━━━━━━━━

  ! Forbidden non-null assertion.
  
    221 │                   installationGeneration: bound.installationGeneration,
    222 │                   shopifyShopId: shopId,
  > 223 │                   appId: env.INSIGNIA_M5_002_APP_RESOURCE!,
        │                          ^^^^^^^^^^^^^^^^^^^^^^^^^^^^^^^^^
    224 │                 },
    225 │                 {
  

apps/web/src/server/admin/preview.ts:227:46 lint/style/noNonNullAssertion ━━━━━━━━━━━━━━━━━━━━━━━━━━

  ! Forbidden non-null assertion.
  
    225 │                 {
    226 │                   appKey: client,
  > 227 │                   transformInputQuerySha256: env.INSIGNIA_M5_002_TRANSFORM_QUERY_HASH!,
        │                                              ^^^^^^^^^^^^^^^^^^^^^^^^^^^^^^^^^^^^^^^^^
    228 │                   validationInputQuerySha256: env.INSIGNIA_M5_002_VALIDATION_QUERY_HASH!,
    229 │                 },
  

apps/web/src/server/admin/preview.ts:228:47 lint/style/noNonNullAssertion ━━━━━━━━━━━━━━━━━━━━━━━━━━

  ! Forbidden non-null assertion.
  
    226 │                   appKey: client,
    227 │                   transformInputQuerySha256: env.INSIGNIA_M5_002_TRANSFORM_QUERY_HASH!,
  > 228 │                   validationInputQuerySha256: env.INSIGNIA_M5_002_VALIDATION_QUERY_HASH!,
        │                                               ^^^^^^^^^^^^^^^^^^^^^^^^^^^^^^^^^^^^^^^^^^
    229 │                 },
    230 │               );
  

apps/web/src/server/admin/production.ts:292:17 lint/complexity/useOptionalChain  FIXABLE  ━━━━━━━━━━

  ! Change to an optional chain.
  
    290 │               throw new AdminInstallationReconciliationError('TENANT_READ_FAILED');
    291 │             });
  > 292 │             if (!tenant || !tenant.shopifyShopId || 'gid://shopify/Shop/' + tenant.shopifyShopId !== provider.shopId)
        │                 ^^^^^^^^^^^^^^^^^^^^^^^^^^^^^^^^
    293 │               throw new AdminInstallationReconciliationError('TENANT_NOT_FOUND_OR_SHOP_ID_MISMATCH');
    294 │             const installed = await core.tenants.getCurrentAdminInstallation(tenant.shopId).catch(() => {
  
  i Unsafe fix: Change to an optional chain.
  
    290 290 │                 throw new AdminInstallationReconciliationError('TENANT_READ_FAILED');
    291 291 │               });
    292     │ - ············if·(!tenant·||·!tenant.shopifyShopId·||·'gid://shopify/Shop/'·+·tenant.shopifyShopId·!==·provider.shopId)
        292 │ + ············if·(!tenant?.shopifyShopId·||·'gid://shopify/Shop/'·+·tenant.shopifyShopId·!==·provider.shopId)
    293 293 │                 throw new AdminInstallationReconciliationError('TENANT_NOT_FOUND_OR_SHOP_ID_MISMATCH');
    294 294 │               const installed = await core.tenants.getCurrentAdminInstallation(tenant.shopId).catch(() => {
  

apps/web/src/server/merchant-config.ts:174:28 lint/style/noNonNullAssertion ━━━━━━━━━━━━━━━━━━━━━━━━

  ! Forbidden non-null assertion.
  
    172 │         option.allowedValueIds.flatMap((id) => {
    173 │           const label = oldLabels?.[id];
  > 174 │           return label ? [[values.get(id)!, label]] : [];
        │                            ^^^^^^^^^^^^^^^
    175 │         }),
    176 │       );
  

apps/web/src/server/merchant-config.ts:177:47 lint/style/noNonNullAssertion ━━━━━━━━━━━━━━━━━━━━━━━━

  ! Forbidden non-null assertion.
  
    175 │         }),
    176 │       );
  > 177 │       return Object.keys(remapped).length ? [[options.get(option.id)!, remapped]] : [];
        │                                               ^^^^^^^^^^^^^^^^^^^^^^^
    178 │     }),
    179 │   );
  

apps/web/src/server/merchant-config.ts:183:50 lint/style/noNonNullAssertion ━━━━━━━━━━━━━━━━━━━━━━━━

  ! Forbidden non-null assertion.
  
    181 │     ...source,
    182 │     labels,
  > 183 │     methods: source.methods.map((item) => ({ id: methods.get(item.id)! })),
        │                                                  ^^^^^^^^^^^^^^^^^^^^^
    184 │     placements: source.placements.map((item) => ({
    185 │       ...item,
  

apps/web/src/server/merchant-config.ts:186:11 lint/style/noNonNullAssertion ━━━━━━━━━━━━━━━━━━━━━━━━

  ! Forbidden non-null assertion.
  
    184 │     placements: source.placements.map((item) => ({
    185 │       ...item,
  > 186 │       id: placements.get(item.id)!,
        │           ^^^^^^^^^^^^^^^^^^^^^^^^
    187 │       allowedMethodIds: item.allowedMethodIds.map((id) => methods.get(id)!),
    188 │       allowedStepIds: item.allowedStepIds.map((id) => steps.get(id)!),
  

apps/web/src/server/merchant-config.ts:187:59 lint/style/noNonNullAssertion ━━━━━━━━━━━━━━━━━━━━━━━━

  ! Forbidden non-null assertion.
  
    185 │       ...item,
    186 │       id: placements.get(item.id)!,
  > 187 │       allowedMethodIds: item.allowedMethodIds.map((id) => methods.get(id)!),
        │                                                           ^^^^^^^^^^^^^^^^
    188 │       allowedStepIds: item.allowedStepIds.map((id) => steps.get(id)!),
    189 │     })),
  

apps/web/src/server/merchant-config.ts:188:55 lint/style/noNonNullAssertion ━━━━━━━━━━━━━━━━━━━━━━━━

  ! Forbidden non-null assertion.
  
    186 │       id: placements.get(item.id)!,
    187 │       allowedMethodIds: item.allowedMethodIds.map((id) => methods.get(id)!),
  > 188 │       allowedStepIds: item.allowedStepIds.map((id) => steps.get(id)!),
        │                                                       ^^^^^^^^^^^^^^
    189 │     })),
    190 │     productionOptions: source.productionOptions.map((item) => ({
  

apps/web/src/server/merchant-config.ts:191:11 lint/style/noNonNullAssertion ━━━━━━━━━━━━━━━━━━━━━━━━

  ! Forbidden non-null assertion.
  
    189 │     })),
    190 │     productionOptions: source.productionOptions.map((item) => ({
  > 191 │       id: options.get(item.id)!,
        │           ^^^^^^^^^^^^^^^^^^^^^
    192 │       allowedValueIds: item.allowedValueIds.map((id) => values.get(id)!),
    193 │     })),
  

The number of diagnostics exceeds the limit allowed. Use --max-diagnostics to increase it.
Diagnostics not shown: 187.
Checked 294 files in 582ms. No fixes applied.
Found 84 warnings.
Found 123 infos.
$ corepack pnpm -r --filter './packages/**' build && corepack pnpm -r --filter './apps/**' build
packages/contracts build$ tsc -p tsconfig.json
packages/domain build$ tsc -p tsconfig.json
packages/cart-authorization build$ tsc -p tsconfig.json
packages/observability build$ tsc -p tsconfig.json
packages/domain build: Done
packages/visualizer build$ tsc -p tsconfig.json
packages/contracts build: Done
packages/application build$ tsc -p tsconfig.json
packages/cart-authorization build: Done
packages/observability build: Done
packages/visualizer build: Done
packages/application build: Done
packages/shopify build$ tsc -p tsconfig.json
packages/shopify build: Done
packages/database build$ tsc -p tsconfig.json
packages/database build: Done
apps/storefront build$ tsc --noEmit && vite build && node scripts/copy-theme-asset.mjs
apps/worker build$ tsc -p tsconfig.json
apps/worker build: Done
apps/web build$ astro check && astro build
apps/storefront build: vite v8.3.1 building client environment for production...
apps/storefront build: transforming...
apps/storefront build: ✓ 5 modules transformed.
apps/storefront build: rendering chunks...
apps/storefront build: computing gzip size...
apps/storefront build: dist/insignia-storefront.js  14.03 kB │ gzip: 5.93 kB
apps/storefront build: 
apps/storefront build: ✓ built in 27ms
apps/storefront build: Done
apps/web build: 12:08:29 [@astrojs/node] Enabling sessions with filesystem storage
apps/web build: 12:08:29 [types] Generated 67ms
apps/web build: 12:08:29 [check] Getting diagnostics for Astro files in /home/serveradmin/insignia-m5-022-worktree/apps/web...
apps/web build: Result (28 files): 
apps/web build: - 0 errors
apps/web build: - 0 warnings
apps/web build: - 0 hints
apps/web build: 
apps/web build: 12:08:34 [@astrojs/node] Enabling sessions with filesystem storage
apps/web build: 12:08:34 [types] Generated 65ms
apps/web build: 12:08:34 [build] output: "server"
apps/web build: 12:08:34 [build] mode: "server"
apps/web build: 12:08:34 [build] directory: /home/serveradmin/insignia-m5-022-worktree/apps/web/dist/
apps/web build: 12:08:34 [build] adapter: @astrojs/node
apps/web build: 12:08:34 [build] Collecting build info...
apps/web build: 12:08:34 [build] ✓ Completed in 111ms.
apps/web build: 12:08:34 [build] Building server entrypoints...
apps/web build: 12:08:34 [vite] ✓ built in 215ms
apps/web build: 12:08:36 [vite] ✓ built in 1.63s
apps/web build: 12:08:36 [vite] ✓ built in 274ms
apps/web build: 12:08:36 [build] Rearranging server assets...
apps/web build: 12:08:36 [build] ✓ Completed in 2.19s.
apps/web build: 12:08:36 [build] Server built in 2.30s
apps/web build: 12:08:36 [build] Complete!
apps/web build: Done
$ corepack pnpm --filter @insignia/domain test && corepack pnpm --filter @insignia/contracts test && corepack pnpm --filter @insignia/visualizer test && corepack pnpm --filter @insignia/cart-authorization test && corepack pnpm --filter @insignia/application test && corepack pnpm --filter @insignia/shopify test && corepack pnpm --filter @insignia/observability test && corepack pnpm --filter @insignia/worker test
$ vitest run

 RUN  v5.0.2 /home/serveradmin/insignia-m5-022-worktree/packages/domain


 Test Files  5 passed (5)
      Tests  26 passed (26)
   Start at  12:08:37
   Duration  611ms (transform 40%, tests 34%, import 21%, worker 5%)

$ vitest run

 RUN  v5.0.2 /home/serveradmin/insignia-m5-022-worktree/packages/contracts


 Test Files  2 passed (2)
      Tests  6 passed (6)
   Start at  12:08:38
   Duration  380ms (import 55%, transform 31%, tests 9%, worker 4%)

$ vitest run

 RUN  v5.0.2 /home/serveradmin/insignia-m5-022-worktree/packages/visualizer


 Test Files  2 passed (2)
      Tests  9 passed (9)
   Start at  12:08:39
   Duration  219ms (transform 63%, import 19%, tests 12%, worker 5%)

$ node --experimental-strip-types --test test/*.test.ts
✔ hard subset bounds and untrusted ordinary-line hints (2.092017ms)
✔ 33 buckets are refused before the signer is called (0.459995ms)
✔ every admitted code matches the versioned matrix and unknown/digital values reject (12.279513ms)
✔ production-generated carriers decode, conserve and verify for every complete set (6.85356ms)
✔ PostgreSQL-persisted negative adjustment has exact signed quote and member economics (1.155393ms)
✔ versioned 33-bucket vector rejects before any signing call (0.442804ms)
✔ production decoder and signature bytes preserve the independent v2 wire literal (4.919189ms)
✔ injected synthetic Ed25519 signer covers the complete set and three-day key window (2.465055ms)
✔ invalid window or set refuses signing and noncanonical carrier refuses decoding (0.527762ms)
ℹ tests 9
ℹ suites 0
ℹ pass 9
ℹ fail 0
ℹ cancelled 0
ℹ skipped 0
ℹ todo 0
ℹ duration_ms 186.7981
$ vitest run

 RUN  v5.0.2 /home/serveradmin/insignia-m5-022-worktree/packages/application


 Test Files  16 passed (16)
      Tests  201 passed (201)
   Start at  12:08:40
   Duration  1.67s (transform 42%, import 34%, tests 20%, worker 3%)

    Isolate  16 workers spawned · ~122ms startup each (spawn + environment, per file)
             at least ~531ms faster with isolate: false — reuses workers across files instead of one per file

$ vitest run

 RUN  v5.0.2 /home/serveradmin/insignia-m5-022-worktree/packages/shopify


 Test Files  14 passed (14)
      Tests  334 passed (334)
   Start at  12:08:42
   Duration  2.09s (tests 65%, transform 21%, import 13%, worker 2%)

    Isolate  14 workers spawned · ~127ms startup each (spawn + environment, per file)
             at least ~464ms faster with isolate: false — reuses workers across files instead of one per file

$ node --test test/*.test.mjs
✔ structured runtime events cannot emit arbitrary payload or credential fields (4.887443ms)
✔ metric labels are fixed outcomes and never contain tenant or delivery IDs (2.573923ms)
✔ admin auth diagnostics emit only a bounded stage and independent correlation, never identity or secrets (1.495812ms)
ℹ tests 3
ℹ suites 0
ℹ pass 3
ℹ fail 0
ℹ cancelled 0
ℹ skipped 0
ℹ todo 0
ℹ duration_ms 127.118204
$ node --test test/*.test.mjs
✔ current and previous synthetic wrapping keys remain available by ID (2.376736ms)
✔ PostgreSQL claim retries the old refresh token after a lost response and fences stale replacement (107.873982ms)
✔ diagnostic decodes and derives synthetic pixels without claiming durable readiness (12.87137ms)
✔ liveness stays separate from durable readiness; loopback metrics expose bounded outcomes (57.15596ms)
{"level":30,"time":1791461326003,"event":"worker_started"}
{"level":30,"time":1791461326013,"event":"webhook_enqueued","inboxId":"aaaa7889-a2ad-4ac9-860e-b95a377cf4e5"}
{"level":50,"time":1791461326023,"event":"webhook_process_failed","inboxId":"aaaa7889-a2ad-4ac9-860e-b95a377cf4e5","errorClass":"ProcessingError","attempt":0}
{"level":30,"time":1791461330026,"event":"webhook_process_ok","inboxId":"aaaa7889-a2ad-4ac9-860e-b95a377cf4e5","attempt":1}
{"level":30,"time":1791461330093,"event":"worker_stopped"}
{"level":30,"time":1791461330112,"event":"worker_started"}
{"level":30,"time":1791461330128,"event":"worker_stopped"}
✔ PostgreSQL pg-boss starts, retries, settles and replays after restart (4220.007073ms)
{"level":30,"time":1791461330173,"event":"worker_started"}
{"level":30,"time":1791461330177,"event":"webhook_enqueued","inboxId":"771f211c-ef61-4410-8946-5e06b9979181"}
{"level":50,"time":1791461330192,"event":"webhook_process_failed","inboxId":"771f211c-ef61-4410-8946-5e06b9979181","errorClass":"ProcessingError","attempt":0}
{"level":30,"time":1791461334203,"event":"webhook_process_ok","inboxId":"771f211c-ef61-4410-8946-5e06b9979181","attempt":1}
{"level":30,"time":1791461334268,"event":"worker_stopped"}
✔ pg-boss retry after committed uninstall retains one deactivation and one inbox fact (4139.467756ms)
✔ process starts queues and workers before readiness; stop makes readiness unavailable (41.482137ms)
✔ startup failure closes a started queue without reporting readiness (1.300302ms)
{"level":30,"time":1791461326006,"event":"worker_started"}
{"level":30,"time":1791461326011,"event":"worker_started"}
{"level":30,"time":1791461326013,"event":"worker_started"}
{"level":30,"time":1791461326017,"event":"worker_started"}
{"level":30,"time":1791461326018,"event":"worker_started"}
{"level":30,"time":1791461326020,"event":"worker_started"}
✔ enqueue confirms exact inbox identity, including completed job replay (7.986355ms)
✔ null send without same persisted job is retryable, never an acknowledgement (1.788205ms)
✔ workers pass IDs only to injected durable handlers; failed attempt retries safely (4.30111ms)
✔ invalid job body and identity fail closed without invoking application (1.159854ms)
✔ enabled worker refuses missing credential-key configuration and stays not ready (1.56974ms)
✔ refresh claim contention is retried rather than silently completing its job (2.221483ms)
{"level":30,"time":1791461326007,"event":"webhook_enqueued","inboxId":"de35609f-fd72-48de-8d66-2cdf95b0a678"}
{"level":30,"time":1791461326009,"event":"worker_stopped"}
{"level":50,"time":1791461326014,"event":"webhook_process_failed","inboxId":"43093254-3345-45a0-bb06-77fb7d135ff8","errorClass":"ProcessingError","attempt":0}
{"level":30,"time":1791461326014,"event":"webhook_process_ok","inboxId":"43093254-3345-45a0-bb06-77fb7d135ff8","attempt":1}
{"level":30,"time":1791461326015,"event":"refresh_process_ok","shopId":"936762b4-f58b-42d0-823f-75b05bc6e1b4","attempt":0}
{"level":30,"time":1791461326016,"event":"worker_stopped"}
{"level":50,"time":1791461326017,"event":"webhook_process_failed","inboxId":"9e6fc4f5-20ad-40ea-8f40-266506f24b50","errorClass":"ProcessingError","attempt":0}
{"level":30,"time":1791461326018,"event":"worker_stopped"}
{"level":50,"time":1791461326021,"event":"refresh_process_failed","errorClass":"RefreshError","attempt":0}
{"level":30,"time":1791461326021,"event":"worker_stopped"}
✔ configured worker serves liveness and durable readiness, then closes on SIGTERM (819.705197ms)
ℹ tests 15
ℹ suites 0
ℹ pass 15
ℹ fail 0
ℹ cancelled 0
ℹ skipped 0
ℹ todo 0
ℹ duration_ms 8980.408978
$ node --test scripts/m5-002/read-register.test.mjs scripts/m5-002/built-runtime.test.mjs && node --test scripts/m5-004/operator.test.mjs scripts/m5-009/operator.test.mjs scripts/m5-010/operator.test.mjs scripts/m5-010/binding.test.mjs scripts/m5-010/native-actions.test.mjs && node --test scripts/m5-005/diagnostic.test.mjs && node --test scripts/m5-011/operator.test.mjs scripts/m5-011/binding.test.mjs && node --test scripts/m5-012/operator.test.mjs scripts/m5-012/binding.test.mjs && node --test scripts/m5-013/operator.test.mjs scripts/m5-013/binding.test.mjs scripts/m5-015/*.test.mjs scripts/m5-015r/*.test.mjs && node --test scripts/m5-016/*.test.mjs && node --test scripts/m5-017/*.test.mjs
✔ complete built server reproduces CLI development-mode CSP rejection (251.714056ms)
✔ actual launcher runtime preparation admits built hydration without widening CSP (210.954248ms)
✔ actual launcher register reserves durably before synthetic fetch, serializes and denies extra attempts (75.357128ms)
✔ exact SDK online exchange is counted per attempt; mutations, wrong targets and other token/event routes never send (2.23154ms)
✔ ambiguous or inflated history stops before any send (0.500766ms)
✔ one-shot loss applies only after a committed local save and never changes transport counts (1.507349ms)
ℹ tests 6
ℹ suites 0
ℹ pass 6
ℹ fail 0
ℹ cancelled 0
ℹ skipped 0
ℹ todo 0
ℹ duration_ms 541.632626
✔ actual HTTP attempts are durably reserved before dispatch (10.371243ms)
✔ captured M5-004 empty grants stop the actual public workflow before any fixture write (7.043434ms)
✔ fixed targets/documents/variables reject unrelated writes and extra payload before actual HTTP (4.009067ms)
✔ normal reserves cannot consume final 12 reads/3 updates; all attempts count, one lock and one create (196.343337ms)
✔ naturally lost mutation response stops all later writes and cleanup across reopen; no automatic retry (2.67267ms)
✔ real routing identity, nine retained grants and complete empty publication history are mandatory (2.594409ms)
✔ auth exact app/route counts3 and never persists synthetic secret or returned token (1.866278ms)
✔ missing/corrupt history never reinitializes or sends (0.732197ms)
✔ offline gate prevents even credential loading (0.67394ms)
✔ full qualification reuses unchanged actual status/catalog adapters, fresh-process hold reload and drift refusal (557.987074ms)
✔ complete workflow stops on changed installation; no manufacture or unsafe cleanup (30.553738ms)
✔ complete workflow stops on unexpected exposure; no manufacture or unsafe cleanup (22.471073ms)
✔ complete workflow stops on visibility mismatch; no manufacture or unsafe cleanup (177.729033ms)
✔ complete workflow stops on natural lost response; no manufacture or unsafe cleanup (98.735753ms)
✔ complete workflow stops on metadata drift; no manufacture or unsafe cleanup (28.666995ms)
✔ complete workflow stops on malformed success; no manufacture or unsafe cleanup (104.901242ms)
✔ live register is canonical; synthetic initialization rejects unsafe directories and lost history (0.701202ms)
✔ malformed/unsuccessful mutation responses stay unknown; only valid explicit rejection permits finalization (4.781829ms)
✔ lock cannot release while late HTTP/body work can still persist history (1.098793ms)
✔ acknowledged fixture metadata baseline rejects added tags or changed creation identity (1.233891ms)
✔ actual adapter HTTP/GraphQL outcomes survive bounded transport and sanitized response replay (13.474742ms)
✔ foreign live root and stale register binding cannot reach credential loading (19.80795ms)
✔ gate rejects incomplete CI and unbound review receipts even when every supplied workflow is green (26.969753ms)
✔ complete source/build/review/CI gate accepts bound receipts and rejects omissions, stale refs or altered evidence (90.394021ms)
✔ actual adapter user-error failure remains identical when replayed from sanitized mutation evidence (4.467435ms)
✔ malformed success userErrors cannot acknowledge a status mutation or allow cleanup (4.447364ms)
✔ actual availability missing/oversized bodies keep direct/wrapped/replayed shape errors (4.992376ms)
✔ catalog receives original bounded UTF8 bytes and provenance hashes the bytes, not replacement text (2.418888ms)
✔ failed catalog preserves actual normalized results before STOP (263.616843ms)
✔ failed drift preserves actual normalized results before STOP (480.047188ms)
✔ availability preserves its lossy UTF8 semantics while catalog rejects the same original bad bytes (2.219229ms)
✔ reopening a finished run preserves exact normalized evidence and refuses before credential loading (474.122213ms)
✔ catalog successful non200 keeps direct/wrapped/replayed body semantics (3.758758ms)
✔ current product capability accepts write_products without the obsolete nine grants (1.763868ms)
✔ legacy exact-nine guard stays unchanged while successor records current additional grants (3.655478ms)
✔ successor rejects absent capability, malformed grants and every wrong routing identity (0.984866ms)
✔ successor rejects the legacy canonical live directory before writing and cannot reopen legacy history (0.982512ms)
✔ successor documents, request ceilings, ownership, settlement and shared matrix stay source-identical (11.414875ms)
✔ fresh complete successor workflow uses real adapters, current product grants, persisted holds and unchanged matrix (981.325922ms)
✔ public successor workflow stops on missing capability without unsafe cleanup or retries (2.258306ms)
✔ public successor workflow stops on wrong identity without unsafe cleanup or retries (1.863559ms)
✔ public successor workflow stops on lost status acknowledgement without unsafe cleanup or retries (79.289035ms)
✔ successor live entry refuses incomplete gate before the protected credential route (31.113729ms)
✔ successor gate binds its own tree, directory, exact source and independent review/CI receipts (107.617932ms)
✔ captured live publication-field denial stops create settlement and never permits status finalization (4.54632ms)
✔ successor gate binds its own tree, directory, exact source and independent review/CI receipts (126.300665ms)
✔ native release and two-scope consent are durable one-use operations with dependency and ambiguity stops (5.811093ms)
✔ native successful sequence closes after exactly one release/request/approval and rejects reset reservation history (3.419997ms)
✔ 010 requires all publication/product capabilities and permits additional well formed grants (3.885071ms)
✔ 010 denies normal fresh create until fixed predecessor has been safely resolved (3.290775ms)
✔ complete absent predecessor lookup permits one fresh create and retains resolution independently (9.762558ms)
✔ owned unpublished ARCHIVED predecessor requires exact archived readback before fresh create (5.18247ms)
✔ owned unpublished DRAFT predecessor requires exact archived readback before fresh create (4.898765ms)
✔ owned unpublished ACTIVE predecessor requires exact archived readback before fresh create (6.456164ms)
✔ owned unpublished UNLISTED predecessor requires exact archived readback before fresh create (3.923384ms)
✔ predecessor multiple stops without any mutation or second lookup (2.138674ms)
✔ predecessor partial next stops without any mutation or second lookup (2.028934ms)
✔ predecessor partial previous stops without any mutation or second lookup (3.040871ms)
✔ predecessor missing page info stops without any mutation or second lookup (2.535359ms)
✔ predecessor missing nodes stops without any mutation or second lookup (1.383978ms)
✔ predecessor invalid product id stops without any mutation or second lookup (1.407587ms)
✔ predecessor wrong type stops without any mutation or second lookup (1.330811ms)
✔ predecessor wrong handle stops without any mutation or second lookup (1.43101ms)
✔ predecessor wrong title stops without any mutation or second lookup (1.545596ms)
✔ predecessor wrong tag stops without any mutation or second lookup (1.420124ms)
✔ predecessor too early creation stops without any mutation or second lookup (1.645661ms)
✔ predecessor invalid creation stops without any mutation or second lookup (1.394343ms)
✔ predecessor future creation stops without any mutation or second lookup (1.353609ms)
✔ predecessor published stops without any mutation or second lookup (1.318674ms)
✔ predecessor store url stops without any mutation or second lookup (1.298012ms)
✔ predecessor publication membership stops without any mutation or second lookup (1.377042ms)
✔ predecessor resource partial stops without any mutation or second lookup (1.6238ms)
✔ predecessor unpublished partial stops without any mutation or second lookup (1.956281ms)
✔ predecessor missing publications stops without any mutation or second lookup (1.545289ms)
✔ predecessor unsupported status stops without any mutation or second lookup (1.765542ms)
✔ predecessor lookup transport retains stop and never retries or creates (1.617469ms)
✔ predecessor lookup stream failure retains stop and never retries or creates (2.375191ms)
✔ predecessor lookup invalid utf8 retains stop and never retries or creates (1.646633ms)
✔ predecessor lookup http retains stop and never retries or creates (1.235296ms)
✔ predecessor lookup missing body retains stop and never retries or creates (1.89836ms)
✔ predecessor lookup invalid json retains stop and never retries or creates (1.505344ms)
✔ predecessor lookup oversized retains stop and never retries or creates (2.229777ms)
✔ predecessor lookup graphql permission retains stop and never retries or creates (1.791852ms)
✔ predecessor lookup partial graphql data retains stop and never retries or creates (1.965221ms)
✔ predecessor lookup mutation rejected retains stop and never retries or creates (1.90911ms)
✔ predecessor archive transport retains stop and never retries or creates (1.991567ms)
✔ predecessor archive stream failure retains stop and never retries or creates (1.998362ms)
✔ predecessor archive invalid utf8 retains stop and never retries or creates (2.252775ms)
✔ predecessor archive http retains stop and never retries or creates (2.109036ms)
✔ predecessor archive missing body retains stop and never retries or creates (2.260575ms)
✔ predecessor archive invalid json retains stop and never retries or creates (2.082125ms)
✔ predecessor archive oversized retains stop and never retries or creates (2.914369ms)
✔ predecessor archive graphql permission retains stop and never retries or creates (2.073479ms)
✔ predecessor archive partial graphql data retains stop and never retries or creates (2.09271ms)
✔ predecessor archive mutation rejected retains stop and never retries or creates (4.880218ms)
✔ predecessor readback transport retains stop and never retries or creates (2.487714ms)
✔ predecessor readback stream failure retains stop and never retries or creates (2.435898ms)
✔ predecessor readback invalid utf8 retains stop and never retries or creates (2.333484ms)
✔ predecessor readback http retains stop and never retries or creates (2.272535ms)
✔ predecessor readback missing body retains stop and never retries or creates (2.177262ms)
✔ predecessor readback invalid json retains stop and never retries or creates (2.332552ms)
✔ predecessor readback oversized retains stop and never retries or creates (3.085131ms)
✔ predecessor readback graphql permission retains stop and never retries or creates (2.410227ms)
✔ predecessor readback partial graphql data retains stop and never retries or creates (2.600994ms)
✔ predecessor readback mutation rejected retains stop and never retries or creates (2.45632ms)
✔ archive wrong id cannot resolve predecessor (2.165483ms)
✔ archive wrong metadata cannot resolve predecessor (1.699814ms)
✔ archive wrong status cannot resolve predecessor (1.647068ms)
✔ archive exposed cannot resolve predecessor (1.877618ms)
✔ readback wrong id cannot resolve predecessor (2.349311ms)
✔ readback wrong metadata cannot resolve predecessor (2.308411ms)
✔ readback wrong status cannot resolve predecessor (2.280331ms)
✔ readback exposed cannot resolve predecessor (2.651579ms)
✔ public qualification resolves absent predecessor then runs unchanged real adapter matrix (502.239888ms)
✔ public qualification resolves ARCHIVED predecessor then runs unchanged real adapter matrix (470.389963ms)
✔ public qualification resolves ACTIVE predecessor then runs unchanged real adapter matrix (445.423412ms)
✔ fixed predecessor search and status-only allowance cannot be caller substituted (1.767335ms)
✔ reload retains predecessor FOUND, independent identity and one archival reservation (1.757231ms)
✔ reload retains predecessor ARCHIVE_ACKNOWLEDGED, independent identity and one archival reservation (1.928788ms)
✔ reload retains predecessor ARCHIVED_VERIFIED, independent identity and one archival reservation (2.338248ms)
✔ reload retains predecessor STOPPED, independent identity and one archival reservation (1.946232ms)
✔ reload retains predecessor ABSENT, independent identity and one archival reservation (1.190143ms)
✔ reopening refuses forged safe resolution or a retained lookup for a substituted marker (1.898373ms)
✔ serialized archive and readback attempts reserve actual HTTP once and never share the matrix allowance (3.38222ms)
✔ predecessor lookup consumes normal read ceiling and auth remains bounded at three (66.272415ms)
✔ public qualification stops on missing read_publications with no blind retry (1.799724ms)
✔ public qualification stops on wrong identity with no blind retry (1.580926ms)
✔ public qualification stops on predecessor permission failure with no blind retry (2.210591ms)
✔ public qualification stops on fresh create unknown with no blind retry (4.310351ms)
✔ public qualification stops on fresh adapter update unknown with no blind retry (72.773476ms)
✔ 010 cannot reopen closed-profile histories and synthetic qualification rejects every canonical live directory (30.691092ms)
✔ archival permission expiring during durable reservation consumes allowance without HTTP or retry (1.98644ms)
✔ pending predecessor HTTP retains exclusive lock and prevents early operator closure (1.27597ms)
✔ public qualification stops before fresh create after ACTIVE predecessor archive failure (3.106521ms)
✔ public qualification stops before fresh create after ACTIVE predecessor readback failure (3.608806ms)
✔ public qualification stops before fresh create after ARCHIVED predecessor readback failure (2.862214ms)
ℹ tests 136
ℹ suites 0
ℹ pass 136
ℹ fail 0
ℹ cancelled 0
ℹ skipped 0
ℹ todo 0
ℹ duration_ms 2916.759637
✔ one actual diagnostic sequence keeps empty installation distinct from nonempty token/REST/declarations (10.617221ms)
✔ partial stream failure is UNKNOWN and cannot allow a later independent read (2.956043ms)
✔ permission/shape metadata error does not become an empty grant agreement (2.879754ms)
✔ metadata shape failure still permits the independent REST read (2.05175ms)
✔ public sequence preserves missing installation/REST scope semantics (2.139657ms)
✔ public sequence preserves null installation/REST scope semantics (1.855346ms)
✔ public sequence preserves empty installation/REST scope semantics (1.762057ms)
✔ public sequence preserves wrong-type installation/REST scope semantics (3.373669ms)
✔ public sequence preserves duplicates installation/REST scope semantics (1.863491ms)
✔ public sequence preserves bad-handle installation/REST scope semantics (1.929238ms)
✔ token missing is recorded separately without preventing identity verification (1.66132ms)
✔ token null is recorded separately without preventing identity verification (1.557854ms)
✔ token empty is recorded separately without preventing identity verification (1.483374ms)
✔ token wrong-type is recorded separately without preventing identity verification (1.391313ms)
✔ token duplicate is recorded separately without preventing identity verification (1.501759ms)
✔ token bad-handle is recorded separately without preventing identity verification (1.434056ms)
✔ wrong shop identity stops after exactly two attempts (1.229146ms)
✔ wrong domain identity stops after exactly two attempts (0.93061ms)
✔ wrong app identity stops after exactly two attempts (1.030235ms)
✔ wrong client identity stops after exactly two attempts (0.937438ms)
✔ wrong installation identity stops after exactly two attempts (0.9638ms)
✔ wrong development identity stops after exactly two attempts (0.908187ms)
✔ explicit mismatched declared identity stops before REST (1.252777ms)
✔ token-invalid metadata response stops all later work (1.230579ms)
✔ offline unvalidated metadata is NOT_RUN without live document fallback (1.258786ms)
✔ unvalidated identity document stops before credential access (0.409869ms)
✔ actual entrypoint prevents host dispatch (0.9376ms)
✔ actual entrypoint prevents API dispatch (0.803653ms)
✔ actual entrypoint prevents method dispatch (0.815421ms)
✔ actual entrypoint prevents document dispatch (0.870372ms)
✔ actual entrypoint prevents mutation dispatch (0.863184ms)
✔ actual entrypoint prevents variables dispatch (0.89022ms)
✔ fixed REST GET prevents query (1.827838ms)
✔ fixed REST GET prevents body (1.557162ms)
✔ canonical history cannot be reopened, exhausted, corrupted or reset after loss (2.495101ms)
✔ expired credential preparation never dispatches a late HTTP call and retains pending lock (35.969043ms)
✔ ignored abort and late HTTP completion remain UNKNOWN with no later request or evidence rewrite (1024.313275ms)
✔ metadata oversized is shape evidence and allows independent REST (5.556706ms)
✔ metadata invalid-UTF8 is shape evidence and allows independent REST (1.474338ms)
✔ metadata invalid-JSON is shape evidence and allows independent REST (1.533683ms)
✔ metadata missing-body is shape evidence and allows independent REST (1.369226ms)
✔ unusable authentication never authorizes a read (0.698649ms)
✔ unusable authentication never authorizes a read (0.602086ms)
✔ unusable authentication never authorizes a read (0.588611ms)
✔ synthetic entry cannot override its mode to admit a nonsynthetic bearer (0.775564ms)
✔ pinned documented fields validate both exact documents and reject mutation/extra/unknown syntax (0.660787ms)
✔ live entrypoint rejects an unbound offline gate before owner credential metadata (26.594423ms)
✔ complete source/CI/review gate accepts exact receipts and rejects omitted/stale/altered evidence (90.635579ms)
✔ captured four-surface empty scope result replays through the public sequence without authorizing repair (2.056567ms)
ℹ tests 49
ℹ suites 0
ℹ pass 49
ℹ fail 0
ℹ cancelled 0
ℹ skipped 0
ℹ todo 0
ℹ duration_ms 1492.483344
✔ source gate requires two fresh high-effort reviews and every workflow on the frozen source (4.117912ms)
✔ full source binding includes the inherited internal Rust links without following external symlinks (281.742427ms)
✔ exact historical ownership accepts the fixed fixture and rejects an alternate target (2.106917ms)
✔ actual production acquire reports legacy membership conflict; V2 adjudication archives the owned fixture once (42.248726ms)
✔ ownership stops before any status mutation (2.87623ms)
✔ incomplete resourcePublications stops before any status mutation (2.654048ms)
✔ incomplete unpublishedPublications stops before any status mutation (2.829842ms)
✔ incomplete APP stops before any status mutation (3.904981ms)
✔ incomplete MARKET stops before any status mutation (4.830605ms)
✔ incomplete COMPANY_LOCATION stops before any status mutation (5.612748ms)
✔ incomplete NONE stops before any status mutation (7.295907ms)
✔ missing read scope stops before any status mutation (2.227705ms)
✔ initial DRAFT drift stops before any status mutation (6.937356ms)
✔ cross-partition version drift stops before any status mutation (3.394508ms)
✔ observed required grant loss in adapter read stops before any status mutation (12.377847ms)
✔ lost DRAFT acknowledgement never retries or archives (11.815044ms)
✔ DRAFT readback failure never retries or archives (10.784984ms)
✔ post-DRAFT ownership drift never retries or archives (13.935873ms)
✔ post-DRAFT partition drift never retries or archives (14.469773ms)
✔ different V2 behavior is classified from evidence without assuming staged membership (22.689252ms)
✔ ambiguous archive has exactly one bounded final observation and no resend (20.431722ms)
✔ newly appearing DRAFT V2 membership is not described as retained from ACTIVE (18.47256ms)
✔ acknowledgement/readback version drift stops before any post-DRAFT projection or cleanup (12.551267ms)
✔ concrete Shopify AppCatalog metadata permits the fixed adjudication (18.643172ms)
✔ concrete Shopify MarketCatalog metadata permits the fixed adjudication (20.729969ms)
✔ concrete Shopify CompanyLocationCatalog metadata permits the fixed adjudication (19.80588ms)
✔ catalog typename and global ID mismatch stops before any status mutation (5.910195ms)
✔ wrapped production failure preserves {"userError":true} (12.685486ms)
✔ wrapped production failure preserves {"adapterFailure":"http403"} (7.041623ms)
✔ wrapped production failure preserves {"adapterFailure":"graphql"} (8.560608ms)
✔ wrapped production failure preserves {"adapterFailure":"invalidJSON"} (7.037573ms)
✔ wrapped production failure preserves {"adapterFailure":"missingBody"} (6.252722ms)
✔ wrapped production failure preserves {"adapterFailure":"badScopes"} (7.008943ms)
✔ wrapped production failure preserves {"adapterFailure":"badNodes"} (6.73366ms)
✔ wrapped production failure preserves {"adapterFailure":"nullScope"} (8.312928ms)
✔ wrapped production failure preserves {"adapterFailure":"nullScopePost"} (10.368737ms)
✔ wrapped production failure preserves {"adapterFailure":"badHandlePost"} (10.45508ms)
✔ wrapped production failure preserves {"adapterFailure":"scopeString"} (9.159458ms)
✔ outstanding archive transport quarantines all further dispatch {"archiveOutstanding":true} (38.812563ms)
✔ outstanding archive transport quarantines all further dispatch {"archiveBodyOutstanding":true} (40.738511ms)
✔ outstanding archive transport quarantines all further dispatch {"archiveOversizeOutstanding":true} (43.203566ms)
✔ outstanding archive transport quarantines all further dispatch {"archiveBodyAbortOutstanding":true} (37.861576ms)
✔ outstanding archive transport quarantines all further dispatch {"archiveBodyCancelRejected":true} (19.529956ms)
✔ durable transport denies alternate target, ACTIVE, extra fields and arbitrary documents before HTTP (0.914817ms)
✔ quarantined first event zero rejects every subsequent provider dispatch (20.700612ms)
✔ 100 serial synthetic adjudications preserve the fixed ceilings and stop on each ambiguous write (1542.017496ms)
ℹ tests 46
ℹ suites 0
ℹ pass 46
ℹ fail 0
ℹ cancelled 0
ℹ skipped 0
ℹ todo 0
ℹ duration_ms 2400.14335
✔ source gate requires two fresh high-effort reviews and every workflow on the frozen source (3.092709ms)
✔ full source binding includes the inherited internal Rust links without following external symlinks (255.467658ms)
✔ alternate product and broad search are refused before HTTP (2.958865ms)
✔ fixed intent reads clean up one owned DRAFT and close with exact ARCHIVED settlement (26.682605ms)
✔ already ARCHIVED fixture is observed with no cleanup mutation (9.683648ms)
✔ complete negative intent surfaces report NO_INTENT_OBSERVED before cleanup (12.369244ms)
✔ unexpected ownership stops before cleanup (2.87621ms)
✔ unexpected ACTIVE stops before cleanup (2.618432ms)
✔ initial version drift stops before cleanup (2.603257ms)
✔ scope loss stops before cleanup (1.787732ms)
✔ incomplete includedProducts stops before cleanup (4.973534ms)
✔ foreign exact-ID result stops before cleanup (7.021844ms)
✔ duplicate exact-ID result stops before cleanup (5.305749ms)
✔ one-second observation drift stops before cleanup (5.286662ms)
✔ changed publication identity stops before cleanup (3.235027ms)
✔ search anchor disagrees stops before cleanup (5.825716ms)
✔ contradictory inclusion/search results stop before cleanup (9.704026ms)
✔ three qualified intent positives confirm intent with an empty diagnostic association (13.673297ms)
✔ diagnostic association cannot change negative consensus or resolve actual intent disagreement (36.578067ms)
✔ effective publication stays separate from matching configured-intent observations (10.198065ms)
✔ corrected interpretation cannot reopen the frozen closed attempt or authorize cleanup (4.351268ms)
✔ effective publication on DRAFT makes intent inconsistent and refuses cleanup (7.684832ms)
✔ ambiguous archive response consumes one final exact read without resend (9.560174ms)
✔ one-second archive acknowledgement/readback drift stays a conflict (11.980406ms)
✔ authentication failure closes the fresh register without Admin requests (1.008097ms)
✔ quarantined outstanding archive forbids final read and any overlapping request (8011.318685ms)
✔ fixed documents and variables exclude every alternate target before HTTP (123.082292ms)
✔ fixed source query literals are exactly the authorized ID filters and first:2 (0.550165ms)
✔ closed register cannot be initialized a second time (9.218997ms)
✔ 100 serial synthetic runs preserve zero or one mutation and never overlap (865.116047ms)
✔ invalid or malformed runtime search metadata stops before cleanup (6.823425ms)
✔ malformed GraphQL errors values never authorize cleanup (16.179744ms)
✔ rejected foreign descriptive data is absent from register and qualification evidence (8.811268ms)
✔ a failed read reservation cannot be retried or lead to unverifiable cleanup (1.463643ms)
✔ documented search diagnostics without warnings preserve exact intent reads (10.615783ms)
ℹ tests 35
ℹ suites 0
ℹ pass 35
ℹ fail 0
ℹ cancelled 0
ℹ skipped 0
ℹ todo 0
ℹ duration_ms 9510.418254
✔ source gate requires two fresh high-effort reviews and every workflow on the frozen source (3.2611ms)
✔ full source binding includes the inherited internal Rust links without following external symlinks (299.402101ms)
✔ alternate exact product is refused before HTTP (3.054686ms)
✔ disposable cleanup settles exact final ARCHIVED despite a one-second acknowledgement timestamp difference (18.271238ms)
✔ already ARCHIVED is verified with no update (5.93382ms)
✔ foreign ownership stops with zero update (4.078933ms)
✔ ACTIVE state stops with zero update (2.656477ms)
✔ UNLISTED state stops with zero update (2.032533ms)
✔ effective publication stops with zero update (2.035464ms)
✔ published timestamp stops with zero update (2.248415ms)
✔ online store URL stops with zero update (2.814663ms)
✔ legacy effective membership stops with zero update (2.705419ms)
✔ incomplete legacy stops with zero update (1.626546ms)
✔ wrong installation stops with zero update (2.272812ms)
✔ scope loss stops with zero update (1.838324ms)
✔ malformed GraphQL error fields are rejected before mutation (6.881853ms)
✔ ambiguous archive is not resent and one final exact read settles ARCHIVED (4.222877ms)
✔ final DRAFT or effective-publication drift is unsettled with no retry (7.962478ms)
✔ unsettled archive transport forbids final read and any overlap (8005.079641ms)
✔ exact source documents have no searches or alternate mutation fields (12.722832ms)
✔ alternate documents, extra fields and non-ARCHIVED statuses are denied before dispatch (13.270947ms)
✔ closed cleanup register rejects any second initialization (5.741104ms)
✔ 100 serial disposable cleanup cases never exceed one update (274.652487ms)
✔ failed authentication cannot admit an Admin read through the public operator (0.999143ms)
✔ failed prestate or final reads cannot be retried and archive cannot be resent (3.667301ms)
✔ auth response disposal failure quarantines pending event index zero (1.007584ms)
✔ gate demands exact source/tree/binding, two actual model reviews and ten unique attempt-one workflows (3.882842ms)
✔ zero ACTIVE effective membership is PARTIAL with one create and safe archive, without acquire or restore (44.125211ms)
✔ production v2 core lifecycle survives an actual fresh process, with capability=true and exact persisted hold bytes (675.1447ms)
✔ absence of future capability is recorded without weakening core qualification (655.796761ms)
✔ exact shop fence prevents creation (2.766429ms)
✔ exact domain fence prevents creation (2.068883ms)
✔ exact development fence prevents creation (1.959947ms)
✔ exact app fence prevents creation (1.966783ms)
✔ exact client fence prevents creation (1.926547ms)
✔ exact installation fence prevents creation (1.819521ms)
✔ exact grants fence prevents creation (2.023324ms)
✔ ownership drift stops before setup and denies archival cleanup (5.125494ms)
✔ actual schedule stops setup; explicit archive cannot turn persistent schedule into PASS (15.832395ms)
✔ configured intent drift after setup stops acquire and permits separately settled cleanup (24.831176ms)
✔ ambiguous create has one exact-marker recovery read and no further mutation (4.836742ms)
✔ lost acquire acknowledgement never causes restore, replay or cleanup mutation (21.51132ms)
✔ closed register rejects reentry before loading even synthetic credentials (21.112906ms)
✔ unsafe synthetic directory and live gate reject before any request (0.431464ms)
✔ global attempts, document denial, token replacement and serial reservation are durable (118.423301ms)
✔ one-second ACK/readback difference is retained while v2 semantics complete in fresh process (660.065087ms)
✔ lost restore acknowledgement in fresh process never retries or archives (642.314403ms)
✔ incomplete configured-intent connection stops lifecycle before setup (8.651182ms)
✔ production pagination consumes global budget and repeated cursor stops without mutation (13.117249ms)
✔ fresh-process-only resume rejects same PID before credential load in live operator seam (17.31006ms)
✔ non-quiescent fetch timeout retains pending reservation and forbids another request (8001.958802ms)
✔ malformed production mutation acknowledgement is not considered settled for archival authority (21.631135ms)
✔ failed disposal of an oversized body quarantines the outbound attempt (2.002446ms)
✔ persisted hold tampering stops fresh-process resume before a second auth or cleanup request (511.417633ms)
✔ gate demands exact source/tree/binding, two actual model reviews and ten unique attempt-one workflows (3.309542ms)
✔ missing adapter transport / import proof uses only the guarded operator or denies locally (230.778953ms)
✔ misspelled adapter transport / import proof uses only the guarded operator or denies locally (219.471831ms)
✔ imports adapter transport / import proof uses only the guarded operator or denies locally (212.138586ms)
✔ correct adapter transport / import proof uses only the guarded operator or denies locally (333.093373ms)
✔ zero ACTIVE effective membership is PARTIAL with one create and safe archive, without acquire or restore (55.732101ms)
✔ production v2 core lifecycle survives an actual fresh process, with capability=true and exact persisted hold bytes (701.197578ms)
✔ absence of future capability is recorded without weakening core qualification (701.352052ms)
✔ exact shop fence prevents creation (3.377852ms)
✔ exact domain fence prevents creation (2.601446ms)
✔ exact development fence prevents creation (2.470158ms)
✔ exact app fence prevents creation (2.277153ms)
✔ exact client fence prevents creation (2.204848ms)
✔ exact installation fence prevents creation (2.244649ms)
✔ exact grants fence prevents creation (2.48385ms)
✔ ownership drift stops before setup and denies archival cleanup (6.742018ms)
✔ actual schedule stops setup; explicit archive cannot turn persistent schedule into PASS (23.351357ms)
✔ configured intent drift after setup stops acquire and permits separately settled cleanup (34.125396ms)
✔ ambiguous create has one exact-marker recovery read and no further mutation (5.357227ms)
✔ lost acquire acknowledgement never causes restore, replay or cleanup mutation (23.51303ms)
✔ closed register rejects reentry before loading even synthetic credentials (30.101271ms)
✔ unsafe synthetic directory and live gate reject before any request (0.359779ms)
✔ global attempts, document denial, token replacement and serial reservation are durable (141.715726ms)
✔ one-second ACK/readback difference is retained while v2 semantics complete in fresh process (642.273474ms)
✔ lost restore acknowledgement in fresh process never retries or archives (609.567832ms)
✔ incomplete configured-intent connection stops lifecycle before setup (10.803619ms)
✔ production pagination consumes global budget and repeated cursor stops without mutation (14.082652ms)
✔ fresh-process-only resume rejects same PID before credential load in live operator seam (25.306592ms)
✔ non-quiescent fetch timeout retains pending reservation and forbids another request (8003.374299ms)
✔ malformed production mutation acknowledgement is not considered settled for archival authority (26.497029ms)
✔ failed disposal of an oversized body quarantines the outbound attempt (2.032324ms)
✔ persisted hold tampering stops fresh-process resume before a second auth or cleanup request (520.453ms)
✔ all synthetic auth/create/status/production reads dispatch only after matching durable events (34.761014ms)
✔ durable accounting corruption prevents create dispatch and any cleanup mutation (4.061642ms)
✔ zero-effective PARTIAL branch becomes STOPPED if archive applied but acknowledgement is lost (25.999569ms)
✔ lost archive ACK permits only one exact ownership/status classification read and no final snapshot or retry (25.897185ms)
ℹ tests 90
ℹ suites 0
ℹ pass 90
ℹ fail 0
ℹ cancelled 0
ℹ skipped 0
ℹ todo 0
ℹ duration_ms 13635.140067
✔ gate demands exact source/tree/binding, two actual model reviews and ten unique attempt-one workflows (3.556265ms)
✔ missing adapter transport / import proof uses only the guarded operator or denies locally (258.015578ms)
✔ misspelled adapter transport / import proof uses only the guarded operator or denies locally (224.453164ms)
✔ imports adapter transport / import proof uses only the guarded operator or denies locally (223.282925ms)
✔ correct adapter transport / import proof uses only the guarded operator or denies locally (307.901518ms)
✔ complete explicit APP discovery and exact inclusion authorize only the fixed archival cleanup (32.04081ms)
✔ direct inclusion without either generic discovery surface classifies DIRECT_ONLY and still cleans the disposable fixture (12.678178ms)
✔ complete APP catalogs independently establish the generic surface when typed publications omit the target (12.99375ms)
✔ a denied second discovery surface is retained but cannot negate independently complete positive generic evidence (14.396494ms)
✔ denied generic reads without complete positive evidence classify UNRESOLVED without retries (11.201362ms)
✔ direct null remains UNRESOLVED despite generic positives (11.799921ms)
✔ direct not-included remains UNRESOLVED despite generic positives (12.404327ms)
✔ direct incomplete remains UNRESOLVED despite generic positives (13.114357ms)
✔ direct error remains UNRESOLVED despite generic positives (9.887203ms)
✔ capability drift between direct and generic observations is coverage ambiguity (11.66811ms)
✔ multiple APP catalogs claiming the target Publication are coverage ambiguity (12.728133ms)
✔ observed conflicting catalogs followed by a denied page remain UNRESOLVED despite complete positive publications (12.997473ms)
✔ empty nonterminal publications page fails before any continuation (10.910976ms)
✔ empty nonterminal catalogs page fails before any continuation (10.548739ms)
✔ duplicate generic IDs and repeated cursors fail closed with cleanup capacity preserved (20.525837ms)
✔ infinite unique discovery pages reserve one catalog attempt and exact cleanup/final read within sixteen GraphQL attempts (40.591122ms)
✔ prestate identity drift stops before discovery or mutation (2.276742ms)
✔ prestate ownership drift stops before discovery or mutation (2.23497ms)
✔ prestate status drift stops before discovery or mutation (2.280026ms)
✔ prestate target-effective drift stops before discovery or mutation (2.358712ms)
✔ prestate connection drift stops before discovery or mutation (2.060026ms)
✔ identity drift in discovery revokes cleanup before any mutation (3.950987ms)
✔ identity mismatch combined with malformed operation data latches the fence before projection (3.784406ms)
✔ GraphQL error with contradictory direct identity prevents archival (3.881721ms)
✔ GraphQL error with contradictory catalog identity prevents archival (6.668649ms)
✔ conflicting duplicate publications metadata cannot hide behind rejection (11.046361ms)
✔ conflicting duplicate catalogs metadata cannot hide behind rejection (10.855395ms)
✔ partial error publications data retains contradictory coverage evidence (10.879565ms)
✔ partial error catalogs data retains contradictory coverage evidence (11.738184ms)
✔ lost archive acknowledgement gets exactly one final classification read and never a resend (10.909113ms)
✔ final exact state settlement records updatedAt difference without timestamp equality (10.601888ms)
✔ a failed final publication predicate closes STOPPED without another mutation or read (12.080249ms)
✔ source drift before credentials produces no provider request (0.718502ms)
✔ corrupt reservation accounting denies the captured transport before its first native call (1.492904ms)
✔ canonical entry exposes no resume phase and a closed synthetic register cannot be reopened (11.048696ms)
✔ identity contradiction in the final read invalidates the classification without another write (10.874793ms)
✔ HTTP 500 error with reported identity drift blocks cleanup (4.088245ms)
✔ HTTP 403 error with reported identity drift blocks cleanup (6.839793ms)
✔ a qualified HTTP 403 denial cannot negate a complete independent positive surface (11.951528ms)
✔ malformed partial error publications remains coverage ambiguity (10.706243ms)
✔ HTTP error partial publications contradictions remain visible (10.848721ms)
✔ malformed partial error catalogs remains coverage ambiguity (11.991675ms)
✔ HTTP error partial catalogs contradictions remain visible (10.885457ms)
✔ ownership freshness starts before I/O and cannot be renewed by slow response completion (9.540963ms)
✔ a backwards local clock cannot make future observation origins fresh for cleanup (7.443391ms)
✔ falsy malformed publications false is coverage ambiguity (14.522821ms)
✔ falsy malformed publications 0 is coverage ambiguity (10.074155ms)
✔ falsy malformed publications "" is coverage ambiguity (10.252029ms)
✔ malformed publications error envelope empty-array cannot qualify generic discovery (9.690889ms)
✔ malformed publications error envelope object cannot qualify generic discovery (10.909886ms)
✔ malformed publications error envelope null cannot qualify generic discovery (9.44938ms)
✔ malformed publications error envelope null-member cannot qualify generic discovery (9.902101ms)
✔ malformed publications error envelope numeric-message cannot qualify generic discovery (10.428608ms)
✔ malformed publications error envelope empty-message cannot qualify generic discovery (9.589956ms)
✔ malformed publications error envelope nonobject-extensions cannot qualify generic discovery (9.473079ms)
✔ falsy malformed catalogs false is coverage ambiguity (10.081653ms)
✔ falsy malformed catalogs 0 is coverage ambiguity (11.528768ms)
✔ falsy malformed catalogs "" is coverage ambiguity (10.27677ms)
✔ malformed catalogs error envelope empty-array cannot qualify generic discovery (9.51868ms)
✔ malformed catalogs error envelope object cannot qualify generic discovery (10.654751ms)
✔ malformed catalogs error envelope null cannot qualify generic discovery (9.454914ms)
✔ malformed catalogs error envelope null-member cannot qualify generic discovery (9.527475ms)
✔ malformed catalogs error envelope numeric-message cannot qualify generic discovery (9.593363ms)
✔ malformed catalogs error envelope empty-message cannot qualify generic discovery (11.771669ms)
✔ malformed catalogs error envelope nonobject-extensions cannot qualify generic discovery (9.842141ms)
✔ archive freshness is rechecked after reservation immediately before native dispatch (8.559853ms)
✔ early source gate rejection settles its reserved but unsent archival request exactly (8.538627ms)
✔ wall rollback followed by successful reads cannot renew elapsed ownership freshness (9.052242ms)
ℹ tests 73
ℹ suites 0
ℹ pass 73
ℹ fail 0
ℹ cancelled 0
ℹ skipped 0
ℹ todo 0
ℹ duration_ms 1126.617268
✔ gate demands exact source/tree/binding, two actual model reviews and eleven unique attempt-one workflows (4.070481ms)
✔ the slice-specific history workflow is mandatory rather than optional diagnostic CI (1.010624ms)
✔ missing adapter transport / import proof uses only the guarded operator or denies locally (264.566204ms)
✔ misspelled adapter transport / import proof uses only the guarded operator or denies locally (254.362701ms)
✔ imports adapter transport / import proof uses only the guarded operator or denies locally (232.363769ms)
✔ correct adapter transport / import proof uses only the guarded operator or denies locally (327.183399ms)
✔ production v3 hidden-anchor lifecycle survives a genuinely fresh process and exact hold bytes (842.491586ms)
✔ naturally mismatched settled restore invokes only production compensation, is STOPPED and safely archived (753.709619ms)
✔ lost restore response never compensates, retries, or cleans up an unsettled transition (651.961427ms)
✔ visible schedule stops before acquire; known settled setup may receive one archival cleanup (61.869779ms)
✔ tampered persisted hold stops the fresh process before its credential exchange or mutation (537.663158ms)
✔ fresh register cannot be started twice even without provider access (1.19578ms)
✔ zero effective ACTIVE membership is partial with one create, one cleanup and no adapter write (30.069982ms)
✔ global GraphQL ceiling and closed register reject before another injected transport invocation (285.587721ms)
✔ guarded dispatch denies freshness-at-dispatch without a native create and preserves known unsent accounting (4.910341ms)
✔ guarded dispatch denies transport-expiry without a native create and preserves known unsent accounting (4.29449ms)
✔ guarded dispatch denies elapsed-freshness without a native create and preserves known unsent accounting (3.223259ms)
✔ guarded dispatch denies backward-clock without a native create and preserves known unsent accounting (3.213843ms)
✔ guarded dispatch denies slow-identity without a native create and preserves known unsent accounting (2.608661ms)
✔ guarded dispatch denies source-gate-denial without a native create and preserves known unsent accounting (3.950192ms)
✔ final transport fence rejects freshness crossing 29950 to 30050ms independently of the eight-second request timer (3.761638ms)
✔ final transport fence rejects operation-deadline crossing 29950 to 30050ms independently of the eight-second request timer (5.766083ms)
✔ reported identity drift with malformed-product stops before cleanup without renewing old ownership (7.112036ms)
✔ reported identity drift with http-error stops before cleanup without renewing old ownership (7.052483ms)
✔ sealed live restore responses replay as RESTORED in a network-denied fresh process without compensation (294.184809ms)
ℹ tests 25
ℹ suites 0
ℹ pass 25
ℹ fail 0
ℹ cancelled 0
ℹ skipped 0
ℹ todo 0
ℹ duration_ms 3473.955851
$ tsc -p scripts/m1-functions/tsconfig.json && node --test scripts/m1-functions/check-vector.test.ts
✔ TypeScript/Node and Rust share the exact experimental-v2 envelope/member bytes (5.720227ms)
ℹ tests 1
ℹ suites 0
ℹ pass 1
ℹ fail 0
ℹ cancelled 0
ℹ skipped 0
ℹ todo 0
ℹ duration_ms 125.989709
$ node scripts/boundaries/check.mjs && node scripts/boundaries/check-database-api.mjs && node scripts/boundaries/check-domain-effects.mjs && node --test scripts/boundaries/domain-effects.test.mjs
Boundary checks passed: 197 real modules, 4 browser modules, 19 negative source fixtures, 2 rejected browser bundles and exports.
Database public API rejects 19 compiler probes and 4 runtime deep imports.
6 production domain modules have no prohibited ambient effects
✔ Date.now is rejected in a production domain helper (8.861617ms)
✔ new Date is rejected in a production domain helper (0.737131ms)
✔ Math.random is rejected in a production domain helper (0.46609ms)
✔ globalThis.Date.now is rejected in a production domain helper (0.501658ms)
✔ fetch is rejected in a production domain helper (1.186532ms)
✔ globalThis.crypto is rejected in a production domain helper (0.412749ms)
✔ computed random is rejected in a production domain helper (0.878048ms)
✔ template random is rejected in a production domain helper (0.646941ms)
✔ dynamic Math member is rejected in a production domain helper (1.197098ms)
✔ spread Date is rejected in a production domain helper (1.549371ms)
✔ random destructuring is rejected in a production domain helper (0.740893ms)
✔ date alias is rejected in a production domain helper (0.345068ms)
✔ math alias is rejected in a production domain helper (0.298758ms)
✔ import meta is rejected in a production domain helper (0.383415ms)
✔ process environment is rejected in a production domain helper (0.225069ms)
✔ deterministic numeric and explicit-value operations stay allowed (1.405343ms)
✔ type-only properties are not ambient API references (2.078203ms)
✔ compiled graph includes an imported module with an excluded test-like filename (561.329424ms)
ℹ tests 18
ℹ suites 0
ℹ pass 18
ℹ fail 0
ℹ cancelled 0
ℹ skipped 0
ℹ todo 0
ℹ duration_ms 977.951855
$ node scripts/boundaries/check-secrets.mjs
Secret/fixture provenance check passed: 113 production source files, 88 separately scanned test/fixture files, 2 browser artifacts, 2 explicitly synthetic seeds.
20 archived Cargo manifests remain independent
$ bash scripts/m1-functions/check.sh
    Finished `dev` profile [unoptimized + debuginfo] target(s) in 0.12s
    Finished `test` profile [unoptimized + debuginfo] target(s) in 0.07s
     Running unittests src/lib.rs (target/debug/deps/cart_authorization-428bc6dab939b9b3)

running 0 tests

test result: ok. 0 passed; 0 failed; 0 ignored; 0 measured; 0 filtered out; finished in 0.00s

     Running tests/currency_matrix.rs (target/debug/deps/currency_matrix-a76cbbc666a7ab20)

running 1 test
test every_admitted_currency_agrees_with_versioned_ts_matrix ... ok

test result: ok. 1 passed; 0 failed; 0 ignored; 0 measured; 0 filtered out; finished in 0.01s

     Running tests/production_vectors.rs (target/debug/deps/production_vectors-931358b74671ec5f)

running 1 test
test production_typescript_vectors_verify_with_complete_rust_core ... ok

test result: ok. 1 passed; 0 failed; 0 ignored; 0 measured; 0 filtered out; finished in 0.11s

     Running tests/whole_quote.rs (target/debug/deps/whole_quote-dd6e3b33eb9f8a50)

running 13 tests
test canonical_carriers_reject_length_padding_alphabet_and_tail_bits ... ok
test complete_ordered_set_verifies_once_and_matches_observed_price ... ok
test compensated_price_mutations_cannot_preserve_authorization_by_preserving_total ... ok
test every_header_byte_class_is_signed_and_structural_header_is_strict ... ok
test last_member_change_invalidates_everything ... ok
test independent_context_keys_date_and_physical_economics_reject ... ok
test missing_duplicate_unsigned_and_extra_members_fail_closed ... ok
test member_from_a_different_signed_quote_cannot_mix_with_original_envelope ... ok
test noncanonical_public_point_and_revoked_or_out_of_window_keys_reject ... ok
test shared_python_typescript_rust_golden_vector_agrees ... ok
test signature_and_arithmetic_profiles_reject_mutations ... ok
test large_complete_quantity_and_500_unit_tier_cannot_be_partially_reused ... ok
test fifteen_independently_signed_high_bit_magic_variants_reject ... ok

test result: ok. 13 passed; 0 failed; 0 ignored; 0 measured; 0 filtered out; finished in 0.30s

     Running unittests src/main.rs (target/debug/deps/cart_transform-358275b5ea2405f6)

running 20 tests
test capacity::tests::cart_line_width_and_grammar ... ok
test capacity::tests::exact_output_bound_has_headroom ... ok
test product_policy::tests::illegible_lone_anchor_cannot_authorize_a_signed_quote ... ok
test product_policy::tests::absent_fields_are_unmanaged_but_a_single_lost_field_is_uncertain ... ok
test product_policy::tests::matching_ready_fields_classify_required_and_optional ... ok
test product_policy::tests::pending_malformed_and_stale_fields_block_plain_but_preserve_signed ... ok
test product_policy::tests::strict_grammar_rejects_unknown_states_and_noncanonical_revisions ... ok
test product_policy::tests::wrong_installation_generation_rejects_signed_too ... ok
test tests::no_partial_expansion_for_incomplete_or_tampered_set ... ok
test tests::revoked_and_out_of_window_public_keys_emit_no_price_operation ... ok
test tests::complete_set_sets_both_prices_and_copies_compact_member ... ok
test tests::signed_quote_with_only_illegible_policy_emits_no_price ... ok
test tests::context_physical_line_policy_and_cart_order_are_enforced ... ok
test tests::signed_quote_with_no_product_anchors_still_requires_shop_keys ... ok
test tests::signed_prices_survive_policy_revision_and_one_lost_anchor ... ok
test tests::unsigned_marker_removed_and_invalid_signature_emit_no_price ... ok
test tests::ten_thousand_physical_units_use_two_expansions ... ok
test tests::untrusted_config_cannot_raise_experiment_ceiling ... ok
test tests::transform_accepts_canonical_zero_and_echoes_target_local_id ... ok
test tests::ten_bucket_output_is_bounded_and_oversized_sets_emit_no_partial_operation ... ok

test result: ok. 20 passed; 0 failed; 0 ignored; 0 measured; 0 filtered out; finished in 0.05s

     Running unittests src/main.rs (target/debug/deps/cart_validation-95daed9c7c60dc1b)

running 24 tests
test capacity::tests::exact_output_bound_has_headroom ... ok
test capacity::tests::cart_line_width_and_grammar ... ok
test product_policy::tests::absent_fields_are_unmanaged_but_a_single_lost_field_is_uncertain ... ok
test product_policy::tests::illegible_lone_anchor_cannot_authorize_a_signed_quote ... ok
test product_policy::tests::matching_ready_fields_classify_required_and_optional ... ok
test product_policy::tests::pending_malformed_and_stale_fields_block_plain_but_preserve_signed ... ok
test product_policy::tests::wrong_installation_generation_rejects_signed_too ... ok
test product_policy::tests::strict_grammar_rejects_unknown_states_and_noncanonical_revisions ... ok
test tests::incomplete_tampered_and_unsigned_required_sets_reject ... ok
test tests::malformed_stale_pending_and_wrong_generation_policy_fail_plain ... ok
test tests::buyer_marker_removal_cannot_turn_known_required_into_plain ... ok
test tests::complete_set_compares_observed_exact_subtotals ... ok
test tests::one_lost_anchor_blocks_plain_while_explicit_optional_and_unmanaged_pass ... ok
test tests::revoked_and_out_of_window_public_keys_reject_checkout ... ok
test tests::cart_order_context_and_physical_claim_changes_fail_at_checkout ... ok
test tests::signed_quote_with_only_illegible_policy_rejects ... ok
test tests::signed_quote_with_no_product_anchors_needs_healthy_shop_keys ... ok
test tests::signed_historical_quote_survives_same_generation_policy_revision ... ok
test tests::untrusted_config_cannot_raise_experiment_ceiling ... ok
test tests::ten_thousand_physical_units_validate_without_per_unit_expansion ... ok
test tests::mixed_200_line_cart_blocks_damaged_managed_line_then_recovers ... ok
test tests::zero_based_cartline_does_not_bypass_economics_or_trust_at_checkout ... ok
test tests::ten_bucket_set_validates_and_oversized_sets_reject ... ok
test tests::zero_based_cartline_preserves_complete_signed_checkout_at_both_steps ... ok

test result: ok. 24 passed; 0 failed; 0 ignored; 0 measured; 0 filtered out; finished in 0.11s

   Doc-tests cart_authorization

running 0 tests

test result: ok. 0 passed; 0 failed; 0 ignored; 0 measured; 0 filtered out; finished in 0.00s

/home/serveradmin/insignia-m5-018-worktree/crates/cart-transform/target/m1-tools/shopify-function-trampoline-2.0.1: OK
    Finished `release` profile [optimized] target(s) in 0.04s
c20cbda370e8ce19c309a49a71f497edb36e2f2db6b4667eced22073cb76fc17  /home/serveradmin/insignia-m5-022-worktree/extensions/insignia-cart-transform/target/cart-transform.raw.wasm
49248769ae4ce578af7c5e7fa77f8c230c8fd4f45b2d673c22cfed87ff946576  /home/serveradmin/insignia-m5-022-worktree/extensions/insignia-cart-transform/target/cart-transform.wasm
184312 /home/serveradmin/insignia-m5-022-worktree/extensions/insignia-cart-transform/target/cart-transform.raw.wasm
181378 /home/serveradmin/insignia-m5-022-worktree/extensions/insignia-cart-transform/target/cart-transform.wasm
365690 total
/home/serveradmin/insignia-m5-018-worktree/crates/cart-transform/target/m1-tools/shopify-function-trampoline-2.0.1: OK
    Finished `release` profile [optimized] target(s) in 0.04s
1c2e43c03c62fb1983089d3b8623eeb6a3ffc90211893c9abb7a2b67fa9ad763  /home/serveradmin/insignia-m5-022-worktree/extensions/insignia-cart-validation/target/cart-validation.raw.wasm
3193f60bbb29cdc473ce7ae73e88d1064ca7be2f03da2aade4e17ae1390366c6  /home/serveradmin/insignia-m5-022-worktree/extensions/insignia-cart-validation/target/cart-validation.wasm
185960 /home/serveradmin/insignia-m5-022-worktree/extensions/insignia-cart-validation/target/cart-validation.raw.wasm
182968 /home/serveradmin/insignia-m5-022-worktree/extensions/insignia-cart-validation/target/cart-validation.wasm
368928 total
/home/serveradmin/insignia-m5-022-worktree/.m1-artifacts/tools/function-runner-9.2.2: OK
transform 8 c20cbda370e8ce19c309a49a71f497edb36e2f2db6b4667eced22073cb76fc17 49248769ae4ce578af7c5e7fa77f8c230c8fd4f45b2d673c22cfed87ff946576
validation 18 1c2e43c03c62fb1983089d3b8623eeb6a3ffc90211893c9abb7a2b67fa9ad763 3193f60bbb29cdc473ce7ae73e88d1064ca7be2f03da2aade4e17ae1390366c6
{
  "rows": 230,
  "positive": 16,
  "vectorsSha256": "7f0046b88183b79cbccc305c883aab0483a6cda1eddb191297e2295c35ac1eda",
  "transformWasmSha256": "49248769ae4ce578af7c5e7fa77f8c230c8fd4f45b2d673c22cfed87ff946576",
  "validationWasmSha256": "3193f60bbb29cdc473ce7ae73e88d1064ca7be2f03da2aade4e17ae1390366c6"
}
M4-003 production builder config passed 6 complete Function runs.
$ corepack pnpm --filter @insignia/web test && corepack pnpm --filter @insignia/storefront test
$ node --test test/*.test.mjs test/admin/*.test.mjs
✔ real admin HTTP publish commits PG v3 activation and immutable evidence: release-blocked (1652.763813ms)
✔ real admin HTTP publish commits PG v3 activation and immutable evidence: active-drift (1472.447144ms)
✔ real admin HTTP publish commits PG v3 activation and immutable evidence: active-key-drift (1450.697435ms)
✔ real admin HTTP publish commits PG v3 activation and immutable evidence: active-epoch-drift (1436.636692ms)
✔ real admin HTTP publish commits PG v3 activation and immutable evidence: active-destroyed-key (1323.551353ms)
✔ real admin HTTP publish commits PG v3 activation and immutable evidence: restoration-pending (580.771871ms)
✔ admin distinguishes activation waiting, held, restoration and conflict without manufacturing ACTIVE (1.225363ms)
✔ publication conflict outranks a retained held/pending activation state (0.195767ms)
✔ terminal operator hold outranks stale held activation (0.157261ms)
✔ failed immutable request is explicit while unresolved availability still takes precedence (0.180794ms)
✔ current staff and installation grant read and edit; reinstallation is checked every request (1.906134ms)
✔ staff read access does not grant mutation (1.012449ms)
✔ expired or cross-shop identity and stale installation fail closed (0.433685ms)
✔ authentication stages distinguish grant and installation mismatches without identity data (0.653204ms)
✔ downstream failures preserve only their safe stage and refresh type after verified identity (1.725103ms)
✔ read requires current verified staff and exact shop, even on deep links (6.576263ms)
✔ mutation refuses cross-origin and staff denial before invoking command (2.781678ms)
✔ save carries exact product, draft version and idempotency to durable command (1.656627ms)
✔ stale draft save is a conflict, never a success response (1.227095ms)
✔ publish returns activation-pending truthfully and requires current edit grant (1.069732ms)
✔ a product missing from the verified shop cannot be changed (0.690281ms)
✔ expired identity and shop supplied in command body cannot create a config (1.709801ms)
✔ unwired admin backend serves no private catalog data (0.540689ms)
✔ unknown durable command failures remain unavailable without leaking details (0.96035ms)
✔ refresh-required online exchange is 401 with Shopify fresh-ID-token retry signal (1.627436ms)
✔ generic exchange/provider/database failures do not gain the fresh-token retry response (1.45399ms)
✔ built picker refreshes once on 401; second 401, 403 and 503 stop without another request (2120.446692ms)
✔ editor-generated fixed, override and tier defaults price through unchanged M2 in zero/two/three exponent currencies (3531.142179ms)
✔ real browser editor syncs typed view, variant and step controls with direct Konva canvas and saved draft (2066.960079ms)
✔ removing named choices drops only their labels including nested option value labels before save (1178.467679ms)
✔ variant without a saved image override retains the portrait default until explicit landscape adoption (982.017026ms)
✔ merchant currency adoption refreshes saved publication eligibility and later failed or stale reads fail closed (992.587335ms)
✔ mobile deep link, cookie-free reload, interrupted save, stale conflict, and missing Polaris control (2212.598925ms)
✔ interrupted publication resumes the identical request after reload and reaches a durable phase (865.713198ms)
✔ numeric placement input reaches owner state before blur and survives an owner rerender (1277.901932ms)
✔ publication success preserves dirty local edits and exact save recovery [1/1] (852.585325ms)
✔ publication failed preserves dirty local edits and exact save recovery [1/1] (852.416706ms)
✔ publication success preserves ambiguous local edits and exact save recovery [1/1] (939.502793ms)
✔ publication failed preserves ambiguous local edits and exact save recovery [1/1] (977.306173ms)
✔ publication retry keeps the original version after a newer draft edit when embedded storage is denied (936.019746ms)
✔ stale stored publication is replaced by the current immutable intent despite newer ineligible draft (667.968037ms)
✔ reinstalled Admin discards prior-generation browser request and publishes with a new key (674.3186ms)
✔ concurrent editor refreshes share one App Bridge identity request (1289.424595ms)
✔ empty merchant draft can be configured through typed controls and pass M2 validation (1162.812447ms)
✔ mounted admin refreshes late activation and readiness without overwriting local edits, then clears expired identity (10846.079579ms)
✔ two production admin tabs keep stale edits and explicitly review the winning CAS draft: 9.00 (1416.960549ms)
✔ two production admin tabs keep stale edits and explicitly review the winning CAS draft: 2.50 (1433.810003ms)
✔ authorization denial fences a save already in flight from repopulating private editor state (5794.261981ms)
✔ a pre-command passive observation cannot overwrite a newer pending publication or its stored request (6025.507202ms)
✔ operator and restoration conflicts cannot initiate another publication from a saved eligible draft (1125.342079ms)
✔ overlapping distinct-key M5 creates serialize before the command FK lock upgrade (185.413295ms)
✔ currency precision rejects invalid saved and legacy publication amounts without rounding or durable intent (193.593295ms)
✔ durable editor CAS, exact-key replay, independent copy, immutable geometry, and reinstall fence (434.344748ms)
✔ actual M4 prepare/advance over immutable M5 revision reports ready, conflict and hold truthfully (856.688519ms)
✔ diagnostic preview requires accounting and HTTPS before any provider access (446.735653ms)
✔ live-style SDK identity, local PG create/save/reload/CAS/exact ambiguous replay and mutation refusal (662.569089ms)
✔ preview same-token single flight; replacement and current-installation invalidation exchange fresh (1.477457ms)
✔ preview rejected exchange is not cached and expired or long-lived identity is denied (0.928993ms)
{"level":30,"time":1791461420399,"event":"admin_authentication","authStage":"ONLINE_EXCHANGE_SUCCEEDED","correlationId":"63e6bd5b-15c8-4f01-8103-2fc7096cb076","statusClass":"success"}
{"level":30,"time":1791461420423,"event":"admin_authentication","authStage":"INSTALLATION_PROVIDER_READ_SUCCEEDED","correlationId":"63e6bd5b-15c8-4f01-8103-2fc7096cb076","statusClass":"success"}
{"level":30,"time":1791461420426,"event":"admin_authentication","authStage":"TENANT_RECONCILIATION_SUCCEEDED","correlationId":"63e6bd5b-15c8-4f01-8103-2fc7096cb076","statusClass":"success"}
{"level":30,"time":1791461420427,"event":"admin_authentication","authStage":"AUTHENTICATION_SUCCEEDED","correlationId":"63e6bd5b-15c8-4f01-8103-2fc7096cb076","statusClass":"success"}
▶ production composition uses signed staff SDK, current policy and trusted readiness: missing
  ✔ scheduled cancellation boundary 2026-09-30T23:59:59.999Z: allowed=true (16.077887ms)
  ✔ scheduled cancellation boundary 2026-10-01T00:00:00.000Z: allowed=false (16.109202ms)
  ✔ scheduled cancellation boundary 2026-10-01T00:00:00.001Z: allowed=false (15.170205ms)
✔ production composition uses signed staff SDK, current policy and trusted readiness: missing (604.560071ms)
{"level":30,"time":1791461420791,"event":"admin_authentication","authStage":"ONLINE_EXCHANGE_SUCCEEDED","correlationId":"fc5018ce-ae7f-4e5f-bb6a-5735f76f6b88","statusClass":"success"}
{"level":30,"time":1791461420791,"event":"admin_authentication","authStage":"INSTALLATION_PROVIDER_READ_SUCCEEDED","correlationId":"fc5018ce-ae7f-4e5f-bb6a-5735f76f6b88","statusClass":"success"}
{"level":30,"time":1791461420797,"event":"admin_authentication","authStage":"TENANT_RECONCILIATION_SUCCEEDED","correlationId":"fc5018ce-ae7f-4e5f-bb6a-5735f76f6b88","statusClass":"success"}
{"level":30,"time":1791461420797,"event":"admin_authentication","authStage":"AUTHENTICATION_SUCCEEDED","correlationId":"fc5018ce-ae7f-4e5f-bb6a-5735f76f6b88","statusClass":"success"}
▶ production composition uses signed staff SDK, current policy and trusted readiness: trusted-function-mismatch
  ✔ scheduled cancellation boundary 2026-09-30T23:59:59.999Z: allowed=true (10.827042ms)
  ✔ scheduled cancellation boundary 2026-10-01T00:00:00.000Z: allowed=false (10.961106ms)
  ✔ scheduled cancellation boundary 2026-10-01T00:00:00.001Z: allowed=false (9.910995ms)
✔ production composition uses signed staff SDK, current policy and trusted readiness: trusted-function-mismatch (321.687478ms)
✔ production readiness composes trusted record, independent expected build, current Function read and preloaded day (23.004752ms)
✔ missing release evidence never synthesizes a build, queries Functions or falls back to UTC (0.770272ms)
✔ server activation composition cannot promote a diagnostic observation without trusted release source (1.730376ms)
✔ preloaded trusted merchant day is synchronous across DST and server-day boundaries (24.474498ms)
✔ server composition binds trusted provider reads to one signed immutable quote candidate (43.077886ms)
✔ built SSR serves public shell and a real Polaris/Preact interaction (5871.335392ms)
✔ HTTP 5xx after durable inbox commit leads to same-ID retry and a single queue handoff (13.646239ms)
✔ stream bound rejects a lying or absent Content-Length before trusted metadata is stored (1.786609ms)
✔ built HTTP ingress authenticates raw bytes and durably deduplicates through PostgreSQL and queue (3382.76026ms)
ℹ tests 75
ℹ suites 0
ℹ pass 75
ℹ fail 0
ℹ cancelled 0
ℹ skipped 0
ℹ todo 0
ℹ duration_ms 51094.605485
$ node --test test/*.test.mjs
✔ custom element mounts, unmounts, and contains DOM, state and events (552.477616ms)
ℹ tests 1
ℹ suites 0
ℹ pass 1
ℹ fail 0
ℹ cancelled 0
ℹ skipped 0
ℹ todo 0
ℹ duration_ms 1115.349101
{"archivedArchitectureRef": "0f2c80a316228bd69fdd2ff272e967ff14647b2b", "archivedArchitectureVerified": true, "archivedV1_2Ref": "662a78cd27507d8a2f1eaa976f1c644c93edd1be", "archivedV1_2Sha256": {"docs/architecture/OPTION-A-APPROVED.md": "321f86f5823a0b73b6a6483c172e5d56a0172de442f38dc79ae337de51adf209", "docs/architecture/decision-ledger.md": "97ebb79ddc53000c53c46218ba8c83a5ba2279720ed07ff50809706b4f1a800a", "docs/architecture/implementation-plan.md": "8bb45ac9e2834bf047824a2e3dda4da7f76692bae685f6657da7b3ab03d0b145"}, "archivedV1_3Ref": "4209bb16a09cff95d5cbbc1bbcb082e8c1fa8899", "archivedV1_3Sha256": {"docs/architecture/decision-ledger.md": "d4297182b12978822dae124a040a0d47aafcdb7749f7ad8602f0626e964937e9", "docs/architecture/implementation-plan.md": "b730c0dc274af8180a9aae3290189a8fd61b6b92e06681d345fe5d9aab22c06d"}, "currentArchitectureSha256": {"docs/architecture/OPTION-A-APPROVED.md": "321f86f5823a0b73b6a6483c172e5d56a0172de442f38dc79ae337de51adf209", "docs/architecture/decision-ledger.md": "ed8390b3337ce179c5afc810f08cd012ed8ab55ba3ae4a8a67e08fd144ec8f96", "docs/architecture/implementation-plan.md": "c4425cf88b3ef4131f114d54ba367d8a285b340a2e3c1a2182b9172d313d0822"}, "currentArchitectureVersion": "1.4 + M5-017", "historicalMerge": "eaa386c90786e560d49f8311878c95d26cc3c7b8", "manifestSha256": "c2d017f70c4e781d174695c27b9a8c3295666c105af598d8caed6ce9a18160e8", "oldSourceCount": 41, "preM5_017Ref": "4bba14fb4415815557ffa5f1e600427a62128489", "preM5_017Sha256": {"docs/architecture/OPTION-A-APPROVED.md": "321f86f5823a0b73b6a6483c172e5d56a0172de442f38dc79ae337de51adf209", "docs/architecture/decision-ledger.md": "3d1e8fe50c948822ba3403facfc142402d4fc6631d8d667a2e3341ff6cdbd802", "docs/architecture/implementation-plan.md": "cd59fd361d69adc3f307ee9b88ba1f5509ffeefb68aea90a15f9b88757b4e792"}, "unchangedReceiptCount": 120}
{"draftProducts": 2, "hashedSetupReceipts": 14, "initialUnits": 272, "ownedFunctions": 2, "status": "PASS", "variants": 3}
48 required files hashed: .m1-artifacts/manifest.json
