$ M5_PUBLICATION_STRESS_ITERATIONS=25 corepack pnpm --filter @insignia/web exec node --test --test-name-pattern="publication (success|failed) preserves" test/admin/editor-browser.test.mjs
✔ publication success preserves dirty local edits and exact save recovery [1/25] (1069.426562ms)
✔ publication failed preserves dirty local edits and exact save recovery [1/25] (870.229046ms)
✔ publication success preserves ambiguous local edits and exact save recovery [1/25] (1006.130485ms)
✔ publication failed preserves ambiguous local edits and exact save recovery [1/25] (976.833685ms)
✔ publication success preserves dirty local edits and exact save recovery [2/25] (863.933014ms)
✔ publication failed preserves dirty local edits and exact save recovery [2/25] (895.644257ms)
✔ publication success preserves ambiguous local edits and exact save recovery [2/25] (966.859756ms)
✔ publication failed preserves ambiguous local edits and exact save recovery [2/25] (950.540841ms)
✔ publication success preserves dirty local edits and exact save recovery [3/25] (897.3496ms)
✔ publication failed preserves dirty local edits and exact save recovery [3/25] (971.168421ms)
✔ publication success preserves ambiguous local edits and exact save recovery [3/25] (987.766321ms)
✔ publication failed preserves ambiguous local edits and exact save recovery [3/25] (912.706056ms)
✔ publication success preserves dirty local edits and exact save recovery [4/25] (957.26798ms)
✔ publication failed preserves dirty local edits and exact save recovery [4/25] (898.031385ms)
✔ publication success preserves ambiguous local edits and exact save recovery [4/25] (939.580084ms)
✔ publication failed preserves ambiguous local edits and exact save recovery [4/25] (977.107393ms)
✔ publication success preserves dirty local edits and exact save recovery [5/25] (964.953314ms)
✔ publication failed preserves dirty local edits and exact save recovery [5/25] (827.242189ms)
✔ publication success preserves ambiguous local edits and exact save recovery [5/25] (934.828981ms)
✔ publication failed preserves ambiguous local edits and exact save recovery [5/25] (917.351042ms)
✔ publication success preserves dirty local edits and exact save recovery [6/25] (866.38769ms)
✔ publication failed preserves dirty local edits and exact save recovery [6/25] (861.074369ms)
✔ publication success preserves ambiguous local edits and exact save recovery [6/25] (1036.676623ms)
✔ publication failed preserves ambiguous local edits and exact save recovery [6/25] (1045.179295ms)
✔ publication success preserves dirty local edits and exact save recovery [7/25] (918.335318ms)
✔ publication failed preserves dirty local edits and exact save recovery [7/25] (854.761856ms)
✔ publication success preserves ambiguous local edits and exact save recovery [7/25] (974.79949ms)
✔ publication failed preserves ambiguous local edits and exact save recovery [7/25] (940.422324ms)
✔ publication success preserves dirty local edits and exact save recovery [8/25] (865.171405ms)
✔ publication failed preserves dirty local edits and exact save recovery [8/25] (867.983964ms)
✔ publication success preserves ambiguous local edits and exact save recovery [8/25] (951.461845ms)
✔ publication failed preserves ambiguous local edits and exact save recovery [8/25] (1022.60572ms)
✔ publication success preserves dirty local edits and exact save recovery [9/25] (896.688474ms)
✔ publication failed preserves dirty local edits and exact save recovery [9/25] (913.21307ms)
✔ publication success preserves ambiguous local edits and exact save recovery [9/25] (902.453939ms)
✔ publication failed preserves ambiguous local edits and exact save recovery [9/25] (949.293527ms)
✔ publication success preserves dirty local edits and exact save recovery [10/25] (917.672524ms)
✔ publication failed preserves dirty local edits and exact save recovery [10/25] (969.657976ms)
✔ publication success preserves ambiguous local edits and exact save recovery [10/25] (939.070645ms)
✔ publication failed preserves ambiguous local edits and exact save recovery [10/25] (907.322645ms)
✔ publication success preserves dirty local edits and exact save recovery [11/25] (921.314612ms)
✔ publication failed preserves dirty local edits and exact save recovery [11/25] (917.694398ms)
✔ publication success preserves ambiguous local edits and exact save recovery [11/25] (969.746776ms)
✔ publication failed preserves ambiguous local edits and exact save recovery [11/25] (945.535359ms)
✔ publication success preserves dirty local edits and exact save recovery [12/25] (925.892193ms)
✔ publication failed preserves dirty local edits and exact save recovery [12/25] (915.07124ms)
✔ publication success preserves ambiguous local edits and exact save recovery [12/25] (936.828779ms)
✔ publication failed preserves ambiguous local edits and exact save recovery [12/25] (885.04944ms)
✔ publication success preserves dirty local edits and exact save recovery [13/25] (847.827811ms)
✔ publication failed preserves dirty local edits and exact save recovery [13/25] (929.416892ms)
✔ publication success preserves ambiguous local edits and exact save recovery [13/25] (963.633395ms)
✔ publication failed preserves ambiguous local edits and exact save recovery [13/25] (946.751263ms)
✔ publication success preserves dirty local edits and exact save recovery [14/25] (854.78872ms)
✔ publication failed preserves dirty local edits and exact save recovery [14/25] (892.039486ms)
✔ publication success preserves ambiguous local edits and exact save recovery [14/25] (909.488163ms)
✔ publication failed preserves ambiguous local edits and exact save recovery [14/25] (970.165271ms)
✔ publication success preserves dirty local edits and exact save recovery [15/25] (852.744542ms)
✔ publication failed preserves dirty local edits and exact save recovery [15/25] (863.087198ms)
✔ publication success preserves ambiguous local edits and exact save recovery [15/25] (932.080214ms)
✔ publication failed preserves ambiguous local edits and exact save recovery [15/25] (898.849735ms)
✔ publication success preserves dirty local edits and exact save recovery [16/25] (864.278898ms)
✔ publication failed preserves dirty local edits and exact save recovery [16/25] (857.864665ms)
✔ publication success preserves ambiguous local edits and exact save recovery [16/25] (1042.591821ms)
✔ publication failed preserves ambiguous local edits and exact save recovery [16/25] (902.888266ms)
✔ publication success preserves dirty local edits and exact save recovery [17/25] (937.473226ms)
✔ publication failed preserves dirty local edits and exact save recovery [17/25] (917.589857ms)
✔ publication success preserves ambiguous local edits and exact save recovery [17/25] (1015.578886ms)
✔ publication failed preserves ambiguous local edits and exact save recovery [17/25] (931.506798ms)
✔ publication success preserves dirty local edits and exact save recovery [18/25] (929.751138ms)
✔ publication failed preserves dirty local edits and exact save recovery [18/25] (882.613955ms)
✔ publication success preserves ambiguous local edits and exact save recovery [18/25] (954.375365ms)
✔ publication failed preserves ambiguous local edits and exact save recovery [18/25] (929.500876ms)
✔ publication success preserves dirty local edits and exact save recovery [19/25] (924.722788ms)
✔ publication failed preserves dirty local edits and exact save recovery [19/25] (865.021028ms)
✔ publication success preserves ambiguous local edits and exact save recovery [19/25] (912.768294ms)
✔ publication failed preserves ambiguous local edits and exact save recovery [19/25] (968.461737ms)
✔ publication success preserves dirty local edits and exact save recovery [20/25] (845.968973ms)
✔ publication failed preserves dirty local edits and exact save recovery [20/25] (860.935982ms)
✔ publication success preserves ambiguous local edits and exact save recovery [20/25] (916.611567ms)
✔ publication failed preserves ambiguous local edits and exact save recovery [20/25] (919.403634ms)
✔ publication success preserves dirty local edits and exact save recovery [21/25] (906.549414ms)
✔ publication failed preserves dirty local edits and exact save recovery [21/25] (917.343488ms)
✔ publication success preserves ambiguous local edits and exact save recovery [21/25] (943.547543ms)
✔ publication failed preserves ambiguous local edits and exact save recovery [21/25] (935.321241ms)
✔ publication success preserves dirty local edits and exact save recovery [22/25] (851.837525ms)
✔ publication failed preserves dirty local edits and exact save recovery [22/25] (912.551602ms)
✔ publication success preserves ambiguous local edits and exact save recovery [22/25] (915.50967ms)
✔ publication failed preserves ambiguous local edits and exact save recovery [22/25] (967.091175ms)
✔ publication success preserves dirty local edits and exact save recovery [23/25] (928.75815ms)
✔ publication failed preserves dirty local edits and exact save recovery [23/25] (864.53559ms)
✔ publication success preserves ambiguous local edits and exact save recovery [23/25] (960.297129ms)
✔ publication failed preserves ambiguous local edits and exact save recovery [23/25] (970.038265ms)
✔ publication success preserves dirty local edits and exact save recovery [24/25] (867.643808ms)
✔ publication failed preserves dirty local edits and exact save recovery [24/25] (922.636222ms)
✔ publication success preserves ambiguous local edits and exact save recovery [24/25] (1030.483332ms)
✔ publication failed preserves ambiguous local edits and exact save recovery [24/25] (900.952135ms)
✔ publication success preserves dirty local edits and exact save recovery [25/25] (884.932404ms)
✔ publication failed preserves dirty local edits and exact save recovery [25/25] (959.56966ms)
✔ publication success preserves ambiguous local edits and exact save recovery [25/25] (906.527389ms)
✔ publication failed preserves ambiguous local edits and exact save recovery [25/25] (921.503681ms)
ℹ tests 100
ℹ suites 0
ℹ pass 100
ℹ fail 0
ℹ cancelled 0
ℹ skipped 0
ℹ todo 0
ℹ duration_ms 92992.157944
