$ M5_PUBLICATION_STRESS_ITERATIONS=25 corepack pnpm --filter @insignia/web exec node --test --test-name-pattern="publication (success|failed) preserves" test/admin/editor-browser.test.mjs
✔ publication success preserves dirty local edits and exact save recovery [1/25] (938.172535ms)
✔ publication failed preserves dirty local edits and exact save recovery [1/25] (853.912345ms)
✔ publication success preserves ambiguous local edits and exact save recovery [1/25] (1011.659075ms)
✔ publication failed preserves ambiguous local edits and exact save recovery [1/25] (944.129424ms)
✔ publication success preserves dirty local edits and exact save recovery [2/25] (838.718422ms)
✔ publication failed preserves dirty local edits and exact save recovery [2/25] (850.710662ms)
✔ publication success preserves ambiguous local edits and exact save recovery [2/25] (931.704893ms)
✔ publication failed preserves ambiguous local edits and exact save recovery [2/25] (941.881748ms)
✔ publication success preserves dirty local edits and exact save recovery [3/25] (880.728852ms)
✔ publication failed preserves dirty local edits and exact save recovery [3/25] (933.327421ms)
✔ publication success preserves ambiguous local edits and exact save recovery [3/25] (973.793075ms)
✔ publication failed preserves ambiguous local edits and exact save recovery [3/25] (952.696475ms)
✔ publication success preserves dirty local edits and exact save recovery [4/25] (932.673069ms)
✔ publication failed preserves dirty local edits and exact save recovery [4/25] (851.740771ms)
✔ publication success preserves ambiguous local edits and exact save recovery [4/25] (917.547433ms)
✔ publication failed preserves ambiguous local edits and exact save recovery [4/25] (1029.270429ms)
✔ publication success preserves dirty local edits and exact save recovery [5/25] (857.838775ms)
✔ publication failed preserves dirty local edits and exact save recovery [5/25] (875.077675ms)
✔ publication success preserves ambiguous local edits and exact save recovery [5/25] (937.499819ms)
✔ publication failed preserves ambiguous local edits and exact save recovery [5/25] (926.529932ms)
✔ publication success preserves dirty local edits and exact save recovery [6/25] (875.879974ms)
✔ publication failed preserves dirty local edits and exact save recovery [6/25] (865.33396ms)
✔ publication success preserves ambiguous local edits and exact save recovery [6/25] (961.60146ms)
✔ publication failed preserves ambiguous local edits and exact save recovery [6/25] (948.706541ms)
✔ publication success preserves dirty local edits and exact save recovery [7/25] (895.881188ms)
✔ publication failed preserves dirty local edits and exact save recovery [7/25] (845.43076ms)
✔ publication success preserves ambiguous local edits and exact save recovery [7/25] (915.324256ms)
✔ publication failed preserves ambiguous local edits and exact save recovery [7/25] (913.07047ms)
✔ publication success preserves dirty local edits and exact save recovery [8/25] (886.890152ms)
✔ publication failed preserves dirty local edits and exact save recovery [8/25] (830.982888ms)
✔ publication success preserves ambiguous local edits and exact save recovery [8/25] (944.357178ms)
✔ publication failed preserves ambiguous local edits and exact save recovery [8/25] (968.222898ms)
✔ publication success preserves dirty local edits and exact save recovery [9/25] (854.037901ms)
✔ publication failed preserves dirty local edits and exact save recovery [9/25] (850.66756ms)
✔ publication success preserves ambiguous local edits and exact save recovery [9/25] (925.856185ms)
✔ publication failed preserves ambiguous local edits and exact save recovery [9/25] (1002.361458ms)
✔ publication success preserves dirty local edits and exact save recovery [10/25] (861.476207ms)
✔ publication failed preserves dirty local edits and exact save recovery [10/25] (858.242563ms)
✔ publication success preserves ambiguous local edits and exact save recovery [10/25] (1005.122492ms)
✔ publication failed preserves ambiguous local edits and exact save recovery [10/25] (1030.136923ms)
✔ publication success preserves dirty local edits and exact save recovery [11/25] (882.290932ms)
✔ publication failed preserves dirty local edits and exact save recovery [11/25] (852.438048ms)
✔ publication success preserves ambiguous local edits and exact save recovery [11/25] (948.78254ms)
✔ publication failed preserves ambiguous local edits and exact save recovery [11/25] (976.530724ms)
✔ publication success preserves dirty local edits and exact save recovery [12/25] (854.778641ms)
✔ publication failed preserves dirty local edits and exact save recovery [12/25] (853.65061ms)
✔ publication success preserves ambiguous local edits and exact save recovery [12/25] (906.218146ms)
✔ publication failed preserves ambiguous local edits and exact save recovery [12/25] (948.642912ms)
✔ publication success preserves dirty local edits and exact save recovery [13/25] (872.230864ms)
✔ publication failed preserves dirty local edits and exact save recovery [13/25] (877.110753ms)
✔ publication success preserves ambiguous local edits and exact save recovery [13/25] (902.497703ms)
✔ publication failed preserves ambiguous local edits and exact save recovery [13/25] (962.113583ms)
✔ publication success preserves dirty local edits and exact save recovery [14/25] (870.03609ms)
✔ publication failed preserves dirty local edits and exact save recovery [14/25] (959.573454ms)
✔ publication success preserves ambiguous local edits and exact save recovery [14/25] (923.923379ms)
✔ publication failed preserves ambiguous local edits and exact save recovery [14/25] (897.715262ms)
✔ publication success preserves dirty local edits and exact save recovery [15/25] (863.629079ms)
✔ publication failed preserves dirty local edits and exact save recovery [15/25] (850.339716ms)
✔ publication success preserves ambiguous local edits and exact save recovery [15/25] (947.078098ms)
✔ publication failed preserves ambiguous local edits and exact save recovery [15/25] (1042.954632ms)
✔ publication success preserves dirty local edits and exact save recovery [16/25] (963.672999ms)
✔ publication failed preserves dirty local edits and exact save recovery [16/25] (857.327892ms)
✔ publication success preserves ambiguous local edits and exact save recovery [16/25] (948.090155ms)
✔ publication failed preserves ambiguous local edits and exact save recovery [16/25] (937.264458ms)
✔ publication success preserves dirty local edits and exact save recovery [17/25] (831.903784ms)
✔ publication failed preserves dirty local edits and exact save recovery [17/25] (836.899436ms)
✔ publication success preserves ambiguous local edits and exact save recovery [17/25] (926.367529ms)
✔ publication failed preserves ambiguous local edits and exact save recovery [17/25] (933.037133ms)
✔ publication success preserves dirty local edits and exact save recovery [18/25] (843.147876ms)
✔ publication failed preserves dirty local edits and exact save recovery [18/25] (847.925734ms)
✔ publication success preserves ambiguous local edits and exact save recovery [18/25] (1053.606572ms)
✔ publication failed preserves ambiguous local edits and exact save recovery [18/25] (924.346173ms)
✔ publication success preserves dirty local edits and exact save recovery [19/25] (896.943866ms)
✔ publication failed preserves dirty local edits and exact save recovery [19/25] (904.779565ms)
✔ publication success preserves ambiguous local edits and exact save recovery [19/25] (925.743801ms)
✔ publication failed preserves ambiguous local edits and exact save recovery [19/25] (922.577182ms)
✔ publication success preserves dirty local edits and exact save recovery [20/25] (889.865835ms)
✔ publication failed preserves dirty local edits and exact save recovery [20/25] (843.846696ms)
✔ publication success preserves ambiguous local edits and exact save recovery [20/25] (929.550885ms)
✔ publication failed preserves ambiguous local edits and exact save recovery [20/25] (957.987366ms)
✔ publication success preserves dirty local edits and exact save recovery [21/25] (883.640987ms)
✔ publication failed preserves dirty local edits and exact save recovery [21/25] (868.496439ms)
✔ publication success preserves ambiguous local edits and exact save recovery [21/25] (920.802064ms)
✔ publication failed preserves ambiguous local edits and exact save recovery [21/25] (963.355025ms)
✔ publication success preserves dirty local edits and exact save recovery [22/25] (854.671541ms)
✔ publication failed preserves dirty local edits and exact save recovery [22/25] (838.941533ms)
✔ publication success preserves ambiguous local edits and exact save recovery [22/25] (952.226494ms)
✔ publication failed preserves ambiguous local edits and exact save recovery [22/25] (906.507935ms)
✔ publication success preserves dirty local edits and exact save recovery [23/25] (910.712499ms)
✔ publication failed preserves dirty local edits and exact save recovery [23/25] (843.350962ms)
✔ publication success preserves ambiguous local edits and exact save recovery [23/25] (982.733933ms)
✔ publication failed preserves ambiguous local edits and exact save recovery [23/25] (996.02703ms)
✔ publication success preserves dirty local edits and exact save recovery [24/25] (912.789057ms)
✔ publication failed preserves dirty local edits and exact save recovery [24/25] (874.132096ms)
✔ publication success preserves ambiguous local edits and exact save recovery [24/25] (1056.83161ms)
✔ publication failed preserves ambiguous local edits and exact save recovery [24/25] (1025.551943ms)
✔ publication success preserves dirty local edits and exact save recovery [25/25] (876.016154ms)
✔ publication failed preserves dirty local edits and exact save recovery [25/25] (897.714811ms)
✔ publication success preserves ambiguous local edits and exact save recovery [25/25] (1001.771356ms)
✔ publication failed preserves ambiguous local edits and exact save recovery [25/25] (950.761855ms)
ℹ tests 100
ℹ suites 0
ℹ pass 100
ℹ fail 0
ℹ cancelled 0
ℹ skipped 0
ℹ todo 0
ℹ duration_ms 91991.673153
