✔ source gate requires two fresh high-effort reviews and every workflow on the frozen source (3.125075ms)
✔ full source binding includes the inherited internal Rust links without following external symlinks (212.857968ms)
✔ alternate product and broad search are refused before HTTP (2.846824ms)
✔ fixed intent reads clean up one owned DRAFT and close with exact ARCHIVED settlement (27.179834ms)
✔ already ARCHIVED fixture is observed with no cleanup mutation (9.983068ms)
✔ complete negative intent surfaces report NO_INTENT_OBSERVED before cleanup (12.365982ms)
✔ unexpected ownership stops before cleanup (2.680696ms)
✔ unexpected ACTIVE stops before cleanup (2.484633ms)
✔ initial version drift stops before cleanup (2.519413ms)
✔ scope loss stops before cleanup (1.668595ms)
✔ incomplete includedProducts stops before cleanup (5.749428ms)
✔ foreign exact-ID result stops before cleanup (5.749331ms)
✔ duplicate exact-ID result stops before cleanup (5.468934ms)
✔ one-second observation drift stops before cleanup (5.427277ms)
✔ changed publication identity stops before cleanup (4.635526ms)
✔ search anchor disagrees stops before cleanup (5.490779ms)
✔ contradictory inclusion/search results stop before cleanup (8.535127ms)
✔ effective publication on DRAFT makes intent inconsistent and refuses cleanup (8.548741ms)
✔ ambiguous archive response consumes one final exact read without resend (11.603796ms)
✔ one-second archive acknowledgement/readback drift stays a conflict (11.957772ms)
✔ authentication failure closes the fresh register without Admin requests (1.061868ms)
✔ quarantined outstanding archive forbids final read and any overlapping request (8013.98269ms)
✔ fixed documents and variables exclude every alternate target before HTTP (109.229185ms)
✔ fixed source query literals are exactly the authorized ID filters and first:2 (0.50231ms)
✔ closed register cannot be initialized a second time (11.273782ms)
✔ 100 serial synthetic runs preserve zero or one mutation and never overlap (868.629038ms)
✔ invalid or malformed runtime search metadata stops before cleanup (6.857679ms)
ℹ tests 27
ℹ suites 0
ℹ pass 27
ℹ fail 0
ℹ cancelled 0
ℹ skipped 0
ℹ todo 0
ℹ duration_ms 9367.569617
