$ corepack pnpm check:style && corepack pnpm build && corepack pnpm test:unit && corepack pnpm test:m5-operator && corepack pnpm test:vectors && corepack pnpm check:boundaries && corepack pnpm check:secrets && python3 -B scripts/boundaries/check-cargo-workspace.py && corepack pnpm check:rust && M1_FUNCTION_RUNNER=.m1-artifacts/tools/function-runner-9.2.2 python3 -B scripts/m4-002/replay-production-vectors.py && M1_FUNCTION_RUNNER=.m1-artifacts/tools/function-runner-9.2.2 node scripts/m4-003/replay-public-config.mjs && corepack pnpm test:browser && python3 -B spikes/m0-007/scripts/check-history.py && python3 -B spikes/m0-014/scripts/check-live-setup.py && python3 -B scripts/m1-functions/artifact-manifest.py
$ biome check .dependency-cruiser.cjs apps/storefront/src apps/storefront/test apps/storefront/scripts apps/storefront/vite.config.ts apps/web/src/islands apps/web/src/pages/live.ts apps/web/src/pages/api apps/web/src/server apps/web/src/shared apps/web/src/styles apps/web/test apps/web/astro.config.mjs apps/worker/src apps/worker/test packages/contracts/src packages/domain/src packages/cart-authorization/src packages/cart-authorization/test packages/application/src packages/database/src packages/database/test packages/shopify/src packages/shopify/test packages/visualizer/src packages/observability/src packages/observability/test scripts/boundaries scripts/m1-functions/check-vector.test.ts scripts/m5-002 scripts/m5-003 scripts/m5-004 scripts/m5-005 scripts/m5-009 scripts/m5-010 scripts/m5-011 scripts/m5-012
apps/web/src/server/admin/production.ts:69:57 lint/style/useTemplate  FIXABLE  ━━━━━━━━━━━━━━━━━━━━━

  i Template literals are preferred over string concatenation.
  
    67 │   const appOrigin = required(env, 'APP_URL');
    68 │   const appId = env.INSIGNIA_SHOPIFY_APP_ID;
  > 69 │   const appGid = appId && /^[1-9][0-9]*$/.test(appId) ? 'gid://shopify/App/' + appId : null;
       │                                                         ^^^^^^^^^^^^^^^^^^^^^^^^^^^^
    70 │   const shopify = createAdminOnlineIdentity({ apiKey, apiSecret, hostName: new URL(appOrigin).host });
    71 │   const core = createDurableCore(databasePool ?? new Pool({ connectionString: databaseUrl }));
  
  i Unsafe fix: Use a template literal.
  
     67  67 │     const appOrigin = required(env, 'APP_URL');
     68  68 │     const appId = env.INSIGNIA_SHOPIFY_APP_ID;
     69     │ - ··const·appGid·=·appId·&&·/^[1-9][0-9]*$/.test(appId)·?·'gid://shopify/App/'·+·appId·:·null;
         69 │ + ··const·appGid·=·appId·&&·/^[1-9][0-9]*$/.test(appId)·?·`gid://shopify/App/${appId}`·:·null;
     70  70 │     const shopify = createAdminOnlineIdentity({ apiKey, apiSecret, hostName: new URL(appOrigin).host });
     71  71 │     const core = createDurableCore(databasePool ?? new Pool({ connectionString: databaseUrl }));
  

apps/web/src/server/admin/production.ts:89:54 lint/style/useTemplate  FIXABLE  ━━━━━━━━━━━━━━━━━━━━━

  i Template literals are preferred over string concatenation.
  
    87 │       installationGeneration: actor.installationGeneration,
    88 │     });
  > 89 │     if (!scope || scope.shopDomain !== actor.shop || 'gid://shopify/Shop/' + scope.shopifyShopId !== actor.shopId)
       │                                                      ^^^^^^^^^^^^^^^^^^^^^^^^^^^^^^^^^^^^^^^^^^^
    90 │       throw new Error('Admin installation changed');
    91 │   }
  
  i Unsafe fix: Use a template literal.
  
     87  87 │         installationGeneration: actor.installationGeneration,
     88  88 │       });
     89     │ - ····if·(!scope·||·scope.shopDomain·!==·actor.shop·||·'gid://shopify/Shop/'·+·scope.shopifyShopId·!==·actor.shopId)
         89 │ + ····if·(!scope·||·scope.shopDomain·!==·actor.shop·||·`gid://shopify/Shop/${scope.shopifyShopId}`·!==·actor.shopId)
     90  90 │         throw new Error('Admin installation changed');
     91  91 │     }
  

apps/web/src/server/admin/production.ts:214:51 lint/style/useTemplate  FIXABLE  ━━━━━━━━━━━━━━━━━━━━

  i Template literals are preferred over string concatenation.
  
    212 │           const provider = await shopify.readInstallation(online);
    213 │           const tenant = await core.tenants.getShopByDomain(provider.shop);
  > 214 │           if (!tenant || !tenant.shopifyShopId || 'gid://shopify/Shop/' + tenant.shopifyShopId !== provider.shopId)
        │                                                   ^^^^^^^^^^^^^^^^^^^^^^^^^^^^^^^^^^^^^^^^^^^^
    215 │             throw new Error('Tenant installation mismatch');
    216 │           const installed = await core.tenants.getCurrentAdminInstallation(tenant.shopId);
  
  i Unsafe fix: Use a template literal.
  
    212 212 │             const provider = await shopify.readInstallation(online);
    213 213 │             const tenant = await core.tenants.getShopByDomain(provider.shop);
    214     │ - ··········if·(!tenant·||·!tenant.shopifyShopId·||·'gid://shopify/Shop/'·+·tenant.shopifyShopId·!==·provider.shopId)
        214 │ + ··········if·(!tenant·||·!tenant.shopifyShopId·||·`gid://shopify/Shop/${tenant.shopifyShopId}`·!==·provider.shopId)
    215 215 │               throw new Error('Tenant installation mismatch');
    216 216 │             const installed = await core.tenants.getCurrentAdminInstallation(tenant.shopId);
  

scripts/m5-012/operator.test.mjs:285:16 lint/style/useTemplate  FIXABLE  ━━━━━━━━━━━━━━━━━━━━━━━━━━━

  i Template literals are preferred over string concatenation.
  
    283 │     const variants = [
    284 │       { query: q, variables: { id: 'gid://shopify/Product/123' } },
  > 285 │       { query: q + ' ', variables: {} },
        │                ^^^^^^^
    286 │       ...['10490211467547', '339456917787', '294412484609']
    287 │         .filter((id) => q.includes(id))
  
  i Unsafe fix: Use a template literal.
  
    283 283 │       const variants = [
    284 284 │         { query: q, variables: { id: 'gid://shopify/Product/123' } },
    285     │ - ······{·query:·q·+·'·',·variables:·{}·},
        285 │ + ······{·query:·`${q}·`,·variables:·{}·},
    286 286 │         ...['10490211467547', '339456917787', '294412484609']
    287 287 │           .filter((id) => q.includes(id))
  

apps/web/src/server/admin/auth.ts:48:48 lint/style/noNonNullAssertion ━━━━━━━━━━━━━━━━━━━━━━━━━━━━━━

  ! Forbidden non-null assertion.
  
    46 │     let identity: VerifiedAdminIdentity;
    47 │     try {
  > 48 │       identity = await port.verifySessionToken(match[1]!);
       │                                                ^^^^^^^^^
    49 │     } catch {
    50 │       return null;
  

apps/web/src/server/admin/auth.ts:61:50 lint/style/noNonNullAssertion ━━━━━━━━━━━━━━━━━━━━━━━━━━━━━━

  ! Forbidden non-null assertion.
  
    59 │     )
    60 │       return null;
  > 61 │     const grant = await port.exchangeOnlineGrant(match[1]!, identity);
       │                                                  ^^^^^^^^^
    62 │     if (
    63 │       grant.shop !== identity.shop ||
  

apps/web/src/server/admin/preview.ts:109:28 lint/style/noNonNullAssertion ━━━━━━━━━━━━━━━━━━━━━━━━━━

  ! Forbidden non-null assertion.
  
    107 │             .then((found) => (found ? project(found) : null)),
    108 │         );
  > 109 │       const result = await map.get(id)!;
        │                            ^^^^^^^^^^^^
    110 │       await active(actor);
    111 │       return result;
  

apps/web/src/server/admin/preview.ts:116:28 lint/style/noNonNullAssertion ━━━━━━━━━━━━━━━━━━━━━━━━━━

  ! Forbidden non-null assertion.
  
    114 │       await active(actor);
    115 │       if (!currencies.has(actor)) currencies.set(actor, reader(actor).shopCurrency());
  > 116 │       const result = await currencies.get(actor)!;
        │                            ^^^^^^^^^^^^^^^^^^^^^^
    117 │       await active(actor);
    118 │       return result;
  

apps/web/src/server/admin/preview.ts:163:34 lint/style/noNonNullAssertion ━━━━━━━━━━━━━━━━━━━━━━━━━━

  ! Forbidden non-null assertion.
  
    161 │                   shopId: randomUUID(),
    162 │                   shopDomain: shop,
  > 163 │                   shopifyShopId: shopId.split('/').at(-1)!,
        │                                  ^^^^^^^^^^^^^^^^^^^^^^^^^
    164 │                   externalInstallationId: provider.installationId,
    165 │                 }),
  

apps/web/src/server/admin/preview.ts:223:26 lint/style/noNonNullAssertion ━━━━━━━━━━━━━━━━━━━━━━━━━━

  ! Forbidden non-null assertion.
  
    221 │                   installationGeneration: bound.installationGeneration,
    222 │                   shopifyShopId: shopId,
  > 223 │                   appId: env.INSIGNIA_M5_002_APP_RESOURCE!,
        │                          ^^^^^^^^^^^^^^^^^^^^^^^^^^^^^^^^^
    224 │                 },
    225 │                 {
  

apps/web/src/server/admin/preview.ts:227:46 lint/style/noNonNullAssertion ━━━━━━━━━━━━━━━━━━━━━━━━━━

  ! Forbidden non-null assertion.
  
    225 │                 {
    226 │                   appKey: client,
  > 227 │                   transformInputQuerySha256: env.INSIGNIA_M5_002_TRANSFORM_QUERY_HASH!,
        │                                              ^^^^^^^^^^^^^^^^^^^^^^^^^^^^^^^^^^^^^^^^^
    228 │                   validationInputQuerySha256: env.INSIGNIA_M5_002_VALIDATION_QUERY_HASH!,
    229 │                 },
  

apps/web/src/server/admin/preview.ts:228:47 lint/style/noNonNullAssertion ━━━━━━━━━━━━━━━━━━━━━━━━━━

  ! Forbidden non-null assertion.
  
    226 │                   appKey: client,
    227 │                   transformInputQuerySha256: env.INSIGNIA_M5_002_TRANSFORM_QUERY_HASH!,
  > 228 │                   validationInputQuerySha256: env.INSIGNIA_M5_002_VALIDATION_QUERY_HASH!,
        │                                               ^^^^^^^^^^^^^^^^^^^^^^^^^^^^^^^^^^^^^^^^^^
    229 │                 },
    230 │               );
  

apps/web/src/server/admin/production.ts:214:15 lint/complexity/useOptionalChain  FIXABLE  ━━━━━━━━━━

  ! Change to an optional chain.
  
    212 │           const provider = await shopify.readInstallation(online);
    213 │           const tenant = await core.tenants.getShopByDomain(provider.shop);
  > 214 │           if (!tenant || !tenant.shopifyShopId || 'gid://shopify/Shop/' + tenant.shopifyShopId !== provider.shopId)
        │               ^^^^^^^^^^^^^^^^^^^^^^^^^^^^^^^^
    215 │             throw new Error('Tenant installation mismatch');
    216 │           const installed = await core.tenants.getCurrentAdminInstallation(tenant.shopId);
  
  i Unsafe fix: Change to an optional chain.
  
    212 212 │             const provider = await shopify.readInstallation(online);
    213 213 │             const tenant = await core.tenants.getShopByDomain(provider.shop);
    214     │ - ··········if·(!tenant·||·!tenant.shopifyShopId·||·'gid://shopify/Shop/'·+·tenant.shopifyShopId·!==·provider.shopId)
        214 │ + ··········if·(!tenant?.shopifyShopId·||·'gid://shopify/Shop/'·+·tenant.shopifyShopId·!==·provider.shopId)
    215 215 │               throw new Error('Tenant installation mismatch');
    216 216 │             const installed = await core.tenants.getCurrentAdminInstallation(tenant.shopId);
  

apps/web/src/server/merchant-config.ts:123:28 lint/style/noNonNullAssertion ━━━━━━━━━━━━━━━━━━━━━━━━

  ! Forbidden non-null assertion.
  
    121 │         option.allowedValueIds.flatMap((id) => {
    122 │           const label = oldLabels?.[id];
  > 123 │           return label ? [[values.get(id)!, label]] : [];
        │                            ^^^^^^^^^^^^^^^
    124 │         }),
    125 │       );
  

apps/web/src/server/merchant-config.ts:126:47 lint/style/noNonNullAssertion ━━━━━━━━━━━━━━━━━━━━━━━━

  ! Forbidden non-null assertion.
  
    124 │         }),
    125 │       );
  > 126 │       return Object.keys(remapped).length ? [[options.get(option.id)!, remapped]] : [];
        │                                               ^^^^^^^^^^^^^^^^^^^^^^^
    127 │     }),
    128 │   );
  

apps/web/src/server/merchant-config.ts:132:50 lint/style/noNonNullAssertion ━━━━━━━━━━━━━━━━━━━━━━━━

  ! Forbidden non-null assertion.
  
    130 │     ...source,
    131 │     labels,
  > 132 │     methods: source.methods.map((item) => ({ id: methods.get(item.id)! })),
        │                                                  ^^^^^^^^^^^^^^^^^^^^^
    133 │     placements: source.placements.map((item) => ({
    134 │       ...item,
  

apps/web/src/server/merchant-config.ts:135:11 lint/style/noNonNullAssertion ━━━━━━━━━━━━━━━━━━━━━━━━

  ! Forbidden non-null assertion.
  
    133 │     placements: source.placements.map((item) => ({
    134 │       ...item,
  > 135 │       id: placements.get(item.id)!,
        │           ^^^^^^^^^^^^^^^^^^^^^^^^
    136 │       allowedMethodIds: item.allowedMethodIds.map((id) => methods.get(id)!),
    137 │       allowedStepIds: item.allowedStepIds.map((id) => steps.get(id)!),
  

apps/web/src/server/merchant-config.ts:136:59 lint/style/noNonNullAssertion ━━━━━━━━━━━━━━━━━━━━━━━━

  ! Forbidden non-null assertion.
  
    134 │       ...item,
    135 │       id: placements.get(item.id)!,
  > 136 │       allowedMethodIds: item.allowedMethodIds.map((id) => methods.get(id)!),
        │                                                           ^^^^^^^^^^^^^^^^
    137 │       allowedStepIds: item.allowedStepIds.map((id) => steps.get(id)!),
    138 │     })),
  

apps/web/src/server/merchant-config.ts:137:55 lint/style/noNonNullAssertion ━━━━━━━━━━━━━━━━━━━━━━━━

  ! Forbidden non-null assertion.
  
    135 │       id: placements.get(item.id)!,
    136 │       allowedMethodIds: item.allowedMethodIds.map((id) => methods.get(id)!),
  > 137 │       allowedStepIds: item.allowedStepIds.map((id) => steps.get(id)!),
        │                                                       ^^^^^^^^^^^^^^
    138 │     })),
    139 │     productionOptions: source.productionOptions.map((item) => ({
  

scripts/m5-012/operator.test.mjs:395:44 lint/correctness/noUnusedFunctionParameters  FIXABLE  ━━━━━━━━━━

  ! This parameter b is unused.
  
    393 │ test('a failed read reservation cannot be retried or lead to unverifiable cleanup', async () => {
    394 │   const { IDENTITY, ARCHIVE } = await import('./documents.mjs');
  > 395 │   const external = provider({ respond: (d, b, n) => (n === 2 ? Response.json({ data: d, errors: false }) : null) });
        │                                            ^
    396 │   const op = createOperator({
    397 │     directory: mkdtempSync(join(tmpdir(), 'm5012-no-retry-')),
  
  i Unused parameters might be the result of an incomplete refactoring.
  
  i Unsafe fix: If this is intentional, prepend b with an underscore.
  
    393 393 │   test('a failed read reservation cannot be retried or lead to unverifiable cleanup', async () => {
    394 394 │     const { IDENTITY, ARCHIVE } = await import('./documents.mjs');
    395     │ - ··const·external·=·provider({·respond:·(d,·b,·n)·=>·(n·===·2·?·Response.json({·data:·d,·errors:·false·})·:·null)·});
        395 │ + ··const·external·=·provider({·respond:·(d,·_b,·n)·=>·(n·===·2·?·Response.json({·data:·d,·errors:·false·})·:·null)·});
    396 396 │     const op = createOperator({
    397 397 │       directory: mkdtempSync(join(tmpdir(), 'm5012-no-retry-')),
  

The number of diagnostics exceeds the limit allowed. Use --max-diagnostics to increase it.
Diagnostics not shown: 101.
Checked 227 files in 430ms. No fixes applied.
Found 38 warnings.
Found 83 infos.
$ corepack pnpm -r --filter './packages/**' build && corepack pnpm -r --filter './apps/**' build
packages/cart-authorization build$ tsc -p tsconfig.json
packages/contracts build$ tsc -p tsconfig.json
packages/domain build$ tsc -p tsconfig.json
packages/observability build$ tsc -p tsconfig.json
packages/domain build: Done
packages/visualizer build$ tsc -p tsconfig.json
packages/contracts build: Done
packages/application build$ tsc -p tsconfig.json
packages/cart-authorization build: Done
packages/observability build: Done
packages/visualizer build: Done
packages/application build: Done
packages/shopify build$ tsc -p tsconfig.json
packages/shopify build: Done
packages/database build$ tsc -p tsconfig.json
packages/database build: Done
apps/storefront build$ tsc --noEmit && vite build && node scripts/copy-theme-asset.mjs
apps/worker build$ tsc -p tsconfig.json
apps/storefront build: vite v8.3.1 building client environment for production...
apps/worker build: Done
apps/web build$ astro check && astro build
apps/storefront build: transforming...
apps/storefront build: ✓ 5 modules transformed.
apps/storefront build: rendering chunks...
apps/storefront build: computing gzip size...
apps/storefront build: dist/insignia-storefront.js  14.03 kB │ gzip: 5.93 kB
apps/storefront build: 
apps/storefront build: ✓ built in 25ms
apps/storefront build: Done
apps/web build: 14:33:32 [@astrojs/node] Enabling sessions with filesystem storage
apps/web build: 14:33:32 [types] Generated 67ms
apps/web build: 14:33:32 [check] Getting diagnostics for Astro files in /home/serveradmin/insignia-m5-012-worktree/apps/web...
apps/web build: Result (28 files): 
apps/web build: - 0 errors
apps/web build: - 0 warnings
apps/web build: - 0 hints
apps/web build: 
apps/web build: 14:33:37 [@astrojs/node] Enabling sessions with filesystem storage
apps/web build: 14:33:37 [types] Generated 66ms
apps/web build: 14:33:37 [build] output: "server"
apps/web build: 14:33:37 [build] mode: "server"
apps/web build: 14:33:37 [build] directory: /home/serveradmin/insignia-m5-012-worktree/apps/web/dist/
apps/web build: 14:33:37 [build] adapter: @astrojs/node
apps/web build: 14:33:37 [build] Collecting build info...
apps/web build: 14:33:37 [build] ✓ Completed in 111ms.
apps/web build: 14:33:37 [build] Building server entrypoints...
apps/web build: 14:33:37 [vite] ✓ built in 219ms
apps/web build: 14:33:39 [vite] ✓ built in 1.53s
apps/web build: 14:33:39 [vite] ✓ built in 206ms
apps/web build: 14:33:39 [build] Rearranging server assets...
apps/web build: 14:33:39 [build] ✓ Completed in 2.02s.
apps/web build: 14:33:39 [build] Server built in 2.13s
apps/web build: 14:33:39 [build] Complete!
apps/web build: Done
$ corepack pnpm --filter @insignia/domain test && corepack pnpm --filter @insignia/contracts test && corepack pnpm --filter @insignia/visualizer test && corepack pnpm --filter @insignia/cart-authorization test && corepack pnpm --filter @insignia/application test && corepack pnpm --filter @insignia/shopify test && corepack pnpm --filter @insignia/observability test && corepack pnpm --filter @insignia/worker test
$ vitest run

 RUN  v5.0.2 /home/serveradmin/insignia-m5-012-worktree/packages/domain


 Test Files  5 passed (5)
      Tests  26 passed (26)
   Start at  14:33:40
   Duration  443ms (transform 48%, tests 32%, import 15%, worker 5%)

$ vitest run

 RUN  v5.0.2 /home/serveradmin/insignia-m5-012-worktree/packages/contracts


 Test Files  2 passed (2)
      Tests  6 passed (6)
   Start at  14:33:40
   Duration  268ms (import 56%, transform 31%, tests 10%, worker 3%)

$ vitest run

 RUN  v5.0.2 /home/serveradmin/insignia-m5-012-worktree/packages/visualizer


 Test Files  2 passed (2)
      Tests  9 passed (9)
   Start at  14:33:41
   Duration  222ms (transform 66%, import 16%, tests 13%, worker 5%)

$ node --experimental-strip-types --test test/*.test.ts
✔ hard subset bounds and untrusted ordinary-line hints (2.240473ms)
✔ 33 buckets are refused before the signer is called (0.436582ms)
✔ every admitted code matches the versioned matrix and unknown/digital values reject (12.412023ms)
✔ production-generated carriers decode, conserve and verify for every complete set (6.244926ms)
✔ PostgreSQL-persisted negative adjustment has exact signed quote and member economics (1.086415ms)
✔ versioned 33-bucket vector rejects before any signing call (0.410278ms)
✔ production decoder and signature bytes preserve the independent v2 wire literal (5.076806ms)
✔ injected synthetic Ed25519 signer covers the complete set and three-day key window (2.810905ms)
✔ invalid window or set refuses signing and noncanonical carrier refuses decoding (0.601024ms)
ℹ tests 9
ℹ suites 0
ℹ pass 9
ℹ fail 0
ℹ cancelled 0
ℹ skipped 0
ℹ todo 0
ℹ duration_ms 190.333418
$ vitest run

 RUN  v5.0.2 /home/serveradmin/insignia-m5-012-worktree/packages/application


 Test Files  14 passed (14)
      Tests  174 passed (174)
   Start at  14:33:42
   Duration  1.43s (transform 46%, import 31%, tests 19%, worker 3%)

    Isolate  14 workers spawned · ~130ms startup each (spawn + environment, per file)
             at least ~478ms faster with isolate: false — reuses workers across files instead of one per file

$ vitest run

 RUN  v5.0.2 /home/serveradmin/insignia-m5-012-worktree/packages/shopify


 Test Files  12 passed (12)
      Tests  226 passed (226)
   Start at  14:33:44
   Duration  1.35s (tests 65%, transform 18%, import 14%, worker 2%)

    Isolate  12 workers spawned · ~116ms startup each (spawn + environment, per file)
             at least ~348ms faster with isolate: false — reuses workers across files instead of one per file

$ node --test test/*.test.mjs
✔ structured runtime events cannot emit arbitrary payload or credential fields (4.771071ms)
✔ metric labels are fixed outcomes and never contain tenant or delivery IDs (2.585069ms)
ℹ tests 2
ℹ suites 0
ℹ pass 2
ℹ fail 0
ℹ cancelled 0
ℹ skipped 0
ℹ todo 0
ℹ duration_ms 127.094239
$ node --test test/*.test.mjs
✔ current and previous synthetic wrapping keys remain available by ID (2.346659ms)
﹣ PostgreSQL claim retries the old refresh token after a lost response and fences stale replacement (0.967441ms) # SKIP
✔ diagnostic decodes and derives synthetic pixels without claiming durable readiness (11.168639ms)
✔ liveness stays separate from durable readiness; loopback metrics expose bounded outcomes (60.943474ms)
﹣ PostgreSQL pg-boss starts, retries, settles and replays after restart (1.013275ms) # SKIP
﹣ pg-boss retry after committed uninstall retains one deactivation and one inbox fact (0.179763ms) # SKIP
✔ process starts queues and workers before readiness; stop makes readiness unavailable (41.933581ms)
✔ startup failure closes a started queue without reporting readiness (1.465557ms)
{"level":30,"time":1791297226996,"event":"worker_started"}
{"level":30,"time":1791297227001,"event":"worker_started"}
{"level":30,"time":1791297227002,"event":"worker_started"}
{"level":30,"time":1791297227006,"event":"worker_started"}
{"level":30,"time":1791297227007,"event":"worker_started"}
{"level":30,"time":1791297227009,"event":"worker_started"}
✔ enqueue confirms exact inbox identity, including completed job replay (7.936528ms)
✔ null send without same persisted job is retryable, never an acknowledgement (1.806059ms)
✔ workers pass IDs only to injected durable handlers; failed attempt retries safely (3.366274ms)
✔ invalid job body and identity fail closed without invoking application (1.07377ms)
✔ enabled worker refuses missing credential-key configuration and stays not ready (0.869388ms)
✔ refresh claim contention is retried rather than silently completing its job (1.25354ms)
{"level":30,"time":1791297226997,"event":"webhook_enqueued","inboxId":"774a3f0a-26de-4a59-8da9-671b4d89cb82"}
{"level":30,"time":1791297226999,"event":"worker_stopped"}
{"level":50,"time":1791297227003,"event":"webhook_process_failed","inboxId":"87133ed8-823a-417e-93a9-132cec963d44","errorClass":"ProcessingError","attempt":0}
{"level":30,"time":1791297227003,"event":"webhook_process_ok","inboxId":"87133ed8-823a-417e-93a9-132cec963d44","attempt":1}
{"level":30,"time":1791297227004,"event":"refresh_process_ok","shopId":"bb5b9576-6e35-4569-9fb8-ae126f7a8d7b","attempt":0}
{"level":30,"time":1791297227005,"event":"worker_stopped"}
{"level":50,"time":1791297227006,"event":"webhook_process_failed","inboxId":"1fdd752e-1e17-450b-b4f7-7481e599ebe6","errorClass":"ProcessingError","attempt":0}
{"level":30,"time":1791297227007,"event":"worker_stopped"}
{"level":50,"time":1791297227009,"event":"refresh_process_failed","errorClass":"RefreshError","attempt":0}
{"level":30,"time":1791297227009,"event":"worker_stopped"}
﹣ configured worker serves liveness and durable readiness, then closes on SIGTERM (0.991766ms) # SKIP
ℹ tests 15
ℹ suites 0
ℹ pass 11
ℹ fail 0
ℹ cancelled 0
ℹ skipped 4
ℹ todo 0
ℹ duration_ms 606.277262
$ node --test scripts/m5-002/read-register.test.mjs scripts/m5-002/built-runtime.test.mjs && node --test scripts/m5-004/operator.test.mjs scripts/m5-009/operator.test.mjs scripts/m5-010/operator.test.mjs scripts/m5-010/binding.test.mjs scripts/m5-010/native-actions.test.mjs && node --test scripts/m5-005/diagnostic.test.mjs && node --test scripts/m5-011/operator.test.mjs scripts/m5-011/binding.test.mjs && node --test scripts/m5-012/operator.test.mjs scripts/m5-012/binding.test.mjs
✔ complete built server reproduces CLI development-mode CSP rejection (260.225638ms)
✔ actual launcher runtime preparation admits built hydration without widening CSP (210.876152ms)
✔ actual launcher register reserves durably before synthetic fetch, serializes and denies extra attempts (73.95387ms)
✔ exact SDK online exchange is counted per attempt; mutations, wrong targets and other token/event routes never send (2.007644ms)
✔ ambiguous or inflated history stops before any send (0.469178ms)
✔ one-shot loss applies only after a committed local save and never changes transport counts (1.559509ms)
ℹ tests 6
ℹ suites 0
ℹ pass 6
ℹ fail 0
ℹ cancelled 0
ℹ skipped 0
ℹ todo 0
ℹ duration_ms 546.215517
✔ actual HTTP attempts are durably reserved before dispatch (10.837195ms)
✔ captured M5-004 empty grants stop the actual public workflow before any fixture write (6.562368ms)
✔ fixed targets/documents/variables reject unrelated writes and extra payload before actual HTTP (3.746998ms)
✔ normal reserves cannot consume final 12 reads/3 updates; all attempts count, one lock and one create (193.947885ms)
✔ naturally lost mutation response stops all later writes and cleanup across reopen; no automatic retry (2.631858ms)
✔ real routing identity, nine retained grants and complete empty publication history are mandatory (2.584019ms)
✔ auth exact app/route counts3 and never persists synthetic secret or returned token (1.683296ms)
✔ missing/corrupt history never reinitializes or sends (0.729549ms)
✔ offline gate prevents even credential loading (0.634436ms)
✔ full qualification reuses unchanged actual status/catalog adapters, fresh-process hold reload and drift refusal (545.238228ms)
✔ complete workflow stops on changed installation; no manufacture or unsafe cleanup (22.931121ms)
✔ complete workflow stops on unexpected exposure; no manufacture or unsafe cleanup (23.744032ms)
✔ complete workflow stops on visibility mismatch; no manufacture or unsafe cleanup (170.574543ms)
✔ complete workflow stops on natural lost response; no manufacture or unsafe cleanup (108.529073ms)
✔ complete workflow stops on metadata drift; no manufacture or unsafe cleanup (32.622873ms)
✔ complete workflow stops on malformed success; no manufacture or unsafe cleanup (109.678883ms)
✔ live register is canonical; synthetic initialization rejects unsafe directories and lost history (0.679466ms)
✔ malformed/unsuccessful mutation responses stay unknown; only valid explicit rejection permits finalization (5.065526ms)
✔ lock cannot release while late HTTP/body work can still persist history (1.157475ms)
✔ acknowledged fixture metadata baseline rejects added tags or changed creation identity (1.28493ms)
✔ actual adapter HTTP/GraphQL outcomes survive bounded transport and sanitized response replay (12.219098ms)
✔ foreign live root and stale register binding cannot reach credential loading (24.012677ms)
✔ gate rejects incomplete CI and unbound review receipts even when every supplied workflow is green (29.421346ms)
✔ complete source/build/review/CI gate accepts bound receipts and rejects omissions, stale refs or altered evidence (93.046833ms)
✔ actual adapter user-error failure remains identical when replayed from sanitized mutation evidence (4.236696ms)
✔ malformed success userErrors cannot acknowledge a status mutation or allow cleanup (6.29346ms)
✔ actual availability missing/oversized bodies keep direct/wrapped/replayed shape errors (5.096014ms)
✔ catalog receives original bounded UTF8 bytes and provenance hashes the bytes, not replacement text (2.548648ms)
✔ failed catalog preserves actual normalized results before STOP (260.268315ms)
✔ failed drift preserves actual normalized results before STOP (485.548344ms)
✔ availability preserves its lossy UTF8 semantics while catalog rejects the same original bad bytes (2.258631ms)
✔ reopening a finished run preserves exact normalized evidence and refuses before credential loading (473.526521ms)
✔ catalog successful non200 keeps direct/wrapped/replayed body semantics (1.929148ms)
✔ current product capability accepts write_products without the obsolete nine grants (1.663822ms)
✔ legacy exact-nine guard stays unchanged while successor records current additional grants (3.666278ms)
✔ successor rejects absent capability, malformed grants and every wrong routing identity (0.76479ms)
✔ successor rejects the legacy canonical live directory before writing and cannot reopen legacy history (0.95258ms)
✔ successor documents, request ceilings, ownership, settlement and shared matrix stay source-identical (10.431519ms)
✔ fresh complete successor workflow uses real adapters, current product grants, persisted holds and unchanged matrix (992.333682ms)
✔ public successor workflow stops on missing capability without unsafe cleanup or retries (2.461431ms)
✔ public successor workflow stops on wrong identity without unsafe cleanup or retries (2.115483ms)
✔ public successor workflow stops on lost status acknowledgement without unsafe cleanup or retries (90.935625ms)
✔ successor live entry refuses incomplete gate before the protected credential route (42.560199ms)
✔ successor gate binds its own tree, directory, exact source and independent review/CI receipts (115.995521ms)
✔ captured live publication-field denial stops create settlement and never permits status finalization (5.845115ms)
✔ successor gate binds its own tree, directory, exact source and independent review/CI receipts (132.826099ms)
✔ native release and two-scope consent are durable one-use operations with dependency and ambiguity stops (6.229374ms)
✔ native successful sequence closes after exactly one release/request/approval and rejects reset reservation history (3.623266ms)
✔ 010 requires all publication/product capabilities and permits additional well formed grants (4.00011ms)
✔ 010 denies normal fresh create until fixed predecessor has been safely resolved (3.470185ms)
✔ complete absent predecessor lookup permits one fresh create and retains resolution independently (10.115732ms)
✔ owned unpublished ARCHIVED predecessor requires exact archived readback before fresh create (5.507226ms)
✔ owned unpublished DRAFT predecessor requires exact archived readback before fresh create (5.988858ms)
✔ owned unpublished ACTIVE predecessor requires exact archived readback before fresh create (5.54111ms)
✔ owned unpublished UNLISTED predecessor requires exact archived readback before fresh create (6.805672ms)
✔ predecessor multiple stops without any mutation or second lookup (1.960656ms)
✔ predecessor partial next stops without any mutation or second lookup (1.698263ms)
✔ predecessor partial previous stops without any mutation or second lookup (2.329366ms)
✔ predecessor missing page info stops without any mutation or second lookup (1.847727ms)
✔ predecessor missing nodes stops without any mutation or second lookup (1.455221ms)
✔ predecessor invalid product id stops without any mutation or second lookup (1.456048ms)
✔ predecessor wrong type stops without any mutation or second lookup (1.396087ms)
✔ predecessor wrong handle stops without any mutation or second lookup (1.417202ms)
✔ predecessor wrong title stops without any mutation or second lookup (1.442028ms)
✔ predecessor wrong tag stops without any mutation or second lookup (1.393505ms)
✔ predecessor too early creation stops without any mutation or second lookup (1.519202ms)
✔ predecessor invalid creation stops without any mutation or second lookup (1.316456ms)
✔ predecessor future creation stops without any mutation or second lookup (1.277446ms)
✔ predecessor published stops without any mutation or second lookup (1.299343ms)
✔ predecessor store url stops without any mutation or second lookup (1.272899ms)
✔ predecessor publication membership stops without any mutation or second lookup (1.290165ms)
✔ predecessor resource partial stops without any mutation or second lookup (1.428069ms)
✔ predecessor unpublished partial stops without any mutation or second lookup (1.360213ms)
✔ predecessor missing publications stops without any mutation or second lookup (1.343912ms)
✔ predecessor unsupported status stops without any mutation or second lookup (3.653163ms)
✔ predecessor lookup transport retains stop and never retries or creates (1.61261ms)
✔ predecessor lookup stream failure retains stop and never retries or creates (1.944758ms)
✔ predecessor lookup invalid utf8 retains stop and never retries or creates (1.732564ms)
✔ predecessor lookup http retains stop and never retries or creates (1.247456ms)
✔ predecessor lookup missing body retains stop and never retries or creates (1.775346ms)
✔ predecessor lookup invalid json retains stop and never retries or creates (1.381367ms)
✔ predecessor lookup oversized retains stop and never retries or creates (2.249056ms)
✔ predecessor lookup graphql permission retains stop and never retries or creates (1.538317ms)
✔ predecessor lookup partial graphql data retains stop and never retries or creates (1.776431ms)
✔ predecessor lookup mutation rejected retains stop and never retries or creates (1.452953ms)
✔ predecessor archive transport retains stop and never retries or creates (1.793193ms)
✔ predecessor archive stream failure retains stop and never retries or creates (1.961763ms)
✔ predecessor archive invalid utf8 retains stop and never retries or creates (1.992622ms)
✔ predecessor archive http retains stop and never retries or creates (1.90848ms)
✔ predecessor archive missing body retains stop and never retries or creates (2.076018ms)
✔ predecessor archive invalid json retains stop and never retries or creates (1.944444ms)
✔ predecessor archive oversized retains stop and never retries or creates (3.043134ms)
✔ predecessor archive graphql permission retains stop and never retries or creates (1.842119ms)
✔ predecessor archive partial graphql data retains stop and never retries or creates (1.902858ms)
✔ predecessor archive mutation rejected retains stop and never retries or creates (2.03294ms)
✔ predecessor readback transport retains stop and never retries or creates (3.743124ms)
✔ predecessor readback stream failure retains stop and never retries or creates (2.8734ms)
✔ predecessor readback invalid utf8 retains stop and never retries or creates (2.44191ms)
✔ predecessor readback http retains stop and never retries or creates (2.291895ms)
✔ predecessor readback missing body retains stop and never retries or creates (2.871607ms)
✔ predecessor readback invalid json retains stop and never retries or creates (2.348557ms)
✔ predecessor readback oversized retains stop and never retries or creates (3.464517ms)
✔ predecessor readback graphql permission retains stop and never retries or creates (3.230903ms)
✔ predecessor readback partial graphql data retains stop and never retries or creates (2.618261ms)
✔ predecessor readback mutation rejected retains stop and never retries or creates (2.309679ms)
✔ archive wrong id cannot resolve predecessor (2.187831ms)
✔ archive wrong metadata cannot resolve predecessor (1.63236ms)
✔ archive wrong status cannot resolve predecessor (1.66827ms)
✔ archive exposed cannot resolve predecessor (1.60176ms)
✔ readback wrong id cannot resolve predecessor (3.456411ms)
✔ readback wrong metadata cannot resolve predecessor (2.181342ms)
✔ readback wrong status cannot resolve predecessor (2.092379ms)
✔ readback exposed cannot resolve predecessor (2.57676ms)
✔ public qualification resolves absent predecessor then runs unchanged real adapter matrix (500.946701ms)
✔ public qualification resolves ARCHIVED predecessor then runs unchanged real adapter matrix (490.079287ms)
✔ public qualification resolves ACTIVE predecessor then runs unchanged real adapter matrix (445.710422ms)
✔ fixed predecessor search and status-only allowance cannot be caller substituted (1.807703ms)
✔ reload retains predecessor FOUND, independent identity and one archival reservation (1.741737ms)
✔ reload retains predecessor ARCHIVE_ACKNOWLEDGED, independent identity and one archival reservation (2.039735ms)
✔ reload retains predecessor ARCHIVED_VERIFIED, independent identity and one archival reservation (2.530302ms)
✔ reload retains predecessor STOPPED, independent identity and one archival reservation (2.655463ms)
✔ reload retains predecessor ABSENT, independent identity and one archival reservation (1.272517ms)
✔ reopening refuses forged safe resolution or a retained lookup for a substituted marker (2.032548ms)
✔ serialized archive and readback attempts reserve actual HTTP once and never share the matrix allowance (3.326029ms)
✔ predecessor lookup consumes normal read ceiling and auth remains bounded at three (68.089218ms)
✔ public qualification stops on missing read_publications with no blind retry (1.734908ms)
✔ public qualification stops on wrong identity with no blind retry (1.506726ms)
✔ public qualification stops on predecessor permission failure with no blind retry (2.120113ms)
✔ public qualification stops on fresh create unknown with no blind retry (4.250944ms)
✔ public qualification stops on fresh adapter update unknown with no blind retry (74.302435ms)
✔ 010 cannot reopen closed-profile histories and synthetic qualification rejects every canonical live directory (29.286051ms)
✔ archival permission expiring during durable reservation consumes allowance without HTTP or retry (1.986051ms)
✔ pending predecessor HTTP retains exclusive lock and prevents early operator closure (1.250156ms)
✔ public qualification stops before fresh create after ACTIVE predecessor archive failure (2.924428ms)
✔ public qualification stops before fresh create after ACTIVE predecessor readback failure (3.504939ms)
✔ public qualification stops before fresh create after ARCHIVED predecessor readback failure (2.830985ms)
ℹ tests 136
ℹ suites 0
ℹ pass 136
ℹ fail 0
ℹ cancelled 0
ℹ skipped 0
ℹ todo 0
ℹ duration_ms 2890.523268
✔ one actual diagnostic sequence keeps empty installation distinct from nonempty token/REST/declarations (10.804746ms)
✔ partial stream failure is UNKNOWN and cannot allow a later independent read (3.324748ms)
✔ permission/shape metadata error does not become an empty grant agreement (3.146195ms)
✔ metadata shape failure still permits the independent REST read (2.205873ms)
✔ public sequence preserves missing installation/REST scope semantics (2.374943ms)
✔ public sequence preserves null installation/REST scope semantics (2.14614ms)
✔ public sequence preserves empty installation/REST scope semantics (2.066935ms)
✔ public sequence preserves wrong-type installation/REST scope semantics (1.813363ms)
✔ public sequence preserves duplicates installation/REST scope semantics (2.10972ms)
✔ public sequence preserves bad-handle installation/REST scope semantics (2.140721ms)
✔ token missing is recorded separately without preventing identity verification (1.71516ms)
✔ token null is recorded separately without preventing identity verification (1.537105ms)
✔ token empty is recorded separately without preventing identity verification (1.516035ms)
✔ token wrong-type is recorded separately without preventing identity verification (1.505189ms)
✔ token duplicate is recorded separately without preventing identity verification (1.512073ms)
✔ token bad-handle is recorded separately without preventing identity verification (1.498169ms)
✔ wrong shop identity stops after exactly two attempts (1.230633ms)
✔ wrong domain identity stops after exactly two attempts (0.922ms)
✔ wrong app identity stops after exactly two attempts (1.039013ms)
✔ wrong client identity stops after exactly two attempts (0.94852ms)
✔ wrong installation identity stops after exactly two attempts (0.924072ms)
✔ wrong development identity stops after exactly two attempts (0.889046ms)
✔ explicit mismatched declared identity stops before REST (1.330082ms)
✔ token-invalid metadata response stops all later work (1.280208ms)
✔ offline unvalidated metadata is NOT_RUN without live document fallback (1.230157ms)
✔ unvalidated identity document stops before credential access (0.440809ms)
✔ actual entrypoint prevents host dispatch (0.953135ms)
✔ actual entrypoint prevents API dispatch (0.804607ms)
✔ actual entrypoint prevents method dispatch (0.816492ms)
✔ actual entrypoint prevents document dispatch (0.885323ms)
✔ actual entrypoint prevents mutation dispatch (0.864311ms)
✔ actual entrypoint prevents variables dispatch (0.829928ms)
✔ fixed REST GET prevents query (3.130199ms)
✔ fixed REST GET prevents body (1.449881ms)
✔ canonical history cannot be reopened, exhausted, corrupted or reset after loss (2.310494ms)
✔ expired credential preparation never dispatches a late HTTP call and retains pending lock (35.893967ms)
✔ ignored abort and late HTTP completion remain UNKNOWN with no later request or evidence rewrite (1023.898942ms)
✔ metadata oversized is shape evidence and allows independent REST (6.935471ms)
✔ metadata invalid-UTF8 is shape evidence and allows independent REST (4.45599ms)
✔ metadata invalid-JSON is shape evidence and allows independent REST (4.404856ms)
✔ metadata missing-body is shape evidence and allows independent REST (4.087732ms)
✔ unusable authentication never authorizes a read (1.498934ms)
✔ unusable authentication never authorizes a read (1.346465ms)
✔ unusable authentication never authorizes a read (1.305274ms)
✔ synthetic entry cannot override its mode to admit a nonsynthetic bearer (1.41965ms)
✔ pinned documented fields validate both exact documents and reject mutation/extra/unknown syntax (1.088892ms)
✔ live entrypoint rejects an unbound offline gate before owner credential metadata (28.558412ms)
✔ complete source/CI/review gate accepts exact receipts and rejects omitted/stale/altered evidence (87.694914ms)
✔ captured four-surface empty scope result replays through the public sequence without authorizing repair (2.041853ms)
ℹ tests 49
ℹ suites 0
ℹ pass 49
ℹ fail 0
ℹ cancelled 0
ℹ skipped 0
ℹ todo 0
ℹ duration_ms 1478.432512
✔ source gate requires two fresh high-effort reviews and every workflow on the frozen source (4.174318ms)
✔ full source binding includes the inherited internal Rust links without following external symlinks (209.199499ms)
✔ exact historical ownership accepts the fixed fixture and rejects an alternate target (2.048835ms)
✔ actual production acquire reports legacy membership conflict; V2 adjudication archives the owned fixture once (44.834206ms)
✔ ownership stops before any status mutation (2.703181ms)
✔ incomplete resourcePublications stops before any status mutation (2.393053ms)
✔ incomplete unpublishedPublications stops before any status mutation (2.547469ms)
✔ incomplete APP stops before any status mutation (3.438574ms)
✔ incomplete MARKET stops before any status mutation (4.192367ms)
✔ incomplete COMPANY_LOCATION stops before any status mutation (4.950456ms)
✔ incomplete NONE stops before any status mutation (6.361916ms)
✔ missing read scope stops before any status mutation (1.562075ms)
✔ initial DRAFT drift stops before any status mutation (5.807765ms)
✔ cross-partition version drift stops before any status mutation (2.963115ms)
✔ observed required grant loss in adapter read stops before any status mutation (9.809251ms)
✔ lost DRAFT acknowledgement never retries or archives (11.873295ms)
✔ DRAFT readback failure never retries or archives (11.581932ms)
✔ post-DRAFT ownership drift never retries or archives (15.503543ms)
✔ post-DRAFT partition drift never retries or archives (13.686057ms)
✔ different V2 behavior is classified from evidence without assuming staged membership (26.249113ms)
✔ ambiguous archive has exactly one bounded final observation and no resend (19.279435ms)
✔ newly appearing DRAFT V2 membership is not described as retained from ACTIVE (19.356623ms)
✔ acknowledgement/readback version drift stops before any post-DRAFT projection or cleanup (11.536577ms)
✔ concrete Shopify AppCatalog metadata permits the fixed adjudication (21.176311ms)
✔ concrete Shopify MarketCatalog metadata permits the fixed adjudication (21.859113ms)
✔ concrete Shopify CompanyLocationCatalog metadata permits the fixed adjudication (21.583221ms)
✔ catalog typename and global ID mismatch stops before any status mutation (6.078345ms)
✔ wrapped production failure preserves {"userError":true} (12.819785ms)
✔ wrapped production failure preserves {"adapterFailure":"http403"} (7.496976ms)
✔ wrapped production failure preserves {"adapterFailure":"graphql"} (7.382636ms)
✔ wrapped production failure preserves {"adapterFailure":"invalidJSON"} (8.453218ms)
✔ wrapped production failure preserves {"adapterFailure":"missingBody"} (6.242925ms)
✔ wrapped production failure preserves {"adapterFailure":"badScopes"} (7.020711ms)
✔ wrapped production failure preserves {"adapterFailure":"badNodes"} (6.72025ms)
✔ wrapped production failure preserves {"adapterFailure":"nullScope"} (6.663126ms)
✔ wrapped production failure preserves {"adapterFailure":"nullScopePost"} (12.140916ms)
✔ wrapped production failure preserves {"adapterFailure":"badHandlePost"} (10.387694ms)
✔ wrapped production failure preserves {"adapterFailure":"scopeString"} (6.68124ms)
✔ outstanding archive transport quarantines all further dispatch {"archiveOutstanding":true} (40.012242ms)
✔ outstanding archive transport quarantines all further dispatch {"archiveBodyOutstanding":true} (40.233567ms)
✔ outstanding archive transport quarantines all further dispatch {"archiveOversizeOutstanding":true} (37.585132ms)
✔ outstanding archive transport quarantines all further dispatch {"archiveBodyAbortOutstanding":true} (41.525688ms)
✔ outstanding archive transport quarantines all further dispatch {"archiveBodyCancelRejected":true} (28.686256ms)
✔ durable transport denies alternate target, ACTIVE, extra fields and arbitrary documents before HTTP (1.184672ms)
✔ quarantined first event zero rejects every subsequent provider dispatch (20.47022ms)
✔ 100 serial synthetic adjudications preserve the fixed ceilings and stop on each ambiguous write (1572.070305ms)
ℹ tests 46
ℹ suites 0
ℹ pass 46
ℹ fail 0
ℹ cancelled 0
ℹ skipped 0
ℹ todo 0
ℹ duration_ms 2403.116525
✔ source gate requires two fresh high-effort reviews and every workflow on the frozen source (3.064804ms)
✔ full source binding includes the inherited internal Rust links without following external symlinks (214.375431ms)
✔ alternate product and broad search are refused before HTTP (2.925116ms)
✔ fixed intent reads clean up one owned DRAFT and close with exact ARCHIVED settlement (27.326911ms)
✔ already ARCHIVED fixture is observed with no cleanup mutation (10.116109ms)
✔ complete negative intent surfaces report NO_INTENT_OBSERVED before cleanup (12.167954ms)
✔ unexpected ownership stops before cleanup (2.656866ms)
✔ unexpected ACTIVE stops before cleanup (2.487677ms)
✔ initial version drift stops before cleanup (2.421909ms)
✔ scope loss stops before cleanup (1.52827ms)
✔ incomplete includedProducts stops before cleanup (4.41399ms)
✔ foreign exact-ID result stops before cleanup (6.643081ms)
✔ duplicate exact-ID result stops before cleanup (5.567156ms)
✔ one-second observation drift stops before cleanup (5.434091ms)
✔ changed publication identity stops before cleanup (3.090669ms)
✔ search anchor disagrees stops before cleanup (6.619603ms)
✔ contradictory inclusion/search results stop before cleanup (8.364214ms)
✔ effective publication on DRAFT makes intent inconsistent and refuses cleanup (8.641756ms)
✔ ambiguous archive response consumes one final exact read without resend (11.774905ms)
✔ one-second archive acknowledgement/readback drift stays a conflict (12.035113ms)
✔ authentication failure closes the fresh register without Admin requests (1.050293ms)
✔ quarantined outstanding archive forbids final read and any overlapping request (8013.592564ms)
✔ fixed documents and variables exclude every alternate target before HTTP (127.493226ms)
✔ fixed source query literals are exactly the authorized ID filters and first:2 (0.497766ms)
✔ closed register cannot be initialized a second time (11.233685ms)
✔ 100 serial synthetic runs preserve zero or one mutation and never overlap (872.896065ms)
✔ invalid or malformed runtime search metadata stops before cleanup (6.778769ms)
✔ malformed GraphQL errors values never authorize cleanup (16.731469ms)
✔ rejected foreign descriptive data is absent from register and qualification evidence (7.967563ms)
✔ a failed read reservation cannot be retried or lead to unverifiable cleanup (1.465013ms)
✔ documented search diagnostics without warnings preserve exact intent reads (10.643616ms)
ℹ tests 31
ℹ suites 0
ℹ pass 31
ℹ fail 0
ℹ cancelled 0
ℹ skipped 0
ℹ todo 0
ℹ duration_ms 9418.885405
$ tsc -p scripts/m1-functions/tsconfig.json && node --test scripts/m1-functions/check-vector.test.ts
✔ TypeScript/Node and Rust share the exact experimental-v2 envelope/member bytes (5.639594ms)
ℹ tests 1
ℹ suites 0
ℹ pass 1
ℹ fail 0
ℹ cancelled 0
ℹ skipped 0
ℹ todo 0
ℹ duration_ms 127.697713
$ node scripts/boundaries/check.mjs && node scripts/boundaries/check-database-api.mjs && node scripts/boundaries/check-domain-effects.mjs && node --test scripts/boundaries/domain-effects.test.mjs
Boundary checks passed: 187 real modules, 4 browser modules, 19 negative source fixtures, 2 rejected browser bundles and exports.
Database public API rejects 19 compiler probes and 4 runtime deep imports.
6 production domain modules have no prohibited ambient effects
✔ Date.now is rejected in a production domain helper (8.914011ms)
✔ new Date is rejected in a production domain helper (0.742523ms)
✔ Math.random is rejected in a production domain helper (0.468474ms)
✔ globalThis.Date.now is rejected in a production domain helper (0.514546ms)
✔ fetch is rejected in a production domain helper (1.197602ms)
✔ globalThis.crypto is rejected in a production domain helper (0.416262ms)
✔ computed random is rejected in a production domain helper (0.8817ms)
✔ template random is rejected in a production domain helper (0.66053ms)
✔ dynamic Math member is rejected in a production domain helper (1.218175ms)
✔ spread Date is rejected in a production domain helper (1.552164ms)
✔ random destructuring is rejected in a production domain helper (0.739557ms)
✔ date alias is rejected in a production domain helper (0.341964ms)
✔ math alias is rejected in a production domain helper (0.304464ms)
✔ import meta is rejected in a production domain helper (0.383954ms)
✔ process environment is rejected in a production domain helper (0.223291ms)
✔ deterministic numeric and explicit-value operations stay allowed (1.373777ms)
✔ type-only properties are not ambient API references (2.106959ms)
✔ compiled graph includes an imported module with an excluded test-like filename (565.69801ms)
ℹ tests 18
ℹ suites 0
ℹ pass 18
ℹ fail 0
ℹ cancelled 0
ℹ skipped 0
ℹ todo 0
ℹ duration_ms 984.401452
$ node scripts/boundaries/check-secrets.mjs
Secret/fixture provenance check passed: 108 production source files, 82 separately scanned test/fixture files, 2 browser artifacts, 2 explicitly synthetic seeds.
20 archived Cargo manifests remain independent
$ bash scripts/m1-functions/check.sh
    Finished `dev` profile [unoptimized + debuginfo] target(s) in 0.10s
    Finished `test` profile [unoptimized + debuginfo] target(s) in 0.07s
     Running unittests src/lib.rs (target/debug/deps/cart_authorization-428bc6dab939b9b3)

running 0 tests

test result: ok. 0 passed; 0 failed; 0 ignored; 0 measured; 0 filtered out; finished in 0.00s

     Running tests/currency_matrix.rs (target/debug/deps/currency_matrix-a76cbbc666a7ab20)

running 1 test
test every_admitted_currency_agrees_with_versioned_ts_matrix ... ok

test result: ok. 1 passed; 0 failed; 0 ignored; 0 measured; 0 filtered out; finished in 0.01s

     Running tests/production_vectors.rs (target/debug/deps/production_vectors-931358b74671ec5f)

running 1 test
test production_typescript_vectors_verify_with_complete_rust_core ... ok

test result: ok. 1 passed; 0 failed; 0 ignored; 0 measured; 0 filtered out; finished in 0.11s

     Running tests/whole_quote.rs (target/debug/deps/whole_quote-dd6e3b33eb9f8a50)

running 13 tests
test canonical_carriers_reject_length_padding_alphabet_and_tail_bits ... ok
test complete_ordered_set_verifies_once_and_matches_observed_price ... ok
test compensated_price_mutations_cannot_preserve_authorization_by_preserving_total ... ok
test every_header_byte_class_is_signed_and_structural_header_is_strict ... ok
test last_member_change_invalidates_everything ... ok
test independent_context_keys_date_and_physical_economics_reject ... ok
test missing_duplicate_unsigned_and_extra_members_fail_closed ... ok
test member_from_a_different_signed_quote_cannot_mix_with_original_envelope ... ok
test noncanonical_public_point_and_revoked_or_out_of_window_keys_reject ... ok
test shared_python_typescript_rust_golden_vector_agrees ... ok
test signature_and_arithmetic_profiles_reject_mutations ... ok
test large_complete_quantity_and_500_unit_tier_cannot_be_partially_reused ... ok
test fifteen_independently_signed_high_bit_magic_variants_reject ... ok

test result: ok. 13 passed; 0 failed; 0 ignored; 0 measured; 0 filtered out; finished in 0.30s

     Running unittests src/main.rs (target/debug/deps/cart_transform-358275b5ea2405f6)

running 20 tests
test capacity::tests::exact_output_bound_has_headroom ... ok
test capacity::tests::cart_line_width_and_grammar ... ok
test product_policy::tests::absent_fields_are_unmanaged_but_a_single_lost_field_is_uncertain ... ok
test product_policy::tests::illegible_lone_anchor_cannot_authorize_a_signed_quote ... ok
test product_policy::tests::matching_ready_fields_classify_required_and_optional ... ok
test product_policy::tests::pending_malformed_and_stale_fields_block_plain_but_preserve_signed ... ok
test product_policy::tests::strict_grammar_rejects_unknown_states_and_noncanonical_revisions ... ok
test product_policy::tests::wrong_installation_generation_rejects_signed_too ... ok
test tests::no_partial_expansion_for_incomplete_or_tampered_set ... ok
test tests::revoked_and_out_of_window_public_keys_emit_no_price_operation ... ok
test tests::complete_set_sets_both_prices_and_copies_compact_member ... ok
test tests::signed_quote_with_only_illegible_policy_emits_no_price ... ok
test tests::signed_quote_with_no_product_anchors_still_requires_shop_keys ... ok
test tests::context_physical_line_policy_and_cart_order_are_enforced ... ok
test tests::signed_prices_survive_policy_revision_and_one_lost_anchor ... ok
test tests::unsigned_marker_removed_and_invalid_signature_emit_no_price ... ok
test tests::ten_thousand_physical_units_use_two_expansions ... ok
test tests::untrusted_config_cannot_raise_experiment_ceiling ... ok
test tests::transform_accepts_canonical_zero_and_echoes_target_local_id ... ok
test tests::ten_bucket_output_is_bounded_and_oversized_sets_emit_no_partial_operation ... ok

test result: ok. 20 passed; 0 failed; 0 ignored; 0 measured; 0 filtered out; finished in 0.05s

     Running unittests src/main.rs (target/debug/deps/cart_validation-95daed9c7c60dc1b)

running 24 tests
test capacity::tests::cart_line_width_and_grammar ... ok
test capacity::tests::exact_output_bound_has_headroom ... ok
test product_policy::tests::illegible_lone_anchor_cannot_authorize_a_signed_quote ... ok
test product_policy::tests::absent_fields_are_unmanaged_but_a_single_lost_field_is_uncertain ... ok
test product_policy::tests::matching_ready_fields_classify_required_and_optional ... ok
test product_policy::tests::wrong_installation_generation_rejects_signed_too ... ok
test product_policy::tests::pending_malformed_and_stale_fields_block_plain_but_preserve_signed ... ok
test product_policy::tests::strict_grammar_rejects_unknown_states_and_noncanonical_revisions ... ok
test tests::incomplete_tampered_and_unsigned_required_sets_reject ... ok
test tests::malformed_stale_pending_and_wrong_generation_policy_fail_plain ... ok
test tests::complete_set_compares_observed_exact_subtotals ... ok
test tests::buyer_marker_removal_cannot_turn_known_required_into_plain ... ok
test tests::one_lost_anchor_blocks_plain_while_explicit_optional_and_unmanaged_pass ... ok
test tests::revoked_and_out_of_window_public_keys_reject_checkout ... ok
test tests::cart_order_context_and_physical_claim_changes_fail_at_checkout ... ok
test tests::signed_quote_with_only_illegible_policy_rejects ... ok
test tests::signed_quote_with_no_product_anchors_needs_healthy_shop_keys ... ok
test tests::signed_historical_quote_survives_same_generation_policy_revision ... ok
test tests::untrusted_config_cannot_raise_experiment_ceiling ... ok
test tests::ten_thousand_physical_units_validate_without_per_unit_expansion ... ok
test tests::mixed_200_line_cart_blocks_damaged_managed_line_then_recovers ... ok
test tests::zero_based_cartline_does_not_bypass_economics_or_trust_at_checkout ... ok
test tests::ten_bucket_set_validates_and_oversized_sets_reject ... ok
test tests::zero_based_cartline_preserves_complete_signed_checkout_at_both_steps ... ok

test result: ok. 24 passed; 0 failed; 0 ignored; 0 measured; 0 filtered out; finished in 0.11s

   Doc-tests cart_authorization

running 0 tests

test result: ok. 0 passed; 0 failed; 0 ignored; 0 measured; 0 filtered out; finished in 0.00s

/home/serveradmin/insignia-m5-012-worktree/crates/cart-transform/target/m1-tools/shopify-function-trampoline-2.0.1: OK
    Finished `release` profile [optimized] target(s) in 0.04s
c20cbda370e8ce19c309a49a71f497edb36e2f2db6b4667eced22073cb76fc17  /home/serveradmin/insignia-m5-012-worktree/extensions/insignia-cart-transform/target/cart-transform.raw.wasm
49248769ae4ce578af7c5e7fa77f8c230c8fd4f45b2d673c22cfed87ff946576  /home/serveradmin/insignia-m5-012-worktree/extensions/insignia-cart-transform/target/cart-transform.wasm
184312 /home/serveradmin/insignia-m5-012-worktree/extensions/insignia-cart-transform/target/cart-transform.raw.wasm
181378 /home/serveradmin/insignia-m5-012-worktree/extensions/insignia-cart-transform/target/cart-transform.wasm
365690 total
/home/serveradmin/insignia-m5-012-worktree/crates/cart-validation/target/m1-tools/shopify-function-trampoline-2.0.1: OK
    Finished `release` profile [optimized] target(s) in 0.04s
1c2e43c03c62fb1983089d3b8623eeb6a3ffc90211893c9abb7a2b67fa9ad763  /home/serveradmin/insignia-m5-012-worktree/extensions/insignia-cart-validation/target/cart-validation.raw.wasm
3193f60bbb29cdc473ce7ae73e88d1064ca7be2f03da2aade4e17ae1390366c6  /home/serveradmin/insignia-m5-012-worktree/extensions/insignia-cart-validation/target/cart-validation.wasm
185960 /home/serveradmin/insignia-m5-012-worktree/extensions/insignia-cart-validation/target/cart-validation.raw.wasm
182968 /home/serveradmin/insignia-m5-012-worktree/extensions/insignia-cart-validation/target/cart-validation.wasm
368928 total
/home/serveradmin/insignia-m5-012-worktree/.m1-artifacts/tools/function-runner-9.2.2: OK
transform 8 c20cbda370e8ce19c309a49a71f497edb36e2f2db6b4667eced22073cb76fc17 49248769ae4ce578af7c5e7fa77f8c230c8fd4f45b2d673c22cfed87ff946576
validation 18 1c2e43c03c62fb1983089d3b8623eeb6a3ffc90211893c9abb7a2b67fa9ad763 3193f60bbb29cdc473ce7ae73e88d1064ca7be2f03da2aade4e17ae1390366c6
{
  "rows": 230,
  "positive": 16,
  "vectorsSha256": "7f0046b88183b79cbccc305c883aab0483a6cda1eddb191297e2295c35ac1eda",
  "transformWasmSha256": "49248769ae4ce578af7c5e7fa77f8c230c8fd4f45b2d673c22cfed87ff946576",
  "validationWasmSha256": "3193f60bbb29cdc473ce7ae73e88d1064ca7be2f03da2aade4e17ae1390366c6"
}
M4-003 production builder config passed 6 complete Function runs.
$ corepack pnpm --filter @insignia/web test && corepack pnpm --filter @insignia/storefront test
$ node --test test/*.test.mjs test/admin/*.test.mjs
﹣ real PG activation composes trusted release, synthetic Shopify hold and immutable evidence (0.954071ms) # SKIP
✔ admin distinguishes activation waiting, held, restoration and conflict without manufacturing ACTIVE (1.202655ms)
✔ publication conflict outranks a retained held/pending activation state (0.19016ms)
✔ terminal operator hold outranks stale held activation (0.168491ms)
✔ current staff and installation grant read and edit; reinstallation is checked every request (1.882257ms)
✔ staff read access does not grant mutation (1.114736ms)
✔ expired or cross-shop identity and stale installation fail closed (0.478764ms)
✔ read requires current verified staff and exact shop, even on deep links (28.299391ms)
✔ mutation refuses cross-origin and staff denial before invoking command (2.795877ms)
✔ save carries exact product, draft version and idempotency to durable command (1.765713ms)
✔ stale draft save is a conflict, never a success response (1.109407ms)
✔ publish returns activation-pending truthfully and requires current edit grant (1.173499ms)
✔ a product missing from the verified shop cannot be changed (0.736817ms)
✔ expired identity and shop supplied in command body cannot create a config (1.703356ms)
✔ unwired admin backend serves no private catalog data (0.574442ms)
✔ unknown durable command failures remain unavailable without leaking details (1.02024ms)
✔ editor-generated fixed, override and tier defaults price through unchanged M2 in zero/two/three exponent currencies (3456.189972ms)
✔ real browser editor syncs typed view, variant and step controls with direct Konva canvas and saved draft (1916.289761ms)
✔ removing named choices drops only their labels including nested option value labels before save (1149.206482ms)
✔ variant without a saved image override retains the portrait default until explicit landscape adoption (860.597828ms)
✔ merchant currency adoption refreshes saved publication eligibility and later failed or stale reads fail closed (938.022869ms)
✔ mobile deep link, cookie-free reload, interrupted save, stale conflict, and missing Polaris control (2121.639309ms)
✔ interrupted publication resumes the identical request after reload and reaches a durable phase (871.976292ms)
✔ numeric placement input reaches owner state before blur and survives an owner rerender (1296.84165ms)
✔ publication success preserves dirty local edits and exact save recovery [1/1] (849.405861ms)
✔ publication failed preserves dirty local edits and exact save recovery [1/1] (883.185747ms)
✔ publication success preserves ambiguous local edits and exact save recovery [1/1] (956.707285ms)
✔ publication failed preserves ambiguous local edits and exact save recovery [1/1] (1069.705643ms)
✔ publication retry keeps the original version after a newer draft edit when embedded storage is denied (852.26768ms)
✔ stale stored publication is replaced by the current immutable intent despite newer ineligible draft (653.91598ms)
✔ reinstalled Admin discards prior-generation browser request and publishes with a new key (689.750448ms)
✔ concurrent editor refreshes share one App Bridge identity request (1320.781836ms)
✔ empty merchant draft can be configured through typed controls and pass M2 validation (1166.274219ms)
﹣ overlapping distinct-key M5 creates serialize before the command FK lock upgrade (1.164037ms) # SKIP
﹣ currency precision rejects invalid saved and legacy publication amounts without rounding or durable intent (0.180857ms) # SKIP
﹣ durable editor CAS, exact-key replay, independent copy, immutable geometry, and reinstall fence (0.139985ms) # SKIP
﹣ actual M4 prepare/advance over immutable M5 revision reports ready, conflict and hold truthfully (0.981538ms) # SKIP
✔ diagnostic preview requires accounting and HTTPS before any provider access (456.944632ms)
﹣ live-style SDK identity, local PG create/save/reload/CAS/exact ambiguous replay and mutation refusal (0.672018ms) # SKIP
✔ preview same-token single flight; replacement and current-installation invalidation exchange fresh (1.37083ms)
✔ preview rejected exchange is not cached and expired or long-lived identity is denied (0.872184ms)
﹣ production composition uses signed staff SDK, current feature policy and real M4 prepare with admission hold (0.952466ms) # SKIP
✔ server activation composition cannot promote a diagnostic observation without trusted release source (1.995816ms)
✔ server composition binds trusted provider reads to one signed immutable quote candidate (43.762085ms)
✔ built SSR serves public shell and a real Polaris/Preact interaction (5904.15207ms)
✔ HTTP 5xx after durable inbox commit leads to same-ID retry and a single queue handoff (16.534548ms)
✔ stream bound rejects a lying or absent Content-Length before trusted metadata is stored (4.426937ms)
﹣ built HTTP ingress authenticates raw bytes and durably deduplicates through PostgreSQL and queue (1.052082ms) # SKIP
ℹ tests 48
ℹ suites 0
ℹ pass 40
ℹ fail 0
ℹ cancelled 0
ℹ skipped 8
ℹ todo 0
ℹ duration_ms 21726.193521
$ node --test test/*.test.mjs
✔ custom element mounts, unmounts, and contains DOM, state and events (771.73298ms)
ℹ tests 1
ℹ suites 0
ℹ pass 1
ℹ fail 0
ℹ cancelled 0
ℹ skipped 0
ℹ todo 0
ℹ duration_ms 1197.782177
{"archivedArchitectureRef": "0f2c80a316228bd69fdd2ff272e967ff14647b2b", "archivedArchitectureVerified": true, "archivedV1_2Ref": "662a78cd27507d8a2f1eaa976f1c644c93edd1be", "archivedV1_2Sha256": {"docs/architecture/OPTION-A-APPROVED.md": "321f86f5823a0b73b6a6483c172e5d56a0172de442f38dc79ae337de51adf209", "docs/architecture/decision-ledger.md": "97ebb79ddc53000c53c46218ba8c83a5ba2279720ed07ff50809706b4f1a800a", "docs/architecture/implementation-plan.md": "8bb45ac9e2834bf047824a2e3dda4da7f76692bae685f6657da7b3ab03d0b145"}, "archivedV1_3Ref": "4209bb16a09cff95d5cbbc1bbcb082e8c1fa8899", "archivedV1_3Sha256": {"docs/architecture/decision-ledger.md": "d4297182b12978822dae124a040a0d47aafcdb7749f7ad8602f0626e964937e9", "docs/architecture/implementation-plan.md": "b730c0dc274af8180a9aae3290189a8fd61b6b92e06681d345fe5d9aab22c06d"}, "currentArchitectureSha256": {"docs/architecture/OPTION-A-APPROVED.md": "321f86f5823a0b73b6a6483c172e5d56a0172de442f38dc79ae337de51adf209", "docs/architecture/decision-ledger.md": "3d1e8fe50c948822ba3403facfc142402d4fc6631d8d667a2e3341ff6cdbd802", "docs/architecture/implementation-plan.md": "cd59fd361d69adc3f307ee9b88ba1f5509ffeefb68aea90a15f9b88757b4e792"}, "currentArchitectureVersion": "1.4", "historicalMerge": "eaa386c90786e560d49f8311878c95d26cc3c7b8", "manifestSha256": "c2d017f70c4e781d174695c27b9a8c3295666c105af598d8caed6ce9a18160e8", "oldSourceCount": 41, "unchangedReceiptCount": 120}
{"draftProducts": 2, "hashedSetupReceipts": 14, "initialUnits": 272, "ownedFunctions": 2, "status": "PASS", "variants": 3}
48 required files hashed: .m1-artifacts/manifest.json
