✖ alternate product and broad search are refused before HTTP (2.094852ms)
ℹ tests 1
ℹ suites 0
ℹ pass 0
ℹ fail 1
ℹ cancelled 0
ℹ skipped 0
ℹ todo 0
ℹ duration_ms 69.290194

✖ failing tests:

test at scripts/m5-012/operator.test.mjs:8:1
✖ alternate product and broad search are refused before HTTP (2.094852ms)
  AssertionError [ERR_ASSERTION]: The input did not match the regular expression /document_or_target_denied/. Input:
  
  'Error: HTTP forbidden'
  
      at async TestContext.<anonymous> (file:///home/serveradmin/insignia-m5-012-worktree/scripts/m5-012/operator.test.mjs:11:3)
      at async Test.run (node:internal/test_runner/test:1409:7)
      at async startSubtestAfterBootstrap (node:internal/test_runner/harness:387:3) {
    generatedMessage: true,
    code: 'ERR_ASSERTION',
    actual: Error: HTTP forbidden
        at Object.fetchImpl [as fetch] (file:///home/serveradmin/insignia-m5-012-worktree/scripts/m5-012/operator.test.mjs:10:151)
        at TestContext.<anonymous> (file:///home/serveradmin/insignia-m5-012-worktree/scripts/m5-012/operator.test.mjs:11:27)
        at Test.runInAsyncScope (node:async_hooks:227:14)
        at Test.run (node:internal/test_runner/test:1402:25)
        at Test.start (node:internal/test_runner/test:1262:17)
        at startSubtestAfterBootstrap (node:internal/test_runner/harness:387:17),
    expected: /document_or_target_denied/,
    operator: 'rejects',
    diff: 'simple'
  }
