✔ actual HTTP attempts are durably reserved before dispatch (10.579004ms)
✔ captured M5-004 empty grants stop the actual public workflow before any fixture write (6.801944ms)
✔ fixed targets/documents/variables reject unrelated writes and extra payload before actual HTTP (4.115799ms)
✔ normal reserves cannot consume final 12 reads/3 updates; all attempts count, one lock and one create (186.463596ms)
✔ naturally lost mutation response stops all later writes and cleanup across reopen; no automatic retry (2.404042ms)
✔ real routing identity, nine retained grants and complete empty publication history are mandatory (2.228059ms)
✔ auth exact app/route counts3 and never persists synthetic secret or returned token (1.825996ms)
✔ missing/corrupt history never reinitializes or sends (0.716903ms)
✔ offline gate prevents even credential loading (0.296347ms)
✔ full qualification reuses unchanged actual status/catalog adapters, fresh-process hold reload and drift refusal (554.245949ms)
✔ complete workflow stops on changed installation; no manufacture or unsafe cleanup (22.894258ms)
✔ complete workflow stops on unexpected exposure; no manufacture or unsafe cleanup (24.466711ms)
✔ complete workflow stops on visibility mismatch; no manufacture or unsafe cleanup (167.610617ms)
✔ complete workflow stops on natural lost response; no manufacture or unsafe cleanup (117.805493ms)
✔ complete workflow stops on metadata drift; no manufacture or unsafe cleanup (46.499456ms)
✔ complete workflow stops on malformed success; no manufacture or unsafe cleanup (188.99011ms)
✔ live register is canonical; synthetic initialization rejects unsafe directories and lost history (4.807517ms)
✔ malformed/unsuccessful mutation responses stay unknown; only valid explicit rejection permits finalization (9.121161ms)
✔ lock cannot release while late HTTP/body work can still persist history (3.213593ms)
✔ acknowledged fixture metadata baseline rejects added tags or changed creation identity (1.202519ms)
✔ actual adapter HTTP/GraphQL outcomes survive bounded transport and sanitized response replay (20.698705ms)
✔ foreign live root and stale register binding cannot reach credential loading (32.534186ms)
✔ gate rejects incomplete CI and unbound review receipts even when every supplied workflow is green (58.67753ms)
✔ complete source/build/review/CI gate accepts bound receipts and rejects omissions, stale refs or altered evidence (122.039244ms)
✔ actual adapter user-error failure remains identical when replayed from sanitized mutation evidence (11.757743ms)
✔ malformed success userErrors cannot acknowledge a status mutation or allow cleanup (6.811836ms)
✔ actual availability missing/oversized bodies keep direct/wrapped/replayed shape errors (16.440431ms)
✔ catalog receives original bounded UTF8 bytes and provenance hashes the bytes, not replacement text (11.669609ms)
✔ failed catalog preserves actual normalized results before STOP (372.576112ms)
✔ failed drift preserves actual normalized results before STOP (490.651918ms)
✔ availability preserves its lossy UTF8 semantics while catalog rejects the same original bad bytes (2.648383ms)
✔ reopening a finished run preserves exact normalized evidence and refuses before credential loading (472.664692ms)
✔ catalog successful non200 keeps direct/wrapped/replayed body semantics (1.93299ms)
✔ current product capability accepts write_products without the obsolete nine grants (1.69023ms)
✔ legacy exact-nine guard stays unchanged while successor records current additional grants (3.590907ms)
✔ successor rejects absent capability, malformed grants and every wrong routing identity (0.769365ms)
✔ successor rejects the legacy canonical live directory before writing and cannot reopen legacy history (0.965558ms)
✔ successor documents, request ceilings, ownership, settlement and shared matrix stay source-identical (9.551201ms)
✔ fresh complete successor workflow uses real adapters, current product grants, persisted holds and unchanged matrix (967.906138ms)
✔ public successor workflow stops on missing capability without unsafe cleanup or retries (2.079771ms)
✔ public successor workflow stops on wrong identity without unsafe cleanup or retries (2.651236ms)
✔ public successor workflow stops on lost status acknowledgement without unsafe cleanup or retries (84.204914ms)
✔ successor live entry refuses incomplete gate before the protected credential route (36.667122ms)
✔ successor gate binds its own tree, directory, exact source and independent review/CI receipts (177.748483ms)
✔ captured live publication-field denial stops create settlement and never permits status finalization (10.550417ms)
✔ successor gate binds its own tree, directory, exact source and independent review/CI receipts (118.618887ms)
✔ native release and two-scope consent are durable one-use operations with dependency and ambiguity stops (6.422729ms)
✔ native successful sequence closes after exactly one release/request/approval and rejects reset reservation history (3.424361ms)
✔ 010 requires all publication/product capabilities and permits additional well formed grants (5.467743ms)
✔ 010 denies normal fresh create until fixed predecessor has been safely resolved (3.811607ms)
✔ complete absent predecessor lookup permits one fresh create and retains resolution independently (9.620166ms)
✔ owned unpublished ARCHIVED predecessor requires exact archived readback before fresh create (5.912359ms)
✔ owned unpublished DRAFT predecessor requires exact archived readback before fresh create (6.109264ms)
✔ owned unpublished ACTIVE predecessor requires exact archived readback before fresh create (5.474446ms)
✔ owned unpublished UNLISTED predecessor requires exact archived readback before fresh create (7.078593ms)
✔ predecessor multiple stops without any mutation or second lookup (1.806105ms)
✔ predecessor partial next stops without any mutation or second lookup (1.755701ms)
✔ predecessor partial previous stops without any mutation or second lookup (2.402257ms)
✔ predecessor missing page info stops without any mutation or second lookup (1.831512ms)
✔ predecessor missing nodes stops without any mutation or second lookup (1.421051ms)
✔ predecessor invalid product id stops without any mutation or second lookup (1.509201ms)
✔ predecessor wrong type stops without any mutation or second lookup (1.413663ms)
✔ predecessor wrong handle stops without any mutation or second lookup (1.329337ms)
✔ predecessor wrong title stops without any mutation or second lookup (1.328018ms)
✔ predecessor wrong tag stops without any mutation or second lookup (1.395865ms)
✔ predecessor too early creation stops without any mutation or second lookup (1.509412ms)
✔ predecessor invalid creation stops without any mutation or second lookup (1.314228ms)
✔ predecessor future creation stops without any mutation or second lookup (1.46598ms)
✔ predecessor published stops without any mutation or second lookup (1.367108ms)
✔ predecessor store url stops without any mutation or second lookup (1.432496ms)
✔ predecessor publication membership stops without any mutation or second lookup (1.360629ms)
✔ predecessor resource partial stops without any mutation or second lookup (1.891828ms)
✔ predecessor unpublished partial stops without any mutation or second lookup (1.357892ms)
✔ predecessor missing publications stops without any mutation or second lookup (2.005444ms)
✔ predecessor unsupported status stops without any mutation or second lookup (3.095256ms)
✔ predecessor lookup transport retains stop and never retries or creates (1.610444ms)
✔ predecessor lookup stream failure retains stop and never retries or creates (2.015455ms)
✔ predecessor lookup invalid utf8 retains stop and never retries or creates (1.865879ms)
✔ predecessor lookup http retains stop and never retries or creates (1.364352ms)
✔ predecessor lookup missing body retains stop and never retries or creates (1.814221ms)
✔ predecessor lookup invalid json retains stop and never retries or creates (1.431224ms)
✔ predecessor lookup oversized retains stop and never retries or creates (2.3506ms)
✔ predecessor lookup graphql permission retains stop and never retries or creates (1.658765ms)
✔ predecessor lookup partial graphql data retains stop and never retries or creates (1.867978ms)
✔ predecessor lookup mutation rejected retains stop and never retries or creates (1.510943ms)
✔ predecessor archive transport retains stop and never retries or creates (1.760581ms)
✔ predecessor archive stream failure retains stop and never retries or creates (1.954391ms)
✔ predecessor archive invalid utf8 retains stop and never retries or creates (2.122517ms)
✔ predecessor archive http retains stop and never retries or creates (1.920477ms)
✔ predecessor archive missing body retains stop and never retries or creates (1.848092ms)
✔ predecessor archive invalid json retains stop and never retries or creates (2.198259ms)
✔ predecessor archive oversized retains stop and never retries or creates (2.778281ms)
✔ predecessor archive graphql permission retains stop and never retries or creates (1.882513ms)
✔ predecessor archive partial graphql data retains stop and never retries or creates (1.849318ms)
✔ predecessor archive mutation rejected retains stop and never retries or creates (1.902704ms)
✔ predecessor readback transport retains stop and never retries or creates (3.93186ms)
✔ predecessor readback stream failure retains stop and never retries or creates (2.393948ms)
✔ predecessor readback invalid utf8 retains stop and never retries or creates (2.2922ms)
✔ predecessor readback http retains stop and never retries or creates (2.139674ms)
✔ predecessor readback missing body retains stop and never retries or creates (2.103229ms)
✔ predecessor readback invalid json retains stop and never retries or creates (2.327899ms)
✔ predecessor readback oversized retains stop and never retries or creates (3.249198ms)
✔ predecessor readback graphql permission retains stop and never retries or creates (3.253158ms)
✔ predecessor readback partial graphql data retains stop and never retries or creates (3.466866ms)
✔ predecessor readback mutation rejected retains stop and never retries or creates (2.414558ms)
✔ archive wrong id cannot resolve predecessor (2.506272ms)
✔ archive wrong metadata cannot resolve predecessor (1.690374ms)
✔ archive wrong status cannot resolve predecessor (1.599127ms)
✔ archive exposed cannot resolve predecessor (1.614015ms)
✔ readback wrong id cannot resolve predecessor (3.317873ms)
✔ readback wrong metadata cannot resolve predecessor (2.182728ms)
✔ readback wrong status cannot resolve predecessor (2.049429ms)
✔ readback exposed cannot resolve predecessor (2.589602ms)
✔ public qualification resolves absent predecessor then runs unchanged real adapter matrix (494.698139ms)
✔ public qualification resolves ARCHIVED predecessor then runs unchanged real adapter matrix (818.137753ms)
✔ public qualification resolves ACTIVE predecessor then runs unchanged real adapter matrix (514.784572ms)
✔ fixed predecessor search and status-only allowance cannot be caller substituted (1.800625ms)
✔ reload retains predecessor FOUND, independent identity and one archival reservation (1.741322ms)
✔ reload retains predecessor ARCHIVE_ACKNOWLEDGED, independent identity and one archival reservation (1.962035ms)
✔ reload retains predecessor ARCHIVED_VERIFIED, independent identity and one archival reservation (2.32892ms)
✔ reload retains predecessor STOPPED, independent identity and one archival reservation (1.918778ms)
✔ reload retains predecessor ABSENT, independent identity and one archival reservation (1.18411ms)
✔ reopening refuses forged safe resolution or a retained lookup for a substituted marker (1.930939ms)
✔ serialized archive and readback attempts reserve actual HTTP once and never share the matrix allowance (5.162749ms)
✔ predecessor lookup consumes normal read ceiling and auth remains bounded at three (66.881598ms)
✔ public qualification stops on missing read_publications with no blind retry (1.823295ms)
✔ public qualification stops on wrong identity with no blind retry (1.572847ms)
✔ public qualification stops on predecessor permission failure with no blind retry (2.155331ms)
✔ public qualification stops on fresh create unknown with no blind retry (4.299685ms)
✔ public qualification stops on fresh adapter update unknown with no blind retry (74.873531ms)
✔ 010 cannot reopen closed-profile histories and synthetic qualification rejects every canonical live directory (28.969254ms)
✔ archival permission expiring during durable reservation consumes allowance without HTTP or retry (1.97908ms)
✔ pending predecessor HTTP retains exclusive lock and prevents early operator closure (1.278641ms)
✔ public qualification stops before fresh create after ACTIVE predecessor archive failure (2.953246ms)
✔ public qualification stops before fresh create after ACTIVE predecessor readback failure (3.564972ms)
✔ public qualification stops before fresh create after ARCHIVED predecessor readback failure (2.803761ms)
ℹ tests 136
ℹ suites 0
ℹ pass 136
ℹ fail 0
ℹ cancelled 0
ℹ skipped 0
ℹ todo 0
ℹ duration_ms 3229.485329
