✔ actual HTTP attempts are durably reserved before dispatch (17.066833ms)
✔ captured M5-004 empty grants stop the actual public workflow before any fixture write (13.351773ms)
✔ fixed targets/documents/variables reject unrelated writes and extra payload before actual HTTP (7.445697ms)
✔ normal reserves cannot consume final 12 reads/3 updates; all attempts count, one lock and one create (239.13661ms)
✔ naturally lost mutation response stops all later writes and cleanup across reopen; no automatic retry (5.860938ms)
✔ real routing identity, nine retained grants and complete empty publication history are mandatory (5.163081ms)
✔ auth exact app/route counts3 and never persists synthetic secret or returned token (1.941262ms)
✔ missing/corrupt history never reinitializes or sends (0.777235ms)
✔ offline gate prevents even credential loading (0.713453ms)
✔ full qualification reuses unchanged actual status/catalog adapters, fresh-process hold reload and drift refusal (1194.884431ms)
✔ complete workflow stops on changed installation; no manufacture or unsafe cleanup (26.408866ms)
✔ complete workflow stops on unexpected exposure; no manufacture or unsafe cleanup (33.536009ms)
✔ complete workflow stops on visibility mismatch; no manufacture or unsafe cleanup (340.043185ms)
✔ complete workflow stops on natural lost response; no manufacture or unsafe cleanup (152.299743ms)
✔ complete workflow stops on metadata drift; no manufacture or unsafe cleanup (29.925927ms)
✔ complete workflow stops on malformed success; no manufacture or unsafe cleanup (154.940586ms)
✔ live register is canonical; synthetic initialization rejects unsafe directories and lost history (0.737675ms)
✔ malformed/unsuccessful mutation responses stay unknown; only valid explicit rejection permits finalization (6.670279ms)
✔ lock cannot release while late HTTP/body work can still persist history (1.126152ms)
✔ acknowledged fixture metadata baseline rejects added tags or changed creation identity (1.298338ms)
✔ actual adapter HTTP/GraphQL outcomes survive bounded transport and sanitized response replay (14.19988ms)
✔ foreign live root and stale register binding cannot reach credential loading (37.091951ms)
✔ gate rejects incomplete CI and unbound review receipts even when every supplied workflow is green (32.196836ms)
✔ complete source/build/review/CI gate accepts bound receipts and rejects omissions, stale refs or altered evidence (183.066582ms)
✔ actual adapter user-error failure remains identical when replayed from sanitized mutation evidence (11.530388ms)
✔ malformed success userErrors cannot acknowledge a status mutation or allow cleanup (11.118062ms)
✔ actual availability missing/oversized bodies keep direct/wrapped/replayed shape errors (13.843373ms)
✔ catalog receives original bounded UTF8 bytes and provenance hashes the bytes, not replacement text (5.374891ms)
✔ failed catalog preserves actual normalized results before STOP (465.786772ms)
✔ failed drift preserves actual normalized results before STOP (543.975815ms)
✔ availability preserves its lossy UTF8 semantics while catalog rejects the same original bad bytes (2.781539ms)
✔ reopening a finished run preserves exact normalized evidence and refuses before credential loading (561.549808ms)
✔ catalog successful non200 keeps direct/wrapped/replayed body semantics (2.094686ms)
✔ current product capability accepts write_products without the obsolete nine grants (1.87361ms)
✔ legacy exact-nine guard stays unchanged while successor records current additional grants (3.935967ms)
✔ successor rejects absent capability, malformed grants and every wrong routing identity (0.79897ms)
✔ successor rejects the legacy canonical live directory before writing and cannot reopen legacy history (1.267128ms)
✔ successor documents, request ceilings, ownership, settlement and shared matrix stay source-identical (17.071991ms)
✔ fresh complete successor workflow uses real adapters, current product grants, persisted holds and unchanged matrix (1994.44527ms)
✔ public successor workflow stops on missing capability without unsafe cleanup or retries (2.150153ms)
✔ public successor workflow stops on wrong identity without unsafe cleanup or retries (3.41867ms)
✔ public successor workflow stops on lost status acknowledgement without unsafe cleanup or retries (136.553885ms)
✔ successor live entry refuses incomplete gate before the protected credential route (65.99459ms)
✔ successor gate binds its own tree, directory, exact source and independent review/CI receipts (217.86925ms)
✔ captured live publication-field denial stops create settlement and never permits status finalization (9.192416ms)
✔ successor gate binds its own tree, directory, exact source and independent review/CI receipts (223.971104ms)
✔ native release and two-scope consent are durable one-use operations with dependency and ambiguity stops (15.191245ms)
✔ native successful sequence closes after exactly one release/request/approval and rejects reset reservation history (13.394575ms)
✔ 010 requires all publication/product capabilities and permits additional well formed grants (5.729842ms)
✔ 010 denies normal fresh create until fixed predecessor has been safely resolved (4.017617ms)
✔ complete absent predecessor lookup permits one fresh create and retains resolution independently (11.160202ms)
✔ owned unpublished ARCHIVED predecessor requires exact archived readback before fresh create (8.149384ms)
✔ owned unpublished DRAFT predecessor requires exact archived readback before fresh create (7.045908ms)
✔ owned unpublished ACTIVE predecessor requires exact archived readback before fresh create (6.299693ms)
✔ owned unpublished UNLISTED predecessor requires exact archived readback before fresh create (8.733124ms)
✔ predecessor multiple stops without any mutation or second lookup (2.130448ms)
✔ predecessor partial next stops without any mutation or second lookup (2.613872ms)
✔ predecessor partial previous stops without any mutation or second lookup (3.499213ms)
✔ predecessor missing page info stops without any mutation or second lookup (7.141346ms)
✔ predecessor missing nodes stops without any mutation or second lookup (3.856266ms)
✔ predecessor invalid product id stops without any mutation or second lookup (1.942873ms)
✔ predecessor wrong type stops without any mutation or second lookup (4.784082ms)
✔ predecessor wrong handle stops without any mutation or second lookup (1.532353ms)
✔ predecessor wrong title stops without any mutation or second lookup (2.635081ms)
✔ predecessor wrong tag stops without any mutation or second lookup (2.061954ms)
✔ predecessor too early creation stops without any mutation or second lookup (1.580837ms)
✔ predecessor invalid creation stops without any mutation or second lookup (1.747554ms)
✔ predecessor future creation stops without any mutation or second lookup (1.941236ms)
✔ predecessor published stops without any mutation or second lookup (1.42014ms)
✔ predecessor store url stops without any mutation or second lookup (1.446409ms)
✔ predecessor publication membership stops without any mutation or second lookup (1.489349ms)
✔ predecessor resource partial stops without any mutation or second lookup (1.81319ms)
✔ predecessor unpublished partial stops without any mutation or second lookup (1.55275ms)
✔ predecessor missing publications stops without any mutation or second lookup (2.301347ms)
✔ predecessor unsupported status stops without any mutation or second lookup (1.803722ms)
✔ predecessor lookup transport retains stop and never retries or creates (8.18059ms)
✔ predecessor lookup stream failure retains stop and never retries or creates (7.527852ms)
✔ predecessor lookup invalid utf8 retains stop and never retries or creates (2.179509ms)
✔ predecessor lookup http retains stop and never retries or creates (2.971767ms)
✔ predecessor lookup missing body retains stop and never retries or creates (1.304052ms)
✔ predecessor lookup invalid json retains stop and never retries or creates (5.638263ms)
✔ predecessor lookup oversized retains stop and never retries or creates (5.389234ms)
✔ predecessor lookup graphql permission retains stop and never retries or creates (4.271393ms)
✔ predecessor lookup partial graphql data retains stop and never retries or creates (4.323272ms)
✔ predecessor lookup mutation rejected retains stop and never retries or creates (2.448184ms)
✔ predecessor archive transport retains stop and never retries or creates (3.743359ms)
✔ predecessor archive stream failure retains stop and never retries or creates (5.161145ms)
✔ predecessor archive invalid utf8 retains stop and never retries or creates (4.486374ms)
✔ predecessor archive http retains stop and never retries or creates (4.502023ms)
✔ predecessor archive missing body retains stop and never retries or creates (2.660879ms)
✔ predecessor archive invalid json retains stop and never retries or creates (5.391262ms)
✔ predecessor archive oversized retains stop and never retries or creates (6.687968ms)
✔ predecessor archive graphql permission retains stop and never retries or creates (5.072145ms)
✔ predecessor archive partial graphql data retains stop and never retries or creates (2.244058ms)
✔ predecessor archive mutation rejected retains stop and never retries or creates (5.13537ms)
✔ predecessor readback transport retains stop and never retries or creates (8.859968ms)
✔ predecessor readback stream failure retains stop and never retries or creates (7.577927ms)
✔ predecessor readback invalid utf8 retains stop and never retries or creates (4.063731ms)
✔ predecessor readback http retains stop and never retries or creates (5.255867ms)
✔ predecessor readback missing body retains stop and never retries or creates (4.626555ms)
✔ predecessor readback invalid json retains stop and never retries or creates (6.727012ms)
✔ predecessor readback oversized retains stop and never retries or creates (8.638066ms)
✔ predecessor readback graphql permission retains stop and never retries or creates (7.154805ms)
✔ predecessor readback partial graphql data retains stop and never retries or creates (4.581945ms)
✔ predecessor readback mutation rejected retains stop and never retries or creates (6.361289ms)
✔ archive wrong id cannot resolve predecessor (6.953777ms)
✔ archive wrong metadata cannot resolve predecessor (7.490218ms)
✔ archive wrong status cannot resolve predecessor (2.941738ms)
✔ archive exposed cannot resolve predecessor (3.034043ms)
✔ readback wrong id cannot resolve predecessor (8.220168ms)
✔ readback wrong metadata cannot resolve predecessor (6.141643ms)
✔ readback wrong status cannot resolve predecessor (5.447525ms)
✔ readback exposed cannot resolve predecessor (5.359677ms)
✔ public qualification resolves absent predecessor then runs unchanged real adapter matrix (961.93229ms)
✔ public qualification resolves ARCHIVED predecessor then runs unchanged real adapter matrix (827.005206ms)
✔ public qualification resolves ACTIVE predecessor then runs unchanged real adapter matrix (597.22021ms)
✔ fixed predecessor search and status-only allowance cannot be caller substituted (1.818497ms)
✔ reload retains predecessor FOUND, independent identity and one archival reservation (1.855377ms)
✔ reload retains predecessor ARCHIVE_ACKNOWLEDGED, independent identity and one archival reservation (2.009775ms)
✔ reload retains predecessor ARCHIVED_VERIFIED, independent identity and one archival reservation (2.445478ms)
✔ reload retains predecessor STOPPED, independent identity and one archival reservation (1.969806ms)
✔ reload retains predecessor ABSENT, independent identity and one archival reservation (1.319126ms)
✔ reopening refuses forged safe resolution or a retained lookup for a substituted marker (1.956624ms)
✔ serialized archive and readback attempts reserve actual HTTP once and never share the matrix allowance (3.303252ms)
✔ predecessor lookup consumes normal read ceiling and auth remains bounded at three (70.60006ms)
✔ public qualification stops on missing read_publications with no blind retry (1.818596ms)
✔ public qualification stops on wrong identity with no blind retry (1.658423ms)
✔ public qualification stops on predecessor permission failure with no blind retry (2.274359ms)
✔ public qualification stops on fresh create unknown with no blind retry (4.50139ms)
✔ public qualification stops on fresh adapter update unknown with no blind retry (79.052246ms)
✔ 010 cannot reopen closed-profile histories and synthetic qualification rejects every canonical live directory (29.419257ms)
✔ archival permission expiring during durable reservation consumes allowance without HTTP or retry (2.300617ms)
✔ pending predecessor HTTP retains exclusive lock and prevents early operator closure (1.515341ms)
✔ public qualification stops before fresh create after ACTIVE predecessor archive failure (3.239471ms)
✔ public qualification stops before fresh create after ACTIVE predecessor readback failure (4.059237ms)
✔ public qualification stops before fresh create after ARCHIVED predecessor readback failure (3.167193ms)
ℹ tests 136
ℹ suites 0
ℹ pass 136
ℹ fail 0
ℹ cancelled 0
ℹ skipped 0
ℹ todo 0
ℹ duration_ms 4428.188538
