test_failed_subprocess_streams_are_bounded_private_consumed_and_close_the_phase (__main__.PhaseControls.test_failed_subprocess_streams_are_bounded_private_consumed_and_close_the_phase) ... ok
test_manual_surfaces_are_reserved_before_read_once_and_closure_is_final (__main__.PhaseControls.test_manual_surfaces_are_reserved_before_read_once_and_closure_is_final) ... ok
test_one_phase_reserves_admin_once_with_same_shared_deadline_and_private_binding (__main__.PhaseControls.test_one_phase_reserves_admin_once_with_same_shared_deadline_and_private_binding) ... ok
test_real_local_pipe_loader_verifies_exact_bytes_and_host_reservation_before_transport (__main__.PhaseControls.test_real_local_pipe_loader_verifies_exact_bytes_and_host_reservation_before_transport) ... ok
test_remote_result_cannot_claim_complete_when_shape_or_accounting_is_inconsistent (__main__.PhaseControls.test_remote_result_cannot_claim_complete_when_shape_or_accounting_is_inconsistent) ... 
  test_remote_result_cannot_claim_complete_when_shape_or_accounting_is_inconsistent (__main__.PhaseControls.test_remote_result_cannot_claim_complete_when_shape_or_accounting_is_inconsistent) (change="result['providerRequests']=1") ... FAIL
  test_remote_result_cannot_claim_complete_when_shape_or_accounting_is_inconsistent (__main__.PhaseControls.test_remote_result_cannot_claim_complete_when_shape_or_accounting_is_inconsistent) (change="result['globalAbsenceProven']=True") ... FAIL
  test_remote_result_cannot_claim_complete_when_shape_or_accounting_is_inconsistent (__main__.PhaseControls.test_remote_result_cannot_claim_complete_when_shape_or_accounting_is_inconsistent) (change="result['attemptedObservationIds']=[]") ... FAIL
  test_remote_result_cannot_claim_complete_when_shape_or_accounting_is_inconsistent (__main__.PhaseControls.test_remote_result_cannot_claim_complete_when_shape_or_accounting_is_inconsistent) (change="result['observations']=[]") ... FAIL
  test_remote_result_cannot_claim_complete_when_shape_or_accounting_is_inconsistent (__main__.PhaseControls.test_remote_result_cannot_claim_complete_when_shape_or_accounting_is_inconsistent) (change="result['observations'][0]['id']='unallocated'") ... FAIL
  test_remote_result_cannot_claim_complete_when_shape_or_accounting_is_inconsistent (__main__.PhaseControls.test_remote_result_cannot_claim_complete_when_shape_or_accounting_is_inconsistent) (change="result['retryAuthorized']=True") ... FAIL
test_same_allocation_cannot_restart_budget_at_another_directory (__main__.PhaseControls.test_same_allocation_cannot_restart_budget_at_another_directory) ... ok
test_unqualified_or_broadened_declarations_stop_before_phase_creation (__main__.PhaseControls.test_unqualified_or_broadened_declarations_stop_before_phase_creation) ... ok

======================================================================
FAIL: test_remote_result_cannot_claim_complete_when_shape_or_accounting_is_inconsistent (__main__.PhaseControls.test_remote_result_cannot_claim_complete_when_shape_or_accounting_is_inconsistent) (change="result['providerRequests']=1")
----------------------------------------------------------------------
Traceback (most recent call last):
  File "/home/serveradmin/insignia-m5-native-inventory-worktree/scripts/m5-inventory-phase/phase_test.py", line 222, in test_remote_result_cannot_claim_complete_when_shape_or_accounting_is_inconsistent
    self.assertEqual(result['classification'], 'STOP_HOST_RESULT_INVALID')
    ~~~~~~~~~~~~~~~~^^^^^^^^^^^^^^^^^^^^^^^^^^^^^^^^^^^^^^^^^^^^^^^^^^^^^^
AssertionError: 'HOST_METADATA_CAPTURED_NATIVE_UNQUALIFIED' != 'STOP_HOST_RESULT_INVALID'
- HOST_METADATA_CAPTURED_NATIVE_UNQUALIFIED
+ STOP_HOST_RESULT_INVALID


======================================================================
FAIL: test_remote_result_cannot_claim_complete_when_shape_or_accounting_is_inconsistent (__main__.PhaseControls.test_remote_result_cannot_claim_complete_when_shape_or_accounting_is_inconsistent) (change="result['globalAbsenceProven']=True")
----------------------------------------------------------------------
Traceback (most recent call last):
  File "/home/serveradmin/insignia-m5-native-inventory-worktree/scripts/m5-inventory-phase/phase_test.py", line 222, in test_remote_result_cannot_claim_complete_when_shape_or_accounting_is_inconsistent
    self.assertEqual(result['classification'], 'STOP_HOST_RESULT_INVALID')
    ~~~~~~~~~~~~~~~~^^^^^^^^^^^^^^^^^^^^^^^^^^^^^^^^^^^^^^^^^^^^^^^^^^^^^^
AssertionError: 'HOST_METADATA_CAPTURED_NATIVE_UNQUALIFIED' != 'STOP_HOST_RESULT_INVALID'
- HOST_METADATA_CAPTURED_NATIVE_UNQUALIFIED
+ STOP_HOST_RESULT_INVALID


======================================================================
FAIL: test_remote_result_cannot_claim_complete_when_shape_or_accounting_is_inconsistent (__main__.PhaseControls.test_remote_result_cannot_claim_complete_when_shape_or_accounting_is_inconsistent) (change="result['attemptedObservationIds']=[]")
----------------------------------------------------------------------
Traceback (most recent call last):
  File "/home/serveradmin/insignia-m5-native-inventory-worktree/scripts/m5-inventory-phase/phase_test.py", line 222, in test_remote_result_cannot_claim_complete_when_shape_or_accounting_is_inconsistent
    self.assertEqual(result['classification'], 'STOP_HOST_RESULT_INVALID')
    ~~~~~~~~~~~~~~~~^^^^^^^^^^^^^^^^^^^^^^^^^^^^^^^^^^^^^^^^^^^^^^^^^^^^^^
AssertionError: 'HOST_METADATA_CAPTURED_NATIVE_UNQUALIFIED' != 'STOP_HOST_RESULT_INVALID'
- HOST_METADATA_CAPTURED_NATIVE_UNQUALIFIED
+ STOP_HOST_RESULT_INVALID


======================================================================
FAIL: test_remote_result_cannot_claim_complete_when_shape_or_accounting_is_inconsistent (__main__.PhaseControls.test_remote_result_cannot_claim_complete_when_shape_or_accounting_is_inconsistent) (change="result['observations']=[]")
----------------------------------------------------------------------
Traceback (most recent call last):
  File "/home/serveradmin/insignia-m5-native-inventory-worktree/scripts/m5-inventory-phase/phase_test.py", line 222, in test_remote_result_cannot_claim_complete_when_shape_or_accounting_is_inconsistent
    self.assertEqual(result['classification'], 'STOP_HOST_RESULT_INVALID')
    ~~~~~~~~~~~~~~~~^^^^^^^^^^^^^^^^^^^^^^^^^^^^^^^^^^^^^^^^^^^^^^^^^^^^^^
AssertionError: 'HOST_METADATA_CAPTURED_NATIVE_UNQUALIFIED' != 'STOP_HOST_RESULT_INVALID'
- HOST_METADATA_CAPTURED_NATIVE_UNQUALIFIED
+ STOP_HOST_RESULT_INVALID


======================================================================
FAIL: test_remote_result_cannot_claim_complete_when_shape_or_accounting_is_inconsistent (__main__.PhaseControls.test_remote_result_cannot_claim_complete_when_shape_or_accounting_is_inconsistent) (change="result['observations'][0]['id']='unallocated'")
----------------------------------------------------------------------
Traceback (most recent call last):
  File "/home/serveradmin/insignia-m5-native-inventory-worktree/scripts/m5-inventory-phase/phase_test.py", line 222, in test_remote_result_cannot_claim_complete_when_shape_or_accounting_is_inconsistent
    self.assertEqual(result['classification'], 'STOP_HOST_RESULT_INVALID')
    ~~~~~~~~~~~~~~~~^^^^^^^^^^^^^^^^^^^^^^^^^^^^^^^^^^^^^^^^^^^^^^^^^^^^^^
AssertionError: 'HOST_METADATA_CAPTURED_NATIVE_UNQUALIFIED' != 'STOP_HOST_RESULT_INVALID'
- HOST_METADATA_CAPTURED_NATIVE_UNQUALIFIED
+ STOP_HOST_RESULT_INVALID


======================================================================
FAIL: test_remote_result_cannot_claim_complete_when_shape_or_accounting_is_inconsistent (__main__.PhaseControls.test_remote_result_cannot_claim_complete_when_shape_or_accounting_is_inconsistent) (change="result['retryAuthorized']=True")
----------------------------------------------------------------------
Traceback (most recent call last):
  File "/home/serveradmin/insignia-m5-native-inventory-worktree/scripts/m5-inventory-phase/phase_test.py", line 222, in test_remote_result_cannot_claim_complete_when_shape_or_accounting_is_inconsistent
    self.assertEqual(result['classification'], 'STOP_HOST_RESULT_INVALID')
    ~~~~~~~~~~~~~~~~^^^^^^^^^^^^^^^^^^^^^^^^^^^^^^^^^^^^^^^^^^^^^^^^^^^^^^
AssertionError: 'HOST_METADATA_CAPTURED_NATIVE_UNQUALIFIED' != 'STOP_HOST_RESULT_INVALID'
- HOST_METADATA_CAPTURED_NATIVE_UNQUALIFIED
+ STOP_HOST_RESULT_INVALID


----------------------------------------------------------------------
Ran 7 tests in 0.898s

FAILED (failures=6)
