test_failed_subprocess_streams_are_bounded_private_consumed_and_close_the_phase (__main__.PhaseControls.test_failed_subprocess_streams_are_bounded_private_consumed_and_close_the_phase) ... ok
test_invalid_host_gate_or_access_never_invokes_transport_or_reserves_reads (__main__.PhaseControls.test_invalid_host_gate_or_access_never_invokes_transport_or_reserves_reads) ... 
  test_invalid_host_gate_or_access_never_invokes_transport_or_reserves_reads (__main__.PhaseControls.test_invalid_host_gate_or_access_never_invokes_transport_or_reserves_reads) (mutate=230) ... FAIL
  test_invalid_host_gate_or_access_never_invokes_transport_or_reserves_reads (__main__.PhaseControls.test_invalid_host_gate_or_access_never_invokes_transport_or_reserves_reads) (mutate=230) ... FAIL
  test_invalid_host_gate_or_access_never_invokes_transport_or_reserves_reads (__main__.PhaseControls.test_invalid_host_gate_or_access_never_invokes_transport_or_reserves_reads) (mutate=231) ... FAIL
  test_invalid_host_gate_or_access_never_invokes_transport_or_reserves_reads (__main__.PhaseControls.test_invalid_host_gate_or_access_never_invokes_transport_or_reserves_reads) (mutate=231) ... FAIL
test_manual_surfaces_are_reserved_before_read_once_and_closure_is_final (__main__.PhaseControls.test_manual_surfaces_are_reserved_before_read_once_and_closure_is_final) ... ok
test_one_phase_reserves_admin_once_with_same_shared_deadline_and_private_binding (__main__.PhaseControls.test_one_phase_reserves_admin_once_with_same_shared_deadline_and_private_binding) ... ok
test_real_local_pipe_loader_verifies_exact_bytes_and_host_reservation_before_transport (__main__.PhaseControls.test_real_local_pipe_loader_verifies_exact_bytes_and_host_reservation_before_transport) ... ok
test_remote_result_cannot_claim_complete_when_shape_or_accounting_is_inconsistent (__main__.PhaseControls.test_remote_result_cannot_claim_complete_when_shape_or_accounting_is_inconsistent) ... ok
test_same_allocation_cannot_restart_budget_at_another_directory (__main__.PhaseControls.test_same_allocation_cannot_restart_budget_at_another_directory) ... ok
test_unqualified_or_broadened_declarations_stop_before_phase_creation (__main__.PhaseControls.test_unqualified_or_broadened_declarations_stop_before_phase_creation) ... ok

======================================================================
FAIL: test_invalid_host_gate_or_access_never_invokes_transport_or_reserves_reads (__main__.PhaseControls.test_invalid_host_gate_or_access_never_invokes_transport_or_reserves_reads) (mutate=230)
----------------------------------------------------------------------
Traceback (most recent call last):
  File "/home/serveradmin/insignia-m5-native-inventory-worktree/scripts/m5-inventory-phase/phase_test.py", line 240, in test_invalid_host_gate_or_access_never_invokes_transport_or_reserves_reads
    self.assertFalse(marker.exists())
    ~~~~~~~~~~~~~~~~^^^^^^^^^^^^^^^^^
AssertionError: True is not false

======================================================================
FAIL: test_invalid_host_gate_or_access_never_invokes_transport_or_reserves_reads (__main__.PhaseControls.test_invalid_host_gate_or_access_never_invokes_transport_or_reserves_reads) (mutate=230)
----------------------------------------------------------------------
Traceback (most recent call last):
  File "/home/serveradmin/insignia-m5-native-inventory-worktree/scripts/m5-inventory-phase/phase_test.py", line 240, in test_invalid_host_gate_or_access_never_invokes_transport_or_reserves_reads
    self.assertFalse(marker.exists())
    ~~~~~~~~~~~~~~~~^^^^^^^^^^^^^^^^^
AssertionError: True is not false

======================================================================
FAIL: test_invalid_host_gate_or_access_never_invokes_transport_or_reserves_reads (__main__.PhaseControls.test_invalid_host_gate_or_access_never_invokes_transport_or_reserves_reads) (mutate=231)
----------------------------------------------------------------------
Traceback (most recent call last):
  File "/home/serveradmin/insignia-m5-native-inventory-worktree/scripts/m5-inventory-phase/phase_test.py", line 240, in test_invalid_host_gate_or_access_never_invokes_transport_or_reserves_reads
    self.assertFalse(marker.exists())
    ~~~~~~~~~~~~~~~~^^^^^^^^^^^^^^^^^
AssertionError: True is not false

======================================================================
FAIL: test_invalid_host_gate_or_access_never_invokes_transport_or_reserves_reads (__main__.PhaseControls.test_invalid_host_gate_or_access_never_invokes_transport_or_reserves_reads) (mutate=231)
----------------------------------------------------------------------
Traceback (most recent call last):
  File "/home/serveradmin/insignia-m5-native-inventory-worktree/scripts/m5-inventory-phase/phase_test.py", line 240, in test_invalid_host_gate_or_access_never_invokes_transport_or_reserves_reads
    self.assertFalse(marker.exists())
    ~~~~~~~~~~~~~~~~^^^^^^^^^^^^^^^^^
AssertionError: True is not false

----------------------------------------------------------------------
Ran 8 tests in 0.980s

FAILED (failures=4)
