✖ authorization denial fences a save already in flight from repopulating private editor state (6052.855658ms)
ℹ tests 1
ℹ suites 0
ℹ pass 0
ℹ fail 1
ℹ cancelled 0
ℹ skipped 0
ℹ todo 0
ℹ duration_ms 6519.376453

✖ failing tests:

test at test/admin/editor-browser.test.mjs:1743:1
✖ authorization denial fences a save already in flight from repopulating private editor state (6052.855658ms)
  AssertionError [ERR_ASSERTION]: Expected values to be strictly equal:

  1 !== 0

      at TestContext.<anonymous> (file:///home/serveradmin/insignia-m5-018-worktree/apps/web/test/admin/editor-browser.test.mjs:1788:12)
      at async Test.run (node:internal/test_runner/test:1409:7)
      at async startSubtestAfterBootstrap (node:internal/test_runner/harness:387:3) {
    generatedMessage: true,
    code: 'ERR_ASSERTION',
    actual: 1,
    expected: 0,
    operator: 'strictEqual',
    diff: 'simple'
  }
Error: ERR_PNPM_RECURSIVE_EXEC_FIRST_FAIL

  × "pnpm recursive exec" failed in /home/serveradmin/insignia-m5-018-
  │ worktree/apps/web

