✖ durable editor CAS, exact-key replay, independent copy, immutable geometry, and reinstall fence (263.616294ms)
ℹ tests 1
ℹ suites 0
ℹ pass 0
ℹ fail 1
ℹ cancelled 0
ℹ skipped 0
ℹ todo 0
ℹ duration_ms 651.582813

✖ failing tests:

test at test/admin/merchant-config.test.mjs:269:1
✖ durable editor CAS, exact-key replay, independent copy, immutable geometry, and reinstall fence (263.616294ms)
  AssertionError [ERR_ASSERTION]: Immutable request and outbox commit before provider preparation
  
  0 !== 1
  
      at TestContext.<anonymous> (file:///home/serveradmin/insignia-m5-018-worktree/apps/web/test/admin/merchant-config.test.mjs:535:12)
      at process.processTicksAndRejections (node:internal/process/task_queues:104:5)
      at async Test.run (node:internal/test_runner/test:1409:7)
      at async startSubtestAfterBootstrap (node:internal/test_runner/harness:387:3) {
    generatedMessage: false,
    code: 'ERR_ASSERTION',
    actual: 0,
    expected: 1,
    operator: 'strictEqual',
    diff: 'simple'
  }
Error: ERR_PNPM_RECURSIVE_EXEC_FIRST_FAIL

  × "pnpm recursive exec" failed in /home/serveradmin/insignia-m5-018-
  │ worktree/apps/web

