✖ mounted admin refreshes late activation and readiness without overwriting local edits, then clears expired identity (8754.352998ms)
ℹ tests 1
ℹ suites 0
ℹ pass 0
ℹ fail 1
ℹ cancelled 0
ℹ skipped 0
ℹ todo 0
ℹ duration_ms 9549.686219

✖ failing tests:

test at test/admin/editor-browser.test.mjs:1613:1
✖ mounted admin refreshes late activation and readiness without overwriting local edits, then clears expired identity (8754.352998ms)
  locator.waitFor: Timeout 8000ms exceeded.
  Call log:
  [2m  - waiting for getByText('Active', { exact: true }) to be visible[22m
  
      at TestContext.<anonymous> (/home/serveradmin/insignia-m5-018-worktree/apps/web/test/admin/editor-browser.test.mjs:1642:53) {
    name: 'TimeoutError',
    log: [ "  - waiting for getByText('Active', { exact: true }) to be visible" ]
  }
Error: ERR_PNPM_RECURSIVE_EXEC_FIRST_FAIL

  × "pnpm recursive exec" failed in /home/serveradmin/insignia-m5-018-
  │ worktree/apps/web

