✖ a pre-command passive observation cannot overwrite a newer pending publication or its stored request (5954.181027ms)
ℹ tests 1
ℹ suites 0
ℹ pass 0
ℹ fail 1
ℹ cancelled 0
ℹ skipped 0
ℹ todo 0
ℹ duration_ms 6405.964292

✖ failing tests:

test at test/admin/editor-browser.test.mjs:1793:1
✖ a pre-command passive observation cannot overwrite a newer pending publication or its stored request (5954.181027ms)
  AssertionError [ERR_ASSERTION]: Expected values to be strictly equal:

  0 !== 1

      at TestContext.<anonymous> (file:///home/serveradmin/insignia-m5-018-worktree/apps/web/test/admin/editor-browser.test.mjs:1831:12)
      at async Test.run (node:internal/test_runner/test:1409:7)
      at async startSubtestAfterBootstrap (node:internal/test_runner/harness:387:3) {
    generatedMessage: true,
    code: 'ERR_ASSERTION',
    actual: 0,
    expected: 1,
    operator: 'strictEqual',
    diff: 'simple'
  }
Error: ERR_PNPM_RECURSIVE_EXEC_FIRST_FAIL

  × "pnpm recursive exec" failed in /home/serveradmin/insignia-m5-018-
  │ worktree/apps/web

