✖ real admin HTTP publish commits PG v3 activation and immutable evidence: active-drift (1341.675659ms)
ℹ tests 1
ℹ suites 0
ℹ pass 0
ℹ fail 1
ℹ cancelled 0
ℹ skipped 0
ℹ todo 0
ℹ duration_ms 1852.286063

✖ failing tests:

test at test/admin/activation-integration.test.mjs:14:59
✖ real admin HTTP publish commits PG v3 activation and immutable evidence: active-drift (1341.675659ms)
  AssertionError [ERR_ASSERTION]: Expected values to be strictly equal:
  + actual - expected

  + 'ACTIVE'
  - 'OPERATOR_HOLD'

      at TestContext.<anonymous> (file:///home/serveradmin/insignia-m5-018-worktree/apps/web/test/admin/activation-integration.test.mjs:348:14)
      at process.processTicksAndRejections (node:internal/process/task_queues:104:5)
      at async Test.run (node:internal/test_runner/test:1409:7)
      at async startSubtestAfterBootstrap (node:internal/test_runner/harness:387:3) {
    generatedMessage: true,
    code: 'ERR_ASSERTION',
    actual: 'ACTIVE',
    expected: 'OPERATOR_HOLD',
    operator: 'strictEqual',
    diff: 'simple'
  }
Error: ERR_PNPM_RECURSIVE_EXEC_FIRST_FAIL

  × "pnpm recursive exec" failed in /home/serveradmin/insignia-m5-018-
  │ worktree/apps/web

