✖ operator and restoration conflicts cannot initiate another publication from a saved eligible draft (705.048008ms)
ℹ tests 1
ℹ suites 0
ℹ pass 0
ℹ fail 1
ℹ cancelled 0
ℹ skipped 0
ℹ todo 0
ℹ duration_ms 1144.752353

✖ failing tests:

test at test/admin/editor-browser.test.mjs:1910:1
✖ operator and restoration conflicts cannot initiate another publication from a saved eligible draft (705.048008ms)
  AssertionError [ERR_ASSERTION]: OPERATOR_HOLD

  false !== true

      at TestContext.<anonymous> (file:///home/serveradmin/insignia-m5-018-worktree/apps/web/test/admin/editor-browser.test.mjs:1934:14)
      at runNextTicks (node:internal/process/task_queues:65:5)
      at process.processImmediate (node:internal/timers:541:9)
      at async Test.run (node:internal/test_runner/test:1409:7)
      at async startSubtestAfterBootstrap (node:internal/test_runner/harness:387:3) {
    generatedMessage: false,
    code: 'ERR_ASSERTION',
    actual: false,
    expected: true,
    operator: 'strictEqual',
    diff: 'simple'
  }
Error: ERR_PNPM_RECURSIVE_EXEC_FIRST_FAIL

  × "pnpm recursive exec" failed in /home/serveradmin/insignia-m5-018-
  │ worktree/apps/web

