✖ real admin HTTP publish commits PG v3 activation and immutable evidence: restoration-pending (619.418006ms)
ℹ tests 1
ℹ suites 0
ℹ pass 0
ℹ fail 1
ℹ cancelled 0
ℹ skipped 0
ℹ todo 0
ℹ duration_ms 1127.826354

✖ failing tests:

test at test/admin/activation-integration.test.mjs:15:3
✖ real admin HTTP publish commits PG v3 activation and immutable evidence: restoration-pending (619.418006ms)
  AssertionError [ERR_ASSERTION]: Expected values to be strictly equal:

  503 !== 409

      at TestContext.<anonymous> (file:///home/serveradmin/insignia-m5-018-worktree/apps/web/test/admin/activation-integration.test.mjs:287:16)
      at process.processTicksAndRejections (node:internal/process/task_queues:104:5)
      at async Test.run (node:internal/test_runner/test:1409:7)
      at async startSubtestAfterBootstrap (node:internal/test_runner/harness:387:3) {
    generatedMessage: true,
    code: 'ERR_ASSERTION',
    actual: 503,
    expected: 409,
    operator: 'strictEqual',
    diff: 'simple'
  }
Error: ERR_PNPM_RECURSIVE_EXEC_FIRST_FAIL

  × "pnpm recursive exec" failed in /home/serveradmin/insignia-m5-018-
  │ worktree/apps/web

