$ corepack pnpm check:style && corepack pnpm build && corepack pnpm test:unit && corepack pnpm test:m5-operator && corepack pnpm test:vectors && corepack pnpm check:boundaries && corepack pnpm check:secrets && python3 -B scripts/boundaries/check-cargo-workspace.py && corepack pnpm check:rust && M1_FUNCTION_RUNNER=.m1-artifacts/tools/function-runner-9.2.2 python3 -B scripts/m4-002/replay-production-vectors.py && M1_FUNCTION_RUNNER=.m1-artifacts/tools/function-runner-9.2.2 node scripts/m4-003/replay-public-config.mjs && corepack pnpm test:browser && python3 -B spikes/m0-007/scripts/check-history.py && python3 -B spikes/m0-014/scripts/check-live-setup.py && python3 -B scripts/m1-functions/artifact-manifest.py
$ biome check .dependency-cruiser.cjs apps/storefront/src apps/storefront/test apps/storefront/scripts apps/storefront/vite.config.ts apps/web/src/islands apps/web/src/pages/live.ts apps/web/src/pages/api apps/web/src/server apps/web/src/shared apps/web/src/styles apps/web/test apps/web/astro.config.mjs apps/worker/src apps/worker/test packages/contracts/src packages/domain/src packages/cart-authorization/src packages/cart-authorization/test packages/application/src packages/database/src packages/database/test packages/shopify/src packages/shopify/test packages/visualizer/src packages/observability/src packages/observability/test scripts/boundaries scripts/m1-functions/check-vector.test.ts scripts/m5-002 scripts/m5-003 scripts/m5-004 scripts/m5-005 scripts/m5-009 scripts/m5-010 scripts/m5-011 scripts/m5-012 scripts/m5-013 scripts/m5-015 scripts/m5-015r scripts/m5-016 scripts/m5-017
apps/web/src/server/admin/production.ts:78:57 lint/style/useTemplate  FIXABLE  ━━━━━━━━━━━━━━━━━━━━━

  i Template literals are preferred over string concatenation.

    76 │   const appOrigin = required(env, 'APP_URL');
    77 │   const appId = env.INSIGNIA_SHOPIFY_APP_ID;
  > 78 │   const appGid = appId && /^[1-9][0-9]*$/.test(appId) ? 'gid://shopify/App/' + appId : null;
       │                                                         ^^^^^^^^^^^^^^^^^^^^^^^^^^^^
    79 │   const shopify = createAdminOnlineIdentity({ apiKey, apiSecret, hostName: new URL(appOrigin).host });
    80 │   const core = createDurableCore(databasePool ?? new Pool({ connectionString: databaseUrl }));

  i Unsafe fix: Use a template literal.

     76  76 │     const appOrigin = required(env, 'APP_URL');
     77  77 │     const appId = env.INSIGNIA_SHOPIFY_APP_ID;
     78     │ - ··const·appGid·=·appId·&&·/^[1-9][0-9]*$/.test(appId)·?·'gid://shopify/App/'·+·appId·:·null;
         78 │ + ··const·appGid·=·appId·&&·/^[1-9][0-9]*$/.test(appId)·?·`gid://shopify/App/${appId}`·:·null;
     79  79 │     const shopify = createAdminOnlineIdentity({ apiKey, apiSecret, hostName: new URL(appOrigin).host });
     80  80 │     const core = createDurableCore(databasePool ?? new Pool({ connectionString: databaseUrl }));


apps/web/src/server/admin/production.ts:99:54 lint/style/useTemplate  FIXABLE  ━━━━━━━━━━━━━━━━━━━━━

  i Template literals are preferred over string concatenation.

     97 │       installationGeneration: actor.installationGeneration,
     98 │     });
   > 99 │     if (!scope || scope.shopDomain !== actor.shop || 'gid://shopify/Shop/' + scope.shopifyShopId !== actor.shopId)
        │                                                      ^^^^^^^^^^^^^^^^^^^^^^^^^^^^^^^^^^^^^^^^^^^
    100 │       throw new Error('Admin installation changed');
    101 │   }

  i Unsafe fix: Use a template literal.

     97  97 │         installationGeneration: actor.installationGeneration,
     98  98 │       });
     99     │ - ····if·(!scope·||·scope.shopDomain·!==·actor.shop·||·'gid://shopify/Shop/'·+·scope.shopifyShopId·!==·actor.shopId)
         99 │ + ····if·(!scope·||·scope.shopDomain·!==·actor.shop·||·`gid://shopify/Shop/${scope.shopifyShopId}`·!==·actor.shopId)
    100 100 │         throw new Error('Admin installation changed');
    101 101 │     }


apps/web/src/server/admin/production.ts:263:51 lint/style/useTemplate  FIXABLE  ━━━━━━━━━━━━━━━━━━━━

  i Template literals are preferred over string concatenation.

    261 │           const provider = await shopify.readInstallation(online);
    262 │           const tenant = await core.tenants.getShopByDomain(provider.shop);
  > 263 │           if (!tenant || !tenant.shopifyShopId || 'gid://shopify/Shop/' + tenant.shopifyShopId !== provider.shopId)
        │                                                   ^^^^^^^^^^^^^^^^^^^^^^^^^^^^^^^^^^^^^^^^^^^^
    264 │             throw new Error('Tenant installation mismatch');
    265 │           const installed = await core.tenants.getCurrentAdminInstallation(tenant.shopId);

  i Unsafe fix: Use a template literal.

    261 261 │             const provider = await shopify.readInstallation(online);
    262 262 │             const tenant = await core.tenants.getShopByDomain(provider.shop);
    263     │ - ··········if·(!tenant·||·!tenant.shopifyShopId·||·'gid://shopify/Shop/'·+·tenant.shopifyShopId·!==·provider.shopId)
        263 │ + ··········if·(!tenant·||·!tenant.shopifyShopId·||·`gid://shopify/Shop/${tenant.shopifyShopId}`·!==·provider.shopId)
    264 264 │               throw new Error('Tenant installation mismatch');
    265 265 │             const installed = await core.tenants.getCurrentAdminInstallation(tenant.shopId);


scripts/m5-017/qualification.mjs:301:9 lint/complexity/noUselessCatch  FIXABLE  ━━━━━━━━━━━━━━━━━━━━

  i The catch clause that only rethrows the original error is useless.

    299 │         save();
    300 │       } catch (error) {
  > 301 │         throw error;
        │         ^^^^^^^^^^^^
    302 │       }
    303 │       requireValue((await owner()).status === 'DRAFT', 'initial_draft');

  i An unnecessary catch clause can be confusing.

  i Unsafe fix: Remove the try/catch clause.

    292 292 │       if (phase === 'start') {
    293 293 │         op.mode('create');
    294     │ - ······try·{
    295 294 │           const s = op.state();
    296 295 │           evidence.create = (
    ······· │
    298 297 │           ).productCreate.product;
    299 298 │           save();
    300     │ - ······}·catch·(error)·{
    301     │ - ········throw·error;
    302     │ - ······}
    303 299 │         requireValue((await owner()).status === 'DRAFT', 'initial_draft');
    304 300 │         evidence.draft = await snapshot('draft');


apps/web/src/server/admin/auth.ts:48:48 lint/style/noNonNullAssertion ━━━━━━━━━━━━━━━━━━━━━━━━━━━━━━

  ! Forbidden non-null assertion.

    46 │     let identity: VerifiedAdminIdentity;
    47 │     try {
  > 48 │       identity = await port.verifySessionToken(match[1]!);
       │                                                ^^^^^^^^^
    49 │     } catch {
    50 │       return null;


apps/web/src/server/admin/auth.ts:61:50 lint/style/noNonNullAssertion ━━━━━━━━━━━━━━━━━━━━━━━━━━━━━━

  ! Forbidden non-null assertion.

    59 │     )
    60 │       return null;
  > 61 │     const grant = await port.exchangeOnlineGrant(match[1]!, identity);
       │                                                  ^^^^^^^^^
    62 │     if (
    63 │       grant.shop !== identity.shop ||


apps/web/src/server/admin/preview.ts:109:28 lint/style/noNonNullAssertion ━━━━━━━━━━━━━━━━━━━━━━━━━━

  ! Forbidden non-null assertion.

    107 │             .then((found) => (found ? project(found) : null)),
    108 │         );
  > 109 │       const result = await map.get(id)!;
        │                            ^^^^^^^^^^^^
    110 │       await active(actor);
    111 │       return result;


apps/web/src/server/admin/preview.ts:116:28 lint/style/noNonNullAssertion ━━━━━━━━━━━━━━━━━━━━━━━━━━

  ! Forbidden non-null assertion.

    114 │       await active(actor);
    115 │       if (!currencies.has(actor)) currencies.set(actor, reader(actor).shopCurrency());
  > 116 │       const result = await currencies.get(actor)!;
        │                            ^^^^^^^^^^^^^^^^^^^^^^
    117 │       await active(actor);
    118 │       return result;


apps/web/src/server/admin/preview.ts:163:34 lint/style/noNonNullAssertion ━━━━━━━━━━━━━━━━━━━━━━━━━━

  ! Forbidden non-null assertion.

    161 │                   shopId: randomUUID(),
    162 │                   shopDomain: shop,
  > 163 │                   shopifyShopId: shopId.split('/').at(-1)!,
        │                                  ^^^^^^^^^^^^^^^^^^^^^^^^^
    164 │                   externalInstallationId: provider.installationId,
    165 │                 }),


apps/web/src/server/admin/preview.ts:223:26 lint/style/noNonNullAssertion ━━━━━━━━━━━━━━━━━━━━━━━━━━

  ! Forbidden non-null assertion.

    221 │                   installationGeneration: bound.installationGeneration,
    222 │                   shopifyShopId: shopId,
  > 223 │                   appId: env.INSIGNIA_M5_002_APP_RESOURCE!,
        │                          ^^^^^^^^^^^^^^^^^^^^^^^^^^^^^^^^^
    224 │                 },
    225 │                 {


apps/web/src/server/admin/preview.ts:227:46 lint/style/noNonNullAssertion ━━━━━━━━━━━━━━━━━━━━━━━━━━

  ! Forbidden non-null assertion.

    225 │                 {
    226 │                   appKey: client,
  > 227 │                   transformInputQuerySha256: env.INSIGNIA_M5_002_TRANSFORM_QUERY_HASH!,
        │                                              ^^^^^^^^^^^^^^^^^^^^^^^^^^^^^^^^^^^^^^^^^
    228 │                   validationInputQuerySha256: env.INSIGNIA_M5_002_VALIDATION_QUERY_HASH!,
    229 │                 },


apps/web/src/server/admin/preview.ts:228:47 lint/style/noNonNullAssertion ━━━━━━━━━━━━━━━━━━━━━━━━━━

  ! Forbidden non-null assertion.

    226 │                   appKey: client,
    227 │                   transformInputQuerySha256: env.INSIGNIA_M5_002_TRANSFORM_QUERY_HASH!,
  > 228 │                   validationInputQuerySha256: env.INSIGNIA_M5_002_VALIDATION_QUERY_HASH!,
        │                                               ^^^^^^^^^^^^^^^^^^^^^^^^^^^^^^^^^^^^^^^^^^
    229 │                 },
    230 │               );


apps/web/src/server/admin/production.ts:263:15 lint/complexity/useOptionalChain  FIXABLE  ━━━━━━━━━━

  ! Change to an optional chain.

    261 │           const provider = await shopify.readInstallation(online);
    262 │           const tenant = await core.tenants.getShopByDomain(provider.shop);
  > 263 │           if (!tenant || !tenant.shopifyShopId || 'gid://shopify/Shop/' + tenant.shopifyShopId !== provider.shopId)
        │               ^^^^^^^^^^^^^^^^^^^^^^^^^^^^^^^^
    264 │             throw new Error('Tenant installation mismatch');
    265 │           const installed = await core.tenants.getCurrentAdminInstallation(tenant.shopId);

  i Unsafe fix: Change to an optional chain.

    261 261 │             const provider = await shopify.readInstallation(online);
    262 262 │             const tenant = await core.tenants.getShopByDomain(provider.shop);
    263     │ - ··········if·(!tenant·||·!tenant.shopifyShopId·||·'gid://shopify/Shop/'·+·tenant.shopifyShopId·!==·provider.shopId)
        263 │ + ··········if·(!tenant?.shopifyShopId·||·'gid://shopify/Shop/'·+·tenant.shopifyShopId·!==·provider.shopId)
    264 264 │               throw new Error('Tenant installation mismatch');
    265 265 │             const installed = await core.tenants.getCurrentAdminInstallation(tenant.shopId);


apps/web/src/server/merchant-config.ts:174:28 lint/style/noNonNullAssertion ━━━━━━━━━━━━━━━━━━━━━━━━

  ! Forbidden non-null assertion.

    172 │         option.allowedValueIds.flatMap((id) => {
    173 │           const label = oldLabels?.[id];
  > 174 │           return label ? [[values.get(id)!, label]] : [];
        │                            ^^^^^^^^^^^^^^^
    175 │         }),
    176 │       );


apps/web/src/server/merchant-config.ts:177:47 lint/style/noNonNullAssertion ━━━━━━━━━━━━━━━━━━━━━━━━

  ! Forbidden non-null assertion.

    175 │         }),
    176 │       );
  > 177 │       return Object.keys(remapped).length ? [[options.get(option.id)!, remapped]] : [];
        │                                               ^^^^^^^^^^^^^^^^^^^^^^^
    178 │     }),
    179 │   );


apps/web/src/server/merchant-config.ts:183:50 lint/style/noNonNullAssertion ━━━━━━━━━━━━━━━━━━━━━━━━

  ! Forbidden non-null assertion.

    181 │     ...source,
    182 │     labels,
  > 183 │     methods: source.methods.map((item) => ({ id: methods.get(item.id)! })),
        │                                                  ^^^^^^^^^^^^^^^^^^^^^
    184 │     placements: source.placements.map((item) => ({
    185 │       ...item,


apps/web/src/server/merchant-config.ts:186:11 lint/style/noNonNullAssertion ━━━━━━━━━━━━━━━━━━━━━━━━

  ! Forbidden non-null assertion.

    184 │     placements: source.placements.map((item) => ({
    185 │       ...item,
  > 186 │       id: placements.get(item.id)!,
        │           ^^^^^^^^^^^^^^^^^^^^^^^^
    187 │       allowedMethodIds: item.allowedMethodIds.map((id) => methods.get(id)!),
    188 │       allowedStepIds: item.allowedStepIds.map((id) => steps.get(id)!),


apps/web/src/server/merchant-config.ts:187:59 lint/style/noNonNullAssertion ━━━━━━━━━━━━━━━━━━━━━━━━

  ! Forbidden non-null assertion.

    185 │       ...item,
    186 │       id: placements.get(item.id)!,
  > 187 │       allowedMethodIds: item.allowedMethodIds.map((id) => methods.get(id)!),
        │                                                           ^^^^^^^^^^^^^^^^
    188 │       allowedStepIds: item.allowedStepIds.map((id) => steps.get(id)!),
    189 │     })),


apps/web/src/server/merchant-config.ts:188:55 lint/style/noNonNullAssertion ━━━━━━━━━━━━━━━━━━━━━━━━

  ! Forbidden non-null assertion.

    186 │       id: placements.get(item.id)!,
    187 │       allowedMethodIds: item.allowedMethodIds.map((id) => methods.get(id)!),
  > 188 │       allowedStepIds: item.allowedStepIds.map((id) => steps.get(id)!),
        │                                                       ^^^^^^^^^^^^^^
    189 │     })),
    190 │     productionOptions: source.productionOptions.map((item) => ({


apps/web/src/server/merchant-config.ts:191:11 lint/style/noNonNullAssertion ━━━━━━━━━━━━━━━━━━━━━━━━

  ! Forbidden non-null assertion.

    189 │     })),
    190 │     productionOptions: source.productionOptions.map((item) => ({
  > 191 │       id: options.get(item.id)!,
        │           ^^^^^^^^^^^^^^^^^^^^^
    192 │       allowedValueIds: item.allowedValueIds.map((id) => values.get(id)!),
    193 │     })),


The number of diagnostics exceeds the limit allowed. Use --max-diagnostics to increase it.
Diagnostics not shown: 147.
Checked 290 files in 574ms. No fixes applied.
Found 82 warnings.
Found 85 infos.
$ corepack pnpm -r --filter './packages/**' build && corepack pnpm -r --filter './apps/**' build
packages/cart-authorization build$ tsc -p tsconfig.json
packages/contracts build$ tsc -p tsconfig.json
packages/domain build$ tsc -p tsconfig.json
packages/observability build$ tsc -p tsconfig.json
packages/domain build: Done
packages/visualizer build$ tsc -p tsconfig.json
packages/contracts build: Done
packages/application build$ tsc -p tsconfig.json
packages/cart-authorization build: Done
packages/observability build: Done
packages/visualizer build: Done
packages/application build: Done
packages/shopify build$ tsc -p tsconfig.json
packages/shopify build: Done
packages/database build$ tsc -p tsconfig.json
packages/database build: Done
apps/worker build$ tsc -p tsconfig.json
apps/storefront build$ tsc --noEmit && vite build && node scripts/copy-theme-asset.mjs
apps/worker build: Done
apps/web build$ astro check && astro build
apps/storefront build: vite v8.3.1 building client environment for production...
apps/storefront build: transforming...
apps/storefront build: ✓ 5 modules transformed.
apps/storefront build: rendering chunks...
apps/storefront build: computing gzip size...
apps/storefront build: dist/insignia-storefront.js  14.03 kB │ gzip: 5.93 kB
apps/storefront build:
apps/storefront build: ✓ built in 30ms
apps/storefront build: Done
apps/web build: 16:02:41 [@astrojs/node] Enabling sessions with filesystem storage
apps/web build: 16:02:42 [types] Generated 79ms
apps/web build: 16:02:42 [check] Getting diagnostics for Astro files in /home/serveradmin/insignia-m5-018-worktree/apps/web...
apps/web build: Result (28 files):
apps/web build: - 0 errors
apps/web build: - 0 warnings
apps/web build: - 0 hints
apps/web build:
apps/web build: 16:02:48 [@astrojs/node] Enabling sessions with filesystem storage
apps/web build: 16:02:48 [types] Generated 74ms
apps/web build: 16:02:48 [build] output: "server"
apps/web build: 16:02:48 [build] mode: "server"
apps/web build: 16:02:48 [build] directory: /home/serveradmin/insignia-m5-018-worktree/apps/web/dist/
apps/web build: 16:02:48 [build] adapter: @astrojs/node
apps/web build: 16:02:48 [build] Collecting build info...
apps/web build: 16:02:48 [build] ✓ Completed in 118ms.
apps/web build: 16:02:48 [build] Building server entrypoints...
apps/web build: 16:02:48 [vite] ✓ built in 278ms
apps/web build: 16:02:50 [vite] ✓ built in 1.85s
apps/web build: 16:02:50 [vite] ✓ built in 267ms
apps/web build: 16:02:50 [build] Rearranging server assets...
apps/web build: 16:02:50 [build] ✓ Completed in 2.46s.
apps/web build: 16:02:50 [build] Server built in 2.58s
apps/web build: 16:02:50 [build] Complete!
apps/web build: Done
$ corepack pnpm --filter @insignia/domain test && corepack pnpm --filter @insignia/contracts test && corepack pnpm --filter @insignia/visualizer test && corepack pnpm --filter @insignia/cart-authorization test && corepack pnpm --filter @insignia/application test && corepack pnpm --filter @insignia/shopify test && corepack pnpm --filter @insignia/observability test && corepack pnpm --filter @insignia/worker test
$ vitest run

 RUN  v5.0.2 /home/serveradmin/insignia-m5-018-worktree/packages/domain


 Test Files  5 passed (5)
      Tests  26 passed (26)
   Start at  16:02:51
   Duration  526ms (transform 50%, tests 32%, import 14%, worker 4%)

$ vitest run

 RUN  v5.0.2 /home/serveradmin/insignia-m5-018-worktree/packages/contracts


 Test Files  2 passed (2)
      Tests  6 passed (6)
   Start at  16:02:52
   Duration  281ms (import 55%, transform 31%, tests 10%, worker 3%)

$ vitest run

 RUN  v5.0.2 /home/serveradmin/insignia-m5-018-worktree/packages/visualizer


 Test Files  2 passed (2)
      Tests  9 passed (9)
   Start at  16:02:53
   Duration  222ms (transform 66%, import 16%, tests 13%, worker 5%)

$ node --experimental-strip-types --test test/*.test.ts
✔ hard subset bounds and untrusted ordinary-line hints (2.128722ms)
✔ 33 buckets are refused before the signer is called (0.454114ms)
✔ every admitted code matches the versioned matrix and unknown/digital values reject (12.651906ms)
✔ production-generated carriers decode, conserve and verify for every complete set (6.343371ms)
✔ PostgreSQL-persisted negative adjustment has exact signed quote and member economics (1.114793ms)
✔ versioned 33-bucket vector rejects before any signing call (0.428444ms)
✔ production decoder and signature bytes preserve the independent v2 wire literal (5.574702ms)
✔ injected synthetic Ed25519 signer covers the complete set and three-day key window (3.147818ms)
✔ invalid window or set refuses signing and noncanonical carrier refuses decoding (0.570135ms)
ℹ tests 9
ℹ suites 0
ℹ pass 9
ℹ fail 0
ℹ cancelled 0
ℹ skipped 0
ℹ todo 0
ℹ duration_ms 191.02809
$ vitest run

 RUN  v5.0.2 /home/serveradmin/insignia-m5-018-worktree/packages/application


 Test Files  16 passed (16)
      Tests  201 passed (201)
   Start at  16:02:54
   Duration  1.80s (transform 43%, import 34%, tests 20%, worker 3%)

    Isolate  16 workers spawned · ~132ms startup each (spawn + environment, per file)
             at least ~573ms faster with isolate: false — reuses workers across files instead of one per file

$ vitest run

 RUN  v5.0.2 /home/serveradmin/insignia-m5-018-worktree/packages/shopify


 Test Files  14 passed (14)
      Tests  325 passed (325)
   Start at  16:02:56
   Duration  2.16s (tests 63%, transform 23%, import 12%, worker 2%)

    Isolate  14 workers spawned · ~121ms startup each (spawn + environment, per file)
             at least ~445ms faster with isolate: false — reuses workers across files instead of one per file

$ node --test test/*.test.mjs
✔ structured runtime events cannot emit arbitrary payload or credential fields (4.88128ms)
✔ metric labels are fixed outcomes and never contain tenant or delivery IDs (2.942984ms)
ℹ tests 2
ℹ suites 0
ℹ pass 2
ℹ fail 0
ℹ cancelled 0
ℹ skipped 0
ℹ todo 0
ℹ duration_ms 132.603401
$ node --test test/*.test.mjs
✔ current and previous synthetic wrapping keys remain available by ID (4.016732ms)
✔ PostgreSQL claim retries the old refresh token after a lost response and fences stale replacement (101.087736ms)
✔ diagnostic decodes and derives synthetic pixels without claiming durable readiness (17.372462ms)
✔ liveness stays separate from durable readiness; loopback metrics expose bounded outcomes (54.559218ms)
{"level":30,"time":1791388979789,"event":"worker_started"}
{"level":30,"time":1791388979804,"event":"webhook_enqueued","inboxId":"67ea9a4d-e69d-49c2-ad0c-0bdf9094ad6f"}
{"level":50,"time":1791388979822,"event":"webhook_process_failed","inboxId":"67ea9a4d-e69d-49c2-ad0c-0bdf9094ad6f","errorClass":"ProcessingError","attempt":0}
{"level":30,"time":1791388983827,"event":"webhook_process_ok","inboxId":"67ea9a4d-e69d-49c2-ad0c-0bdf9094ad6f","attempt":1}
{"level":30,"time":1791388983885,"event":"worker_stopped"}
{"level":30,"time":1791388983903,"event":"worker_started"}
{"level":30,"time":1791388983918,"event":"worker_stopped"}
✔ PostgreSQL pg-boss starts, retries, settles and replays after restart (4182.013155ms)
{"level":30,"time":1791388983963,"event":"worker_started"}
{"level":30,"time":1791388983967,"event":"webhook_enqueued","inboxId":"412ec5a0-fed1-4ea3-9a7f-3d33f8ac9fe1"}
{"level":50,"time":1791388983983,"event":"webhook_process_failed","inboxId":"412ec5a0-fed1-4ea3-9a7f-3d33f8ac9fe1","errorClass":"ProcessingError","attempt":0}
{"level":30,"time":1791388987974,"event":"webhook_process_ok","inboxId":"412ec5a0-fed1-4ea3-9a7f-3d33f8ac9fe1","attempt":1}
{"level":30,"time":1791388988042,"event":"worker_stopped"}
✔ pg-boss retry after committed uninstall retains one deactivation and one inbox fact (4123.441809ms)
✔ process starts queues and workers before readiness; stop makes readiness unavailable (42.858286ms)
✔ startup failure closes a started queue without reporting readiness (1.447883ms)
{"level":30,"time":1791388979780,"event":"worker_started"}
{"level":30,"time":1791388979791,"event":"worker_started"}
{"level":30,"time":1791388979792,"event":"worker_started"}
{"level":30,"time":1791388979796,"event":"worker_started"}
{"level":30,"time":1791388979797,"event":"worker_started"}
{"level":30,"time":1791388979798,"event":"worker_started"}
✔ enqueue confirms exact inbox identity, including completed job replay (12.998099ms)
✔ null send without same persisted job is retryable, never an acknowledgement (2.574903ms)
✔ workers pass IDs only to injected durable handlers; failed attempt retries safely (3.162361ms)
✔ invalid job body and identity fail closed without invoking application (0.982728ms)
✔ enabled worker refuses missing credential-key configuration and stays not ready (0.866556ms)
✔ refresh claim contention is retried rather than silently completing its job (2.528438ms)
{"level":30,"time":1791388979783,"event":"webhook_enqueued","inboxId":"688bd7b6-8807-45b8-b3f4-5853152c9bfe"}
{"level":30,"time":1791388979785,"event":"worker_stopped"}
{"level":50,"time":1791388979793,"event":"webhook_process_failed","inboxId":"bee5a2eb-f63a-4f63-9abf-441ebd7d2a23","errorClass":"ProcessingError","attempt":0}
{"level":30,"time":1791388979793,"event":"webhook_process_ok","inboxId":"bee5a2eb-f63a-4f63-9abf-441ebd7d2a23","attempt":1}
{"level":30,"time":1791388979794,"event":"refresh_process_ok","shopId":"af540da1-e83e-464c-991e-134c540e6e07","attempt":0}
{"level":30,"time":1791388979795,"event":"worker_stopped"}
{"level":50,"time":1791388979796,"event":"webhook_process_failed","inboxId":"36eb5e48-390d-4db0-988f-bb8b381b5deb","errorClass":"ProcessingError","attempt":0}
{"level":30,"time":1791388979797,"event":"worker_stopped"}
{"level":50,"time":1791388979799,"event":"refresh_process_failed","errorClass":"RefreshError","attempt":0}
{"level":30,"time":1791388979799,"event":"worker_stopped"}
✔ configured worker serves liveness and durable readiness, then closes on SIGTERM (694.603715ms)
ℹ tests 15
ℹ suites 0
ℹ pass 15
ℹ fail 0
ℹ cancelled 0
ℹ skipped 0
ℹ todo 0
ℹ duration_ms 8970.492556
$ node --test scripts/m5-002/read-register.test.mjs scripts/m5-002/built-runtime.test.mjs && node --test scripts/m5-004/operator.test.mjs scripts/m5-009/operator.test.mjs scripts/m5-010/operator.test.mjs scripts/m5-010/binding.test.mjs scripts/m5-010/native-actions.test.mjs && node --test scripts/m5-005/diagnostic.test.mjs && node --test scripts/m5-011/operator.test.mjs scripts/m5-011/binding.test.mjs && node --test scripts/m5-012/operator.test.mjs scripts/m5-012/binding.test.mjs && node --test scripts/m5-013/operator.test.mjs scripts/m5-013/binding.test.mjs scripts/m5-015/*.test.mjs scripts/m5-015r/*.test.mjs && node --test scripts/m5-016/*.test.mjs && node --test scripts/m5-017/*.test.mjs
✔ complete built server reproduces CLI development-mode CSP rejection (253.669619ms)
✔ actual launcher runtime preparation admits built hydration without widening CSP (220.00238ms)
✔ actual launcher register reserves durably before synthetic fetch, serializes and denies extra attempts (80.366528ms)
✔ exact SDK online exchange is counted per attempt; mutations, wrong targets and other token/event routes never send (2.618724ms)
✔ ambiguous or inflated history stops before any send (0.986691ms)
✔ one-shot loss applies only after a committed local save and never changes transport counts (1.786125ms)
ℹ tests 6
ℹ suites 0
ℹ pass 6
ℹ fail 0
ℹ cancelled 0
ℹ skipped 0
ℹ todo 0
ℹ duration_ms 549.294434
✔ actual HTTP attempts are durably reserved before dispatch (10.716ms)
✔ captured M5-004 empty grants stop the actual public workflow before any fixture write (8.009125ms)
✔ fixed targets/documents/variables reject unrelated writes and extra payload before actual HTTP (3.61786ms)
✔ normal reserves cannot consume final 12 reads/3 updates; all attempts count, one lock and one create (200.28389ms)
✔ naturally lost mutation response stops all later writes and cleanup across reopen; no automatic retry (2.595847ms)
✔ real routing identity, nine retained grants and complete empty publication history are mandatory (2.310487ms)
✔ auth exact app/route counts3 and never persists synthetic secret or returned token (1.835908ms)
✔ missing/corrupt history never reinitializes or sends (0.730477ms)
✔ offline gate prevents even credential loading (0.298653ms)
✔ full qualification reuses unchanged actual status/catalog adapters, fresh-process hold reload and drift refusal (564.17709ms)
✔ complete workflow stops on changed installation; no manufacture or unsafe cleanup (25.857869ms)
✔ complete workflow stops on unexpected exposure; no manufacture or unsafe cleanup (23.099498ms)
✔ complete workflow stops on visibility mismatch; no manufacture or unsafe cleanup (162.183478ms)
✔ complete workflow stops on natural lost response; no manufacture or unsafe cleanup (111.192982ms)
✔ complete workflow stops on metadata drift; no manufacture or unsafe cleanup (25.055431ms)
✔ complete workflow stops on malformed success; no manufacture or unsafe cleanup (104.93158ms)
✔ live register is canonical; synthetic initialization rejects unsafe directories and lost history (0.709656ms)
✔ malformed/unsuccessful mutation responses stay unknown; only valid explicit rejection permits finalization (6.143299ms)
✔ lock cannot release while late HTTP/body work can still persist history (1.182694ms)
✔ acknowledged fixture metadata baseline rejects added tags or changed creation identity (1.26587ms)
✔ actual adapter HTTP/GraphQL outcomes survive bounded transport and sanitized response replay (13.399551ms)
✔ foreign live root and stale register binding cannot reach credential loading (24.46339ms)
✔ gate rejects incomplete CI and unbound review receipts even when every supplied workflow is green (27.722997ms)
✔ complete source/build/review/CI gate accepts bound receipts and rejects omissions, stale refs or altered evidence (105.425875ms)
✔ actual adapter user-error failure remains identical when replayed from sanitized mutation evidence (4.312792ms)
✔ malformed success userErrors cannot acknowledge a status mutation or allow cleanup (4.868865ms)
✔ actual availability missing/oversized bodies keep direct/wrapped/replayed shape errors (5.523291ms)
✔ catalog receives original bounded UTF8 bytes and provenance hashes the bytes, not replacement text (2.442984ms)
✔ failed catalog preserves actual normalized results before STOP (277.873953ms)
✔ failed drift preserves actual normalized results before STOP (487.702614ms)
✔ availability preserves its lossy UTF8 semantics while catalog rejects the same original bad bytes (2.453249ms)
✔ reopening a finished run preserves exact normalized evidence and refuses before credential loading (487.611539ms)
✔ catalog successful non200 keeps direct/wrapped/replayed body semantics (2.084544ms)
✔ current product capability accepts write_products without the obsolete nine grants (1.793273ms)
✔ legacy exact-nine guard stays unchanged while successor records current additional grants (3.630364ms)
✔ successor rejects absent capability, malformed grants and every wrong routing identity (1.024388ms)
✔ successor rejects the legacy canonical live directory before writing and cannot reopen legacy history (1.06126ms)
✔ successor documents, request ceilings, ownership, settlement and shared matrix stay source-identical (13.13652ms)
✔ fresh complete successor workflow uses real adapters, current product grants, persisted holds and unchanged matrix (996.193482ms)
✔ public successor workflow stops on missing capability without unsafe cleanup or retries (2.17213ms)
✔ public successor workflow stops on wrong identity without unsafe cleanup or retries (1.837258ms)
✔ public successor workflow stops on lost status acknowledgement without unsafe cleanup or retries (80.394294ms)
✔ successor live entry refuses incomplete gate before the protected credential route (31.07074ms)
✔ successor gate binds its own tree, directory, exact source and independent review/CI receipts (115.253462ms)
✔ captured live publication-field denial stops create settlement and never permits status finalization (4.6367ms)
✔ successor gate binds its own tree, directory, exact source and independent review/CI receipts (126.092502ms)
✔ native release and two-scope consent are durable one-use operations with dependency and ambiguity stops (6.59586ms)
✔ native successful sequence closes after exactly one release/request/approval and rejects reset reservation history (3.42838ms)
✔ 010 requires all publication/product capabilities and permits additional well formed grants (4.489799ms)
✔ 010 denies normal fresh create until fixed predecessor has been safely resolved (3.28714ms)
✔ complete absent predecessor lookup permits one fresh create and retains resolution independently (10.404187ms)
✔ owned unpublished ARCHIVED predecessor requires exact archived readback before fresh create (5.996699ms)
✔ owned unpublished DRAFT predecessor requires exact archived readback before fresh create (5.516501ms)
✔ owned unpublished ACTIVE predecessor requires exact archived readback before fresh create (7.614319ms)
✔ owned unpublished UNLISTED predecessor requires exact archived readback before fresh create (4.281279ms)
✔ predecessor multiple stops without any mutation or second lookup (2.332874ms)
✔ predecessor partial next stops without any mutation or second lookup (2.100517ms)
✔ predecessor partial previous stops without any mutation or second lookup (5.078224ms)
✔ predecessor missing page info stops without any mutation or second lookup (1.816944ms)
✔ predecessor missing nodes stops without any mutation or second lookup (1.334448ms)
✔ predecessor invalid product id stops without any mutation or second lookup (1.443083ms)
✔ predecessor wrong type stops without any mutation or second lookup (1.394143ms)
✔ predecessor wrong handle stops without any mutation or second lookup (1.410785ms)
✔ predecessor wrong title stops without any mutation or second lookup (1.397169ms)
✔ predecessor wrong tag stops without any mutation or second lookup (1.530338ms)
✔ predecessor too early creation stops without any mutation or second lookup (1.649284ms)
✔ predecessor invalid creation stops without any mutation or second lookup (1.407227ms)
✔ predecessor future creation stops without any mutation or second lookup (1.308501ms)
✔ predecessor published stops without any mutation or second lookup (1.335296ms)
✔ predecessor store url stops without any mutation or second lookup (1.407482ms)
✔ predecessor publication membership stops without any mutation or second lookup (1.419367ms)
✔ predecessor resource partial stops without any mutation or second lookup (1.60133ms)
✔ predecessor unpublished partial stops without any mutation or second lookup (1.566646ms)
✔ predecessor missing publications stops without any mutation or second lookup (1.352042ms)
✔ predecessor unsupported status stops without any mutation or second lookup (1.691025ms)
✔ predecessor lookup transport retains stop and never retries or creates (1.575185ms)
✔ predecessor lookup stream failure retains stop and never retries or creates (2.328924ms)
✔ predecessor lookup invalid utf8 retains stop and never retries or creates (1.723795ms)
✔ predecessor lookup http retains stop and never retries or creates (1.296011ms)
✔ predecessor lookup missing body retains stop and never retries or creates (1.911839ms)
✔ predecessor lookup invalid json retains stop and never retries or creates (1.609184ms)
✔ predecessor lookup oversized retains stop and never retries or creates (2.350964ms)
✔ predecessor lookup graphql permission retains stop and never retries or creates (1.719309ms)
✔ predecessor lookup partial graphql data retains stop and never retries or creates (1.952625ms)
✔ predecessor lookup mutation rejected retains stop and never retries or creates (2.194893ms)
✔ predecessor archive transport retains stop and never retries or creates (2.011065ms)
✔ predecessor archive stream failure retains stop and never retries or creates (2.054358ms)
✔ predecessor archive invalid utf8 retains stop and never retries or creates (2.35458ms)
✔ predecessor archive http retains stop and never retries or creates (2.007598ms)
✔ predecessor archive missing body retains stop and never retries or creates (2.313005ms)
✔ predecessor archive invalid json retains stop and never retries or creates (2.11027ms)
✔ predecessor archive oversized retains stop and never retries or creates (2.977954ms)
✔ predecessor archive graphql permission retains stop and never retries or creates (2.055147ms)
✔ predecessor archive partial graphql data retains stop and never retries or creates (2.146614ms)
✔ predecessor archive mutation rejected retains stop and never retries or creates (2.214019ms)
✔ predecessor readback transport retains stop and never retries or creates (5.413026ms)
✔ predecessor readback stream failure retains stop and never retries or creates (2.431372ms)
✔ predecessor readback invalid utf8 retains stop and never retries or creates (2.379079ms)
✔ predecessor readback http retains stop and never retries or creates (2.275905ms)
✔ predecessor readback missing body retains stop and never retries or creates (2.239366ms)
✔ predecessor readback invalid json retains stop and never retries or creates (3.013972ms)
✔ predecessor readback oversized retains stop and never retries or creates (3.064694ms)
✔ predecessor readback graphql permission retains stop and never retries or creates (2.442093ms)
✔ predecessor readback partial graphql data retains stop and never retries or creates (2.689493ms)
✔ predecessor readback mutation rejected retains stop and never retries or creates (2.436655ms)
✔ archive wrong id cannot resolve predecessor (2.073526ms)
✔ archive wrong metadata cannot resolve predecessor (1.905427ms)
✔ archive wrong status cannot resolve predecessor (1.724579ms)
✔ archive exposed cannot resolve predecessor (1.716522ms)
✔ readback wrong id cannot resolve predecessor (2.467669ms)
✔ readback wrong metadata cannot resolve predecessor (2.404942ms)
✔ readback wrong status cannot resolve predecessor (2.1859ms)
✔ readback exposed cannot resolve predecessor (2.788708ms)
✔ public qualification resolves absent predecessor then runs unchanged real adapter matrix (510.418271ms)
✔ public qualification resolves ARCHIVED predecessor then runs unchanged real adapter matrix (485.697804ms)
✔ public qualification resolves ACTIVE predecessor then runs unchanged real adapter matrix (442.615262ms)
✔ fixed predecessor search and status-only allowance cannot be caller substituted (1.933058ms)
✔ reload retains predecessor FOUND, independent identity and one archival reservation (1.821477ms)
✔ reload retains predecessor ARCHIVE_ACKNOWLEDGED, independent identity and one archival reservation (1.978896ms)
✔ reload retains predecessor ARCHIVED_VERIFIED, independent identity and one archival reservation (2.516078ms)
✔ reload retains predecessor STOPPED, independent identity and one archival reservation (1.995522ms)
✔ reload retains predecessor ABSENT, independent identity and one archival reservation (1.168739ms)
✔ reopening refuses forged safe resolution or a retained lookup for a substituted marker (1.818263ms)
✔ serialized archive and readback attempts reserve actual HTTP once and never share the matrix allowance (3.30966ms)
✔ predecessor lookup consumes normal read ceiling and auth remains bounded at three (67.67998ms)
✔ public qualification stops on missing read_publications with no blind retry (1.795261ms)
✔ public qualification stops on wrong identity with no blind retry (1.58161ms)
✔ public qualification stops on predecessor permission failure with no blind retry (2.310596ms)
✔ public qualification stops on fresh create unknown with no blind retry (4.307504ms)
✔ public qualification stops on fresh adapter update unknown with no blind retry (69.561143ms)
✔ 010 cannot reopen closed-profile histories and synthetic qualification rejects every canonical live directory (30.376783ms)
✔ archival permission expiring during durable reservation consumes allowance without HTTP or retry (1.967528ms)
✔ pending predecessor HTTP retains exclusive lock and prevents early operator closure (1.300434ms)
✔ public qualification stops before fresh create after ACTIVE predecessor archive failure (2.92881ms)
✔ public qualification stops before fresh create after ACTIVE predecessor readback failure (3.52593ms)
✔ public qualification stops before fresh create after ARCHIVED predecessor readback failure (2.744312ms)
ℹ tests 136
ℹ suites 0
ℹ pass 136
ℹ fail 0
ℹ cancelled 0
ℹ skipped 0
ℹ todo 0
ℹ duration_ms 2977.430237
✔ one actual diagnostic sequence keeps empty installation distinct from nonempty token/REST/declarations (10.790921ms)
✔ partial stream failure is UNKNOWN and cannot allow a later independent read (3.095567ms)
✔ permission/shape metadata error does not become an empty grant agreement (3.000634ms)
✔ metadata shape failure still permits the independent REST read (2.114231ms)
✔ public sequence preserves missing installation/REST scope semantics (2.1902ms)
✔ public sequence preserves null installation/REST scope semantics (1.876061ms)
✔ public sequence preserves empty installation/REST scope semantics (1.754707ms)
✔ public sequence preserves wrong-type installation/REST scope semantics (3.223056ms)
✔ public sequence preserves duplicates installation/REST scope semantics (1.894317ms)
✔ public sequence preserves bad-handle installation/REST scope semantics (1.93289ms)
✔ token missing is recorded separately without preventing identity verification (1.695165ms)
✔ token null is recorded separately without preventing identity verification (1.578618ms)
✔ token empty is recorded separately without preventing identity verification (1.570565ms)
✔ token wrong-type is recorded separately without preventing identity verification (1.407163ms)
✔ token duplicate is recorded separately without preventing identity verification (1.491956ms)
✔ token bad-handle is recorded separately without preventing identity verification (1.467801ms)
✔ wrong shop identity stops after exactly two attempts (1.213812ms)
✔ wrong domain identity stops after exactly two attempts (0.922925ms)
✔ wrong app identity stops after exactly two attempts (0.994133ms)
✔ wrong client identity stops after exactly two attempts (0.942493ms)
✔ wrong installation identity stops after exactly two attempts (0.936395ms)
✔ wrong development identity stops after exactly two attempts (0.92366ms)
✔ explicit mismatched declared identity stops before REST (1.33168ms)
✔ token-invalid metadata response stops all later work (1.237313ms)
✔ offline unvalidated metadata is NOT_RUN without live document fallback (1.21503ms)
✔ unvalidated identity document stops before credential access (0.472059ms)
✔ actual entrypoint prevents host dispatch (0.938829ms)
✔ actual entrypoint prevents API dispatch (0.79745ms)
✔ actual entrypoint prevents method dispatch (0.799852ms)
✔ actual entrypoint prevents document dispatch (0.910351ms)
✔ actual entrypoint prevents mutation dispatch (0.979256ms)
✔ actual entrypoint prevents variables dispatch (0.908373ms)
✔ fixed REST GET prevents query (1.81206ms)
✔ fixed REST GET prevents body (1.622446ms)
✔ canonical history cannot be reopened, exhausted, corrupted or reset after loss (2.498421ms)
✔ expired credential preparation never dispatches a late HTTP call and retains pending lock (35.816509ms)
✔ ignored abort and late HTTP completion remain UNKNOWN with no later request or evidence rewrite (1022.372839ms)
✔ metadata oversized is shape evidence and allows independent REST (3.435334ms)
✔ metadata invalid-UTF8 is shape evidence and allows independent REST (2.63652ms)
✔ metadata invalid-JSON is shape evidence and allows independent REST (1.983587ms)
✔ metadata missing-body is shape evidence and allows independent REST (1.989828ms)
✔ unusable authentication never authorizes a read (0.859746ms)
✔ unusable authentication never authorizes a read (0.657395ms)
✔ unusable authentication never authorizes a read (0.666359ms)
✔ synthetic entry cannot override its mode to admit a nonsynthetic bearer (0.867352ms)
✔ pinned documented fields validate both exact documents and reject mutation/extra/unknown syntax (0.725028ms)
✔ live entrypoint rejects an unbound offline gate before owner credential metadata (26.698323ms)
✔ complete source/CI/review gate accepts exact receipts and rejects omitted/stale/altered evidence (100.59635ms)
✔ captured four-surface empty scope result replays through the public sequence without authorizing repair (2.206572ms)
ℹ tests 49
ℹ suites 0
ℹ pass 49
ℹ fail 0
ℹ cancelled 0
ℹ skipped 0
ℹ todo 0
ℹ duration_ms 1502.888252
✔ source gate requires two fresh high-effort reviews and every workflow on the frozen source (4.823539ms)
✔ full source binding includes the inherited internal Rust links without following external symlinks (271.207332ms)
✔ exact historical ownership accepts the fixed fixture and rejects an alternate target (2.068265ms)
✔ actual production acquire reports legacy membership conflict; V2 adjudication archives the owned fixture once (42.664781ms)
✔ ownership stops before any status mutation (2.985589ms)
✔ incomplete resourcePublications stops before any status mutation (2.737501ms)
✔ incomplete unpublishedPublications stops before any status mutation (2.736098ms)
✔ incomplete APP stops before any status mutation (3.778233ms)
✔ incomplete MARKET stops before any status mutation (5.631965ms)
✔ incomplete COMPANY_LOCATION stops before any status mutation (9.560451ms)
✔ incomplete NONE stops before any status mutation (5.554776ms)
✔ missing read scope stops before any status mutation (1.676921ms)
✔ initial DRAFT drift stops before any status mutation (6.333147ms)
✔ cross-partition version drift stops before any status mutation (3.192168ms)
✔ observed required grant loss in adapter read stops before any status mutation (8.929447ms)
✔ lost DRAFT acknowledgement never retries or archives (13.570132ms)
✔ DRAFT readback failure never retries or archives (12.98951ms)
✔ post-DRAFT ownership drift never retries or archives (12.586549ms)
✔ post-DRAFT partition drift never retries or archives (16.635227ms)
✔ different V2 behavior is classified from evidence without assuming staged membership (22.272228ms)
✔ ambiguous archive has exactly one bounded final observation and no resend (22.504938ms)
✔ newly appearing DRAFT V2 membership is not described as retained from ACTIVE (21.197156ms)
✔ acknowledgement/readback version drift stops before any post-DRAFT projection or cleanup (12.15318ms)
✔ concrete Shopify AppCatalog metadata permits the fixed adjudication (21.874997ms)
✔ concrete Shopify MarketCatalog metadata permits the fixed adjudication (21.090997ms)
✔ concrete Shopify CompanyLocationCatalog metadata permits the fixed adjudication (19.012691ms)
✔ catalog typename and global ID mismatch stops before any status mutation (6.537769ms)
✔ wrapped production failure preserves {"userError":true} (16.170958ms)
✔ wrapped production failure preserves {"adapterFailure":"http403"} (7.584714ms)
✔ wrapped production failure preserves {"adapterFailure":"graphql"} (7.194148ms)
✔ wrapped production failure preserves {"adapterFailure":"invalidJSON"} (7.177323ms)
✔ wrapped production failure preserves {"adapterFailure":"missingBody"} (8.034601ms)
✔ wrapped production failure preserves {"adapterFailure":"badScopes"} (7.404828ms)
✔ wrapped production failure preserves {"adapterFailure":"badNodes"} (6.848667ms)
✔ wrapped production failure preserves {"adapterFailure":"nullScope"} (6.83997ms)
✔ wrapped production failure preserves {"adapterFailure":"nullScopePost"} (10.531949ms)
✔ wrapped production failure preserves {"adapterFailure":"badHandlePost"} (12.273814ms)
✔ wrapped production failure preserves {"adapterFailure":"scopeString"} (6.941711ms)
✔ outstanding archive transport quarantines all further dispatch {"archiveOutstanding":true} (40.290825ms)
✔ outstanding archive transport quarantines all further dispatch {"archiveBodyOutstanding":true} (37.14036ms)
✔ outstanding archive transport quarantines all further dispatch {"archiveOversizeOutstanding":true} (37.582067ms)
✔ outstanding archive transport quarantines all further dispatch {"archiveBodyAbortOutstanding":true} (39.662334ms)
✔ outstanding archive transport quarantines all further dispatch {"archiveBodyCancelRejected":true} (21.615517ms)
✔ durable transport denies alternate target, ACTIVE, extra fields and arbitrary documents before HTTP (0.902028ms)
✔ quarantined first event zero rejects every subsequent provider dispatch (20.481682ms)
✔ 100 serial synthetic adjudications preserve the fixed ceilings and stop on each ambiguous write (1581.115857ms)
ℹ tests 46
ℹ suites 0
ℹ pass 46
ℹ fail 0
ℹ cancelled 0
ℹ skipped 0
ℹ todo 0
ℹ duration_ms 2454.419528
✔ source gate requires two fresh high-effort reviews and every workflow on the frozen source (3.070924ms)
✔ full source binding includes the inherited internal Rust links without following external symlinks (241.861478ms)
✔ alternate product and broad search are refused before HTTP (2.965479ms)
✔ fixed intent reads clean up one owned DRAFT and close with exact ARCHIVED settlement (29.685111ms)
✔ already ARCHIVED fixture is observed with no cleanup mutation (10.419551ms)
✔ complete negative intent surfaces report NO_INTENT_OBSERVED before cleanup (14.00626ms)
✔ unexpected ownership stops before cleanup (3.098355ms)
✔ unexpected ACTIVE stops before cleanup (2.880627ms)
✔ initial version drift stops before cleanup (3.058309ms)
✔ scope loss stops before cleanup (1.861044ms)
✔ incomplete includedProducts stops before cleanup (5.322973ms)
✔ foreign exact-ID result stops before cleanup (8.206367ms)
✔ duplicate exact-ID result stops before cleanup (6.429789ms)
✔ one-second observation drift stops before cleanup (6.770627ms)
✔ changed publication identity stops before cleanup (3.690575ms)
✔ search anchor disagrees stops before cleanup (6.202877ms)
✔ contradictory inclusion/search results stop before cleanup (14.582479ms)
✔ three qualified intent positives confirm intent with an empty diagnostic association (11.053826ms)
✔ diagnostic association cannot change negative consensus or resolve actual intent disagreement (36.595467ms)
✔ effective publication stays separate from matching configured-intent observations (9.55544ms)
✔ corrected interpretation cannot reopen the frozen closed attempt or authorize cleanup (4.289776ms)
✔ effective publication on DRAFT makes intent inconsistent and refuses cleanup (8.797215ms)
✔ ambiguous archive response consumes one final exact read without resend (11.843133ms)
✔ one-second archive acknowledgement/readback drift stays a conflict (10.179884ms)
✔ authentication failure closes the fresh register without Admin requests (1.040456ms)
✔ quarantined outstanding archive forbids final read and any overlapping request (8012.583573ms)
✔ fixed documents and variables exclude every alternate target before HTTP (126.128124ms)
✔ fixed source query literals are exactly the authorized ID filters and first:2 (0.64128ms)
✔ closed register cannot be initialized a second time (12.00609ms)
✔ 100 serial synthetic runs preserve zero or one mutation and never overlap (923.925331ms)
✔ invalid or malformed runtime search metadata stops before cleanup (7.737285ms)
✔ malformed GraphQL errors values never authorize cleanup (18.12004ms)
✔ rejected foreign descriptive data is absent from register and qualification evidence (11.916088ms)
✔ a failed read reservation cannot be retried or lead to unverifiable cleanup (1.36075ms)
✔ documented search diagnostics without warnings preserve exact intent reads (8.881488ms)
ℹ tests 35
ℹ suites 0
ℹ pass 35
ℹ fail 0
ℹ cancelled 0
ℹ skipped 0
ℹ todo 0
ℹ duration_ms 9595.64437
✔ source gate requires two fresh high-effort reviews and every workflow on the frozen source (3.215938ms)
✔ full source binding includes the inherited internal Rust links without following external symlinks (258.241816ms)
✔ alternate exact product is refused before HTTP (3.005764ms)
✔ disposable cleanup settles exact final ARCHIVED despite a one-second acknowledgement timestamp difference (18.824425ms)
✔ already ARCHIVED is verified with no update (6.180317ms)
✔ foreign ownership stops with zero update (4.074339ms)
✔ ACTIVE state stops with zero update (2.566032ms)
✔ UNLISTED state stops with zero update (1.913278ms)
✔ effective publication stops with zero update (1.932701ms)
✔ published timestamp stops with zero update (2.093001ms)
✔ online store URL stops with zero update (2.552518ms)
✔ legacy effective membership stops with zero update (2.685075ms)
✔ incomplete legacy stops with zero update (1.599954ms)
✔ wrong installation stops with zero update (2.1934ms)
✔ scope loss stops with zero update (2.070661ms)
✔ malformed GraphQL error fields are rejected before mutation (9.088222ms)
✔ ambiguous archive is not resent and one final exact read settles ARCHIVED (4.716518ms)
✔ final DRAFT or effective-publication drift is unsettled with no retry (9.491261ms)
✔ unsettled archive transport forbids final read and any overlap (8005.205631ms)
✔ exact source documents have no searches or alternate mutation fields (13.737911ms)
✔ alternate documents, extra fields and non-ARCHIVED statuses are denied before dispatch (13.469163ms)
✔ closed cleanup register rejects any second initialization (5.715634ms)
✔ 100 serial disposable cleanup cases never exceed one update (276.685222ms)
✔ failed authentication cannot admit an Admin read through the public operator (1.018683ms)
✔ failed prestate or final reads cannot be retried and archive cannot be resent (3.586647ms)
✔ auth response disposal failure quarantines pending event index zero (1.001227ms)
✔ gate demands exact source/tree/binding, two actual model reviews and ten unique attempt-one workflows (3.339558ms)
✔ zero ACTIVE effective membership is PARTIAL with one create and safe archive, without acquire or restore (49.592657ms)
✔ production v2 core lifecycle survives an actual fresh process, with capability=true and exact persisted hold bytes (686.898078ms)
✔ absence of future capability is recorded without weakening core qualification (687.304254ms)
✔ exact shop fence prevents creation (4.726245ms)
✔ exact domain fence prevents creation (3.472974ms)
✔ exact development fence prevents creation (4.847909ms)
✔ exact app fence prevents creation (2.752944ms)
✔ exact client fence prevents creation (2.338636ms)
✔ exact installation fence prevents creation (2.177938ms)
✔ exact grants fence prevents creation (2.693433ms)
✔ ownership drift stops before setup and denies archival cleanup (8.546361ms)
✔ actual schedule stops setup; explicit archive cannot turn persistent schedule into PASS (27.819162ms)
✔ configured intent drift after setup stops acquire and permits separately settled cleanup (41.286439ms)
✔ ambiguous create has one exact-marker recovery read and no further mutation (8.011138ms)
✔ lost acquire acknowledgement never causes restore, replay or cleanup mutation (27.043512ms)
✔ closed register rejects reentry before loading even synthetic credentials (21.477313ms)
✔ unsafe synthetic directory and live gate reject before any request (0.388728ms)
✔ global attempts, document denial, token replacement and serial reservation are durable (131.686272ms)
✔ one-second ACK/readback difference is retained while v2 semantics complete in fresh process (704.964344ms)
✔ lost restore acknowledgement in fresh process never retries or archives (701.224167ms)
✔ incomplete configured-intent connection stops lifecycle before setup (8.554544ms)
✔ production pagination consumes global budget and repeated cursor stops without mutation (13.225866ms)
✔ fresh-process-only resume rejects same PID before credential load in live operator seam (17.543178ms)
✔ non-quiescent fetch timeout retains pending reservation and forbids another request (8002.357506ms)
✔ malformed production mutation acknowledgement is not considered settled for archival authority (44.552383ms)
✔ failed disposal of an oversized body quarantines the outbound attempt (2.322102ms)
✔ persisted hold tampering stops fresh-process resume before a second auth or cleanup request (523.460074ms)
✔ gate demands exact source/tree/binding, two actual model reviews and ten unique attempt-one workflows (5.179198ms)
✔ missing adapter transport / import proof uses only the guarded operator or denies locally (240.091664ms)
✔ misspelled adapter transport / import proof uses only the guarded operator or denies locally (238.464601ms)
✔ imports adapter transport / import proof uses only the guarded operator or denies locally (220.256292ms)
✔ correct adapter transport / import proof uses only the guarded operator or denies locally (349.543931ms)
✔ zero ACTIVE effective membership is PARTIAL with one create and safe archive, without acquire or restore (67.294303ms)
✔ production v2 core lifecycle survives an actual fresh process, with capability=true and exact persisted hold bytes (771.64017ms)
✔ absence of future capability is recorded without weakening core qualification (737.408444ms)
✔ exact shop fence prevents creation (3.284497ms)
✔ exact domain fence prevents creation (2.509934ms)
✔ exact development fence prevents creation (2.374618ms)
✔ exact app fence prevents creation (2.225588ms)
✔ exact client fence prevents creation (2.174075ms)
✔ exact installation fence prevents creation (2.522733ms)
✔ exact grants fence prevents creation (2.509243ms)
✔ ownership drift stops before setup and denies archival cleanup (6.844073ms)
✔ actual schedule stops setup; explicit archive cannot turn persistent schedule into PASS (23.456899ms)
✔ configured intent drift after setup stops acquire and permits separately settled cleanup (33.615867ms)
✔ ambiguous create has one exact-marker recovery read and no further mutation (5.350848ms)
✔ lost acquire acknowledgement never causes restore, replay or cleanup mutation (23.610459ms)
✔ closed register rejects reentry before loading even synthetic credentials (31.9611ms)
✔ unsafe synthetic directory and live gate reject before any request (0.4468ms)
✔ global attempts, document denial, token replacement and serial reservation are durable (151.266095ms)
✔ one-second ACK/readback difference is retained while v2 semantics complete in fresh process (654.10032ms)
✔ lost restore acknowledgement in fresh process never retries or archives (641.574951ms)
✔ incomplete configured-intent connection stops lifecycle before setup (10.847939ms)
✔ production pagination consumes global budget and repeated cursor stops without mutation (14.249056ms)
✔ fresh-process-only resume rejects same PID before credential load in live operator seam (25.868722ms)
✔ non-quiescent fetch timeout retains pending reservation and forbids another request (8002.434394ms)
✔ malformed production mutation acknowledgement is not considered settled for archival authority (51.691904ms)
✔ failed disposal of an oversized body quarantines the outbound attempt (2.068471ms)
✔ persisted hold tampering stops fresh-process resume before a second auth or cleanup request (523.969123ms)
✔ all synthetic auth/create/status/production reads dispatch only after matching durable events (35.546951ms)
✔ durable accounting corruption prevents create dispatch and any cleanup mutation (4.258645ms)
✔ zero-effective PARTIAL branch becomes STOPPED if archive applied but acknowledgement is lost (27.105454ms)
✔ lost archive ACK permits only one exact ownership/status classification read and no final snapshot or retry (25.843371ms)
ℹ tests 90
ℹ suites 0
ℹ pass 90
ℹ fail 0
ℹ cancelled 0
ℹ skipped 0
ℹ todo 0
ℹ duration_ms 13931.880667
✔ gate demands exact source/tree/binding, two actual model reviews and ten unique attempt-one workflows (4.635552ms)
✔ missing adapter transport / import proof uses only the guarded operator or denies locally (272.47003ms)
✔ misspelled adapter transport / import proof uses only the guarded operator or denies locally (243.19288ms)
✔ imports adapter transport / import proof uses only the guarded operator or denies locally (214.116053ms)
✔ correct adapter transport / import proof uses only the guarded operator or denies locally (312.659721ms)
✔ complete explicit APP discovery and exact inclusion authorize only the fixed archival cleanup (59.000549ms)
✔ direct inclusion without either generic discovery surface classifies DIRECT_ONLY and still cleans the disposable fixture (16.701802ms)
✔ complete APP catalogs independently establish the generic surface when typed publications omit the target (15.829265ms)
✔ a denied second discovery surface is retained but cannot negate independently complete positive generic evidence (17.938784ms)
✔ denied generic reads without complete positive evidence classify UNRESOLVED without retries (14.423809ms)
✔ direct null remains UNRESOLVED despite generic positives (13.41862ms)
✔ direct not-included remains UNRESOLVED despite generic positives (14.523456ms)
✔ direct incomplete remains UNRESOLVED despite generic positives (15.910886ms)
✔ direct error remains UNRESOLVED despite generic positives (11.574701ms)
✔ capability drift between direct and generic observations is coverage ambiguity (12.434712ms)
✔ multiple APP catalogs claiming the target Publication are coverage ambiguity (13.847435ms)
✔ observed conflicting catalogs followed by a denied page remain UNRESOLVED despite complete positive publications (13.575412ms)
✔ empty nonterminal publications page fails before any continuation (10.999091ms)
✔ empty nonterminal catalogs page fails before any continuation (10.636488ms)
✔ duplicate generic IDs and repeated cursors fail closed with cleanup capacity preserved (21.316953ms)
✔ infinite unique discovery pages reserve one catalog attempt and exact cleanup/final read within sixteen GraphQL attempts (40.390999ms)
✔ prestate identity drift stops before discovery or mutation (2.267823ms)
✔ prestate ownership drift stops before discovery or mutation (2.240904ms)
✔ prestate status drift stops before discovery or mutation (2.181661ms)
✔ prestate target-effective drift stops before discovery or mutation (2.351596ms)
✔ prestate connection drift stops before discovery or mutation (2.085116ms)
✔ identity drift in discovery revokes cleanup before any mutation (4.062523ms)
✔ identity mismatch combined with malformed operation data latches the fence before projection (3.744692ms)
✔ GraphQL error with contradictory direct identity prevents archival (4.000247ms)
✔ GraphQL error with contradictory catalog identity prevents archival (6.7403ms)
✔ conflicting duplicate publications metadata cannot hide behind rejection (11.321932ms)
✔ conflicting duplicate catalogs metadata cannot hide behind rejection (10.467048ms)
✔ partial error publications data retains contradictory coverage evidence (10.697681ms)
✔ partial error catalogs data retains contradictory coverage evidence (12.22217ms)
✔ lost archive acknowledgement gets exactly one final classification read and never a resend (11.47177ms)
✔ final exact state settlement records updatedAt difference without timestamp equality (11.251089ms)
✔ a failed final publication predicate closes STOPPED without another mutation or read (12.162047ms)
✔ source drift before credentials produces no provider request (0.74482ms)
✔ corrupt reservation accounting denies the captured transport before its first native call (1.426262ms)
✔ canonical entry exposes no resume phase and a closed synthetic register cannot be reopened (10.9841ms)
✔ identity contradiction in the final read invalidates the classification without another write (10.496764ms)
✔ HTTP 500 error with reported identity drift blocks cleanup (3.970812ms)
✔ HTTP 403 error with reported identity drift blocks cleanup (6.864185ms)
✔ a qualified HTTP 403 denial cannot negate a complete independent positive surface (12.078113ms)
✔ malformed partial error publications remains coverage ambiguity (10.568451ms)
✔ HTTP error partial publications contradictions remain visible (11.083899ms)
✔ malformed partial error catalogs remains coverage ambiguity (11.833582ms)
✔ HTTP error partial catalogs contradictions remain visible (10.597064ms)
✔ ownership freshness starts before I/O and cannot be renewed by slow response completion (9.438884ms)
✔ a backwards local clock cannot make future observation origins fresh for cleanup (7.438304ms)
✔ falsy malformed publications false is coverage ambiguity (14.507633ms)
✔ falsy malformed publications 0 is coverage ambiguity (10.235856ms)
✔ falsy malformed publications "" is coverage ambiguity (10.275352ms)
✔ malformed publications error envelope empty-array cannot qualify generic discovery (9.492033ms)
✔ malformed publications error envelope object cannot qualify generic discovery (10.626888ms)
✔ malformed publications error envelope null cannot qualify generic discovery (9.427579ms)
✔ malformed publications error envelope null-member cannot qualify generic discovery (9.716172ms)
✔ malformed publications error envelope numeric-message cannot qualify generic discovery (10.766295ms)
✔ malformed publications error envelope empty-message cannot qualify generic discovery (9.967848ms)
✔ malformed publications error envelope nonobject-extensions cannot qualify generic discovery (9.719966ms)
✔ falsy malformed catalogs false is coverage ambiguity (10.102106ms)
✔ falsy malformed catalogs 0 is coverage ambiguity (11.476535ms)
✔ falsy malformed catalogs "" is coverage ambiguity (10.20793ms)
✔ malformed catalogs error envelope empty-array cannot qualify generic discovery (9.431136ms)
✔ malformed catalogs error envelope object cannot qualify generic discovery (10.643844ms)
✔ malformed catalogs error envelope null cannot qualify generic discovery (9.514847ms)
✔ malformed catalogs error envelope null-member cannot qualify generic discovery (9.589822ms)
✔ malformed catalogs error envelope numeric-message cannot qualify generic discovery (9.423476ms)
✔ malformed catalogs error envelope empty-message cannot qualify generic discovery (11.931467ms)
✔ malformed catalogs error envelope nonobject-extensions cannot qualify generic discovery (9.673306ms)
✔ archive freshness is rechecked after reservation immediately before native dispatch (8.750195ms)
✔ early source gate rejection settles its reserved but unsent archival request exactly (8.537522ms)
✔ wall rollback followed by successful reads cannot renew elapsed ownership freshness (9.056017ms)
ℹ tests 73
ℹ suites 0
ℹ pass 73
ℹ fail 0
ℹ cancelled 0
ℹ skipped 0
ℹ todo 0
ℹ duration_ms 1158.407318
✔ gate demands exact source/tree/binding, two actual model reviews and eleven unique attempt-one workflows (3.495038ms)
✔ the slice-specific history workflow is mandatory rather than optional diagnostic CI (0.940379ms)
✔ missing adapter transport / import proof uses only the guarded operator or denies locally (285.188486ms)
✔ misspelled adapter transport / import proof uses only the guarded operator or denies locally (284.046743ms)
✔ imports adapter transport / import proof uses only the guarded operator or denies locally (230.402131ms)
✔ correct adapter transport / import proof uses only the guarded operator or denies locally (371.757271ms)
✔ production v3 hidden-anchor lifecycle survives a genuinely fresh process and exact hold bytes (937.416387ms)
✔ naturally mismatched settled restore invokes only production compensation, is STOPPED and safely archived (783.220624ms)
✔ lost restore response never compensates, retries, or cleans up an unsettled transition (664.136285ms)
✔ visible schedule stops before acquire; known settled setup may receive one archival cleanup (61.99547ms)
✔ tampered persisted hold stops the fresh process before its credential exchange or mutation (546.740053ms)
✔ fresh register cannot be started twice even without provider access (1.199654ms)
✔ zero effective ACTIVE membership is partial with one create, one cleanup and no adapter write (29.73652ms)
✔ global GraphQL ceiling and closed register reject before another injected transport invocation (286.247808ms)
✔ guarded dispatch denies freshness-at-dispatch without a native create and preserves known unsent accounting (4.925526ms)
✔ guarded dispatch denies transport-expiry without a native create and preserves known unsent accounting (4.280292ms)
✔ guarded dispatch denies elapsed-freshness without a native create and preserves known unsent accounting (3.198485ms)
✔ guarded dispatch denies backward-clock without a native create and preserves known unsent accounting (3.135898ms)
✔ guarded dispatch denies slow-identity without a native create and preserves known unsent accounting (2.569659ms)
✔ guarded dispatch denies source-gate-denial without a native create and preserves known unsent accounting (3.934544ms)
✔ final transport fence rejects freshness crossing 29950 to 30050ms independently of the eight-second request timer (3.745537ms)
✔ final transport fence rejects operation-deadline crossing 29950 to 30050ms independently of the eight-second request timer (5.733199ms)
✔ reported identity drift with malformed-product stops before cleanup without renewing old ownership (6.991855ms)
✔ reported identity drift with http-error stops before cleanup without renewing old ownership (6.961073ms)
✔ sealed live restore responses replay as RESTORED in a network-denied fresh process without compensation (321.194328ms)
ℹ tests 25
ℹ suites 0
ℹ pass 25
ℹ fail 0
ℹ cancelled 0
ℹ skipped 0
ℹ todo 0
ℹ duration_ms 3635.60191
$ tsc -p scripts/m1-functions/tsconfig.json && node --test scripts/m1-functions/check-vector.test.ts
✔ TypeScript/Node and Rust share the exact experimental-v2 envelope/member bytes (5.74764ms)
ℹ tests 1
ℹ suites 0
ℹ pass 1
ℹ fail 0
ℹ cancelled 0
ℹ skipped 0
ℹ todo 0
ℹ duration_ms 123.402494
$ node scripts/boundaries/check.mjs && node scripts/boundaries/check-database-api.mjs && node scripts/boundaries/check-domain-effects.mjs && node --test scripts/boundaries/domain-effects.test.mjs
Boundary checks passed: 195 real modules, 4 browser modules, 19 negative source fixtures, 2 rejected browser bundles and exports.
Database public API rejects 19 compiler probes and 4 runtime deep imports.
6 production domain modules have no prohibited ambient effects
✔ Date.now is rejected in a production domain helper (8.801293ms)
✔ new Date is rejected in a production domain helper (0.73913ms)
✔ Math.random is rejected in a production domain helper (0.46799ms)
✔ globalThis.Date.now is rejected in a production domain helper (0.487888ms)
✔ fetch is rejected in a production domain helper (1.18077ms)
✔ globalThis.crypto is rejected in a production domain helper (0.406049ms)
✔ computed random is rejected in a production domain helper (0.949738ms)
✔ template random is rejected in a production domain helper (0.7722ms)
✔ dynamic Math member is rejected in a production domain helper (1.226216ms)
✔ spread Date is rejected in a production domain helper (1.586346ms)
✔ random destructuring is rejected in a production domain helper (0.731489ms)
✔ date alias is rejected in a production domain helper (0.336956ms)
✔ math alias is rejected in a production domain helper (0.286046ms)
✔ import meta is rejected in a production domain helper (0.395298ms)
✔ process environment is rejected in a production domain helper (0.226637ms)
✔ deterministic numeric and explicit-value operations stay allowed (1.32484ms)
✔ type-only properties are not ambient API references (2.047106ms)
✔ compiled graph includes an imported module with an excluded test-like filename (561.371687ms)
ℹ tests 18
ℹ suites 0
ℹ pass 18
ℹ fail 0
ℹ cancelled 0
ℹ skipped 0
ℹ todo 0
ℹ duration_ms 972.804792
$ node scripts/boundaries/check-secrets.mjs
Secret/fixture provenance check passed: 112 production source files, 85 separately scanned test/fixture files, 2 browser artifacts, 2 explicitly synthetic seeds.
20 archived Cargo manifests remain independent
$ bash scripts/m1-functions/check.sh
    Finished `dev` profile [unoptimized + debuginfo] target(s) in 0.08s
    Finished `test` profile [unoptimized + debuginfo] target(s) in 0.07s
     Running unittests src/lib.rs (target/debug/deps/cart_authorization-428bc6dab939b9b3)

running 0 tests

test result: ok. 0 passed; 0 failed; 0 ignored; 0 measured; 0 filtered out; finished in 0.00s

     Running tests/currency_matrix.rs (target/debug/deps/currency_matrix-a76cbbc666a7ab20)

running 1 test
test every_admitted_currency_agrees_with_versioned_ts_matrix ... ok

test result: ok. 1 passed; 0 failed; 0 ignored; 0 measured; 0 filtered out; finished in 0.01s

     Running tests/production_vectors.rs (target/debug/deps/production_vectors-931358b74671ec5f)

running 1 test
test production_typescript_vectors_verify_with_complete_rust_core ... ok

test result: ok. 1 passed; 0 failed; 0 ignored; 0 measured; 0 filtered out; finished in 0.11s

     Running tests/whole_quote.rs (target/debug/deps/whole_quote-dd6e3b33eb9f8a50)

running 13 tests
test canonical_carriers_reject_length_padding_alphabet_and_tail_bits ... ok
test complete_ordered_set_verifies_once_and_matches_observed_price ... ok
test compensated_price_mutations_cannot_preserve_authorization_by_preserving_total ... ok
test every_header_byte_class_is_signed_and_structural_header_is_strict ... ok
test last_member_change_invalidates_everything ... ok
test independent_context_keys_date_and_physical_economics_reject ... ok
test missing_duplicate_unsigned_and_extra_members_fail_closed ... ok
test member_from_a_different_signed_quote_cannot_mix_with_original_envelope ... ok
test shared_python_typescript_rust_golden_vector_agrees ... ok
test noncanonical_public_point_and_revoked_or_out_of_window_keys_reject ... ok
test signature_and_arithmetic_profiles_reject_mutations ... ok
test large_complete_quantity_and_500_unit_tier_cannot_be_partially_reused ... ok
test fifteen_independently_signed_high_bit_magic_variants_reject ... ok

test result: ok. 13 passed; 0 failed; 0 ignored; 0 measured; 0 filtered out; finished in 0.30s

     Running unittests src/main.rs (target/debug/deps/cart_transform-358275b5ea2405f6)

running 20 tests
test capacity::tests::exact_output_bound_has_headroom ... ok
test capacity::tests::cart_line_width_and_grammar ... ok
test product_policy::tests::absent_fields_are_unmanaged_but_a_single_lost_field_is_uncertain ... ok
test product_policy::tests::illegible_lone_anchor_cannot_authorize_a_signed_quote ... ok
test product_policy::tests::matching_ready_fields_classify_required_and_optional ... ok
test product_policy::tests::pending_malformed_and_stale_fields_block_plain_but_preserve_signed ... ok
test product_policy::tests::wrong_installation_generation_rejects_signed_too ... ok
test product_policy::tests::strict_grammar_rejects_unknown_states_and_noncanonical_revisions ... ok
test tests::no_partial_expansion_for_incomplete_or_tampered_set ... ok
test tests::revoked_and_out_of_window_public_keys_emit_no_price_operation ... ok
test tests::complete_set_sets_both_prices_and_copies_compact_member ... ok
test tests::signed_quote_with_only_illegible_policy_emits_no_price ... ok
test tests::context_physical_line_policy_and_cart_order_are_enforced ... ok
test tests::signed_quote_with_no_product_anchors_still_requires_shop_keys ... ok
test tests::ten_thousand_physical_units_use_two_expansions ... ok
test tests::unsigned_marker_removed_and_invalid_signature_emit_no_price ... ok
test tests::transform_accepts_canonical_zero_and_echoes_target_local_id ... ok
test tests::untrusted_config_cannot_raise_experiment_ceiling ... ok
test tests::signed_prices_survive_policy_revision_and_one_lost_anchor ... ok
test tests::ten_bucket_output_is_bounded_and_oversized_sets_emit_no_partial_operation ... ok

test result: ok. 20 passed; 0 failed; 0 ignored; 0 measured; 0 filtered out; finished in 0.05s

     Running unittests src/main.rs (target/debug/deps/cart_validation-95daed9c7c60dc1b)

running 24 tests
test capacity::tests::cart_line_width_and_grammar ... ok
test product_policy::tests::absent_fields_are_unmanaged_but_a_single_lost_field_is_uncertain ... ok
test product_policy::tests::illegible_lone_anchor_cannot_authorize_a_signed_quote ... ok
test product_policy::tests::matching_ready_fields_classify_required_and_optional ... ok
test capacity::tests::exact_output_bound_has_headroom ... ok
test product_policy::tests::pending_malformed_and_stale_fields_block_plain_but_preserve_signed ... ok
test product_policy::tests::strict_grammar_rejects_unknown_states_and_noncanonical_revisions ... ok
test product_policy::tests::wrong_installation_generation_rejects_signed_too ... ok
test tests::incomplete_tampered_and_unsigned_required_sets_reject ... ok
test tests::malformed_stale_pending_and_wrong_generation_policy_fail_plain ... ok
test tests::complete_set_compares_observed_exact_subtotals ... ok
test tests::buyer_marker_removal_cannot_turn_known_required_into_plain ... ok
test tests::one_lost_anchor_blocks_plain_while_explicit_optional_and_unmanaged_pass ... ok
test tests::cart_order_context_and_physical_claim_changes_fail_at_checkout ... ok
test tests::revoked_and_out_of_window_public_keys_reject_checkout ... ok
test tests::signed_quote_with_only_illegible_policy_rejects ... ok
test tests::signed_quote_with_no_product_anchors_needs_healthy_shop_keys ... ok
test tests::signed_historical_quote_survives_same_generation_policy_revision ... ok
test tests::untrusted_config_cannot_raise_experiment_ceiling ... ok
test tests::ten_thousand_physical_units_validate_without_per_unit_expansion ... ok
test tests::mixed_200_line_cart_blocks_damaged_managed_line_then_recovers ... ok
test tests::zero_based_cartline_does_not_bypass_economics_or_trust_at_checkout ... ok
test tests::ten_bucket_set_validates_and_oversized_sets_reject ... ok
test tests::zero_based_cartline_preserves_complete_signed_checkout_at_both_steps ... ok

test result: ok. 24 passed; 0 failed; 0 ignored; 0 measured; 0 filtered out; finished in 0.12s

   Doc-tests cart_authorization

running 0 tests

test result: ok. 0 passed; 0 failed; 0 ignored; 0 measured; 0 filtered out; finished in 0.00s

/home/serveradmin/insignia-m5-018-worktree/crates/cart-transform/target/m1-tools/shopify-function-trampoline-2.0.1: OK
    Finished `release` profile [optimized] target(s) in 0.04s
c20cbda370e8ce19c309a49a71f497edb36e2f2db6b4667eced22073cb76fc17  /home/serveradmin/insignia-m5-018-worktree/extensions/insignia-cart-transform/target/cart-transform.raw.wasm
49248769ae4ce578af7c5e7fa77f8c230c8fd4f45b2d673c22cfed87ff946576  /home/serveradmin/insignia-m5-018-worktree/extensions/insignia-cart-transform/target/cart-transform.wasm
184312 /home/serveradmin/insignia-m5-018-worktree/extensions/insignia-cart-transform/target/cart-transform.raw.wasm
181378 /home/serveradmin/insignia-m5-018-worktree/extensions/insignia-cart-transform/target/cart-transform.wasm
365690 total
/home/serveradmin/insignia-m5-018-worktree/crates/cart-validation/target/m1-tools/shopify-function-trampoline-2.0.1: OK
    Finished `release` profile [optimized] target(s) in 0.04s
1c2e43c03c62fb1983089d3b8623eeb6a3ffc90211893c9abb7a2b67fa9ad763  /home/serveradmin/insignia-m5-018-worktree/extensions/insignia-cart-validation/target/cart-validation.raw.wasm
3193f60bbb29cdc473ce7ae73e88d1064ca7be2f03da2aade4e17ae1390366c6  /home/serveradmin/insignia-m5-018-worktree/extensions/insignia-cart-validation/target/cart-validation.wasm
185960 /home/serveradmin/insignia-m5-018-worktree/extensions/insignia-cart-validation/target/cart-validation.raw.wasm
182968 /home/serveradmin/insignia-m5-018-worktree/extensions/insignia-cart-validation/target/cart-validation.wasm
368928 total
/home/serveradmin/insignia-m5-018-worktree/.m1-artifacts/tools/function-runner-9.2.2: OK
transform 8 c20cbda370e8ce19c309a49a71f497edb36e2f2db6b4667eced22073cb76fc17 49248769ae4ce578af7c5e7fa77f8c230c8fd4f45b2d673c22cfed87ff946576
validation 18 1c2e43c03c62fb1983089d3b8623eeb6a3ffc90211893c9abb7a2b67fa9ad763 3193f60bbb29cdc473ce7ae73e88d1064ca7be2f03da2aade4e17ae1390366c6
{
  "rows": 230,
  "positive": 16,
  "vectorsSha256": "7f0046b88183b79cbccc305c883aab0483a6cda1eddb191297e2295c35ac1eda",
  "transformWasmSha256": "49248769ae4ce578af7c5e7fa77f8c230c8fd4f45b2d673c22cfed87ff946576",
  "validationWasmSha256": "3193f60bbb29cdc473ce7ae73e88d1064ca7be2f03da2aade4e17ae1390366c6"
}
M4-003 production builder config passed 6 complete Function runs.
$ corepack pnpm --filter @insignia/web test && corepack pnpm --filter @insignia/storefront test
$ node --test test/*.test.mjs test/admin/*.test.mjs
✔ real admin HTTP publish commits PG v3 activation and immutable evidence: release-blocked (1785.659481ms)
✔ real admin HTTP publish commits PG v3 activation and immutable evidence: active-drift (1474.932822ms)
✔ real admin HTTP publish commits PG v3 activation and immutable evidence: active-key-drift (1471.266686ms)
✔ real admin HTTP publish commits PG v3 activation and immutable evidence: active-epoch-drift (1387.917811ms)
✔ real admin HTTP publish commits PG v3 activation and immutable evidence: active-destroyed-key (1434.708482ms)
✔ real admin HTTP publish commits PG v3 activation and immutable evidence: restoration-pending (537.632387ms)
✔ admin distinguishes activation waiting, held, restoration and conflict without manufacturing ACTIVE (1.33134ms)
✔ publication conflict outranks a retained held/pending activation state (0.193564ms)
✔ terminal operator hold outranks stale held activation (0.161724ms)
✔ failed immutable request is explicit while unresolved availability still takes precedence (0.204207ms)
✔ current staff and installation grant read and edit; reinstallation is checked every request (2.025299ms)
✔ staff read access does not grant mutation (1.142048ms)
✔ expired or cross-shop identity and stale installation fail closed (0.513604ms)
✔ read requires current verified staff and exact shop, even on deep links (29.36025ms)
✔ mutation refuses cross-origin and staff denial before invoking command (3.078506ms)
✔ save carries exact product, draft version and idempotency to durable command (2.631605ms)
✔ stale draft save is a conflict, never a success response (1.063388ms)
✔ publish returns activation-pending truthfully and requires current edit grant (1.213853ms)
✔ a product missing from the verified shop cannot be changed (1.117682ms)
✔ expired identity and shop supplied in command body cannot create a config (1.203575ms)
✔ unwired admin backend serves no private catalog data (0.64361ms)
✔ unknown durable command failures remain unavailable without leaking details (1.160629ms)
✔ editor-generated fixed, override and tier defaults price through unchanged M2 in zero/two/three exponent currencies (3756.954117ms)
✔ real browser editor syncs typed view, variant and step controls with direct Konva canvas and saved draft (2316.698752ms)
✔ removing named choices drops only their labels including nested option value labels before save (1287.416093ms)
✔ variant without a saved image override retains the portrait default until explicit landscape adoption (1012.225057ms)
✔ merchant currency adoption refreshes saved publication eligibility and later failed or stale reads fail closed (1133.204981ms)
✔ mobile deep link, cookie-free reload, interrupted save, stale conflict, and missing Polaris control (2215.548511ms)
✔ interrupted publication resumes the identical request after reload and reaches a durable phase (901.652113ms)
✔ numeric placement input reaches owner state before blur and survives an owner rerender (1340.257959ms)
✔ publication success preserves dirty local edits and exact save recovery [1/1] (883.666692ms)
✔ publication failed preserves dirty local edits and exact save recovery [1/1] (867.359931ms)
✔ publication success preserves ambiguous local edits and exact save recovery [1/1] (929.4939ms)
✔ publication failed preserves ambiguous local edits and exact save recovery [1/1] (896.266644ms)
✔ publication retry keeps the original version after a newer draft edit when embedded storage is denied (907.994298ms)
✔ stale stored publication is replaced by the current immutable intent despite newer ineligible draft (679.367638ms)
✔ reinstalled Admin discards prior-generation browser request and publishes with a new key (687.899985ms)
✔ concurrent editor refreshes share one App Bridge identity request (1283.170449ms)
✔ empty merchant draft can be configured through typed controls and pass M2 validation (1131.077564ms)
✔ mounted admin refreshes late activation and readiness without overwriting local edits, then clears expired identity (10868.833483ms)
✔ two production admin tabs keep stale edits and explicitly review the winning CAS draft: 9.00 (1695.620635ms)
✔ two production admin tabs keep stale edits and explicitly review the winning CAS draft: 2.50 (1584.327561ms)
✔ authorization denial fences a save already in flight from repopulating private editor state (5905.634816ms)
✔ a pre-command passive observation cannot overwrite a newer pending publication or its stored request (5921.982392ms)
✔ operator and restoration conflicts cannot initiate another publication from a saved eligible draft (988.331958ms)
✔ overlapping distinct-key M5 creates serialize before the command FK lock upgrade (190.208702ms)
✔ currency precision rejects invalid saved and legacy publication amounts without rounding or durable intent (215.28349ms)
✔ durable editor CAS, exact-key replay, independent copy, immutable geometry, and reinstall fence (492.531704ms)
✔ actual M4 prepare/advance over immutable M5 revision reports ready, conflict and hold truthfully (882.306423ms)
✔ diagnostic preview requires accounting and HTTPS before any provider access (448.551879ms)
[shopify-api/INFO] version 15.0.0, environment Node v24.21.0
[shopify-api/INFO] Future flag customerAddressDefaultFix is disabled.

  Enable this flag to change the CustomerAddress classes to expose a 'is_default' property instead of 'default' when fetching data.

[shopify-api/INFO] Future flag unstable_managedPricingSupport is disabled.

  Enable this flag to support managed pricing, so apps can check for payments without needing a billing config. Learn more at https://shopify.dev/docs/apps/launch/billing/managed-pricing

[shopify-api/INFO] Creating new session | {shop: synthetic-preview.myshopify.com, isOnline: true}
✔ live-style SDK identity, local PG create/save/reload/CAS/exact ambiguous replay and mutation refusal (711.268269ms)
✔ preview same-token single flight; replacement and current-installation invalidation exchange fresh (1.462012ms)
✔ preview rejected exchange is not cached and expired or long-lived identity is denied (0.909716ms)
[shopify-api/INFO] version 15.0.0, environment Node v24.21.0
[shopify-api/INFO] Future flag customerAddressDefaultFix is disabled.

  Enable this flag to change the CustomerAddress classes to expose a 'is_default' property instead of 'default' when fetching data.

[shopify-api/INFO] Future flag unstable_managedPricingSupport is disabled.

  Enable this flag to support managed pricing, so apps can check for payments without needing a billing config. Learn more at https://shopify.dev/docs/apps/launch/billing/managed-pricing

[shopify-api/INFO] Creating new session | {shop: mf09e683cb9ae41208a1924b072f12c3d.myshopify.com, isOnline: true}
▶ production composition uses signed staff SDK, current feature policy and real M4 prepare with admission hold
  ✔ scheduled cancellation boundary 2026-09-30T23:59:59.999Z: allowed=true (15.932557ms)
  ✔ scheduled cancellation boundary 2026-10-01T00:00:00.000Z: allowed=false (14.768013ms)
  ✔ scheduled cancellation boundary 2026-10-01T00:00:00.001Z: allowed=false (14.316933ms)
✔ production composition uses signed staff SDK, current feature policy and real M4 prepare with admission hold (560.415944ms)
✔ server activation composition cannot promote a diagnostic observation without trusted release source (1.749936ms)
✔ server composition binds trusted provider reads to one signed immutable quote candidate (42.620443ms)
✔ built SSR serves public shell and a real Polaris/Preact interaction (6004.712933ms)
✔ HTTP 5xx after durable inbox commit leads to same-ID retry and a single queue handoff (14.775326ms)
✔ stream bound rejects a lying or absent Content-Length before trusted metadata is stored (1.565442ms)
✔ built HTTP ingress authenticates raw bytes and durably deduplicates through PostgreSQL and queue (1379.956563ms)
ℹ tests 63
ℹ suites 0
ℹ pass 63
ℹ fail 0
ℹ cancelled 0
ℹ skipped 0
ℹ todo 0
ℹ duration_ms 49876.393578
$ node --test test/*.test.mjs
✔ custom element mounts, unmounts, and contains DOM, state and events (553.345328ms)
ℹ tests 1
ℹ suites 0
ℹ pass 1
ℹ fail 0
ℹ cancelled 0
ℹ skipped 0
ℹ todo 0
ℹ duration_ms 1104.106244
{"archivedArchitectureRef": "0f2c80a316228bd69fdd2ff272e967ff14647b2b", "archivedArchitectureVerified": true, "archivedV1_2Ref": "662a78cd27507d8a2f1eaa976f1c644c93edd1be", "archivedV1_2Sha256": {"docs/architecture/OPTION-A-APPROVED.md": "321f86f5823a0b73b6a6483c172e5d56a0172de442f38dc79ae337de51adf209", "docs/architecture/decision-ledger.md": "97ebb79ddc53000c53c46218ba8c83a5ba2279720ed07ff50809706b4f1a800a", "docs/architecture/implementation-plan.md": "8bb45ac9e2834bf047824a2e3dda4da7f76692bae685f6657da7b3ab03d0b145"}, "archivedV1_3Ref": "4209bb16a09cff95d5cbbc1bbcb082e8c1fa8899", "archivedV1_3Sha256": {"docs/architecture/decision-ledger.md": "d4297182b12978822dae124a040a0d47aafcdb7749f7ad8602f0626e964937e9", "docs/architecture/implementation-plan.md": "b730c0dc274af8180a9aae3290189a8fd61b6b92e06681d345fe5d9aab22c06d"}, "currentArchitectureSha256": {"docs/architecture/OPTION-A-APPROVED.md": "321f86f5823a0b73b6a6483c172e5d56a0172de442f38dc79ae337de51adf209", "docs/architecture/decision-ledger.md": "ed8390b3337ce179c5afc810f08cd012ed8ab55ba3ae4a8a67e08fd144ec8f96", "docs/architecture/implementation-plan.md": "c4425cf88b3ef4131f114d54ba367d8a285b340a2e3c1a2182b9172d313d0822"}, "currentArchitectureVersion": "1.4 + M5-017", "historicalMerge": "eaa386c90786e560d49f8311878c95d26cc3c7b8", "manifestSha256": "c2d017f70c4e781d174695c27b9a8c3295666c105af598d8caed6ce9a18160e8", "oldSourceCount": 41, "preM5_017Ref": "4bba14fb4415815557ffa5f1e600427a62128489", "preM5_017Sha256": {"docs/architecture/OPTION-A-APPROVED.md": "321f86f5823a0b73b6a6483c172e5d56a0172de442f38dc79ae337de51adf209", "docs/architecture/decision-ledger.md": "3d1e8fe50c948822ba3403facfc142402d4fc6631d8d667a2e3341ff6cdbd802", "docs/architecture/implementation-plan.md": "cd59fd361d69adc3f307ee9b88ba1f5509ffeefb68aea90a15f9b88757b4e792"}, "unchangedReceiptCount": 120}
{"draftProducts": 2, "hashedSetupReceipts": 14, "initialUnits": 272, "ownedFunctions": 2, "status": "PASS", "variants": 3}
48 required files hashed: .m1-artifacts/manifest.json
