✔ publication success preserves dirty local edits and exact save recovery [1/50] (1307.828515ms)
✔ publication failed preserves dirty local edits and exact save recovery [1/50] (918.213764ms)
✔ publication success preserves ambiguous local edits and exact save recovery [1/50] (949.623341ms)
✔ publication failed preserves ambiguous local edits and exact save recovery [1/50] (965.347052ms)
✔ publication success preserves dirty local edits and exact save recovery [2/50] (905.987172ms)
✔ publication failed preserves dirty local edits and exact save recovery [2/50] (907.95482ms)
✔ publication success preserves ambiguous local edits and exact save recovery [2/50] (961.615955ms)
✔ publication failed preserves ambiguous local edits and exact save recovery [2/50] (952.251152ms)
✔ publication success preserves dirty local edits and exact save recovery [3/50] (947.129517ms)
✔ publication failed preserves dirty local edits and exact save recovery [3/50] (952.25798ms)
✔ publication success preserves ambiguous local edits and exact save recovery [3/50] (1045.955672ms)
✔ publication failed preserves ambiguous local edits and exact save recovery [3/50] (1082.258134ms)
✔ publication success preserves dirty local edits and exact save recovery [4/50] (1050.547465ms)
✔ publication failed preserves dirty local edits and exact save recovery [4/50] (917.012116ms)
✔ publication success preserves ambiguous local edits and exact save recovery [4/50] (996.267605ms)
✔ publication failed preserves ambiguous local edits and exact save recovery [4/50] (986.975828ms)
✔ publication success preserves dirty local edits and exact save recovery [5/50] (893.6721ms)
✔ publication failed preserves dirty local edits and exact save recovery [5/50] (891.803257ms)
✔ publication success preserves ambiguous local edits and exact save recovery [5/50] (1010.040286ms)
✔ publication failed preserves ambiguous local edits and exact save recovery [5/50] (980.454788ms)
✔ publication success preserves dirty local edits and exact save recovery [6/50] (883.485377ms)
✔ publication failed preserves dirty local edits and exact save recovery [6/50] (938.617057ms)
✔ publication success preserves ambiguous local edits and exact save recovery [6/50] (954.740207ms)
✔ publication failed preserves ambiguous local edits and exact save recovery [6/50] (989.58637ms)
✔ publication success preserves dirty local edits and exact save recovery [7/50] (869.328364ms)
✔ publication failed preserves dirty local edits and exact save recovery [7/50] (1020.44906ms)
✔ publication success preserves ambiguous local edits and exact save recovery [7/50] (961.069737ms)
✔ publication failed preserves ambiguous local edits and exact save recovery [7/50] (931.745357ms)
✔ publication success preserves dirty local edits and exact save recovery [8/50] (850.451382ms)
✔ publication failed preserves dirty local edits and exact save recovery [8/50] (833.960146ms)
✔ publication success preserves ambiguous local edits and exact save recovery [8/50] (952.517399ms)
✔ publication failed preserves ambiguous local edits and exact save recovery [8/50] (969.113698ms)
✔ publication success preserves dirty local edits and exact save recovery [9/50] (929.66367ms)
✔ publication failed preserves dirty local edits and exact save recovery [9/50] (843.353493ms)
✔ publication success preserves ambiguous local edits and exact save recovery [9/50] (968.02896ms)
✔ publication failed preserves ambiguous local edits and exact save recovery [9/50] (913.979075ms)
✔ publication success preserves dirty local edits and exact save recovery [10/50] (866.240827ms)
✔ publication failed preserves dirty local edits and exact save recovery [10/50] (944.034567ms)
✔ publication success preserves ambiguous local edits and exact save recovery [10/50] (1038.899578ms)
✔ publication failed preserves ambiguous local edits and exact save recovery [10/50] (919.134527ms)
✔ publication success preserves dirty local edits and exact save recovery [11/50] (854.673873ms)
✔ publication failed preserves dirty local edits and exact save recovery [11/50] (885.758153ms)
✔ publication success preserves ambiguous local edits and exact save recovery [11/50] (915.634678ms)
✔ publication failed preserves ambiguous local edits and exact save recovery [11/50] (916.324511ms)
✔ publication success preserves dirty local edits and exact save recovery [12/50] (899.451354ms)
✔ publication failed preserves dirty local edits and exact save recovery [12/50] (945.25385ms)
✔ publication success preserves ambiguous local edits and exact save recovery [12/50] (936.25624ms)
✔ publication failed preserves ambiguous local edits and exact save recovery [12/50] (1008.958585ms)
✔ publication success preserves dirty local edits and exact save recovery [13/50] (1049.643877ms)
✔ publication failed preserves dirty local edits and exact save recovery [13/50] (917.566405ms)
✔ publication success preserves ambiguous local edits and exact save recovery [13/50] (900.94123ms)
✔ publication failed preserves ambiguous local edits and exact save recovery [13/50] (972.400714ms)
✔ publication success preserves dirty local edits and exact save recovery [14/50] (846.412336ms)
✔ publication failed preserves dirty local edits and exact save recovery [14/50] (899.131742ms)
✔ publication success preserves ambiguous local edits and exact save recovery [14/50] (960.426646ms)
✔ publication failed preserves ambiguous local edits and exact save recovery [14/50] (955.062215ms)
✔ publication success preserves dirty local edits and exact save recovery [15/50] (846.181169ms)
✔ publication failed preserves dirty local edits and exact save recovery [15/50] (863.618951ms)
✔ publication success preserves ambiguous local edits and exact save recovery [15/50] (1032.263621ms)
✔ publication failed preserves ambiguous local edits and exact save recovery [15/50] (948.948642ms)
✔ publication success preserves dirty local edits and exact save recovery [16/50] (878.780896ms)
✔ publication failed preserves dirty local edits and exact save recovery [16/50] (887.268084ms)
✔ publication success preserves ambiguous local edits and exact save recovery [16/50] (974.193797ms)
✔ publication failed preserves ambiguous local edits and exact save recovery [16/50] (917.926669ms)
✔ publication success preserves dirty local edits and exact save recovery [17/50] (853.365079ms)
✔ publication failed preserves dirty local edits and exact save recovery [17/50] (885.103851ms)
✔ publication success preserves ambiguous local edits and exact save recovery [17/50] (1063.882862ms)
✔ publication failed preserves ambiguous local edits and exact save recovery [17/50] (947.755053ms)
✔ publication success preserves dirty local edits and exact save recovery [18/50] (869.983014ms)
✔ publication failed preserves dirty local edits and exact save recovery [18/50] (855.08679ms)
✔ publication success preserves ambiguous local edits and exact save recovery [18/50] (910.462502ms)
✔ publication failed preserves ambiguous local edits and exact save recovery [18/50] (934.617981ms)
✔ publication success preserves dirty local edits and exact save recovery [19/50] (851.899625ms)
✔ publication failed preserves dirty local edits and exact save recovery [19/50] (982.830391ms)
✔ publication success preserves ambiguous local edits and exact save recovery [19/50] (874.602098ms)
✔ publication failed preserves ambiguous local edits and exact save recovery [19/50] (1005.683421ms)
✔ publication success preserves dirty local edits and exact save recovery [20/50] (886.78333ms)
✔ publication failed preserves dirty local edits and exact save recovery [20/50] (872.447414ms)
✔ publication success preserves ambiguous local edits and exact save recovery [20/50] (906.602258ms)
✔ publication failed preserves ambiguous local edits and exact save recovery [20/50] (958.898325ms)
✔ publication success preserves dirty local edits and exact save recovery [21/50] (942.866024ms)
✔ publication failed preserves dirty local edits and exact save recovery [21/50] (863.705965ms)
✔ publication success preserves ambiguous local edits and exact save recovery [21/50] (1024.331125ms)
✔ publication failed preserves ambiguous local edits and exact save recovery [21/50] (1159.117255ms)
✔ publication success preserves dirty local edits and exact save recovery [22/50] (1193.355395ms)
✔ publication failed preserves dirty local edits and exact save recovery [22/50] (1118.58093ms)
✔ publication success preserves ambiguous local edits and exact save recovery [22/50] (1139.008433ms)
✔ publication failed preserves ambiguous local edits and exact save recovery [22/50] (1139.751341ms)
✔ publication success preserves dirty local edits and exact save recovery [23/50] (982.317932ms)
✔ publication failed preserves dirty local edits and exact save recovery [23/50] (1096.126201ms)
✔ publication success preserves ambiguous local edits and exact save recovery [23/50] (1015.630783ms)
✔ publication failed preserves ambiguous local edits and exact save recovery [23/50] (1009.593937ms)
✔ publication success preserves dirty local edits and exact save recovery [24/50] (859.954048ms)
✔ publication failed preserves dirty local edits and exact save recovery [24/50] (860.095788ms)
✔ publication success preserves ambiguous local edits and exact save recovery [24/50] (1060.153452ms)
✔ publication failed preserves ambiguous local edits and exact save recovery [24/50] (906.589751ms)
✔ publication success preserves dirty local edits and exact save recovery [25/50] (893.503353ms)
✔ publication failed preserves dirty local edits and exact save recovery [25/50] (858.734643ms)
✔ publication success preserves ambiguous local edits and exact save recovery [25/50] (943.102144ms)
✔ publication failed preserves ambiguous local edits and exact save recovery [25/50] (1079.885894ms)
✔ publication success preserves dirty local edits and exact save recovery [26/50] (1273.342326ms)
✔ publication failed preserves dirty local edits and exact save recovery [26/50] (1067.927069ms)
✔ publication success preserves ambiguous local edits and exact save recovery [26/50] (1148.816327ms)
✔ publication failed preserves ambiguous local edits and exact save recovery [26/50] (1052.368172ms)
✔ publication success preserves dirty local edits and exact save recovery [27/50] (1060.78056ms)
✔ publication failed preserves dirty local edits and exact save recovery [27/50] (1082.472681ms)
✔ publication success preserves ambiguous local edits and exact save recovery [27/50] (1038.276682ms)
✔ publication failed preserves ambiguous local edits and exact save recovery [27/50] (959.887037ms)
✔ publication success preserves dirty local edits and exact save recovery [28/50] (843.581044ms)
✔ publication failed preserves dirty local edits and exact save recovery [28/50] (858.138167ms)
✔ publication success preserves ambiguous local edits and exact save recovery [28/50] (938.47356ms)
✔ publication failed preserves ambiguous local edits and exact save recovery [28/50] (971.760806ms)
✔ publication success preserves dirty local edits and exact save recovery [29/50] (880.3468ms)
✔ publication failed preserves dirty local edits and exact save recovery [29/50] (942.580072ms)
✔ publication success preserves ambiguous local edits and exact save recovery [29/50] (1011.473181ms)
✔ publication failed preserves ambiguous local edits and exact save recovery [29/50] (1046.452804ms)
✔ publication success preserves dirty local edits and exact save recovery [30/50] (1229.680097ms)
✔ publication failed preserves dirty local edits and exact save recovery [30/50] (1314.477014ms)
✔ publication success preserves ambiguous local edits and exact save recovery [30/50] (1398.659401ms)
✔ publication failed preserves ambiguous local edits and exact save recovery [30/50] (1172.169338ms)
✔ publication success preserves dirty local edits and exact save recovery [31/50] (1048.468906ms)
✔ publication failed preserves dirty local edits and exact save recovery [31/50] (1042.224775ms)
✔ publication success preserves ambiguous local edits and exact save recovery [31/50] (1193.440617ms)
✔ publication failed preserves ambiguous local edits and exact save recovery [31/50] (1030.922397ms)
✔ publication success preserves dirty local edits and exact save recovery [32/50] (875.413412ms)
✔ publication failed preserves dirty local edits and exact save recovery [32/50] (903.524675ms)
✔ publication success preserves ambiguous local edits and exact save recovery [32/50] (998.543778ms)
✔ publication failed preserves ambiguous local edits and exact save recovery [32/50] (922.572428ms)
✔ publication success preserves dirty local edits and exact save recovery [33/50] (848.533352ms)
✔ publication failed preserves dirty local edits and exact save recovery [33/50] (862.701052ms)
✔ publication success preserves ambiguous local edits and exact save recovery [33/50] (944.777599ms)
✔ publication failed preserves ambiguous local edits and exact save recovery [33/50] (905.988377ms)
✔ publication success preserves dirty local edits and exact save recovery [34/50] (951.84265ms)
✔ publication failed preserves dirty local edits and exact save recovery [34/50] (1043.040896ms)
✔ publication success preserves ambiguous local edits and exact save recovery [34/50] (1242.452805ms)
✔ publication failed preserves ambiguous local edits and exact save recovery [34/50] (1182.917688ms)
✔ publication success preserves dirty local edits and exact save recovery [35/50] (992.973133ms)
✔ publication failed preserves dirty local edits and exact save recovery [35/50] (936.4778ms)
✔ publication success preserves ambiguous local edits and exact save recovery [35/50] (1096.197566ms)
✔ publication failed preserves ambiguous local edits and exact save recovery [35/50] (1263.484098ms)
✔ publication success preserves dirty local edits and exact save recovery [36/50] (903.972375ms)
✔ publication failed preserves dirty local edits and exact save recovery [36/50] (852.958981ms)
✔ publication success preserves ambiguous local edits and exact save recovery [36/50] (999.470651ms)
✔ publication failed preserves ambiguous local edits and exact save recovery [36/50] (1014.284631ms)
✔ publication success preserves dirty local edits and exact save recovery [37/50] (912.9281ms)
✔ publication failed preserves dirty local edits and exact save recovery [37/50] (918.381139ms)
✔ publication success preserves ambiguous local edits and exact save recovery [37/50] (936.732625ms)
✔ publication failed preserves ambiguous local edits and exact save recovery [37/50] (955.140026ms)
✔ publication success preserves dirty local edits and exact save recovery [38/50] (868.086815ms)
✔ publication failed preserves dirty local edits and exact save recovery [38/50] (911.811239ms)
✔ publication success preserves ambiguous local edits and exact save recovery [38/50] (1074.244908ms)
✔ publication failed preserves ambiguous local edits and exact save recovery [38/50] (959.445277ms)
✔ publication success preserves dirty local edits and exact save recovery [39/50] (849.623094ms)
✔ publication failed preserves dirty local edits and exact save recovery [39/50] (991.431166ms)
✔ publication success preserves ambiguous local edits and exact save recovery [39/50] (1004.366944ms)
✔ publication failed preserves ambiguous local edits and exact save recovery [39/50] (1146.239068ms)
✔ publication success preserves dirty local edits and exact save recovery [40/50] (1085.474614ms)
✔ publication failed preserves dirty local edits and exact save recovery [40/50] (997.00017ms)
✔ publication success preserves ambiguous local edits and exact save recovery [40/50] (1041.801983ms)
✔ publication failed preserves ambiguous local edits and exact save recovery [40/50] (1140.526878ms)
✔ publication success preserves dirty local edits and exact save recovery [41/50] (945.363008ms)
✔ publication failed preserves dirty local edits and exact save recovery [41/50] (997.005548ms)
✔ publication success preserves ambiguous local edits and exact save recovery [41/50] (1119.149293ms)
✔ publication failed preserves ambiguous local edits and exact save recovery [41/50] (934.115135ms)
✔ publication success preserves dirty local edits and exact save recovery [42/50] (896.095988ms)
✔ publication failed preserves dirty local edits and exact save recovery [42/50] (925.674616ms)
✔ publication success preserves ambiguous local edits and exact save recovery [42/50] (951.935515ms)
✔ publication failed preserves ambiguous local edits and exact save recovery [42/50] (971.812014ms)
✔ publication success preserves dirty local edits and exact save recovery [43/50] (870.882075ms)
✔ publication failed preserves dirty local edits and exact save recovery [43/50] (882.727078ms)
✔ publication success preserves ambiguous local edits and exact save recovery [43/50] (939.823068ms)
✔ publication failed preserves ambiguous local edits and exact save recovery [43/50] (1019.863859ms)
✔ publication success preserves dirty local edits and exact save recovery [44/50] (862.099934ms)
✔ publication failed preserves dirty local edits and exact save recovery [44/50] (1024.988178ms)
✔ publication success preserves ambiguous local edits and exact save recovery [44/50] (1177.678792ms)
✔ publication failed preserves ambiguous local edits and exact save recovery [44/50] (1188.19549ms)
✔ publication success preserves dirty local edits and exact save recovery [45/50] (1014.594438ms)
✔ publication failed preserves dirty local edits and exact save recovery [45/50] (1045.152058ms)
✔ publication success preserves ambiguous local edits and exact save recovery [45/50] (1015.902462ms)
✔ publication failed preserves ambiguous local edits and exact save recovery [45/50] (1174.751201ms)
✔ publication success preserves dirty local edits and exact save recovery [46/50] (1233.374836ms)
✔ publication failed preserves dirty local edits and exact save recovery [46/50] (1032.625512ms)
✔ publication success preserves ambiguous local edits and exact save recovery [46/50] (1077.213686ms)
✔ publication failed preserves ambiguous local edits and exact save recovery [46/50] (1124.925194ms)
✔ publication success preserves dirty local edits and exact save recovery [47/50] (1031.204501ms)
✔ publication failed preserves dirty local edits and exact save recovery [47/50] (1032.611599ms)
✔ publication success preserves ambiguous local edits and exact save recovery [47/50] (1173.395921ms)
✔ publication failed preserves ambiguous local edits and exact save recovery [47/50] (1054.519406ms)
✔ publication success preserves dirty local edits and exact save recovery [48/50] (997.516987ms)
✔ publication failed preserves dirty local edits and exact save recovery [48/50] (898.471008ms)
✔ publication success preserves ambiguous local edits and exact save recovery [48/50] (1024.984739ms)
✔ publication failed preserves ambiguous local edits and exact save recovery [48/50] (1076.034799ms)
✔ publication success preserves dirty local edits and exact save recovery [49/50] (895.996298ms)
✔ publication failed preserves dirty local edits and exact save recovery [49/50] (849.805543ms)
✔ publication success preserves ambiguous local edits and exact save recovery [49/50] (942.833539ms)
✔ publication failed preserves ambiguous local edits and exact save recovery [49/50] (902.525053ms)
✔ publication success preserves dirty local edits and exact save recovery [50/50] (882.266907ms)
✔ publication failed preserves dirty local edits and exact save recovery [50/50] (875.68588ms)
✔ publication success preserves ambiguous local edits and exact save recovery [50/50] (914.37978ms)
✔ publication failed preserves ambiguous local edits and exact save recovery [50/50] (947.367563ms)
ℹ tests 200
ℹ suites 0
ℹ pass 200
ℹ fail 0
ℹ cancelled 0
ℹ skipped 0
ℹ todo 0
ℹ duration_ms 196925.323035
