✖ numeric placement input reaches owner state before blur and survives an owner rerender (1107.813783ms)
ℹ tests 1
ℹ suites 0
ℹ pass 0
ℹ fail 1
ℹ cancelled 0
ℹ skipped 0
ℹ todo 0
ℹ duration_ms 1549.068001

✖ failing tests:

test at ../insignia-m5-002r2-handoff/fraction-control.test.mjs:983:1
✖ numeric placement input reaches owner state before blur and survives an owner rerender (1107.813783ms)
  AssertionError [ERR_ASSERTION]: Expected values to be strictly equal:

  '0.665' !== '0.605'

      at TestContext.<anonymous> (file:///home/serveradmin/insignia-m5-002r2-handoff/fraction-control.test.mjs:1050:12)
      at async Test.run (node:internal/test_runner/test:1409:7)
      at async startSubtestAfterBootstrap (node:internal/test_runner/harness:387:3) {
    generatedMessage: true,
    code: 'ERR_ASSERTION',
    actual: '0.665',
    expected: '0.605',
    operator: 'strictEqual',
    diff: 'simple'
  }
