✖ numeric placement input reaches owner state before blur and survives an owner rerender (756.0993ms)
ℹ tests 1
ℹ suites 0
ℹ pass 0
ℹ fail 1
ℹ cancelled 0
ℹ skipped 0
ℹ todo 0
ℹ duration_ms 1202.617553

✖ failing tests:

test at test/admin/editor-browser.test.mjs:983:1
✖ numeric placement input reaches owner state before blur and survives an owner rerender (756.0993ms)
  AssertionError [ERR_ASSERTION]: Expected values to be strictly equal:

  '0.5' !== '0.6'

      at TestContext.<anonymous> (file:///home/serveradmin/insignia-m5-002-worktree/apps/web/test/admin/editor-browser.test.mjs:1025:12)
      at async Test.run (node:internal/test_runner/test:1409:7)
      at async startSubtestAfterBootstrap (node:internal/test_runner/harness:387:3) {
    generatedMessage: true,
    code: 'ERR_ASSERTION',
    actual: '0.5',
    expected: '0.6',
    operator: 'strictEqual',
    diff: 'simple'
  }
Error: ERR_PNPM_RECURSIVE_EXEC_FIRST_FAIL

  × "pnpm recursive exec" failed in /home/serveradmin/insignia-m5-002-
  │ worktree/apps/web

