$ M5_PUBLICATION_STRESS_ITERATIONS=25 corepack pnpm --filter @insignia/web exec node --test --test-name-pattern="publication (success|failed) preserves" test/admin/editor-browser.test.mjs
✔ publication success preserves dirty local edits and exact save recovery [1/25] (1054.354838ms)
✔ publication failed preserves dirty local edits and exact save recovery [1/25] (1236.386929ms)
✔ publication success preserves ambiguous local edits and exact save recovery [1/25] (1416.76688ms)
✔ publication failed preserves ambiguous local edits and exact save recovery [1/25] (1312.379123ms)
✔ publication success preserves dirty local edits and exact save recovery [2/25] (1314.638849ms)
✔ publication failed preserves dirty local edits and exact save recovery [2/25] (1236.334099ms)
✔ publication success preserves ambiguous local edits and exact save recovery [2/25] (996.620701ms)
✔ publication failed preserves ambiguous local edits and exact save recovery [2/25] (865.174388ms)
✔ publication success preserves dirty local edits and exact save recovery [3/25] (842.403638ms)
✔ publication failed preserves dirty local edits and exact save recovery [3/25] (819.47581ms)
✔ publication success preserves ambiguous local edits and exact save recovery [3/25] (937.663622ms)
✔ publication failed preserves ambiguous local edits and exact save recovery [3/25] (910.460771ms)
✔ publication success preserves dirty local edits and exact save recovery [4/25] (842.64914ms)
✔ publication failed preserves dirty local edits and exact save recovery [4/25] (927.166717ms)
✔ publication success preserves ambiguous local edits and exact save recovery [4/25] (945.883936ms)
✔ publication failed preserves ambiguous local edits and exact save recovery [4/25] (883.883306ms)
✔ publication success preserves dirty local edits and exact save recovery [5/25] (823.288616ms)
✔ publication failed preserves dirty local edits and exact save recovery [5/25] (818.763656ms)
✔ publication success preserves ambiguous local edits and exact save recovery [5/25] (895.29227ms)
✔ publication failed preserves ambiguous local edits and exact save recovery [5/25] (916.169912ms)
✔ publication success preserves dirty local edits and exact save recovery [6/25] (828.312587ms)
✔ publication failed preserves dirty local edits and exact save recovery [6/25] (915.244155ms)
✔ publication success preserves ambiguous local edits and exact save recovery [6/25] (957.065475ms)
✔ publication failed preserves ambiguous local edits and exact save recovery [6/25] (865.032188ms)
✔ publication success preserves dirty local edits and exact save recovery [7/25] (832.919966ms)
✔ publication failed preserves dirty local edits and exact save recovery [7/25] (816.344018ms)
✔ publication success preserves ambiguous local edits and exact save recovery [7/25] (925.809811ms)
✔ publication failed preserves ambiguous local edits and exact save recovery [7/25] (974.575078ms)
✔ publication success preserves dirty local edits and exact save recovery [8/25] (838.432411ms)
✔ publication failed preserves dirty local edits and exact save recovery [8/25] (900.281649ms)
✔ publication success preserves ambiguous local edits and exact save recovery [8/25] (934.038796ms)
✔ publication failed preserves ambiguous local edits and exact save recovery [8/25] (942.698969ms)
✔ publication success preserves dirty local edits and exact save recovery [9/25] (819.462205ms)
✔ publication failed preserves dirty local edits and exact save recovery [9/25] (857.921502ms)
✔ publication success preserves ambiguous local edits and exact save recovery [9/25] (870.904107ms)
✔ publication failed preserves ambiguous local edits and exact save recovery [9/25] (927.393722ms)
✔ publication success preserves dirty local edits and exact save recovery [10/25] (811.111032ms)
✔ publication failed preserves dirty local edits and exact save recovery [10/25] (834.682155ms)
✔ publication success preserves ambiguous local edits and exact save recovery [10/25] (893.873947ms)
✔ publication failed preserves ambiguous local edits and exact save recovery [10/25] (926.19891ms)
✔ publication success preserves dirty local edits and exact save recovery [11/25] (822.635521ms)
✔ publication failed preserves dirty local edits and exact save recovery [11/25] (840.325362ms)
✔ publication success preserves ambiguous local edits and exact save recovery [11/25] (962.643407ms)
✔ publication failed preserves ambiguous local edits and exact save recovery [11/25] (946.265742ms)
✔ publication success preserves dirty local edits and exact save recovery [12/25] (824.622711ms)
✔ publication failed preserves dirty local edits and exact save recovery [12/25] (838.332476ms)
✔ publication success preserves ambiguous local edits and exact save recovery [12/25] (964.863802ms)
✔ publication failed preserves ambiguous local edits and exact save recovery [12/25] (918.594773ms)
✔ publication success preserves dirty local edits and exact save recovery [13/25] (827.167853ms)
✔ publication failed preserves dirty local edits and exact save recovery [13/25] (835.721251ms)
✔ publication success preserves ambiguous local edits and exact save recovery [13/25] (997.9603ms)
✔ publication failed preserves ambiguous local edits and exact save recovery [13/25] (967.377187ms)
✔ publication success preserves dirty local edits and exact save recovery [14/25] (829.206335ms)
✔ publication failed preserves dirty local edits and exact save recovery [14/25] (903.162426ms)
✔ publication success preserves ambiguous local edits and exact save recovery [14/25] (946.264569ms)
✔ publication failed preserves ambiguous local edits and exact save recovery [14/25] (898.594333ms)
✔ publication success preserves dirty local edits and exact save recovery [15/25] (891.00799ms)
✔ publication failed preserves dirty local edits and exact save recovery [15/25] (829.363155ms)
✔ publication success preserves ambiguous local edits and exact save recovery [15/25] (892.797244ms)
✔ publication failed preserves ambiguous local edits and exact save recovery [15/25] (933.856809ms)
✔ publication success preserves dirty local edits and exact save recovery [16/25] (847.277044ms)
✔ publication failed preserves dirty local edits and exact save recovery [16/25] (899.979163ms)
✔ publication success preserves ambiguous local edits and exact save recovery [16/25] (960.708411ms)
✔ publication failed preserves ambiguous local edits and exact save recovery [16/25] (864.019451ms)
✔ publication success preserves dirty local edits and exact save recovery [17/25] (872.484425ms)
✔ publication failed preserves dirty local edits and exact save recovery [17/25] (842.073703ms)
✔ publication success preserves ambiguous local edits and exact save recovery [17/25] (929.412433ms)
✔ publication failed preserves ambiguous local edits and exact save recovery [17/25] (889.664592ms)
✔ publication success preserves dirty local edits and exact save recovery [18/25] (855.638065ms)
✔ publication failed preserves dirty local edits and exact save recovery [18/25] (795.008612ms)
✔ publication success preserves ambiguous local edits and exact save recovery [18/25] (894.593665ms)
✔ publication failed preserves ambiguous local edits and exact save recovery [18/25] (928.450976ms)
✔ publication success preserves dirty local edits and exact save recovery [19/25] (805.178443ms)
✔ publication failed preserves dirty local edits and exact save recovery [19/25] (819.805318ms)
✔ publication success preserves ambiguous local edits and exact save recovery [19/25] (915.593636ms)
✔ publication failed preserves ambiguous local edits and exact save recovery [19/25] (1034.255229ms)
✔ publication success preserves dirty local edits and exact save recovery [20/25] (838.000915ms)
✔ publication failed preserves dirty local edits and exact save recovery [20/25] (829.374107ms)
✔ publication success preserves ambiguous local edits and exact save recovery [20/25] (901.305032ms)
✔ publication failed preserves ambiguous local edits and exact save recovery [20/25] (942.378691ms)
✔ publication success preserves dirty local edits and exact save recovery [21/25] (840.344094ms)
✔ publication failed preserves dirty local edits and exact save recovery [21/25] (863.247844ms)
✔ publication success preserves ambiguous local edits and exact save recovery [21/25] (931.79957ms)
✔ publication failed preserves ambiguous local edits and exact save recovery [21/25] (864.946126ms)
✔ publication success preserves dirty local edits and exact save recovery [22/25] (854.817269ms)
✔ publication failed preserves dirty local edits and exact save recovery [22/25] (868.714737ms)
✔ publication success preserves ambiguous local edits and exact save recovery [22/25] (926.83761ms)
✔ publication failed preserves ambiguous local edits and exact save recovery [22/25] (934.652568ms)
✔ publication success preserves dirty local edits and exact save recovery [23/25] (826.690017ms)
✔ publication failed preserves dirty local edits and exact save recovery [23/25] (873.85626ms)
✔ publication success preserves ambiguous local edits and exact save recovery [23/25] (896.217513ms)
✔ publication failed preserves ambiguous local edits and exact save recovery [23/25] (922.966891ms)
✔ publication success preserves dirty local edits and exact save recovery [24/25] (917.569549ms)
✔ publication failed preserves dirty local edits and exact save recovery [24/25] (932.511905ms)
✔ publication success preserves ambiguous local edits and exact save recovery [24/25] (942.484368ms)
✔ publication failed preserves ambiguous local edits and exact save recovery [24/25] (991.075641ms)
✔ publication success preserves dirty local edits and exact save recovery [25/25] (833.447443ms)
✔ publication failed preserves dirty local edits and exact save recovery [25/25] (852.591675ms)
✔ publication success preserves ambiguous local edits and exact save recovery [25/25] (925.773777ms)
✔ publication failed preserves ambiguous local edits and exact save recovery [25/25] (940.0377ms)
ℹ tests 100
ℹ suites 0
ℹ pass 100
ℹ fail 0
ℹ cancelled 0
ℹ skipped 0
ℹ todo 0
ℹ duration_ms 91669.220427
