$ M5_PUBLICATION_STRESS_ITERATIONS=25 corepack pnpm --filter @insignia/web exec node --test --test-name-pattern="publication (success|failed) preserves" test/admin/editor-browser.test.mjs
✔ publication success preserves dirty local edits and exact save recovery [1/25] (1158.15432ms)
✔ publication failed preserves dirty local edits and exact save recovery [1/25] (1228.679128ms)
✔ publication success preserves ambiguous local edits and exact save recovery [1/25] (1244.59522ms)
✔ publication failed preserves ambiguous local edits and exact save recovery [1/25] (1281.510481ms)
✔ publication success preserves dirty local edits and exact save recovery [2/25] (1117.125796ms)
✔ publication failed preserves dirty local edits and exact save recovery [2/25] (947.008235ms)
✔ publication success preserves ambiguous local edits and exact save recovery [2/25] (999.384197ms)
✔ publication failed preserves ambiguous local edits and exact save recovery [2/25] (997.910418ms)
✔ publication success preserves dirty local edits and exact save recovery [3/25] (822.621122ms)
✔ publication failed preserves dirty local edits and exact save recovery [3/25] (833.567859ms)
✔ publication success preserves ambiguous local edits and exact save recovery [3/25] (1033.772299ms)
✔ publication failed preserves ambiguous local edits and exact save recovery [3/25] (895.424026ms)
✔ publication success preserves dirty local edits and exact save recovery [4/25] (802.233407ms)
✔ publication failed preserves dirty local edits and exact save recovery [4/25] (858.370181ms)
✔ publication success preserves ambiguous local edits and exact save recovery [4/25] (1007.337159ms)
✔ publication failed preserves ambiguous local edits and exact save recovery [4/25] (960.991882ms)
✔ publication success preserves dirty local edits and exact save recovery [5/25] (829.891826ms)
✔ publication failed preserves dirty local edits and exact save recovery [5/25] (826.607478ms)
✔ publication success preserves ambiguous local edits and exact save recovery [5/25] (896.702998ms)
✔ publication failed preserves ambiguous local edits and exact save recovery [5/25] (901.059392ms)
✔ publication success preserves dirty local edits and exact save recovery [6/25] (906.408987ms)
✔ publication failed preserves dirty local edits and exact save recovery [6/25] (831.96865ms)
✔ publication success preserves ambiguous local edits and exact save recovery [6/25] (892.718837ms)
✔ publication failed preserves ambiguous local edits and exact save recovery [6/25] (956.823863ms)
✔ publication success preserves dirty local edits and exact save recovery [7/25] (850.779032ms)
✔ publication failed preserves dirty local edits and exact save recovery [7/25] (829.627132ms)
✔ publication success preserves ambiguous local edits and exact save recovery [7/25] (994.825321ms)
✔ publication failed preserves ambiguous local edits and exact save recovery [7/25] (951.717041ms)
✔ publication success preserves dirty local edits and exact save recovery [8/25] (839.70129ms)
✔ publication failed preserves dirty local edits and exact save recovery [8/25] (915.729487ms)
✔ publication success preserves ambiguous local edits and exact save recovery [8/25] (968.400089ms)
✔ publication failed preserves ambiguous local edits and exact save recovery [8/25] (912.430229ms)
✔ publication success preserves dirty local edits and exact save recovery [9/25] (845.109728ms)
✔ publication failed preserves dirty local edits and exact save recovery [9/25] (828.968596ms)
✔ publication success preserves ambiguous local edits and exact save recovery [9/25] (918.767486ms)
✔ publication failed preserves ambiguous local edits and exact save recovery [9/25] (1003.677111ms)
✔ publication success preserves dirty local edits and exact save recovery [10/25] (839.394418ms)
✔ publication failed preserves dirty local edits and exact save recovery [10/25] (865.838313ms)
✔ publication success preserves ambiguous local edits and exact save recovery [10/25] (878.510974ms)
✔ publication failed preserves ambiguous local edits and exact save recovery [10/25] (914.403707ms)
✔ publication success preserves dirty local edits and exact save recovery [11/25] (850.740569ms)
✔ publication failed preserves dirty local edits and exact save recovery [11/25] (816.512857ms)
✔ publication success preserves ambiguous local edits and exact save recovery [11/25] (868.091003ms)
✔ publication failed preserves ambiguous local edits and exact save recovery [11/25] (929.58927ms)
✔ publication success preserves dirty local edits and exact save recovery [12/25] (828.225374ms)
✔ publication failed preserves dirty local edits and exact save recovery [12/25] (831.533926ms)
✔ publication success preserves ambiguous local edits and exact save recovery [12/25] (927.266016ms)
✔ publication failed preserves ambiguous local edits and exact save recovery [12/25] (927.890162ms)
✔ publication success preserves dirty local edits and exact save recovery [13/25] (835.228439ms)
✔ publication failed preserves dirty local edits and exact save recovery [13/25] (857.674696ms)
✔ publication success preserves ambiguous local edits and exact save recovery [13/25] (935.597334ms)
✔ publication failed preserves ambiguous local edits and exact save recovery [13/25] (952.269507ms)
✔ publication success preserves dirty local edits and exact save recovery [14/25] (853.679261ms)
✔ publication failed preserves dirty local edits and exact save recovery [14/25] (835.477064ms)
✔ publication success preserves ambiguous local edits and exact save recovery [14/25] (931.753265ms)
✔ publication failed preserves ambiguous local edits and exact save recovery [14/25] (869.004314ms)
✔ publication success preserves dirty local edits and exact save recovery [15/25] (871.375491ms)
✔ publication failed preserves dirty local edits and exact save recovery [15/25] (816.568613ms)
✔ publication success preserves ambiguous local edits and exact save recovery [15/25] (980.775937ms)
✔ publication failed preserves ambiguous local edits and exact save recovery [15/25] (897.636578ms)
✔ publication success preserves dirty local edits and exact save recovery [16/25] (807.988876ms)
✔ publication failed preserves dirty local edits and exact save recovery [16/25] (842.728752ms)
✔ publication success preserves ambiguous local edits and exact save recovery [16/25] (881.984348ms)
✔ publication failed preserves ambiguous local edits and exact save recovery [16/25] (923.752445ms)
✔ publication success preserves dirty local edits and exact save recovery [17/25] (889.333681ms)
✔ publication failed preserves dirty local edits and exact save recovery [17/25] (845.956217ms)
✔ publication success preserves ambiguous local edits and exact save recovery [17/25] (1023.44087ms)
✔ publication failed preserves ambiguous local edits and exact save recovery [17/25] (1018.345458ms)
✔ publication success preserves dirty local edits and exact save recovery [18/25] (877.04318ms)
✔ publication failed preserves dirty local edits and exact save recovery [18/25] (861.417014ms)
✔ publication success preserves ambiguous local edits and exact save recovery [18/25] (931.962061ms)
✔ publication failed preserves ambiguous local edits and exact save recovery [18/25] (977.340236ms)
✔ publication success preserves dirty local edits and exact save recovery [19/25] (838.355968ms)
✔ publication failed preserves dirty local edits and exact save recovery [19/25] (819.104384ms)
✔ publication success preserves ambiguous local edits and exact save recovery [19/25] (906.68384ms)
✔ publication failed preserves ambiguous local edits and exact save recovery [19/25] (930.852758ms)
✔ publication success preserves dirty local edits and exact save recovery [20/25] (894.672837ms)
✔ publication failed preserves dirty local edits and exact save recovery [20/25] (832.202849ms)
✔ publication success preserves ambiguous local edits and exact save recovery [20/25] (948.901223ms)
✔ publication failed preserves ambiguous local edits and exact save recovery [20/25] (896.9024ms)
✔ publication success preserves dirty local edits and exact save recovery [21/25] (819.677347ms)
✔ publication failed preserves dirty local edits and exact save recovery [21/25] (908.226418ms)
✔ publication success preserves ambiguous local edits and exact save recovery [21/25] (920.686941ms)
✔ publication failed preserves ambiguous local edits and exact save recovery [21/25] (898.529719ms)
✔ publication success preserves dirty local edits and exact save recovery [22/25] (808.10606ms)
✔ publication failed preserves dirty local edits and exact save recovery [22/25] (836.564277ms)
✔ publication success preserves ambiguous local edits and exact save recovery [22/25] (923.517234ms)
✔ publication failed preserves ambiguous local edits and exact save recovery [22/25] (931.595372ms)
✔ publication success preserves dirty local edits and exact save recovery [23/25] (854.896453ms)
✔ publication failed preserves dirty local edits and exact save recovery [23/25] (884.022438ms)
✔ publication success preserves ambiguous local edits and exact save recovery [23/25] (957.886077ms)
✔ publication failed preserves ambiguous local edits and exact save recovery [23/25] (908.604083ms)
✔ publication success preserves dirty local edits and exact save recovery [24/25] (831.434072ms)
✔ publication failed preserves dirty local edits and exact save recovery [24/25] (845.240921ms)
✔ publication success preserves ambiguous local edits and exact save recovery [24/25] (880.492645ms)
✔ publication failed preserves ambiguous local edits and exact save recovery [24/25] (969.365989ms)
✔ publication success preserves dirty local edits and exact save recovery [25/25] (885.716106ms)
✔ publication failed preserves dirty local edits and exact save recovery [25/25] (861.855534ms)
✔ publication success preserves ambiguous local edits and exact save recovery [25/25] (957.902456ms)
✔ publication failed preserves ambiguous local edits and exact save recovery [25/25] (948.124944ms)
ℹ tests 100
ℹ suites 0
ℹ pass 100
ℹ fail 0
ℹ cancelled 0
ℹ skipped 0
ℹ todo 0
ℹ duration_ms 91485.275072
