✖ failed authentication cannot admit an Admin read through the public operator (11.941989ms)
ℹ tests 1
ℹ suites 0
ℹ pass 0
ℹ fail 1
ℹ cancelled 0
ℹ skipped 0
ℹ todo 0
ℹ duration_ms 221.209767

✖ failing tests:

test at scripts/m5-013/operator.test.mjs:151:1
✖ failed authentication cannot admit an Admin read through the public operator (11.941989ms)
  AssertionError [ERR_ASSERTION]: Missing expected rejection.
      at async TestContext.<anonymous> (file:///home/serveradmin/insignia-m5-013-worktree/scripts/m5-013/operator.test.mjs:154:37)
      at async Test.run (node:internal/test_runner/test:1409:7)
      at async startSubtestAfterBootstrap (node:internal/test_runner/harness:387:3) {
    generatedMessage: false,
    code: 'ERR_ASSERTION',
    actual: undefined,
    expected: /document_or_target_denied/,
    operator: 'rejects',
    diff: 'simple'
  }
