$ corepack pnpm check:style && corepack pnpm build && corepack pnpm test:unit && corepack pnpm test:m5-operator && corepack pnpm test:vectors && corepack pnpm check:boundaries && corepack pnpm check:secrets && python3 -B scripts/boundaries/check-cargo-workspace.py && corepack pnpm check:rust && M1_FUNCTION_RUNNER=.m1-artifacts/tools/function-runner-9.2.2 python3 -B scripts/m4-002/replay-production-vectors.py && M1_FUNCTION_RUNNER=.m1-artifacts/tools/function-runner-9.2.2 node scripts/m4-003/replay-public-config.mjs && corepack pnpm test:browser && python3 -B spikes/m0-007/scripts/check-history.py && python3 -B spikes/m0-014/scripts/check-live-setup.py && python3 -B scripts/m1-functions/artifact-manifest.py
$ biome check .dependency-cruiser.cjs apps/storefront/src apps/storefront/test apps/storefront/scripts apps/storefront/vite.config.ts apps/web/src/islands apps/web/src/pages/live.ts apps/web/src/pages/api apps/web/src/server apps/web/src/shared apps/web/src/styles apps/web/test apps/web/astro.config.mjs apps/worker/src apps/worker/test packages/contracts/src packages/domain/src packages/cart-authorization/src packages/cart-authorization/test packages/application/src packages/database/src packages/database/test packages/shopify/src packages/shopify/test packages/visualizer/src packages/observability/src packages/observability/test scripts/boundaries scripts/m1-functions/check-vector.test.ts scripts/m5-002 scripts/m5-003 scripts/m5-004 scripts/m5-005 scripts/m5-009 scripts/m5-010 scripts/m5-011 scripts/m5-012 scripts/m5-013
apps/web/src/server/admin/production.ts:69:57 lint/style/useTemplate  FIXABLE  ━━━━━━━━━━━━━━━━━━━━━

  i Template literals are preferred over string concatenation.
  
    67 │   const appOrigin = required(env, 'APP_URL');
    68 │   const appId = env.INSIGNIA_SHOPIFY_APP_ID;
  > 69 │   const appGid = appId && /^[1-9][0-9]*$/.test(appId) ? 'gid://shopify/App/' + appId : null;
       │                                                         ^^^^^^^^^^^^^^^^^^^^^^^^^^^^
    70 │   const shopify = createAdminOnlineIdentity({ apiKey, apiSecret, hostName: new URL(appOrigin).host });
    71 │   const core = createDurableCore(databasePool ?? new Pool({ connectionString: databaseUrl }));
  
  i Unsafe fix: Use a template literal.
  
     67  67 │     const appOrigin = required(env, 'APP_URL');
     68  68 │     const appId = env.INSIGNIA_SHOPIFY_APP_ID;
     69     │ - ··const·appGid·=·appId·&&·/^[1-9][0-9]*$/.test(appId)·?·'gid://shopify/App/'·+·appId·:·null;
         69 │ + ··const·appGid·=·appId·&&·/^[1-9][0-9]*$/.test(appId)·?·`gid://shopify/App/${appId}`·:·null;
     70  70 │     const shopify = createAdminOnlineIdentity({ apiKey, apiSecret, hostName: new URL(appOrigin).host });
     71  71 │     const core = createDurableCore(databasePool ?? new Pool({ connectionString: databaseUrl }));
  

apps/web/src/server/admin/production.ts:89:54 lint/style/useTemplate  FIXABLE  ━━━━━━━━━━━━━━━━━━━━━

  i Template literals are preferred over string concatenation.
  
    87 │       installationGeneration: actor.installationGeneration,
    88 │     });
  > 89 │     if (!scope || scope.shopDomain !== actor.shop || 'gid://shopify/Shop/' + scope.shopifyShopId !== actor.shopId)
       │                                                      ^^^^^^^^^^^^^^^^^^^^^^^^^^^^^^^^^^^^^^^^^^^
    90 │       throw new Error('Admin installation changed');
    91 │   }
  
  i Unsafe fix: Use a template literal.
  
     87  87 │         installationGeneration: actor.installationGeneration,
     88  88 │       });
     89     │ - ····if·(!scope·||·scope.shopDomain·!==·actor.shop·||·'gid://shopify/Shop/'·+·scope.shopifyShopId·!==·actor.shopId)
         89 │ + ····if·(!scope·||·scope.shopDomain·!==·actor.shop·||·`gid://shopify/Shop/${scope.shopifyShopId}`·!==·actor.shopId)
     90  90 │         throw new Error('Admin installation changed');
     91  91 │     }
  

apps/web/src/server/admin/production.ts:214:51 lint/style/useTemplate  FIXABLE  ━━━━━━━━━━━━━━━━━━━━

  i Template literals are preferred over string concatenation.
  
    212 │           const provider = await shopify.readInstallation(online);
    213 │           const tenant = await core.tenants.getShopByDomain(provider.shop);
  > 214 │           if (!tenant || !tenant.shopifyShopId || 'gid://shopify/Shop/' + tenant.shopifyShopId !== provider.shopId)
        │                                                   ^^^^^^^^^^^^^^^^^^^^^^^^^^^^^^^^^^^^^^^^^^^^
    215 │             throw new Error('Tenant installation mismatch');
    216 │           const installed = await core.tenants.getCurrentAdminInstallation(tenant.shopId);
  
  i Unsafe fix: Use a template literal.
  
    212 212 │             const provider = await shopify.readInstallation(online);
    213 213 │             const tenant = await core.tenants.getShopByDomain(provider.shop);
    214     │ - ··········if·(!tenant·||·!tenant.shopifyShopId·||·'gid://shopify/Shop/'·+·tenant.shopifyShopId·!==·provider.shopId)
        214 │ + ··········if·(!tenant·||·!tenant.shopifyShopId·||·`gid://shopify/Shop/${tenant.shopifyShopId}`·!==·provider.shopId)
    215 215 │               throw new Error('Tenant installation mismatch');
    216 216 │             const installed = await core.tenants.getCurrentAdminInstallation(tenant.shopId);
  

scripts/m5-012/operator.test.mjs:357:16 lint/style/useTemplate  FIXABLE  ━━━━━━━━━━━━━━━━━━━━━━━━━━━

  i Template literals are preferred over string concatenation.
  
    355 │     const variants = [
    356 │       { query: q, variables: { id: 'gid://shopify/Product/123' } },
  > 357 │       { query: q + ' ', variables: {} },
        │                ^^^^^^^
    358 │       ...['10490211467547', '339456917787', '294412484609']
    359 │         .filter((id) => q.includes(id))
  
  i Unsafe fix: Use a template literal.
  
    355 355 │       const variants = [
    356 356 │         { query: q, variables: { id: 'gid://shopify/Product/123' } },
    357     │ - ······{·query:·q·+·'·',·variables:·{}·},
        357 │ + ······{·query:·`${q}·`,·variables:·{}·},
    358 358 │         ...['10490211467547', '339456917787', '294412484609']
    359 359 │           .filter((id) => q.includes(id))
  

apps/web/src/server/admin/auth.ts:48:48 lint/style/noNonNullAssertion ━━━━━━━━━━━━━━━━━━━━━━━━━━━━━━

  ! Forbidden non-null assertion.
  
    46 │     let identity: VerifiedAdminIdentity;
    47 │     try {
  > 48 │       identity = await port.verifySessionToken(match[1]!);
       │                                                ^^^^^^^^^
    49 │     } catch {
    50 │       return null;
  

apps/web/src/server/admin/auth.ts:61:50 lint/style/noNonNullAssertion ━━━━━━━━━━━━━━━━━━━━━━━━━━━━━━

  ! Forbidden non-null assertion.
  
    59 │     )
    60 │       return null;
  > 61 │     const grant = await port.exchangeOnlineGrant(match[1]!, identity);
       │                                                  ^^^^^^^^^
    62 │     if (
    63 │       grant.shop !== identity.shop ||
  

apps/web/src/server/admin/preview.ts:109:28 lint/style/noNonNullAssertion ━━━━━━━━━━━━━━━━━━━━━━━━━━

  ! Forbidden non-null assertion.
  
    107 │             .then((found) => (found ? project(found) : null)),
    108 │         );
  > 109 │       const result = await map.get(id)!;
        │                            ^^^^^^^^^^^^
    110 │       await active(actor);
    111 │       return result;
  

apps/web/src/server/admin/preview.ts:116:28 lint/style/noNonNullAssertion ━━━━━━━━━━━━━━━━━━━━━━━━━━

  ! Forbidden non-null assertion.
  
    114 │       await active(actor);
    115 │       if (!currencies.has(actor)) currencies.set(actor, reader(actor).shopCurrency());
  > 116 │       const result = await currencies.get(actor)!;
        │                            ^^^^^^^^^^^^^^^^^^^^^^
    117 │       await active(actor);
    118 │       return result;
  

apps/web/src/server/admin/preview.ts:163:34 lint/style/noNonNullAssertion ━━━━━━━━━━━━━━━━━━━━━━━━━━

  ! Forbidden non-null assertion.
  
    161 │                   shopId: randomUUID(),
    162 │                   shopDomain: shop,
  > 163 │                   shopifyShopId: shopId.split('/').at(-1)!,
        │                                  ^^^^^^^^^^^^^^^^^^^^^^^^^
    164 │                   externalInstallationId: provider.installationId,
    165 │                 }),
  

apps/web/src/server/admin/preview.ts:223:26 lint/style/noNonNullAssertion ━━━━━━━━━━━━━━━━━━━━━━━━━━

  ! Forbidden non-null assertion.
  
    221 │                   installationGeneration: bound.installationGeneration,
    222 │                   shopifyShopId: shopId,
  > 223 │                   appId: env.INSIGNIA_M5_002_APP_RESOURCE!,
        │                          ^^^^^^^^^^^^^^^^^^^^^^^^^^^^^^^^^
    224 │                 },
    225 │                 {
  

apps/web/src/server/admin/preview.ts:227:46 lint/style/noNonNullAssertion ━━━━━━━━━━━━━━━━━━━━━━━━━━

  ! Forbidden non-null assertion.
  
    225 │                 {
    226 │                   appKey: client,
  > 227 │                   transformInputQuerySha256: env.INSIGNIA_M5_002_TRANSFORM_QUERY_HASH!,
        │                                              ^^^^^^^^^^^^^^^^^^^^^^^^^^^^^^^^^^^^^^^^^
    228 │                   validationInputQuerySha256: env.INSIGNIA_M5_002_VALIDATION_QUERY_HASH!,
    229 │                 },
  

apps/web/src/server/admin/preview.ts:228:47 lint/style/noNonNullAssertion ━━━━━━━━━━━━━━━━━━━━━━━━━━

  ! Forbidden non-null assertion.
  
    226 │                   appKey: client,
    227 │                   transformInputQuerySha256: env.INSIGNIA_M5_002_TRANSFORM_QUERY_HASH!,
  > 228 │                   validationInputQuerySha256: env.INSIGNIA_M5_002_VALIDATION_QUERY_HASH!,
        │                                               ^^^^^^^^^^^^^^^^^^^^^^^^^^^^^^^^^^^^^^^^^^
    229 │                 },
    230 │               );
  

apps/web/src/server/admin/production.ts:214:15 lint/complexity/useOptionalChain  FIXABLE  ━━━━━━━━━━

  ! Change to an optional chain.
  
    212 │           const provider = await shopify.readInstallation(online);
    213 │           const tenant = await core.tenants.getShopByDomain(provider.shop);
  > 214 │           if (!tenant || !tenant.shopifyShopId || 'gid://shopify/Shop/' + tenant.shopifyShopId !== provider.shopId)
        │               ^^^^^^^^^^^^^^^^^^^^^^^^^^^^^^^^
    215 │             throw new Error('Tenant installation mismatch');
    216 │           const installed = await core.tenants.getCurrentAdminInstallation(tenant.shopId);
  
  i Unsafe fix: Change to an optional chain.
  
    212 212 │             const provider = await shopify.readInstallation(online);
    213 213 │             const tenant = await core.tenants.getShopByDomain(provider.shop);
    214     │ - ··········if·(!tenant·||·!tenant.shopifyShopId·||·'gid://shopify/Shop/'·+·tenant.shopifyShopId·!==·provider.shopId)
        214 │ + ··········if·(!tenant?.shopifyShopId·||·'gid://shopify/Shop/'·+·tenant.shopifyShopId·!==·provider.shopId)
    215 215 │               throw new Error('Tenant installation mismatch');
    216 216 │             const installed = await core.tenants.getCurrentAdminInstallation(tenant.shopId);
  

apps/web/src/server/merchant-config.ts:123:28 lint/style/noNonNullAssertion ━━━━━━━━━━━━━━━━━━━━━━━━

  ! Forbidden non-null assertion.
  
    121 │         option.allowedValueIds.flatMap((id) => {
    122 │           const label = oldLabels?.[id];
  > 123 │           return label ? [[values.get(id)!, label]] : [];
        │                            ^^^^^^^^^^^^^^^
    124 │         }),
    125 │       );
  

apps/web/src/server/merchant-config.ts:126:47 lint/style/noNonNullAssertion ━━━━━━━━━━━━━━━━━━━━━━━━

  ! Forbidden non-null assertion.
  
    124 │         }),
    125 │       );
  > 126 │       return Object.keys(remapped).length ? [[options.get(option.id)!, remapped]] : [];
        │                                               ^^^^^^^^^^^^^^^^^^^^^^^
    127 │     }),
    128 │   );
  

apps/web/src/server/merchant-config.ts:132:50 lint/style/noNonNullAssertion ━━━━━━━━━━━━━━━━━━━━━━━━

  ! Forbidden non-null assertion.
  
    130 │     ...source,
    131 │     labels,
  > 132 │     methods: source.methods.map((item) => ({ id: methods.get(item.id)! })),
        │                                                  ^^^^^^^^^^^^^^^^^^^^^
    133 │     placements: source.placements.map((item) => ({
    134 │       ...item,
  

apps/web/src/server/merchant-config.ts:135:11 lint/style/noNonNullAssertion ━━━━━━━━━━━━━━━━━━━━━━━━

  ! Forbidden non-null assertion.
  
    133 │     placements: source.placements.map((item) => ({
    134 │       ...item,
  > 135 │       id: placements.get(item.id)!,
        │           ^^^^^^^^^^^^^^^^^^^^^^^^
    136 │       allowedMethodIds: item.allowedMethodIds.map((id) => methods.get(id)!),
    137 │       allowedStepIds: item.allowedStepIds.map((id) => steps.get(id)!),
  

apps/web/src/server/merchant-config.ts:136:59 lint/style/noNonNullAssertion ━━━━━━━━━━━━━━━━━━━━━━━━

  ! Forbidden non-null assertion.
  
    134 │       ...item,
    135 │       id: placements.get(item.id)!,
  > 136 │       allowedMethodIds: item.allowedMethodIds.map((id) => methods.get(id)!),
        │                                                           ^^^^^^^^^^^^^^^^
    137 │       allowedStepIds: item.allowedStepIds.map((id) => steps.get(id)!),
    138 │     })),
  

apps/web/src/server/merchant-config.ts:137:55 lint/style/noNonNullAssertion ━━━━━━━━━━━━━━━━━━━━━━━━

  ! Forbidden non-null assertion.
  
    135 │       id: placements.get(item.id)!,
    136 │       allowedMethodIds: item.allowedMethodIds.map((id) => methods.get(id)!),
  > 137 │       allowedStepIds: item.allowedStepIds.map((id) => steps.get(id)!),
        │                                                       ^^^^^^^^^^^^^^
    138 │     })),
    139 │     productionOptions: source.productionOptions.map((item) => ({
  

scripts/m5-012/operator.test.mjs:468:44 lint/correctness/noUnusedFunctionParameters  FIXABLE  ━━━━━━━━━━

  ! This parameter b is unused.
  
    466 │ test('a failed read reservation cannot be retried or lead to unverifiable cleanup', async () => {
    467 │   const { IDENTITY, ARCHIVE } = await import('./documents.mjs');
  > 468 │   const external = provider({ respond: (d, b, n) => (n === 2 ? Response.json({ data: d, errors: false }) : null) });
        │                                            ^
    469 │   const op = createOperator({
    470 │     directory: mkdtempSync(join(tmpdir(), 'm5012-no-retry-')),
  
  i Unused parameters might be the result of an incomplete refactoring.
  
  i Unsafe fix: If this is intentional, prepend b with an underscore.
  
    466 466 │   test('a failed read reservation cannot be retried or lead to unverifiable cleanup', async () => {
    467 467 │     const { IDENTITY, ARCHIVE } = await import('./documents.mjs');
    468     │ - ··const·external·=·provider({·respond:·(d,·b,·n)·=>·(n·===·2·?·Response.json({·data:·d,·errors:·false·})·:·null)·});
        468 │ + ··const·external·=·provider({·respond:·(d,·_b,·n)·=>·(n·===·2·?·Response.json({·data:·d,·errors:·false·})·:·null)·});
    469 469 │     const op = createOperator({
    470 470 │       directory: mkdtempSync(join(tmpdir(), 'm5012-no-retry-')),
  

The number of diagnostics exceeds the limit allowed. Use --max-diagnostics to increase it.
Diagnostics not shown: 101.
Checked 233 files in 511ms. No fixes applied.
Found 38 warnings.
Found 83 infos.
$ corepack pnpm -r --filter './packages/**' build && corepack pnpm -r --filter './apps/**' build
packages/cart-authorization build$ tsc -p tsconfig.json
packages/contracts build$ tsc -p tsconfig.json
packages/domain build$ tsc -p tsconfig.json
packages/observability build$ tsc -p tsconfig.json
packages/domain build: Done
packages/visualizer build$ tsc -p tsconfig.json
packages/contracts build: Done
packages/application build$ tsc -p tsconfig.json
packages/cart-authorization build: Done
packages/observability build: Done
packages/visualizer build: Done
packages/application build: Done
packages/shopify build$ tsc -p tsconfig.json
packages/shopify build: Done
packages/database build$ tsc -p tsconfig.json
packages/database build: Done
apps/worker build$ tsc -p tsconfig.json
apps/storefront build$ tsc --noEmit && vite build && node scripts/copy-theme-asset.mjs
apps/worker build: Done
apps/web build$ astro check && astro build
apps/storefront build: vite v8.3.1 building client environment for production...
apps/storefront build: transforming...
apps/storefront build: ✓ 5 modules transformed.
apps/storefront build: rendering chunks...
apps/storefront build: computing gzip size...
apps/storefront build: dist/insignia-storefront.js  14.03 kB │ gzip: 5.93 kB
apps/storefront build: 
apps/storefront build: ✓ built in 36ms
apps/storefront build: Done
apps/web build: 16:13:04 [@astrojs/node] Enabling sessions with filesystem storage
apps/web build: 16:13:04 [types] Generated 67ms
apps/web build: 16:13:04 [check] Getting diagnostics for Astro files in /home/serveradmin/insignia-m5-013-worktree/apps/web...
apps/web build: Result (28 files): 
apps/web build: - 0 errors
apps/web build: - 0 warnings
apps/web build: - 0 hints
apps/web build: 
apps/web build: 16:13:09 [@astrojs/node] Enabling sessions with filesystem storage
apps/web build: 16:13:09 [types] Generated 66ms
apps/web build: 16:13:09 [build] output: "server"
apps/web build: 16:13:09 [build] mode: "server"
apps/web build: 16:13:09 [build] directory: /home/serveradmin/insignia-m5-013-worktree/apps/web/dist/
apps/web build: 16:13:09 [build] adapter: @astrojs/node
apps/web build: 16:13:09 [build] Collecting build info...
apps/web build: 16:13:09 [build] ✓ Completed in 106ms.
apps/web build: 16:13:09 [build] Building server entrypoints...
apps/web build: 16:13:09 [vite] ✓ built in 217ms
apps/web build: 16:13:11 [vite] ✓ built in 1.48s
apps/web build: 16:13:11 [vite] ✓ built in 221ms
apps/web build: 16:13:11 [build] Rearranging server assets...
apps/web build: 16:13:11 [build] ✓ Completed in 1.98s.
apps/web build: 16:13:11 [build] Server built in 2.09s
apps/web build: 16:13:11 [build] Complete!
apps/web build: Done
$ corepack pnpm --filter @insignia/domain test && corepack pnpm --filter @insignia/contracts test && corepack pnpm --filter @insignia/visualizer test && corepack pnpm --filter @insignia/cart-authorization test && corepack pnpm --filter @insignia/application test && corepack pnpm --filter @insignia/shopify test && corepack pnpm --filter @insignia/observability test && corepack pnpm --filter @insignia/worker test
$ vitest run

 RUN  v5.0.2 /home/serveradmin/insignia-m5-013-worktree/packages/domain


 Test Files  5 passed (5)
      Tests  26 passed (26)
   Start at  16:13:12
   Duration  448ms (transform 46%, tests 35%, import 14%, worker 4%)

$ vitest run

 RUN  v5.0.2 /home/serveradmin/insignia-m5-013-worktree/packages/contracts


 Test Files  2 passed (2)
      Tests  6 passed (6)
   Start at  16:13:13
   Duration  273ms (import 54%, transform 32%, tests 10%, worker 3%)

$ vitest run

 RUN  v5.0.2 /home/serveradmin/insignia-m5-013-worktree/packages/visualizer


 Test Files  2 passed (2)
      Tests  9 passed (9)
   Start at  16:13:13
   Duration  215ms (transform 58%, import 22%, tests 14%, worker 5%)

$ node --experimental-strip-types --test test/*.test.ts
✔ hard subset bounds and untrusted ordinary-line hints (2.107411ms)
✔ 33 buckets are refused before the signer is called (0.445808ms)
✔ every admitted code matches the versioned matrix and unknown/digital values reject (12.306267ms)
✔ production-generated carriers decode, conserve and verify for every complete set (6.197555ms)
✔ PostgreSQL-persisted negative adjustment has exact signed quote and member economics (1.08912ms)
✔ versioned 33-bucket vector rejects before any signing call (0.423503ms)
✔ production decoder and signature bytes preserve the independent v2 wire literal (5.505969ms)
✔ injected synthetic Ed25519 signer covers the complete set and three-day key window (3.096527ms)
✔ invalid window or set refuses signing and noncanonical carrier refuses decoding (0.562065ms)
ℹ tests 9
ℹ suites 0
ℹ pass 9
ℹ fail 0
ℹ cancelled 0
ℹ skipped 0
ℹ todo 0
ℹ duration_ms 186.578457
$ vitest run

 RUN  v5.0.2 /home/serveradmin/insignia-m5-013-worktree/packages/application


 Test Files  14 passed (14)
      Tests  174 passed (174)
   Start at  16:13:14
   Duration  1.37s (transform 46%, import 32%, tests 19%, worker 3%)

    Isolate  14 workers spawned · ~124ms startup each (spawn + environment, per file)
             at least ~453ms faster with isolate: false — reuses workers across files instead of one per file

$ vitest run

 RUN  v5.0.2 /home/serveradmin/insignia-m5-013-worktree/packages/shopify


 Test Files  12 passed (12)
      Tests  226 passed (226)
   Start at  16:13:16
   Duration  1.35s (tests 64%, transform 19%, import 15%, worker 2%)

    Isolate  12 workers spawned · ~118ms startup each (spawn + environment, per file)
             at least ~355ms faster with isolate: false — reuses workers across files instead of one per file

$ node --test test/*.test.mjs
✔ structured runtime events cannot emit arbitrary payload or credential fields (4.801816ms)
✔ metric labels are fixed outcomes and never contain tenant or delivery IDs (2.59674ms)
ℹ tests 2
ℹ suites 0
ℹ pass 2
ℹ fail 0
ℹ cancelled 0
ℹ skipped 0
ℹ todo 0
ℹ duration_ms 129.737777
$ node --test test/*.test.mjs
✔ current and previous synthetic wrapping keys remain available by ID (2.443719ms)
﹣ PostgreSQL claim retries the old refresh token after a lost response and fences stale replacement (0.966524ms) # SKIP
✔ diagnostic decodes and derives synthetic pixels without claiming durable readiness (13.806652ms)
✔ liveness stays separate from durable readiness; loopback metrics expose bounded outcomes (58.778202ms)
﹣ PostgreSQL pg-boss starts, retries, settles and replays after restart (1.008885ms) # SKIP
﹣ pg-boss retry after committed uninstall retains one deactivation and one inbox fact (0.162048ms) # SKIP
✔ process starts queues and workers before readiness; stop makes readiness unavailable (42.645481ms)
✔ startup failure closes a started queue without reporting readiness (1.437188ms)
{"level":30,"time":1791303199201,"event":"worker_started"}
{"level":30,"time":1791303199205,"event":"worker_started"}
{"level":30,"time":1791303199207,"event":"worker_started"}
{"level":30,"time":1791303199209,"event":"worker_started"}
{"level":30,"time":1791303199210,"event":"worker_started"}
{"level":30,"time":1791303199212,"event":"worker_started"}
✔ enqueue confirms exact inbox identity, including completed job replay (7.013753ms)
✔ null send without same persisted job is retryable, never an acknowledgement (1.532974ms)
✔ workers pass IDs only to injected durable handlers; failed attempt retries safely (2.792546ms)
✔ invalid job body and identity fail closed without invoking application (0.86331ms)
✔ enabled worker refuses missing credential-key configuration and stays not ready (1.515575ms)
✔ refresh claim contention is retried rather than silently completing its job (1.256708ms)
{"level":30,"time":1791303199202,"event":"webhook_enqueued","inboxId":"77e95eaf-8ae4-43fd-bbfb-1a5a25bba190"}
{"level":30,"time":1791303199203,"event":"worker_stopped"}
{"level":50,"time":1791303199207,"event":"webhook_process_failed","inboxId":"10df871a-1bcd-46b9-b9e7-2413bc0acc9e","errorClass":"ProcessingError","attempt":0}
{"level":30,"time":1791303199207,"event":"webhook_process_ok","inboxId":"10df871a-1bcd-46b9-b9e7-2413bc0acc9e","attempt":1}
{"level":30,"time":1791303199208,"event":"refresh_process_ok","shopId":"3bc01ba9-7caf-44aa-a5a5-274a2508af68","attempt":0}
{"level":30,"time":1791303199209,"event":"worker_stopped"}
{"level":50,"time":1791303199210,"event":"webhook_process_failed","inboxId":"4d5aa8f4-5c55-48ff-8d62-51f3c85a8cc6","errorClass":"ProcessingError","attempt":0}
{"level":30,"time":1791303199211,"event":"worker_stopped"}
{"level":50,"time":1791303199212,"event":"refresh_process_failed","errorClass":"RefreshError","attempt":0}
{"level":30,"time":1791303199213,"event":"worker_stopped"}
﹣ configured worker serves liveness and durable readiness, then closes on SIGTERM (1.005852ms) # SKIP
ℹ tests 15
ℹ suites 0
ℹ pass 11
ℹ fail 0
ℹ cancelled 0
ℹ skipped 4
ℹ todo 0
ℹ duration_ms 615.98409
$ node --test scripts/m5-002/read-register.test.mjs scripts/m5-002/built-runtime.test.mjs && node --test scripts/m5-004/operator.test.mjs scripts/m5-009/operator.test.mjs scripts/m5-010/operator.test.mjs scripts/m5-010/binding.test.mjs scripts/m5-010/native-actions.test.mjs && node --test scripts/m5-005/diagnostic.test.mjs && node --test scripts/m5-011/operator.test.mjs scripts/m5-011/binding.test.mjs && node --test scripts/m5-012/operator.test.mjs scripts/m5-012/binding.test.mjs && node --test scripts/m5-013/operator.test.mjs scripts/m5-013/binding.test.mjs
✔ complete built server reproduces CLI development-mode CSP rejection (251.670082ms)
✔ actual launcher runtime preparation admits built hydration without widening CSP (210.939322ms)
✔ actual launcher register reserves durably before synthetic fetch, serializes and denies extra attempts (74.787306ms)
✔ exact SDK online exchange is counted per attempt; mutations, wrong targets and other token/event routes never send (1.669519ms)
✔ ambiguous or inflated history stops before any send (0.509486ms)
✔ one-shot loss applies only after a committed local save and never changes transport counts (1.525841ms)
ℹ tests 6
ℹ suites 0
ℹ pass 6
ℹ fail 0
ℹ cancelled 0
ℹ skipped 0
ℹ todo 0
ℹ duration_ms 543.693437
✔ actual HTTP attempts are durably reserved before dispatch (10.886989ms)
✔ captured M5-004 empty grants stop the actual public workflow before any fixture write (7.005353ms)
✔ fixed targets/documents/variables reject unrelated writes and extra payload before actual HTTP (4.707529ms)
✔ normal reserves cannot consume final 12 reads/3 updates; all attempts count, one lock and one create (200.304747ms)
✔ naturally lost mutation response stops all later writes and cleanup across reopen; no automatic retry (2.605916ms)
✔ real routing identity, nine retained grants and complete empty publication history are mandatory (2.584167ms)
✔ auth exact app/route counts3 and never persists synthetic secret or returned token (1.825602ms)
✔ missing/corrupt history never reinitializes or sends (0.730104ms)
✔ offline gate prevents even credential loading (0.652891ms)
✔ full qualification reuses unchanged actual status/catalog adapters, fresh-process hold reload and drift refusal (543.037471ms)
✔ complete workflow stops on changed installation; no manufacture or unsafe cleanup (22.024791ms)
✔ complete workflow stops on unexpected exposure; no manufacture or unsafe cleanup (21.897515ms)
✔ complete workflow stops on visibility mismatch; no manufacture or unsafe cleanup (165.479002ms)
✔ complete workflow stops on natural lost response; no manufacture or unsafe cleanup (100.04142ms)
✔ complete workflow stops on metadata drift; no manufacture or unsafe cleanup (25.120821ms)
✔ complete workflow stops on malformed success; no manufacture or unsafe cleanup (114.836794ms)
✔ live register is canonical; synthetic initialization rejects unsafe directories and lost history (0.71076ms)
✔ malformed/unsuccessful mutation responses stay unknown; only valid explicit rejection permits finalization (4.790813ms)
✔ lock cannot release while late HTTP/body work can still persist history (1.120494ms)
✔ acknowledged fixture metadata baseline rejects added tags or changed creation identity (1.250493ms)
✔ actual adapter HTTP/GraphQL outcomes survive bounded transport and sanitized response replay (13.821771ms)
✔ foreign live root and stale register binding cannot reach credential loading (21.682819ms)
✔ gate rejects incomplete CI and unbound review receipts even when every supplied workflow is green (27.737152ms)
✔ complete source/build/review/CI gate accepts bound receipts and rejects omissions, stale refs or altered evidence (91.023777ms)
✔ actual adapter user-error failure remains identical when replayed from sanitized mutation evidence (6.079022ms)
✔ malformed success userErrors cannot acknowledge a status mutation or allow cleanup (4.347091ms)
✔ actual availability missing/oversized bodies keep direct/wrapped/replayed shape errors (4.822565ms)
✔ catalog receives original bounded UTF8 bytes and provenance hashes the bytes, not replacement text (2.396206ms)
✔ failed catalog preserves actual normalized results before STOP (270.526292ms)
✔ failed drift preserves actual normalized results before STOP (477.867985ms)
✔ availability preserves its lossy UTF8 semantics while catalog rejects the same original bad bytes (2.28065ms)
✔ reopening a finished run preserves exact normalized evidence and refuses before credential loading (469.658156ms)
✔ catalog successful non200 keeps direct/wrapped/replayed body semantics (1.929015ms)
✔ current product capability accepts write_products without the obsolete nine grants (1.753003ms)
✔ legacy exact-nine guard stays unchanged while successor records current additional grants (3.602168ms)
✔ successor rejects absent capability, malformed grants and every wrong routing identity (0.979611ms)
✔ successor rejects the legacy canonical live directory before writing and cannot reopen legacy history (0.912905ms)
✔ successor documents, request ceilings, ownership, settlement and shared matrix stay source-identical (10.27632ms)
✔ fresh complete successor workflow uses real adapters, current product grants, persisted holds and unchanged matrix (974.054305ms)
✔ public successor workflow stops on missing capability without unsafe cleanup or retries (2.172477ms)
✔ public successor workflow stops on wrong identity without unsafe cleanup or retries (1.858145ms)
✔ public successor workflow stops on lost status acknowledgement without unsafe cleanup or retries (75.185903ms)
✔ successor live entry refuses incomplete gate before the protected credential route (29.62865ms)
✔ successor gate binds its own tree, directory, exact source and independent review/CI receipts (120.151315ms)
✔ captured live publication-field denial stops create settlement and never permits status finalization (4.957853ms)
✔ successor gate binds its own tree, directory, exact source and independent review/CI receipts (122.819528ms)
✔ native release and two-scope consent are durable one-use operations with dependency and ambiguity stops (5.872831ms)
✔ native successful sequence closes after exactly one release/request/approval and rejects reset reservation history (3.320252ms)
✔ 010 requires all publication/product capabilities and permits additional well formed grants (4.747237ms)
✔ 010 denies normal fresh create until fixed predecessor has been safely resolved (3.450732ms)
✔ complete absent predecessor lookup permits one fresh create and retains resolution independently (10.196519ms)
✔ owned unpublished ARCHIVED predecessor requires exact archived readback before fresh create (5.879367ms)
✔ owned unpublished DRAFT predecessor requires exact archived readback before fresh create (5.614153ms)
✔ owned unpublished ACTIVE predecessor requires exact archived readback before fresh create (5.25288ms)
✔ owned unpublished UNLISTED predecessor requires exact archived readback before fresh create (7.468298ms)
✔ predecessor multiple stops without any mutation or second lookup (1.799338ms)
✔ predecessor partial next stops without any mutation or second lookup (2.010496ms)
✔ predecessor partial previous stops without any mutation or second lookup (2.372082ms)
✔ predecessor missing page info stops without any mutation or second lookup (1.809888ms)
✔ predecessor missing nodes stops without any mutation or second lookup (1.410024ms)
✔ predecessor invalid product id stops without any mutation or second lookup (1.633983ms)
✔ predecessor wrong type stops without any mutation or second lookup (1.520512ms)
✔ predecessor wrong handle stops without any mutation or second lookup (1.307904ms)
✔ predecessor wrong title stops without any mutation or second lookup (1.325114ms)
✔ predecessor wrong tag stops without any mutation or second lookup (1.376967ms)
✔ predecessor too early creation stops without any mutation or second lookup (1.543357ms)
✔ predecessor invalid creation stops without any mutation or second lookup (1.370362ms)
✔ predecessor future creation stops without any mutation or second lookup (1.335449ms)
✔ predecessor published stops without any mutation or second lookup (1.331362ms)
✔ predecessor store url stops without any mutation or second lookup (1.338908ms)
✔ predecessor publication membership stops without any mutation or second lookup (1.379175ms)
✔ predecessor resource partial stops without any mutation or second lookup (1.400612ms)
✔ predecessor unpublished partial stops without any mutation or second lookup (1.367823ms)
✔ predecessor missing publications stops without any mutation or second lookup (1.338406ms)
✔ predecessor unsupported status stops without any mutation or second lookup (3.740904ms)
✔ predecessor lookup transport retains stop and never retries or creates (1.531712ms)
✔ predecessor lookup stream failure retains stop and never retries or creates (1.930999ms)
✔ predecessor lookup invalid utf8 retains stop and never retries or creates (2.146688ms)
✔ predecessor lookup http retains stop and never retries or creates (1.216846ms)
✔ predecessor lookup missing body retains stop and never retries or creates (1.753955ms)
✔ predecessor lookup invalid json retains stop and never retries or creates (1.390379ms)
✔ predecessor lookup oversized retains stop and never retries or creates (2.218382ms)
✔ predecessor lookup graphql permission retains stop and never retries or creates (1.576541ms)
✔ predecessor lookup partial graphql data retains stop and never retries or creates (1.836573ms)
✔ predecessor lookup mutation rejected retains stop and never retries or creates (1.500498ms)
✔ predecessor archive transport retains stop and never retries or creates (1.793261ms)
✔ predecessor archive stream failure retains stop and never retries or creates (1.894758ms)
✔ predecessor archive invalid utf8 retains stop and never retries or creates (1.979775ms)
✔ predecessor archive http retains stop and never retries or creates (1.778882ms)
✔ predecessor archive missing body retains stop and never retries or creates (1.845963ms)
✔ predecessor archive invalid json retains stop and never retries or creates (1.938293ms)
✔ predecessor archive oversized retains stop and never retries or creates (2.72464ms)
✔ predecessor archive graphql permission retains stop and never retries or creates (1.836241ms)
✔ predecessor archive partial graphql data retains stop and never retries or creates (1.824171ms)
✔ predecessor archive mutation rejected retains stop and never retries or creates (1.924045ms)
✔ predecessor readback transport retains stop and never retries or creates (3.699806ms)
✔ predecessor readback stream failure retains stop and never retries or creates (2.421724ms)
✔ predecessor readback invalid utf8 retains stop and never retries or creates (2.391905ms)
✔ predecessor readback http retains stop and never retries or creates (2.208803ms)
✔ predecessor readback missing body retains stop and never retries or creates (2.182972ms)
✔ predecessor readback invalid json retains stop and never retries or creates (2.372107ms)
✔ predecessor readback oversized retains stop and never retries or creates (2.996893ms)
✔ predecessor readback graphql permission retains stop and never retries or creates (2.414768ms)
✔ predecessor readback partial graphql data retains stop and never retries or creates (2.700863ms)
✔ predecessor readback mutation rejected retains stop and never retries or creates (2.375461ms)
✔ archive wrong id cannot resolve predecessor (2.03228ms)
✔ archive wrong metadata cannot resolve predecessor (1.69156ms)
✔ archive wrong status cannot resolve predecessor (1.669614ms)
✔ archive exposed cannot resolve predecessor (1.705247ms)
✔ readback wrong id cannot resolve predecessor (3.257024ms)
✔ readback wrong metadata cannot resolve predecessor (2.180714ms)
✔ readback wrong status cannot resolve predecessor (2.132727ms)
✔ readback exposed cannot resolve predecessor (2.202413ms)
✔ public qualification resolves absent predecessor then runs unchanged real adapter matrix (481.143455ms)
✔ public qualification resolves ARCHIVED predecessor then runs unchanged real adapter matrix (468.563546ms)
✔ public qualification resolves ACTIVE predecessor then runs unchanged real adapter matrix (455.535633ms)
✔ fixed predecessor search and status-only allowance cannot be caller substituted (1.841547ms)
✔ reload retains predecessor FOUND, independent identity and one archival reservation (1.724034ms)
✔ reload retains predecessor ARCHIVE_ACKNOWLEDGED, independent identity and one archival reservation (1.969961ms)
✔ reload retains predecessor ARCHIVED_VERIFIED, independent identity and one archival reservation (2.47307ms)
✔ reload retains predecessor STOPPED, independent identity and one archival reservation (1.990899ms)
✔ reload retains predecessor ABSENT, independent identity and one archival reservation (1.327567ms)
✔ reopening refuses forged safe resolution or a retained lookup for a substituted marker (1.952574ms)
✔ serialized archive and readback attempts reserve actual HTTP once and never share the matrix allowance (3.300366ms)
✔ predecessor lookup consumes normal read ceiling and auth remains bounded at three (67.896047ms)
✔ public qualification stops on missing read_publications with no blind retry (1.796745ms)
✔ public qualification stops on wrong identity with no blind retry (1.586148ms)
✔ public qualification stops on predecessor permission failure with no blind retry (2.169355ms)
✔ public qualification stops on fresh create unknown with no blind retry (4.314202ms)
✔ public qualification stops on fresh adapter update unknown with no blind retry (75.899607ms)
✔ 010 cannot reopen closed-profile histories and synthetic qualification rejects every canonical live directory (29.140767ms)
✔ archival permission expiring during durable reservation consumes allowance without HTTP or retry (2.00477ms)
✔ pending predecessor HTTP retains exclusive lock and prevents early operator closure (1.330404ms)
✔ public qualification stops before fresh create after ACTIVE predecessor archive failure (2.986642ms)
✔ public qualification stops before fresh create after ACTIVE predecessor readback failure (3.538544ms)
✔ public qualification stops before fresh create after ARCHIVED predecessor readback failure (2.823798ms)
ℹ tests 136
ℹ suites 0
ℹ pass 136
ℹ fail 0
ℹ cancelled 0
ℹ skipped 0
ℹ todo 0
ℹ duration_ms 2868.540373
✔ one actual diagnostic sequence keeps empty installation distinct from nonempty token/REST/declarations (10.842334ms)
✔ partial stream failure is UNKNOWN and cannot allow a later independent read (3.140666ms)
✔ permission/shape metadata error does not become an empty grant agreement (3.115961ms)
✔ metadata shape failure still permits the independent REST read (2.195131ms)
✔ public sequence preserves missing installation/REST scope semantics (2.322846ms)
✔ public sequence preserves null installation/REST scope semantics (2.118611ms)
✔ public sequence preserves empty installation/REST scope semantics (2.016508ms)
✔ public sequence preserves wrong-type installation/REST scope semantics (1.777203ms)
✔ public sequence preserves duplicates installation/REST scope semantics (2.063621ms)
✔ public sequence preserves bad-handle installation/REST scope semantics (3.261127ms)
✔ token missing is recorded separately without preventing identity verification (1.744097ms)
✔ token null is recorded separately without preventing identity verification (1.477878ms)
✔ token empty is recorded separately without preventing identity verification (1.520301ms)
✔ token wrong-type is recorded separately without preventing identity verification (1.442314ms)
✔ token duplicate is recorded separately without preventing identity verification (1.505508ms)
✔ token bad-handle is recorded separately without preventing identity verification (1.455489ms)
✔ wrong shop identity stops after exactly two attempts (1.212224ms)
✔ wrong domain identity stops after exactly two attempts (0.917888ms)
✔ wrong app identity stops after exactly two attempts (1.030914ms)
✔ wrong client identity stops after exactly two attempts (0.9346ms)
✔ wrong installation identity stops after exactly two attempts (0.916624ms)
✔ wrong development identity stops after exactly two attempts (0.8694ms)
✔ explicit mismatched declared identity stops before REST (1.346009ms)
✔ token-invalid metadata response stops all later work (1.285448ms)
✔ offline unvalidated metadata is NOT_RUN without live document fallback (1.219869ms)
✔ unvalidated identity document stops before credential access (0.409156ms)
✔ actual entrypoint prevents host dispatch (0.960949ms)
✔ actual entrypoint prevents API dispatch (0.805903ms)
✔ actual entrypoint prevents method dispatch (0.800788ms)
✔ actual entrypoint prevents document dispatch (0.869453ms)
✔ actual entrypoint prevents mutation dispatch (0.831167ms)
✔ actual entrypoint prevents variables dispatch (0.862532ms)
✔ fixed REST GET prevents query (3.030458ms)
✔ fixed REST GET prevents body (1.462068ms)
✔ canonical history cannot be reopened, exhausted, corrupted or reset after loss (2.278601ms)
✔ expired credential preparation never dispatches a late HTTP call and retains pending lock (36.436624ms)
✔ ignored abort and late HTTP completion remain UNKNOWN with no later request or evidence rewrite (1023.205361ms)
✔ metadata oversized is shape evidence and allows independent REST (5.335576ms)
✔ metadata invalid-UTF8 is shape evidence and allows independent REST (1.554298ms)
✔ metadata invalid-JSON is shape evidence and allows independent REST (1.505654ms)
✔ metadata missing-body is shape evidence and allows independent REST (1.353435ms)
✔ unusable authentication never authorizes a read (0.69686ms)
✔ unusable authentication never authorizes a read (0.593391ms)
✔ unusable authentication never authorizes a read (0.599321ms)
✔ synthetic entry cannot override its mode to admit a nonsynthetic bearer (0.771551ms)
✔ pinned documented fields validate both exact documents and reject mutation/extra/unknown syntax (0.680029ms)
✔ live entrypoint rejects an unbound offline gate before owner credential metadata (25.36019ms)
✔ complete source/CI/review gate accepts exact receipts and rejects omitted/stale/altered evidence (88.338088ms)
✔ captured four-surface empty scope result replays through the public sequence without authorizing repair (2.054871ms)
ℹ tests 49
ℹ suites 0
ℹ pass 49
ℹ fail 0
ℹ cancelled 0
ℹ skipped 0
ℹ todo 0
ℹ duration_ms 1461.329895
✔ source gate requires two fresh high-effort reviews and every workflow on the frozen source (4.092198ms)
✔ full source binding includes the inherited internal Rust links without following external symlinks (214.077215ms)
✔ exact historical ownership accepts the fixed fixture and rejects an alternate target (2.039157ms)
✔ actual production acquire reports legacy membership conflict; V2 adjudication archives the owned fixture once (44.236732ms)
✔ ownership stops before any status mutation (2.740551ms)
✔ incomplete resourcePublications stops before any status mutation (2.393739ms)
✔ incomplete unpublishedPublications stops before any status mutation (2.47506ms)
✔ incomplete APP stops before any status mutation (3.40323ms)
✔ incomplete MARKET stops before any status mutation (4.199347ms)
✔ incomplete COMPANY_LOCATION stops before any status mutation (4.975526ms)
✔ incomplete NONE stops before any status mutation (6.452554ms)
✔ missing read scope stops before any status mutation (1.534567ms)
✔ initial DRAFT drift stops before any status mutation (5.761458ms)
✔ cross-partition version drift stops before any status mutation (2.983482ms)
✔ observed required grant loss in adapter read stops before any status mutation (9.643087ms)
✔ lost DRAFT acknowledgement never retries or archives (12.066307ms)
✔ DRAFT readback failure never retries or archives (11.45617ms)
✔ post-DRAFT ownership drift never retries or archives (15.314558ms)
✔ post-DRAFT partition drift never retries or archives (16.970178ms)
✔ different V2 behavior is classified from evidence without assuming staged membership (19.321246ms)
✔ ambiguous archive has exactly one bounded final observation and no resend (21.02431ms)
✔ newly appearing DRAFT V2 membership is not described as retained from ACTIVE (21.672231ms)
✔ acknowledgement/readback version drift stops before any post-DRAFT projection or cleanup (11.09207ms)
✔ concrete Shopify AppCatalog metadata permits the fixed adjudication (20.022163ms)
✔ concrete Shopify MarketCatalog metadata permits the fixed adjudication (20.3605ms)
✔ concrete Shopify CompanyLocationCatalog metadata permits the fixed adjudication (18.171241ms)
✔ catalog typename and global ID mismatch stops before any status mutation (5.931642ms)
✔ wrapped production failure preserves {"userError":true} (13.997727ms)
✔ wrapped production failure preserves {"adapterFailure":"http403"} (6.908183ms)
✔ wrapped production failure preserves {"adapterFailure":"graphql"} (6.887781ms)
✔ wrapped production failure preserves {"adapterFailure":"invalidJSON"} (6.969541ms)
✔ wrapped production failure preserves {"adapterFailure":"missingBody"} (7.962097ms)
✔ wrapped production failure preserves {"adapterFailure":"badScopes"} (7.059725ms)
✔ wrapped production failure preserves {"adapterFailure":"badNodes"} (6.664937ms)
✔ wrapped production failure preserves {"adapterFailure":"nullScope"} (6.633631ms)
✔ wrapped production failure preserves {"adapterFailure":"nullScopePost"} (12.278087ms)
✔ wrapped production failure preserves {"adapterFailure":"badHandlePost"} (10.401798ms)
✔ wrapped production failure preserves {"adapterFailure":"scopeString"} (6.672618ms)
✔ outstanding archive transport quarantines all further dispatch {"archiveOutstanding":true} (38.672011ms)
✔ outstanding archive transport quarantines all further dispatch {"archiveBodyOutstanding":true} (38.782653ms)
✔ outstanding archive transport quarantines all further dispatch {"archiveOversizeOutstanding":true} (36.876351ms)
✔ outstanding archive transport quarantines all further dispatch {"archiveBodyAbortOutstanding":true} (39.341017ms)
✔ outstanding archive transport quarantines all further dispatch {"archiveBodyCancelRejected":true} (18.355917ms)
✔ durable transport denies alternate target, ACTIVE, extra fields and arbitrary documents before HTTP (0.845317ms)
✔ quarantined first event zero rejects every subsequent provider dispatch (21.682825ms)
✔ 100 serial synthetic adjudications preserve the fixed ceilings and stop on each ambiguous write (1552.39199ms)
ℹ tests 46
ℹ suites 0
ℹ pass 46
ℹ fail 0
ℹ cancelled 0
ℹ skipped 0
ℹ todo 0
ℹ duration_ms 2368.33906
✔ source gate requires two fresh high-effort reviews and every workflow on the frozen source (3.191661ms)
✔ full source binding includes the inherited internal Rust links without following external symlinks (218.975325ms)
✔ alternate product and broad search are refused before HTTP (2.967522ms)
✔ fixed intent reads clean up one owned DRAFT and close with exact ARCHIVED settlement (26.693873ms)
✔ already ARCHIVED fixture is observed with no cleanup mutation (10.024909ms)
✔ complete negative intent surfaces report NO_INTENT_OBSERVED before cleanup (12.15739ms)
✔ unexpected ownership stops before cleanup (2.617968ms)
✔ unexpected ACTIVE stops before cleanup (2.290914ms)
✔ initial version drift stops before cleanup (2.399069ms)
✔ scope loss stops before cleanup (1.515079ms)
✔ incomplete includedProducts stops before cleanup (4.483019ms)
✔ foreign exact-ID result stops before cleanup (6.57985ms)
✔ duplicate exact-ID result stops before cleanup (5.468998ms)
✔ one-second observation drift stops before cleanup (5.201009ms)
✔ changed publication identity stops before cleanup (3.136113ms)
✔ search anchor disagrees stops before cleanup (6.53936ms)
✔ contradictory inclusion/search results stop before cleanup (8.641342ms)
✔ three qualified intent positives confirm intent with an empty diagnostic association (11.301158ms)
✔ diagnostic association cannot change negative consensus or resolve actual intent disagreement (37.56546ms)
✔ effective publication stays separate from matching configured-intent observations (11.337408ms)
✔ corrected interpretation cannot reopen the frozen closed attempt or authorize cleanup (8.138167ms)
✔ effective publication on DRAFT makes intent inconsistent and refuses cleanup (7.782049ms)
✔ ambiguous archive response consumes one final exact read without resend (9.481742ms)
✔ one-second archive acknowledgement/readback drift stays a conflict (9.933384ms)
✔ authentication failure closes the fresh register without Admin requests (1.012583ms)
✔ quarantined outstanding archive forbids final read and any overlapping request (8013.184861ms)
✔ fixed documents and variables exclude every alternate target before HTTP (122.058226ms)
✔ fixed source query literals are exactly the authorized ID filters and first:2 (0.546646ms)
✔ closed register cannot be initialized a second time (9.264955ms)
✔ 100 serial synthetic runs preserve zero or one mutation and never overlap (854.259602ms)
✔ invalid or malformed runtime search metadata stops before cleanup (7.773643ms)
✔ malformed GraphQL errors values never authorize cleanup (18.09976ms)
✔ rejected foreign descriptive data is absent from register and qualification evidence (8.895418ms)
✔ a failed read reservation cannot be retried or lead to unverifiable cleanup (1.455741ms)
✔ documented search diagnostics without warnings preserve exact intent reads (15.036287ms)
ℹ tests 35
ℹ suites 0
ℹ pass 35
ℹ fail 0
ℹ cancelled 0
ℹ skipped 0
ℹ todo 0
ℹ duration_ms 9479.130765
✔ source gate requires two fresh high-effort reviews and every workflow on the frozen source (3.21582ms)
✔ full source binding includes the inherited internal Rust links without following external symlinks (221.621789ms)
✔ alternate exact product is refused before HTTP (2.951104ms)
✔ disposable cleanup settles exact final ARCHIVED despite a one-second acknowledgement timestamp difference (16.040596ms)
✔ already ARCHIVED is verified with no update (3.898378ms)
✔ foreign ownership stops with zero update (2.249552ms)
✔ ACTIVE state stops with zero update (1.806477ms)
✔ UNLISTED state stops with zero update (1.607422ms)
✔ effective publication stops with zero update (1.719374ms)
✔ published timestamp stops with zero update (1.626673ms)
✔ online store URL stops with zero update (1.641402ms)
✔ legacy effective membership stops with zero update (1.926842ms)
✔ incomplete legacy stops with zero update (1.627764ms)
✔ wrong installation stops with zero update (1.58368ms)
✔ scope loss stops with zero update (1.396319ms)
✔ malformed GraphQL error fields are rejected before mutation (6.7365ms)
✔ ambiguous archive is not resent and one final exact read settles ARCHIVED (5.149711ms)
✔ final DRAFT or effective-publication drift is unsettled with no retry (7.097995ms)
✔ unsettled archive transport forbids final read and any overlap (8004.543067ms)
✔ exact source documents have no searches or alternate mutation fields (4.342914ms)
✔ alternate documents, extra fields and non-ARCHIVED statuses are denied before dispatch (5.022744ms)
✔ closed cleanup register rejects any second initialization (3.474162ms)
✔ 100 serial disposable cleanup cases never exceed one update (272.963587ms)
✔ failed authentication cannot admit an Admin read through the public operator (0.996832ms)
✔ failed prestate or final reads cannot be retried and archive cannot be resent (3.582067ms)
✔ auth response disposal failure quarantines pending event index zero (1.007494ms)
ℹ tests 26
ℹ suites 0
ℹ pass 26
ℹ fail 0
ℹ cancelled 0
ℹ skipped 0
ℹ todo 0
ℹ duration_ms 8574.634049
$ tsc -p scripts/m1-functions/tsconfig.json && node --test scripts/m1-functions/check-vector.test.ts
✔ TypeScript/Node and Rust share the exact experimental-v2 envelope/member bytes (4.727455ms)
ℹ tests 1
ℹ suites 0
ℹ pass 1
ℹ fail 0
ℹ cancelled 0
ℹ skipped 0
ℹ todo 0
ℹ duration_ms 127.103445
$ node scripts/boundaries/check.mjs && node scripts/boundaries/check-database-api.mjs && node scripts/boundaries/check-domain-effects.mjs && node --test scripts/boundaries/domain-effects.test.mjs
Boundary checks passed: 187 real modules, 4 browser modules, 19 negative source fixtures, 2 rejected browser bundles and exports.
Database public API rejects 19 compiler probes and 4 runtime deep imports.
6 production domain modules have no prohibited ambient effects
✔ Date.now is rejected in a production domain helper (8.920311ms)
✔ new Date is rejected in a production domain helper (0.756025ms)
✔ Math.random is rejected in a production domain helper (0.475299ms)
✔ globalThis.Date.now is rejected in a production domain helper (0.505538ms)
✔ fetch is rejected in a production domain helper (1.198844ms)
✔ globalThis.crypto is rejected in a production domain helper (0.413852ms)
✔ computed random is rejected in a production domain helper (0.883703ms)
✔ template random is rejected in a production domain helper (0.665627ms)
✔ dynamic Math member is rejected in a production domain helper (1.209034ms)
✔ spread Date is rejected in a production domain helper (1.568937ms)
✔ random destructuring is rejected in a production domain helper (0.727546ms)
✔ date alias is rejected in a production domain helper (0.340333ms)
✔ math alias is rejected in a production domain helper (0.296316ms)
✔ import meta is rejected in a production domain helper (0.398077ms)
✔ process environment is rejected in a production domain helper (0.222975ms)
✔ deterministic numeric and explicit-value operations stay allowed (1.390504ms)
✔ type-only properties are not ambient API references (2.105661ms)
✔ compiled graph includes an imported module with an excluded test-like filename (558.962891ms)
ℹ tests 18
ℹ suites 0
ℹ pass 18
ℹ fail 0
ℹ cancelled 0
ℹ skipped 0
ℹ todo 0
ℹ duration_ms 986.45591
$ node scripts/boundaries/check-secrets.mjs
Secret/fixture provenance check passed: 108 production source files, 82 separately scanned test/fixture files, 2 browser artifacts, 2 explicitly synthetic seeds.
20 archived Cargo manifests remain independent
$ bash scripts/m1-functions/check.sh
   Compiling proc-macro2 v1.0.107
   Compiling quote v1.0.47
   Compiling unicode-ident v1.0.26
   Compiling semver v1.0.28
   Compiling zmij v1.0.23
   Compiling rustc_version v0.4.1
   Compiling serde_json v1.0.151
   Compiling version_check v0.9.5
   Compiling heck v0.5.0
   Compiling serde_core v1.0.229
   Compiling generic-array v0.14.7
    Checking typenum v1.20.1
   Compiling serde v1.0.229
   Compiling logos-codegen v0.15.1
   Compiling syn v2.0.119
   Compiling syn v3.0.6
    Checking block-buffer v0.10.4
    Checking crypto-common v0.1.7
    Checking digest v0.10.7
   Compiling curve25519-dalek v4.1.3
   Compiling fnv v1.0.7
   Compiling lazy_static v1.5.0
    Checking itoa v1.0.18
   Compiling autocfg v1.5.1
   Compiling regex-syntax v0.8.11
    Checking cfg-if v1.0.5
   Compiling beef v0.5.2
    Checking cpufeatures v0.2.17
    Checking memchr v2.8.3
   Compiling serde_derive v1.0.229
   Compiling num-traits v0.2.19
   Compiling strum_macros v0.27.2
   Compiling curve25519-dalek-derive v0.1.1
    Checking subtle v2.6.1
    Checking signature v2.2.0
   Compiling either v1.18.0
   Compiling logos-derive v0.15.1
   Compiling itertools v0.14.0
    Checking ed25519 v2.2.3
   Compiling strum v0.27.2
   Compiling enum-as-inner v0.6.1
    Checking sha2 v0.10.9
   Compiling paste v1.0.15
   Compiling yansi v1.0.1
   Compiling unicode-width v0.1.14
   Compiling ariadne v0.5.1
    Checking ed25519-dalek v2.2.0
   Compiling logos v0.15.1
    Checking base64 v0.22.1
   Compiling seq-macro v0.3.6
   Compiling bluejay-core v0.3.1
   Compiling unicode-segmentation v1.13.3
    Checking rmp v0.8.15
   Compiling bluejay-parser v0.3.1
   Compiling thiserror v2.0.21
    Checking shopify_function_wasm_api_core v0.2.0
   Compiling convert_case v0.8.0
    Checking cart-authorization v0.1.0 (/home/serveradmin/insignia-m5-013-worktree/crates/cart-authorization)
   Compiling thiserror-impl v2.0.21
    Checking bumpalo v3.20.3
    Checking rmp-serde v1.3.1
    Checking shopify_function_provider v2.0.1
   Compiling convert_case v0.11.0
    Checking ryu v1.0.23
   Compiling bluejay-validator v0.3.1
    Checking shopify_function_wasm_api v0.3.1
   Compiling bluejay-typegen-codegen v0.3.1
   Compiling shopify_function_macro v2.2.0
    Checking shopify_function v2.2.0
    Checking cart-transform v0.1.0 (/home/serveradmin/insignia-m5-013-worktree/crates/cart-transform)
    Checking cart-validation v0.1.0 (/home/serveradmin/insignia-m5-013-worktree/crates/cart-validation)
    Finished `dev` profile [unoptimized + debuginfo] target(s) in 13.80s
   Compiling zmij v1.0.23
   Compiling memchr v2.8.3
   Compiling itoa v1.0.18
   Compiling typenum v1.20.1
   Compiling serde_core v1.0.229
   Compiling strum v0.27.2
   Compiling cpufeatures v0.2.17
   Compiling cfg-if v1.0.5
   Compiling subtle v2.6.1
   Compiling signature v2.2.0
   Compiling ed25519 v2.2.3
   Compiling serde_json v1.0.151
   Compiling generic-array v0.14.7
   Compiling base64 v0.22.1
   Compiling num-traits v0.2.19
   Compiling crypto-common v0.1.7
   Compiling block-buffer v0.10.4
   Compiling digest v0.10.7
   Compiling curve25519-dalek v4.1.3
   Compiling sha2 v0.10.9
   Compiling bluejay-core v0.3.1
   Compiling ed25519-dalek v2.2.0
   Compiling bluejay-parser v0.3.1
   Compiling rmp v0.8.15
   Compiling shopify_function_wasm_api_core v0.2.0
   Compiling serde v1.0.229
   Compiling bumpalo v3.20.3
   Compiling rmp-serde v1.3.1
   Compiling shopify_function_provider v2.0.1
   Compiling cart-authorization v0.1.0 (/home/serveradmin/insignia-m5-013-worktree/crates/cart-authorization)
   Compiling bluejay-validator v0.3.1
   Compiling thiserror v2.0.21
   Compiling ryu v1.0.23
   Compiling shopify_function_wasm_api v0.3.1
   Compiling bluejay-typegen-codegen v0.3.1
   Compiling shopify_function_macro v2.2.0
   Compiling shopify_function v2.2.0
   Compiling cart-validation v0.1.0 (/home/serveradmin/insignia-m5-013-worktree/crates/cart-validation)
   Compiling cart-transform v0.1.0 (/home/serveradmin/insignia-m5-013-worktree/crates/cart-transform)
    Finished `test` profile [unoptimized + debuginfo] target(s) in 8.64s
     Running unittests src/lib.rs (target/debug/deps/cart_authorization-428bc6dab939b9b3)

running 0 tests

test result: ok. 0 passed; 0 failed; 0 ignored; 0 measured; 0 filtered out; finished in 0.00s

     Running tests/currency_matrix.rs (target/debug/deps/currency_matrix-a76cbbc666a7ab20)

running 1 test
test every_admitted_currency_agrees_with_versioned_ts_matrix ... ok

test result: ok. 1 passed; 0 failed; 0 ignored; 0 measured; 0 filtered out; finished in 0.01s

     Running tests/production_vectors.rs (target/debug/deps/production_vectors-931358b74671ec5f)

running 1 test
test production_typescript_vectors_verify_with_complete_rust_core ... ok

test result: ok. 1 passed; 0 failed; 0 ignored; 0 measured; 0 filtered out; finished in 0.11s

     Running tests/whole_quote.rs (target/debug/deps/whole_quote-dd6e3b33eb9f8a50)

running 13 tests
test canonical_carriers_reject_length_padding_alphabet_and_tail_bits ... ok
test complete_ordered_set_verifies_once_and_matches_observed_price ... ok
test compensated_price_mutations_cannot_preserve_authorization_by_preserving_total ... ok
test every_header_byte_class_is_signed_and_structural_header_is_strict ... ok
test last_member_change_invalidates_everything ... ok
test independent_context_keys_date_and_physical_economics_reject ... ok
test missing_duplicate_unsigned_and_extra_members_fail_closed ... ok
test member_from_a_different_signed_quote_cannot_mix_with_original_envelope ... ok
test noncanonical_public_point_and_revoked_or_out_of_window_keys_reject ... ok
test shared_python_typescript_rust_golden_vector_agrees ... ok
test signature_and_arithmetic_profiles_reject_mutations ... ok
test large_complete_quantity_and_500_unit_tier_cannot_be_partially_reused ... ok
test fifteen_independently_signed_high_bit_magic_variants_reject ... ok

test result: ok. 13 passed; 0 failed; 0 ignored; 0 measured; 0 filtered out; finished in 0.30s

     Running unittests src/main.rs (target/debug/deps/cart_transform-358275b5ea2405f6)

running 20 tests
test capacity::tests::cart_line_width_and_grammar ... ok
test capacity::tests::exact_output_bound_has_headroom ... ok
test product_policy::tests::illegible_lone_anchor_cannot_authorize_a_signed_quote ... ok
test product_policy::tests::absent_fields_are_unmanaged_but_a_single_lost_field_is_uncertain ... ok
test product_policy::tests::matching_ready_fields_classify_required_and_optional ... ok
test product_policy::tests::pending_malformed_and_stale_fields_block_plain_but_preserve_signed ... ok
test product_policy::tests::strict_grammar_rejects_unknown_states_and_noncanonical_revisions ... ok
test product_policy::tests::wrong_installation_generation_rejects_signed_too ... ok
test tests::no_partial_expansion_for_incomplete_or_tampered_set ... ok
test tests::revoked_and_out_of_window_public_keys_emit_no_price_operation ... ok
test tests::complete_set_sets_both_prices_and_copies_compact_member ... ok
test tests::signed_quote_with_only_illegible_policy_emits_no_price ... ok
test tests::signed_quote_with_no_product_anchors_still_requires_shop_keys ... ok
test tests::context_physical_line_policy_and_cart_order_are_enforced ... ok
test tests::signed_prices_survive_policy_revision_and_one_lost_anchor ... ok
test tests::ten_thousand_physical_units_use_two_expansions ... ok
test tests::untrusted_config_cannot_raise_experiment_ceiling ... ok
test tests::unsigned_marker_removed_and_invalid_signature_emit_no_price ... ok
test tests::transform_accepts_canonical_zero_and_echoes_target_local_id ... ok
test tests::ten_bucket_output_is_bounded_and_oversized_sets_emit_no_partial_operation ... ok

test result: ok. 20 passed; 0 failed; 0 ignored; 0 measured; 0 filtered out; finished in 0.05s

     Running unittests src/main.rs (target/debug/deps/cart_validation-95daed9c7c60dc1b)

running 24 tests
test capacity::tests::exact_output_bound_has_headroom ... ok
test capacity::tests::cart_line_width_and_grammar ... ok
test product_policy::tests::absent_fields_are_unmanaged_but_a_single_lost_field_is_uncertain ... ok
test product_policy::tests::illegible_lone_anchor_cannot_authorize_a_signed_quote ... ok
test product_policy::tests::matching_ready_fields_classify_required_and_optional ... ok
test product_policy::tests::pending_malformed_and_stale_fields_block_plain_but_preserve_signed ... ok
test product_policy::tests::wrong_installation_generation_rejects_signed_too ... ok
test product_policy::tests::strict_grammar_rejects_unknown_states_and_noncanonical_revisions ... ok
test tests::incomplete_tampered_and_unsigned_required_sets_reject ... ok
test tests::malformed_stale_pending_and_wrong_generation_policy_fail_plain ... ok
test tests::complete_set_compares_observed_exact_subtotals ... ok
test tests::buyer_marker_removal_cannot_turn_known_required_into_plain ... ok
test tests::one_lost_anchor_blocks_plain_while_explicit_optional_and_unmanaged_pass ... ok
test tests::revoked_and_out_of_window_public_keys_reject_checkout ... ok
test tests::cart_order_context_and_physical_claim_changes_fail_at_checkout ... ok
test tests::signed_quote_with_only_illegible_policy_rejects ... ok
test tests::signed_quote_with_no_product_anchors_needs_healthy_shop_keys ... ok
test tests::signed_historical_quote_survives_same_generation_policy_revision ... ok
test tests::untrusted_config_cannot_raise_experiment_ceiling ... ok
test tests::ten_thousand_physical_units_validate_without_per_unit_expansion ... ok
test tests::mixed_200_line_cart_blocks_damaged_managed_line_then_recovers ... ok
test tests::zero_based_cartline_does_not_bypass_economics_or_trust_at_checkout ... ok
test tests::ten_bucket_set_validates_and_oversized_sets_reject ... ok
test tests::zero_based_cartline_preserves_complete_signed_checkout_at_both_steps ... ok

test result: ok. 24 passed; 0 failed; 0 ignored; 0 measured; 0 filtered out; finished in 0.11s

   Doc-tests cart_authorization

running 0 tests

test result: ok. 0 passed; 0 failed; 0 ignored; 0 measured; 0 filtered out; finished in 0.00s

/home/serveradmin/insignia-m5-013-worktree/crates/cart-transform/target/m1-tools/shopify-function-trampoline-2.0.1: OK
   Compiling proc-macro2 v1.0.107
   Compiling quote v1.0.47
   Compiling unicode-ident v1.0.26
   Compiling semver v1.0.28
   Compiling zmij v1.0.23
   Compiling rustc_version v0.4.1
   Compiling heck v0.5.0
   Compiling serde_json v1.0.151
   Compiling version_check v0.9.5
   Compiling logos-codegen v0.15.1
   Compiling serde_core v1.0.229
   Compiling lazy_static v1.5.0
   Compiling generic-array v0.14.7
   Compiling regex-syntax v0.8.11
   Compiling typenum v1.20.1
   Compiling syn v2.0.119
   Compiling beef v0.5.2
   Compiling fnv v1.0.7
   Compiling syn v3.0.6
   Compiling itoa v1.0.18
   Compiling memchr v2.8.3
   Compiling either v1.18.0
   Compiling itertools v0.14.0
   Compiling strum_macros v0.27.2
   Compiling logos-derive v0.15.1
   Compiling enum-as-inner v0.6.1
   Compiling yansi v1.0.1
   Compiling unicode-width v0.1.14
   Compiling paste v1.0.15
   Compiling ariadne v0.5.1
   Compiling logos v0.15.1
   Compiling block-buffer v0.10.4
   Compiling crypto-common v0.1.7
   Compiling unicode-segmentation v1.13.3
   Compiling seq-macro v0.3.6
   Compiling digest v0.10.7
   Compiling curve25519-dalek v4.1.3
   Compiling cfg-if v1.0.5
   Compiling thiserror v2.0.21
   Compiling strum v0.27.2
   Compiling bluejay-core v0.3.1
   Compiling convert_case v0.8.0
   Compiling thiserror-impl v2.0.21
   Compiling bluejay-parser v0.3.1
   Compiling signature v2.2.0
   Compiling subtle v2.6.1
   Compiling serde v1.0.229
   Compiling ed25519 v2.2.3
   Compiling shopify_function_wasm_api_core v0.2.0
   Compiling sha2 v0.10.9
   Compiling bluejay-validator v0.3.1
   Compiling convert_case v0.11.0
   Compiling serde_derive v1.0.229
   Compiling ed25519-dalek v2.2.0
   Compiling shopify_function_wasm_api v0.3.1
   Compiling ryu v1.0.23
   Compiling base64 v0.22.1
   Compiling bluejay-typegen-codegen v0.3.1
   Compiling shopify_function_macro v2.2.0
   Compiling cart-authorization v0.1.0 (/home/serveradmin/insignia-m5-013-worktree/crates/cart-authorization)
   Compiling shopify_function v2.2.0
   Compiling cart-transform v0.1.0 (/home/serveradmin/insignia-m5-013-worktree/crates/cart-transform)
    Finished `release` profile [optimized] target(s) in 14.38s
c20cbda370e8ce19c309a49a71f497edb36e2f2db6b4667eced22073cb76fc17  /home/serveradmin/insignia-m5-013-worktree/extensions/insignia-cart-transform/target/cart-transform.raw.wasm
49248769ae4ce578af7c5e7fa77f8c230c8fd4f45b2d673c22cfed87ff946576  /home/serveradmin/insignia-m5-013-worktree/extensions/insignia-cart-transform/target/cart-transform.wasm
184312 /home/serveradmin/insignia-m5-013-worktree/extensions/insignia-cart-transform/target/cart-transform.raw.wasm
181378 /home/serveradmin/insignia-m5-013-worktree/extensions/insignia-cart-transform/target/cart-transform.wasm
365690 total
/home/serveradmin/insignia-m5-013-worktree/crates/cart-validation/target/m1-tools/shopify-function-trampoline-2.0.1: OK
   Compiling proc-macro2 v1.0.107
   Compiling unicode-ident v1.0.26
   Compiling quote v1.0.47
   Compiling semver v1.0.28
   Compiling zmij v1.0.23
   Compiling rustc_version v0.4.1
   Compiling heck v0.5.0
   Compiling serde_json v1.0.151
   Compiling version_check v0.9.5
   Compiling serde_core v1.0.229
   Compiling logos-codegen v0.15.1
   Compiling beef v0.5.2
   Compiling lazy_static v1.5.0
   Compiling generic-array v0.14.7
   Compiling typenum v1.20.1
   Compiling fnv v1.0.7
   Compiling regex-syntax v0.8.11
   Compiling syn v2.0.119
   Compiling syn v3.0.6
   Compiling memchr v2.8.3
   Compiling either v1.18.0
   Compiling itoa v1.0.18
   Compiling itertools v0.14.0
   Compiling strum_macros v0.27.2
   Compiling logos-derive v0.15.1
   Compiling enum-as-inner v0.6.1
   Compiling paste v1.0.15
   Compiling yansi v1.0.1
   Compiling unicode-width v0.1.14
   Compiling logos v0.15.1
   Compiling block-buffer v0.10.4
   Compiling ariadne v0.5.1
   Compiling crypto-common v0.1.7
   Compiling seq-macro v0.3.6
   Compiling unicode-segmentation v1.13.3
   Compiling digest v0.10.7
   Compiling curve25519-dalek v4.1.3
   Compiling cfg-if v1.0.5
   Compiling thiserror v2.0.21
   Compiling strum v0.27.2
   Compiling bluejay-core v0.3.1
   Compiling convert_case v0.8.0
   Compiling thiserror-impl v2.0.21
   Compiling bluejay-parser v0.3.1
   Compiling signature v2.2.0
   Compiling serde v1.0.229
   Compiling subtle v2.6.1
   Compiling ed25519 v2.2.3
   Compiling shopify_function_wasm_api_core v0.2.0
   Compiling sha2 v0.10.9
   Compiling bluejay-validator v0.3.1
   Compiling convert_case v0.11.0
   Compiling serde_derive v1.0.229
   Compiling ed25519-dalek v2.2.0
   Compiling shopify_function_wasm_api v0.3.1
   Compiling base64 v0.22.1
   Compiling ryu v1.0.23
   Compiling bluejay-typegen-codegen v0.3.1
   Compiling shopify_function_macro v2.2.0
   Compiling cart-authorization v0.1.0 (/home/serveradmin/insignia-m5-013-worktree/crates/cart-authorization)
   Compiling shopify_function v2.2.0
   Compiling cart-validation v0.1.0 (/home/serveradmin/insignia-m5-013-worktree/crates/cart-validation)
    Finished `release` profile [optimized] target(s) in 14.30s
1c2e43c03c62fb1983089d3b8623eeb6a3ffc90211893c9abb7a2b67fa9ad763  /home/serveradmin/insignia-m5-013-worktree/extensions/insignia-cart-validation/target/cart-validation.raw.wasm
3193f60bbb29cdc473ce7ae73e88d1064ca7be2f03da2aade4e17ae1390366c6  /home/serveradmin/insignia-m5-013-worktree/extensions/insignia-cart-validation/target/cart-validation.wasm
185960 /home/serveradmin/insignia-m5-013-worktree/extensions/insignia-cart-validation/target/cart-validation.raw.wasm
182968 /home/serveradmin/insignia-m5-013-worktree/extensions/insignia-cart-validation/target/cart-validation.wasm
368928 total
/home/serveradmin/insignia-m5-013-worktree/.m1-artifacts/tools/function-runner-9.2.2: OK
transform 8 c20cbda370e8ce19c309a49a71f497edb36e2f2db6b4667eced22073cb76fc17 49248769ae4ce578af7c5e7fa77f8c230c8fd4f45b2d673c22cfed87ff946576
validation 18 1c2e43c03c62fb1983089d3b8623eeb6a3ffc90211893c9abb7a2b67fa9ad763 3193f60bbb29cdc473ce7ae73e88d1064ca7be2f03da2aade4e17ae1390366c6
{
  "rows": 230,
  "positive": 16,
  "vectorsSha256": "7f0046b88183b79cbccc305c883aab0483a6cda1eddb191297e2295c35ac1eda",
  "transformWasmSha256": "49248769ae4ce578af7c5e7fa77f8c230c8fd4f45b2d673c22cfed87ff946576",
  "validationWasmSha256": "3193f60bbb29cdc473ce7ae73e88d1064ca7be2f03da2aade4e17ae1390366c6"
}
M4-003 production builder config passed 6 complete Function runs.
$ corepack pnpm --filter @insignia/web test && corepack pnpm --filter @insignia/storefront test
$ node --test test/*.test.mjs test/admin/*.test.mjs
﹣ real PG activation composes trusted release, synthetic Shopify hold and immutable evidence (0.95106ms) # SKIP
✔ admin distinguishes activation waiting, held, restoration and conflict without manufacturing ACTIVE (1.292385ms)
✔ publication conflict outranks a retained held/pending activation state (0.206861ms)
✔ terminal operator hold outranks stale held activation (0.168416ms)
✔ current staff and installation grant read and edit; reinstallation is checked every request (1.828871ms)
✔ staff read access does not grant mutation (1.060194ms)
✔ expired or cross-shop identity and stale installation fail closed (0.46737ms)
✔ read requires current verified staff and exact shop, even on deep links (27.76905ms)
✔ mutation refuses cross-origin and staff denial before invoking command (2.395017ms)
✔ save carries exact product, draft version and idempotency to durable command (1.800198ms)
✔ stale draft save is a conflict, never a success response (0.87497ms)
✔ publish returns activation-pending truthfully and requires current edit grant (1.054841ms)
✔ a product missing from the verified shop cannot be changed (0.670984ms)
✔ expired identity and shop supplied in command body cannot create a config (1.69967ms)
✔ unwired admin backend serves no private catalog data (0.575475ms)
✔ unknown durable command failures remain unavailable without leaking details (0.830685ms)
✔ editor-generated fixed, override and tier defaults price through unchanged M2 in zero/two/three exponent currencies (3549.236474ms)
✔ real browser editor syncs typed view, variant and step controls with direct Konva canvas and saved draft (1914.556975ms)
✔ removing named choices drops only their labels including nested option value labels before save (1070.615956ms)
✔ variant without a saved image override retains the portrait default until explicit landscape adoption (881.786271ms)
✔ merchant currency adoption refreshes saved publication eligibility and later failed or stale reads fail closed (963.712124ms)
✔ mobile deep link, cookie-free reload, interrupted save, stale conflict, and missing Polaris control (2049.456582ms)
✔ interrupted publication resumes the identical request after reload and reaches a durable phase (923.804528ms)
✔ numeric placement input reaches owner state before blur and survives an owner rerender (1306.76011ms)
✔ publication success preserves dirty local edits and exact save recovery [1/1] (873.200766ms)
✔ publication failed preserves dirty local edits and exact save recovery [1/1] (902.837911ms)
✔ publication success preserves ambiguous local edits and exact save recovery [1/1] (929.712756ms)
✔ publication failed preserves ambiguous local edits and exact save recovery [1/1] (947.231957ms)
✔ publication retry keeps the original version after a newer draft edit when embedded storage is denied (875.651591ms)
✔ stale stored publication is replaced by the current immutable intent despite newer ineligible draft (648.070081ms)
✔ reinstalled Admin discards prior-generation browser request and publishes with a new key (661.291658ms)
✔ concurrent editor refreshes share one App Bridge identity request (1279.495651ms)
✔ empty merchant draft can be configured through typed controls and pass M2 validation (1052.680812ms)
﹣ overlapping distinct-key M5 creates serialize before the command FK lock upgrade (1.018848ms) # SKIP
﹣ currency precision rejects invalid saved and legacy publication amounts without rounding or durable intent (0.179617ms) # SKIP
﹣ durable editor CAS, exact-key replay, independent copy, immutable geometry, and reinstall fence (0.137255ms) # SKIP
﹣ actual M4 prepare/advance over immutable M5 revision reports ready, conflict and hold truthfully (0.994273ms) # SKIP
✔ diagnostic preview requires accounting and HTTPS before any provider access (459.554196ms)
﹣ live-style SDK identity, local PG create/save/reload/CAS/exact ambiguous replay and mutation refusal (0.716038ms) # SKIP
✔ preview same-token single flight; replacement and current-installation invalidation exchange fresh (1.394332ms)
✔ preview rejected exchange is not cached and expired or long-lived identity is denied (0.870905ms)
﹣ production composition uses signed staff SDK, current feature policy and real M4 prepare with admission hold (1.086027ms) # SKIP
✔ server activation composition cannot promote a diagnostic observation without trusted release source (1.837929ms)
✔ server composition binds trusted provider reads to one signed immutable quote candidate (41.71719ms)
✔ built SSR serves public shell and a real Polaris/Preact interaction (5952.232175ms)
✔ HTTP 5xx after durable inbox commit leads to same-ID retry and a single queue handoff (15.27563ms)
✔ stream bound rejects a lying or absent Content-Length before trusted metadata is stored (7.615106ms)
﹣ built HTTP ingress authenticates raw bytes and durably deduplicates through PostgreSQL and queue (0.992564ms) # SKIP
ℹ tests 48
ℹ suites 0
ℹ pass 40
ℹ fail 0
ℹ cancelled 0
ℹ skipped 8
ℹ todo 0
ℹ duration_ms 21516.780414
$ node --test test/*.test.mjs
✔ custom element mounts, unmounts, and contains DOM, state and events (742.355979ms)
ℹ tests 1
ℹ suites 0
ℹ pass 1
ℹ fail 0
ℹ cancelled 0
ℹ skipped 0
ℹ todo 0
ℹ duration_ms 1169.632223
{"archivedArchitectureRef": "0f2c80a316228bd69fdd2ff272e967ff14647b2b", "archivedArchitectureVerified": true, "archivedV1_2Ref": "662a78cd27507d8a2f1eaa976f1c644c93edd1be", "archivedV1_2Sha256": {"docs/architecture/OPTION-A-APPROVED.md": "321f86f5823a0b73b6a6483c172e5d56a0172de442f38dc79ae337de51adf209", "docs/architecture/decision-ledger.md": "97ebb79ddc53000c53c46218ba8c83a5ba2279720ed07ff50809706b4f1a800a", "docs/architecture/implementation-plan.md": "8bb45ac9e2834bf047824a2e3dda4da7f76692bae685f6657da7b3ab03d0b145"}, "archivedV1_3Ref": "4209bb16a09cff95d5cbbc1bbcb082e8c1fa8899", "archivedV1_3Sha256": {"docs/architecture/decision-ledger.md": "d4297182b12978822dae124a040a0d47aafcdb7749f7ad8602f0626e964937e9", "docs/architecture/implementation-plan.md": "b730c0dc274af8180a9aae3290189a8fd61b6b92e06681d345fe5d9aab22c06d"}, "currentArchitectureSha256": {"docs/architecture/OPTION-A-APPROVED.md": "321f86f5823a0b73b6a6483c172e5d56a0172de442f38dc79ae337de51adf209", "docs/architecture/decision-ledger.md": "3d1e8fe50c948822ba3403facfc142402d4fc6631d8d667a2e3341ff6cdbd802", "docs/architecture/implementation-plan.md": "cd59fd361d69adc3f307ee9b88ba1f5509ffeefb68aea90a15f9b88757b4e792"}, "currentArchitectureVersion": "1.4", "historicalMerge": "eaa386c90786e560d49f8311878c95d26cc3c7b8", "manifestSha256": "c2d017f70c4e781d174695c27b9a8c3295666c105af598d8caed6ce9a18160e8", "oldSourceCount": 41, "unchangedReceiptCount": 120}
{"draftProducts": 2, "hashedSetupReceipts": 14, "initialUnits": 272, "ownedFunctions": 2, "status": "PASS", "variants": 3}
48 required files hashed: .m1-artifacts/manifest.json
