✖ disposable cleanup settles exact final ARCHIVED despite a one-second acknowledgement timestamp difference (17.181638ms)
ℹ tests 1
ℹ suites 0
ℹ pass 0
ℹ fail 1
ℹ cancelled 0
ℹ skipped 0
ℹ todo 0
ℹ duration_ms 221.714318

✖ failing tests:

test at scripts/m5-013/operator.test.mjs:94:1
✖ disposable cleanup settles exact final ARCHIVED despite a one-second acknowledgement timestamp difference (17.181638ms)
  AssertionError [ERR_ASSERTION]: Expected values to be strictly equal:
  + actual - expected
  
  + 'STOPPED'
  - 'SETTLED'
  
      at TestContext.<anonymous> (file:///home/serveradmin/insignia-m5-013-worktree/scripts/m5-013/operator.test.mjs:96:9)
      at async Test.run (node:internal/test_runner/test:1409:7)
      at async startSubtestAfterBootstrap (node:internal/test_runner/harness:387:3) {
    generatedMessage: true,
    code: 'ERR_ASSERTION',
    actual: 'STOPPED',
    expected: 'SETTLED',
    operator: 'strictEqual',
    diff: 'simple'
  }
