✔ source gate requires two fresh high-effort reviews and every workflow on the frozen source (4.25228ms)
✔ full source binding includes the inherited internal Rust links without following external symlinks (203.71958ms)
✔ exact historical ownership accepts the fixed fixture and rejects an alternate target (2.03909ms)
✔ actual production acquire reports legacy membership conflict; V2 adjudication archives the owned fixture once (44.605077ms)
✔ ownership stops before any status mutation (2.785488ms)
✔ incomplete resourcePublications stops before any status mutation (2.446604ms)
✔ incomplete unpublishedPublications stops before any status mutation (2.564861ms)
✔ incomplete APP stops before any status mutation (3.478156ms)
✔ incomplete MARKET stops before any status mutation (4.180607ms)
✔ incomplete COMPANY_LOCATION stops before any status mutation (4.792528ms)
✔ incomplete NONE stops before any status mutation (6.32597ms)
✔ missing read scope stops before any status mutation (1.631518ms)
✔ initial DRAFT drift stops before any status mutation (5.76154ms)
✔ cross-partition version drift stops before any status mutation (3.12554ms)
✔ observed required grant loss in adapter read stops before any status mutation (9.191595ms)
✔ lost DRAFT acknowledgement never retries or archives (11.54204ms)
✔ DRAFT readback failure never retries or archives (11.459092ms)
✔ post-DRAFT ownership drift never retries or archives (15.011092ms)
✔ post-DRAFT partition drift never retries or archives (16.725796ms)
✔ different V2 behavior is classified from evidence without assuming staged membership (19.309946ms)
✔ ambiguous archive has exactly one bounded final observation and no resend (20.868246ms)
✔ newly appearing DRAFT V2 membership is not described as retained from ACTIVE (21.425333ms)
✔ concrete Shopify AppCatalog metadata permits the fixed adjudication (20.193514ms)
✔ concrete Shopify MarketCatalog metadata permits the fixed adjudication (18.892405ms)
✔ concrete Shopify CompanyLocationCatalog metadata permits the fixed adjudication (19.488271ms)
✔ catalog typename and global ID mismatch stops before any status mutation (5.900044ms)
✔ wrapped production failure preserves {"userError":true} (10.314606ms)
✔ wrapped production failure preserves {"adapterFailure":"http403"} (10.56726ms)
✔ wrapped production failure preserves {"adapterFailure":"graphql"} (7.129238ms)
✔ wrapped production failure preserves {"adapterFailure":"invalidJSON"} (6.600088ms)
✔ wrapped production failure preserves {"adapterFailure":"missingBody"} (6.67818ms)
✔ wrapped production failure preserves {"adapterFailure":"badScopes"} (6.673337ms)
✔ wrapped production failure preserves {"adapterFailure":"badNodes"} (8.432176ms)
✔ wrapped production failure preserves {"adapterFailure":"nullScope"} (6.964662ms)
✔ wrapped production failure preserves {"adapterFailure":"nullScopePost"} (10.342236ms)
✔ wrapped production failure preserves {"adapterFailure":"badHandlePost"} (12.169544ms)
✔ wrapped production failure preserves {"adapterFailure":"scopeString"} (6.53089ms)
✔ outstanding archive transport quarantines all further dispatch {"archiveOutstanding":true} (37.249071ms)
✔ outstanding archive transport quarantines all further dispatch {"archiveBodyOutstanding":true} (37.110344ms)
✔ outstanding archive transport quarantines all further dispatch {"archiveOversizeOutstanding":true} (39.092721ms)
✔ outstanding archive transport quarantines all further dispatch {"archiveBodyAbortOutstanding":true} (39.135704ms)
✔ outstanding archive transport quarantines all further dispatch {"archiveBodyCancelRejected":true} (17.607008ms)
✔ durable transport denies alternate target, ACTIVE, extra fields and arbitrary documents before HTTP (0.859306ms)
✔ quarantined first event zero rejects every subsequent provider dispatch (20.632746ms)
✔ 100 serial synthetic adjudications preserve the fixed ceilings and stop on each ambiguous write (1544.268673ms)
ℹ tests 45
ℹ suites 0
ℹ pass 45
ℹ fail 0
ℹ cancelled 0
ℹ skipped 0
ℹ todo 0
ℹ duration_ms 2343.167901
