✓ Lockfile passes supply-chain policies (verified 3h ago)
Lockfile is up to date, resolution step is skipped
Done in 43ms using pnpm v12.6.0
$ tsc --noEmit && node --test ts/*.test.ts
✔ canonical Python, TypeScript and Rust golden carriers agree exactly (2.916328ms)
✔ ordinary Ed25519 signature binds every header and member byte (1.290677ms)
✔ all fifteen independently signed high-bit raw magic variants reject decoding (5.12128ms)
✔ v2 framing rejects old magic, unknown version, flags and lengths (0.57509ms)
✔ issuer rejects reordered, missing, duplicate, overflow and inconsistent totals (1.056278ms)
✔ new quote or renewal set identity changes signed statement (0.704784ms)
✔ existing exact-money allocator conserves the €91 non-divisible setup (1.003035ms)
✔ 500-unit two-group tier is allocated, signed and conserved independently (0.659628ms)
✔ 10,000 units in five buckets use bounded records without per-unit materialization (1.307619ms)
✔ shop-local issuance day bounds include day zero and maximum u32 (1.051172ms)
ℹ tests 10
ℹ suites 0
ℹ pass 10
ℹ fail 0
ℹ cancelled 0
ℹ skipped 0
ℹ todo 0
ℹ duration_ms 240.502476
    Finished `dev` profile [unoptimized + debuginfo] target(s) in 0.06s
    Finished `test` profile [unoptimized + debuginfo] target(s) in 0.05s
     Running unittests src/lib.rs (rust/authorization/target/debug/deps/insignia_m0_005_authorization-f314414fd2749db1)

running 0 tests

test result: ok. 0 passed; 0 failed; 0 ignored; 0 measured; 0 filtered out; finished in 0.00s

     Running tests/whole_quote.rs (rust/authorization/target/debug/deps/whole_quote-6143a2d4cb7f0fe5)

running 13 tests
test canonical_carriers_reject_length_padding_alphabet_and_tail_bits ... ok
test compensated_price_mutations_cannot_preserve_authorization_by_preserving_total ... ok
test complete_ordered_set_verifies_once_and_matches_observed_price ... ok
test every_header_byte_class_is_signed_and_structural_header_is_strict ... ok
test last_member_change_invalidates_everything ... ok
test independent_context_keys_date_and_physical_economics_reject ... ok
test missing_duplicate_unsigned_and_extra_members_fail_closed ... ok
test noncanonical_public_point_and_revoked_or_out_of_window_keys_reject ... ok
test member_from_a_different_signed_quote_cannot_mix_with_original_envelope ... ok
test shared_python_typescript_rust_golden_vector_agrees ... ok
test signature_and_arithmetic_profiles_reject_mutations ... ok
test large_complete_quantity_and_500_unit_tier_cannot_be_partially_reused ... ok
test fifteen_independently_signed_high_bit_magic_variants_reject ... ok

test result: ok. 13 passed; 0 failed; 0 ignored; 0 measured; 0 filtered out; finished in 0.33s

   Doc-tests insignia_m0_005_authorization

running 0 tests

test result: ok. 0 passed; 0 failed; 0 ignored; 0 measured; 0 filtered out; finished in 0.00s

   Compiling proc-macro2 v1.0.107
   Compiling unicode-ident v1.0.26
   Compiling quote v1.0.47
   Compiling semver v1.0.28
   Compiling zmij v1.0.23
   Compiling rustc_version v0.4.1
   Compiling heck v0.5.0
   Compiling serde_json v1.0.151
   Compiling version_check v0.9.5
   Compiling logos-codegen v0.15.1
   Compiling serde_core v1.0.229
   Compiling fnv v1.0.7
   Compiling regex-syntax v0.8.11
   Compiling generic-array v0.14.7
   Compiling autocfg v1.5.1
    Checking typenum v1.20.1
   Compiling lazy_static v1.5.0
   Compiling beef v0.5.2
   Compiling syn v2.0.119
   Compiling syn v3.0.6
   Compiling num-traits v0.2.19
   Compiling either v1.18.0
   Compiling itoa v1.0.18
   Compiling memchr v2.8.3
   Compiling itertools v0.14.0
   Compiling strum_macros v0.27.2
   Compiling logos-derive v0.15.1
   Compiling enum-as-inner v0.6.1
   Compiling serde v1.0.229
   Compiling yansi v1.0.1
   Compiling paste v1.0.15
   Compiling unicode-width v0.1.14
   Compiling ariadne v0.5.1
   Compiling logos v0.15.1
   Compiling serde_derive v1.0.229
    Checking crypto-common v0.1.7
    Checking block-buffer v0.10.4
   Compiling strum v0.27.2
   Compiling bluejay-core v0.3.1
   Compiling seq-macro v0.3.6
   Compiling unicode-segmentation v1.13.3
   Compiling bluejay-parser v0.3.1
    Checking digest v0.10.7
    Checking rmp v0.8.15
   Compiling curve25519-dalek v4.1.3
    Checking cfg-if v1.0.5
   Compiling thiserror v2.0.21
    Checking cpufeatures v0.2.17
    Checking shopify_function_wasm_api_core v0.2.0
   Compiling convert_case v0.8.0
   Compiling bluejay-validator v0.3.1
   Compiling curve25519-dalek-derive v0.1.1
   Compiling thiserror-impl v2.0.21
    Checking subtle v2.6.1
    Checking signature v2.2.0
    Checking bumpalo v3.20.3
    Checking shopify_function_provider v2.0.1
    Checking ed25519 v2.2.3
    Checking rmp-serde v1.3.1
    Checking sha2 v0.10.9
   Compiling convert_case v0.11.0
    Checking shopify_function_wasm_api v0.3.1
   Compiling bluejay-typegen-codegen v0.3.1
    Checking ed25519-dalek v2.2.0
    Checking base64 v0.22.1
    Checking ryu v1.0.23
    Checking insignia-m0-005-authorization v0.1.0 (/home/serveradmin/insignia-m0-005-worktree/spikes/m0-005/rust/authorization)
   Compiling shopify_function_macro v2.2.0
    Checking shopify_function v2.2.0
    Checking m0-005-cart-transform v0.1.0 (/home/serveradmin/insignia-m0-005-worktree/spikes/m0-005/extensions/transform)
    Finished `dev` profile [unoptimized + debuginfo] target(s) in 19.51s
   Compiling memchr v2.8.3
   Compiling zmij v1.0.23
   Compiling itoa v1.0.18
   Compiling strum v0.27.2
   Compiling typenum v1.20.1
   Compiling serde_core v1.0.229
   Compiling num-traits v0.2.19
   Compiling serde_json v1.0.151
   Compiling generic-array v0.14.7
   Compiling rmp v0.8.15
   Compiling cfg-if v1.0.5
   Compiling cpufeatures v0.2.17
   Compiling shopify_function_wasm_api_core v0.2.0
   Compiling signature v2.2.0
   Compiling bluejay-core v0.3.1
   Compiling crypto-common v0.1.7
   Compiling block-buffer v0.10.4
   Compiling bluejay-parser v0.3.1
   Compiling digest v0.10.7
   Compiling serde v1.0.229
   Compiling subtle v2.6.1
   Compiling bumpalo v3.20.3
   Compiling rmp-serde v1.3.1
   Compiling shopify_function_provider v2.0.1
   Compiling curve25519-dalek v4.1.3
   Compiling bluejay-validator v0.3.1
   Compiling sha2 v0.10.9
   Compiling ed25519 v2.2.3
   Compiling thiserror v2.0.21
   Compiling ed25519-dalek v2.2.0
   Compiling shopify_function_wasm_api v0.3.1
   Compiling ryu v1.0.23
   Compiling base64 v0.22.1
   Compiling insignia-m0-005-authorization v0.1.0 (/home/serveradmin/insignia-m0-005-worktree/spikes/m0-005/rust/authorization)
   Compiling bluejay-typegen-codegen v0.3.1
   Compiling shopify_function_macro v2.2.0
   Compiling shopify_function v2.2.0
   Compiling m0-005-cart-transform v0.1.0 (/home/serveradmin/insignia-m0-005-worktree/spikes/m0-005/extensions/transform)
    Finished `test` profile [unoptimized + debuginfo] target(s) in 11.34s
     Running unittests src/main.rs (extensions/transform/target/debug/deps/m0_005_cart_transform-7fc30c8389273e57)

running 5 tests
test tests::no_partial_expansion_for_incomplete_or_tampered_set ... ok
test tests::revoked_and_out_of_window_public_keys_emit_no_price_operation ... ok
test tests::complete_set_sets_both_prices_and_copies_compact_member ... ok
test tests::context_physical_line_policy_and_cart_order_are_enforced ... ok
test tests::full_output_size_includes_real_ids_attribute_names_values_and_prices ... ok

test result: ok. 5 passed; 0 failed; 0 ignored; 0 measured; 0 filtered out; finished in 0.06s

   Compiling proc-macro2 v1.0.107
   Compiling unicode-ident v1.0.26
   Compiling quote v1.0.47
   Compiling semver v1.0.28
   Compiling zmij v1.0.23
   Compiling heck v0.5.0
   Compiling rustc_version v0.4.1
   Compiling serde_json v1.0.151
   Compiling version_check v0.9.5
   Compiling serde_core v1.0.229
   Compiling logos-codegen v0.15.1
   Compiling fnv v1.0.7
   Compiling generic-array v0.14.7
   Compiling autocfg v1.5.1
   Compiling beef v0.5.2
    Checking typenum v1.20.1
   Compiling syn v2.0.119
   Compiling syn v3.0.6
   Compiling regex-syntax v0.8.11
   Compiling lazy_static v1.5.0
   Compiling num-traits v0.2.19
   Compiling itoa v1.0.18
   Compiling memchr v2.8.3
   Compiling either v1.18.0
   Compiling itertools v0.14.0
   Compiling strum_macros v0.27.2
   Compiling logos-derive v0.15.1
   Compiling enum-as-inner v0.6.1
   Compiling yansi v1.0.1
   Compiling serde v1.0.229
   Compiling unicode-width v0.1.14
   Compiling paste v1.0.15
   Compiling ariadne v0.5.1
   Compiling logos v0.15.1
   Compiling serde_derive v1.0.229
    Checking block-buffer v0.10.4
    Checking crypto-common v0.1.7
   Compiling unicode-segmentation v1.13.3
   Compiling seq-macro v0.3.6
   Compiling strum v0.27.2
   Compiling bluejay-core v0.3.1
    Checking digest v0.10.7
    Checking rmp v0.8.15
   Compiling curve25519-dalek v4.1.3
   Compiling bluejay-parser v0.3.1
    Checking cfg-if v1.0.5
   Compiling thiserror v2.0.21
    Checking cpufeatures v0.2.17
    Checking shopify_function_wasm_api_core v0.2.0
   Compiling convert_case v0.8.0
   Compiling curve25519-dalek-derive v0.1.1
   Compiling thiserror-impl v2.0.21
   Compiling bluejay-validator v0.3.1
    Checking subtle v2.6.1
    Checking signature v2.2.0
    Checking bumpalo v3.20.3
    Checking shopify_function_provider v2.0.1
    Checking ed25519 v2.2.3
    Checking sha2 v0.10.9
   Compiling convert_case v0.11.0
    Checking rmp-serde v1.3.1
    Checking ed25519-dalek v2.2.0
    Checking ryu v1.0.23
    Checking base64 v0.22.1
    Checking shopify_function_wasm_api v0.3.1
    Checking insignia-m0-005-authorization v0.1.0 (/home/serveradmin/insignia-m0-005-worktree/spikes/m0-005/rust/authorization)
   Compiling bluejay-typegen-codegen v0.3.1
   Compiling shopify_function_macro v2.2.0
    Checking shopify_function v2.2.0
    Checking m0-005-cart-validation v0.1.0 (/home/serveradmin/insignia-m0-005-worktree/spikes/m0-005/extensions/validation)
    Finished `dev` profile [unoptimized + debuginfo] target(s) in 16.48s
   Compiling itoa v1.0.18
   Compiling zmij v1.0.23
   Compiling memchr v2.8.3
   Compiling strum v0.27.2
   Compiling typenum v1.20.1
   Compiling serde_core v1.0.229
   Compiling num-traits v0.2.19
   Compiling generic-array v0.14.7
   Compiling serde_json v1.0.151
   Compiling rmp v0.8.15
   Compiling cpufeatures v0.2.17
   Compiling crypto-common v0.1.7
   Compiling block-buffer v0.10.4
   Compiling cfg-if v1.0.5
   Compiling digest v0.10.7
   Compiling shopify_function_wasm_api_core v0.2.0
   Compiling signature v2.2.0
   Compiling subtle v2.6.1
   Compiling bumpalo v3.20.3
   Compiling bluejay-core v0.3.1
   Compiling bluejay-parser v0.3.1
   Compiling curve25519-dalek v4.1.3
   Compiling shopify_function_provider v2.0.1
   Compiling serde v1.0.229
   Compiling rmp-serde v1.3.1
   Compiling ed25519 v2.2.3
   Compiling bluejay-validator v0.3.1
   Compiling sha2 v0.10.9
   Compiling thiserror v2.0.21
   Compiling base64 v0.22.1
   Compiling shopify_function_wasm_api v0.3.1
   Compiling ed25519-dalek v2.2.0
   Compiling ryu v1.0.23
   Compiling insignia-m0-005-authorization v0.1.0 (/home/serveradmin/insignia-m0-005-worktree/spikes/m0-005/rust/authorization)
   Compiling bluejay-typegen-codegen v0.3.1
   Compiling shopify_function_macro v2.2.0
   Compiling shopify_function v2.2.0
   Compiling m0-005-cart-validation v0.1.0 (/home/serveradmin/insignia-m0-005-worktree/spikes/m0-005/extensions/validation)
    Finished `test` profile [unoptimized + debuginfo] target(s) in 8.65s
     Running unittests src/main.rs (extensions/validation/target/debug/deps/m0_005_cart_validation-8fba45dbfe8c7e6c)

running 5 tests
test tests::revoked_and_out_of_window_public_keys_reject_checkout ... ok
test tests::incomplete_tampered_and_unsigned_required_sets_reject ... ok
test tests::complete_set_compares_observed_exact_subtotals ... ok
test tests::cart_order_context_and_physical_claim_changes_fail_at_checkout ... ok
test tests::stress_fixtures_validate_complete_set_and_measure_json ... ok

test result: ok. 5 passed; 0 failed; 0 ignored; 0 measured; 0 filtered out; finished in 0.07s

Building function m0-005-local-transform...   Compiling proc-macro2 v1.0.107
   Compiling quote v1.0.47
   Compiling unicode-ident v1.0.26
   Compiling semver v1.0.28
   Compiling zmij v1.0.23
   Compiling heck v0.5.0
   Compiling rustc_version v0.4.1
   Compiling serde_json v1.0.151
   Compiling version_check v0.9.5
   Compiling serde_core v1.0.229
   Compiling logos-codegen v0.15.1
   Compiling generic-array v0.14.7
   Compiling regex-syntax v0.8.11
   Compiling beef v0.5.2
   Compiling syn v2.0.119
   Compiling typenum v1.20.1
   Compiling fnv v1.0.7
   Compiling lazy_static v1.5.0
   Compiling syn v3.0.6
   Compiling itoa v1.0.18
   Compiling memchr v2.8.3
   Compiling either v1.18.0
   Compiling itertools v0.14.0
   Compiling strum_macros v0.27.2
   Compiling logos-derive v0.15.1
   Compiling enum-as-inner v0.6.1
   Compiling unicode-width v0.1.14
   Compiling paste v1.0.15
   Compiling yansi v1.0.1
   Compiling logos v0.15.1
   Compiling ariadne v0.5.1
   Compiling block-buffer v0.10.4
   Compiling crypto-common v0.1.7
   Compiling unicode-segmentation v1.13.3
   Compiling seq-macro v0.3.6
   Compiling digest v0.10.7
   Compiling curve25519-dalek v4.1.3
   Compiling cfg-if v1.0.5
   Compiling thiserror v2.0.21
   Compiling convert_case v0.8.0
   Compiling strum v0.27.2
   Compiling thiserror-impl v2.0.21
   Compiling bluejay-core v0.3.1
   Compiling subtle v2.6.1
   Compiling signature v2.2.0
   Compiling serde v1.0.229
   Compiling bluejay-parser v0.3.1
   Compiling ed25519 v2.2.3
   Compiling shopify_function_wasm_api_core v0.2.0
   Compiling sha2 v0.10.9
   Compiling bluejay-validator v0.3.1
   Compiling convert_case v0.11.0
   Compiling serde_derive v1.0.229
   Compiling ed25519-dalek v2.2.0
   Compiling shopify_function_wasm_api v0.3.1
   Compiling ryu v1.0.23
   Compiling base64 v0.22.1
   Compiling bluejay-typegen-codegen v0.3.1
   Compiling shopify_function_macro v2.2.0
   Compiling insignia-m0-005-authorization v0.1.0 (/home/serveradmin/insignia-m0-005-worktree/spikes/m0-005/rust/authorization)
   Compiling shopify_function v2.2.0
   Compiling m0-005-cart-transform v0.1.0 (/home/serveradmin/insignia-m0-005-worktree/spikes/m0-005/extensions/transform)
    Finished `release` profile [optimized] target(s) in 17.76s
╭─ success ────────────────────────────────────────────────────────────────────╮
│                                                                              │
│  Function built successfully.                                                │
│                                                                              │
╰──────────────────────────────────────────────────────────────────────────────╯

Building function m0-005-local-validation...   Compiling proc-macro2 v1.0.107
   Compiling unicode-ident v1.0.26
   Compiling quote v1.0.47
   Compiling semver v1.0.28
   Compiling zmij v1.0.23
   Compiling rustc_version v0.4.1
   Compiling heck v0.5.0
   Compiling serde_json v1.0.151
   Compiling version_check v0.9.5
   Compiling serde_core v1.0.229
   Compiling logos-codegen v0.15.1
   Compiling generic-array v0.14.7
   Compiling fnv v1.0.7
   Compiling typenum v1.20.1
   Compiling regex-syntax v0.8.11
   Compiling lazy_static v1.5.0
   Compiling syn v2.0.119
   Compiling beef v0.5.2
   Compiling syn v3.0.6
   Compiling either v1.18.0
   Compiling itoa v1.0.18
   Compiling memchr v2.8.3
   Compiling itertools v0.14.0
   Compiling strum_macros v0.27.2
   Compiling logos-derive v0.15.1
   Compiling enum-as-inner v0.6.1
   Compiling unicode-width v0.1.14
   Compiling yansi v1.0.1
   Compiling paste v1.0.15
   Compiling logos v0.15.1
   Compiling ariadne v0.5.1
   Compiling block-buffer v0.10.4
   Compiling crypto-common v0.1.7
   Compiling seq-macro v0.3.6
   Compiling unicode-segmentation v1.13.3
   Compiling strum v0.27.2
   Compiling bluejay-core v0.3.1
   Compiling digest v0.10.7
   Compiling curve25519-dalek v4.1.3
   Compiling thiserror v2.0.21
   Compiling bluejay-parser v0.3.1
   Compiling cfg-if v1.0.5
   Compiling convert_case v0.8.0
   Compiling thiserror-impl v2.0.21
   Compiling signature v2.2.0
   Compiling serde v1.0.229
   Compiling bluejay-validator v0.3.1
   Compiling subtle v2.6.1
   Compiling ed25519 v2.2.3
   Compiling shopify_function_wasm_api_core v0.2.0
   Compiling sha2 v0.10.9
   Compiling convert_case v0.11.0
   Compiling serde_derive v1.0.229
   Compiling ed25519-dalek v2.2.0
   Compiling shopify_function_wasm_api v0.3.1
   Compiling bluejay-typegen-codegen v0.3.1
   Compiling base64 v0.22.1
   Compiling ryu v1.0.23
   Compiling shopify_function_macro v2.2.0
   Compiling insignia-m0-005-authorization v0.1.0 (/home/serveradmin/insignia-m0-005-worktree/spikes/m0-005/rust/authorization)
   Compiling shopify_function v2.2.0
   Compiling m0-005-cart-validation v0.1.0 (/home/serveradmin/insignia-m0-005-worktree/spikes/m0-005/extensions/validation)
    Finished `release` profile [optimized] target(s) in 19.44s
╭─ success ────────────────────────────────────────────────────────────────────╮
│                                                                              │
│  Function built successfully.                                                │
│                                                                              │
╰──────────────────────────────────────────────────────────────────────────────╯
