✖ multiple APP catalogs claiming the target Publication are coverage ambiguity (25.167797ms)
ℹ tests 1
ℹ suites 0
ℹ pass 0
ℹ fail 1
ℹ cancelled 0
ℹ skipped 0
ℹ todo 0
ℹ duration_ms 312.204846

✖ failing tests:

test at scripts/m5-016/operator.test.mjs:129:1
✖ multiple APP catalogs claiming the target Publication are coverage ambiguity (25.167797ms)
  AssertionError [ERR_ASSERTION]: Expected values to be strictly equal:
  + actual - expected

  + 'GENERIC_DISCOVERY_CONFIRMED'
  - 'UNRESOLVED'

      at file:///home/serveradmin/insignia-m5-016-worktree/scripts/m5-016/operator.test.mjs:131:16
      at exercise (file:///home/serveradmin/insignia-m5-016-worktree/scripts/m5-016/operator.test.mjs:21:11)
      at async Test.run (node:internal/test_runner/test:1409:7)
      at async startSubtestAfterBootstrap (node:internal/test_runner/harness:387:3) {
    generatedMessage: true,
    code: 'ERR_ASSERTION',
    actual: 'GENERIC_DISCOVERY_CONFIRMED',
    expected: 'UNRESOLVED',
    operator: 'strictEqual',
    diff: 'simple'
  }
