✖ a backwards local clock cannot make future observation origins fresh for cleanup (28.030914ms)
ℹ tests 1
ℹ suites 0
ℹ pass 0
ℹ fail 1
ℹ cancelled 0
ℹ skipped 0
ℹ todo 0
ℹ duration_ms 298.422016

✖ failing tests:

test at scripts/m5-016/operator.test.mjs:557:1
✖ a backwards local clock cannot make future observation origins fresh for cleanup (28.030914ms)
  AssertionError [ERR_ASSERTION]: Expected values to be strictly equal:

  1 !== 0

      at file:///home/serveradmin/insignia-m5-016-worktree/scripts/m5-016/operator.test.mjs:559:68
      at exercise (file:///home/serveradmin/insignia-m5-016-worktree/scripts/m5-016/operator.test.mjs:21:11)
      at async TestContext.<anonymous> (file:///home/serveradmin/insignia-m5-016-worktree/scripts/m5-016/operator.test.mjs:559:9)
      at async Test.run (node:internal/test_runner/test:1409:7)
      at async startSubtestAfterBootstrap (node:internal/test_runner/harness:387:3) {
    generatedMessage: true,
    code: 'ERR_ASSERTION',
    actual: 1,
    expected: 0,
    operator: 'strictEqual',
    diff: 'simple'
  }
