✔ gate demands exact source/tree/binding, two actual model reviews and ten unique attempt-one workflows (3.740746ms)
✔ missing adapter transport / import proof uses only the guarded operator or denies locally (259.014457ms)
✔ misspelled adapter transport / import proof uses only the guarded operator or denies locally (221.218032ms)
✔ imports adapter transport / import proof uses only the guarded operator or denies locally (215.035843ms)
✔ correct adapter transport / import proof uses only the guarded operator or denies locally (306.269975ms)
✔ complete explicit APP discovery and exact inclusion authorize only the fixed archival cleanup (30.93791ms)
✔ direct inclusion without either generic discovery surface classifies DIRECT_ONLY and still cleans the disposable fixture (12.947998ms)
✔ complete APP catalogs independently establish the generic surface when typed publications omit the target (12.923162ms)
✔ a denied second discovery surface is retained but cannot negate independently complete positive generic evidence (14.390569ms)
✔ denied generic reads without complete positive evidence classify UNRESOLVED without retries (11.44278ms)
✔ direct null remains UNRESOLVED despite generic positives (11.638123ms)
✔ direct not-included remains UNRESOLVED despite generic positives (12.737122ms)
✔ direct incomplete remains UNRESOLVED despite generic positives (12.91189ms)
✔ direct error remains UNRESOLVED despite generic positives (10.127174ms)
✔ capability drift between direct and generic observations is coverage ambiguity (11.58003ms)
✔ multiple APP catalogs claiming the target Publication are coverage ambiguity (11.080311ms)
✔ observed conflicting catalogs followed by a denied page remain UNRESOLVED despite complete positive publications (14.800708ms)
✔ empty nonterminal publications page fails before any continuation (11.019828ms)
✔ empty nonterminal catalogs page fails before any continuation (10.678683ms)
✔ duplicate generic IDs and repeated cursors fail closed with cleanup capacity preserved (17.543674ms)
✔ infinite unique discovery pages reserve one catalog attempt and exact cleanup/final read within sixteen GraphQL attempts (44.637187ms)
✔ prestate identity drift stops before discovery or mutation (2.271901ms)
✔ prestate ownership drift stops before discovery or mutation (2.183723ms)
✔ prestate status drift stops before discovery or mutation (2.195386ms)
✔ prestate target-effective drift stops before discovery or mutation (2.495951ms)
✔ prestate connection drift stops before discovery or mutation (2.10326ms)
✔ identity drift in discovery revokes cleanup before any mutation (3.959031ms)
✔ identity mismatch combined with malformed operation data latches the fence before projection (3.717861ms)
✔ GraphQL error with contradictory direct identity prevents archival (3.846805ms)
✔ GraphQL error with contradictory catalog identity prevents archival (6.67753ms)
✔ conflicting duplicate publications metadata cannot hide behind rejection (12.009857ms)
✔ conflicting duplicate catalogs metadata cannot hide behind rejection (11.048982ms)
✔ partial error publications data retains contradictory coverage evidence (11.001554ms)
✔ partial error catalogs data retains contradictory coverage evidence (12.156ms)
✔ lost archive acknowledgement gets exactly one final classification read and never a resend (10.999942ms)
✔ final exact state settlement records updatedAt difference without timestamp equality (10.730199ms)
✔ a failed final publication predicate closes STOPPED without another mutation or read (11.808946ms)
✔ source drift before credentials produces no provider request (0.728261ms)
✔ corrupt reservation accounting denies the captured transport before its first native call (1.492868ms)
✔ canonical entry exposes no resume phase and a closed synthetic register cannot be reopened (11.162419ms)
✔ identity contradiction in the final read invalidates the classification without another write (10.973388ms)
✔ HTTP 500 error with reported identity drift blocks cleanup (3.985665ms)
✔ HTTP 403 error with reported identity drift blocks cleanup (6.841974ms)
✔ a qualified HTTP 403 denial cannot negate a complete independent positive surface (12.062143ms)
✔ malformed partial error publications remains coverage ambiguity (10.679276ms)
✔ HTTP error partial publications contradictions remain visible (10.998491ms)
✔ malformed partial error catalogs remains coverage ambiguity (11.745334ms)
✔ HTTP error partial catalogs contradictions remain visible (10.874459ms)
✔ ownership freshness starts before I/O and cannot be renewed by slow response completion (9.615026ms)
✔ a backwards local clock cannot make future observation origins fresh for cleanup (7.37725ms)
✔ falsy malformed publications false is coverage ambiguity (14.401069ms)
✔ falsy malformed publications 0 is coverage ambiguity (10.173414ms)
✔ falsy malformed publications "" is coverage ambiguity (10.157032ms)
✔ malformed publications error envelope empty-array cannot qualify generic discovery (9.828499ms)
✔ malformed publications error envelope object cannot qualify generic discovery (10.964082ms)
✔ malformed publications error envelope null cannot qualify generic discovery (9.56805ms)
✔ malformed publications error envelope null-member cannot qualify generic discovery (9.521024ms)
✔ malformed publications error envelope numeric-message cannot qualify generic discovery (9.206504ms)
✔ malformed publications error envelope empty-message cannot qualify generic discovery (10.908293ms)
✔ malformed publications error envelope nonobject-extensions cannot qualify generic discovery (9.565701ms)
✔ falsy malformed catalogs false is coverage ambiguity (10.231806ms)
✔ falsy malformed catalogs 0 is coverage ambiguity (11.400308ms)
✔ falsy malformed catalogs "" is coverage ambiguity (10.329176ms)
✔ malformed catalogs error envelope empty-array cannot qualify generic discovery (9.565623ms)
✔ malformed catalogs error envelope object cannot qualify generic discovery (9.656876ms)
✔ malformed catalogs error envelope null cannot qualify generic discovery (10.784267ms)
✔ malformed catalogs error envelope null-member cannot qualify generic discovery (9.555567ms)
✔ malformed catalogs error envelope numeric-message cannot qualify generic discovery (9.645606ms)
✔ malformed catalogs error envelope empty-message cannot qualify generic discovery (11.51482ms)
✔ malformed catalogs error envelope nonobject-extensions cannot qualify generic discovery (9.920733ms)
✔ archive freshness is rechecked after reservation immediately before native dispatch (8.639428ms)
✔ early source gate rejection settles its reserved but unsent archival request exactly (8.736302ms)
✔ wall rollback followed by successful reads cannot renew elapsed ownership freshness (9.057386ms)
ℹ tests 73
ℹ suites 0
ℹ pass 73
ℹ fail 0
ℹ cancelled 0
ℹ skipped 0
ℹ todo 0
ℹ duration_ms 1117.045662
