✔ gate demands exact source/tree/binding, two actual model reviews and ten unique attempt-one workflows (3.824198ms)
✔ missing adapter transport / import proof uses only the guarded operator or denies locally (276.995774ms)
✔ misspelled adapter transport / import proof uses only the guarded operator or denies locally (225.838831ms)
✔ imports adapter transport / import proof uses only the guarded operator or denies locally (204.749518ms)
✔ correct adapter transport / import proof uses only the guarded operator or denies locally (306.639063ms)
✔ complete explicit APP discovery and exact inclusion authorize only the fixed archival cleanup (33.751145ms)
✔ direct inclusion without either generic discovery surface classifies DIRECT_ONLY and still cleans the disposable fixture (13.125634ms)
✔ complete APP catalogs independently establish the generic surface when typed publications omit the target (11.899227ms)
✔ a denied second discovery surface is retained but cannot negate independently complete positive generic evidence (12.011045ms)
✔ denied generic reads without complete positive evidence classify UNRESOLVED without retries (12.999709ms)
✔ direct null remains UNRESOLVED despite generic positives (10.689348ms)
✔ direct not-included remains UNRESOLVED despite generic positives (10.797112ms)
✔ direct incomplete remains UNRESOLVED despite generic positives (11.380782ms)
✔ direct error remains UNRESOLVED despite generic positives (11.742092ms)
✔ capability drift between direct and generic observations is coverage ambiguity (9.903045ms)
✔ multiple APP catalogs claiming the target Publication are coverage ambiguity (9.827283ms)
✔ observed conflicting catalogs followed by a denied page remain UNRESOLVED despite complete positive publications (11.667936ms)
✔ empty nonterminal publications page fails before any continuation (10.910787ms)
✔ empty nonterminal catalogs page fails before any continuation (9.327764ms)
✔ duplicate generic IDs and repeated cursors fail closed with cleanup capacity preserved (11.924771ms)
✔ infinite unique discovery pages reserve one catalog attempt and exact cleanup/final read within sixteen GraphQL attempts (37.468909ms)
✔ prestate identity drift stops before discovery or mutation (2.888127ms)
✔ prestate ownership drift stops before discovery or mutation (2.223235ms)
✔ prestate status drift stops before discovery or mutation (2.29256ms)
✔ prestate target-effective drift stops before discovery or mutation (2.818078ms)
✔ prestate connection drift stops before discovery or mutation (5.026631ms)
✔ identity drift in discovery revokes cleanup before any mutation (4.242753ms)
✔ identity mismatch combined with malformed operation data latches the fence before projection (3.53355ms)
✔ GraphQL error with contradictory direct identity prevents archival (3.552858ms)
✔ GraphQL error with contradictory catalog identity prevents archival (6.004659ms)
✔ conflicting duplicate publications metadata cannot hide behind rejection (9.708179ms)
✔ conflicting duplicate catalogs metadata cannot hide behind rejection (9.193915ms)
✔ partial error publications data retains contradictory coverage evidence (11.213407ms)
✔ partial error catalogs data retains contradictory coverage evidence (9.317587ms)
✔ lost archive acknowledgement gets exactly one final classification read and never a resend (9.919133ms)
✔ final exact state settlement records updatedAt difference without timestamp equality (9.32791ms)
✔ a failed final publication predicate closes STOPPED without another mutation or read (11.077154ms)
✔ source drift before credentials produces no provider request (0.732916ms)
✔ corrupt reservation accounting denies the captured transport before its first native call (1.208468ms)
✔ canonical entry exposes no resume phase and a closed synthetic register cannot be reopened (9.462932ms)
✔ identity contradiction in the final read invalidates the classification without another write (9.114709ms)
ℹ tests 41
ℹ suites 0
ℹ pass 41
ℹ fail 0
ℹ cancelled 0
ℹ skipped 0
ℹ todo 0
ℹ duration_ms 1124.789605
