✔ gate demands exact source/tree/binding, two actual model reviews and ten unique attempt-one workflows (3.791565ms)
✔ missing adapter transport / import proof uses only the guarded operator or denies locally (276.999055ms)
✔ misspelled adapter transport / import proof uses only the guarded operator or denies locally (222.185188ms)
✔ imports adapter transport / import proof uses only the guarded operator or denies locally (211.147248ms)
✔ correct adapter transport / import proof uses only the guarded operator or denies locally (302.156909ms)
✔ complete explicit APP discovery and exact inclusion authorize only the fixed archival cleanup (34.649713ms)
✔ direct inclusion without either generic discovery surface classifies DIRECT_ONLY and still cleans the disposable fixture (12.794509ms)
✔ complete APP catalogs independently establish the generic surface when typed publications omit the target (11.875269ms)
✔ a denied second discovery surface is retained but cannot negate independently complete positive generic evidence (11.82892ms)
✔ denied generic reads without complete positive evidence classify UNRESOLVED without retries (12.218041ms)
✔ direct null remains UNRESOLVED despite generic positives (10.258477ms)
✔ direct not-included remains UNRESOLVED despite generic positives (10.45652ms)
✔ direct incomplete remains UNRESOLVED despite generic positives (11.109824ms)
✔ direct error remains UNRESOLVED despite generic positives (10.915789ms)
✔ capability drift between direct and generic observations is coverage ambiguity (9.991985ms)
✔ multiple APP catalogs claiming the target Publication are coverage ambiguity (9.820877ms)
✔ observed conflicting catalogs followed by a denied page remain UNRESOLVED despite complete positive publications (11.980671ms)
✔ empty nonterminal publications page fails before any continuation (12.311107ms)
✔ empty nonterminal catalogs page fails before any continuation (10.312258ms)
✔ duplicate generic IDs and repeated cursors fail closed with cleanup capacity preserved (13.324662ms)
✔ infinite unique discovery pages reserve one catalog attempt and exact cleanup/final read within sixteen GraphQL attempts (39.262372ms)
✔ prestate identity drift stops before discovery or mutation (2.216555ms)
✔ prestate ownership drift stops before discovery or mutation (2.07494ms)
✔ prestate status drift stops before discovery or mutation (2.168402ms)
✔ prestate target-effective drift stops before discovery or mutation (2.326008ms)
✔ prestate connection drift stops before discovery or mutation (2.146613ms)
✔ identity drift in discovery revokes cleanup before any mutation (3.831306ms)
✔ identity mismatch combined with malformed operation data latches the fence before projection (3.479985ms)
✔ GraphQL error with contradictory direct identity prevents archival (3.555973ms)
✔ GraphQL error with contradictory catalog identity prevents archival (6.008219ms)
✔ conflicting duplicate publications metadata cannot hide behind rejection (9.871032ms)
✔ conflicting duplicate catalogs metadata cannot hide behind rejection (10.703746ms)
✔ partial error publications data retains contradictory coverage evidence (9.6942ms)
✔ partial error catalogs data retains contradictory coverage evidence (9.501608ms)
✔ lost archive acknowledgement gets exactly one final classification read and never a resend (11.94723ms)
✔ final exact state settlement records updatedAt difference without timestamp equality (9.673212ms)
✔ a failed final publication predicate closes STOPPED without another mutation or read (9.605195ms)
✔ source drift before credentials produces no provider request (0.719031ms)
✔ corrupt reservation accounting denies the captured transport before its first native call (1.181889ms)
✔ canonical entry exposes no resume phase and a closed synthetic register cannot be reopened (9.519466ms)
✔ identity contradiction in the final read invalidates the classification without another write (10.535707ms)
✔ HTTP 500 error with reported identity drift blocks cleanup (3.770542ms)
✔ HTTP 403 error with reported identity drift blocks cleanup (6.151887ms)
✔ a qualified HTTP 403 denial cannot negate a complete independent positive surface (9.711237ms)
✔ malformed partial error publications remains coverage ambiguity (9.625502ms)
✔ HTTP error partial publications contradictions remain visible (11.623751ms)
✔ malformed partial error catalogs remains coverage ambiguity (9.368973ms)
✔ HTTP error partial catalogs contradictions remain visible (9.555352ms)
✔ ownership freshness starts before I/O and cannot be renewed by slow response completion (8.517892ms)
✔ a backwards local clock cannot make future observation origins fresh for cleanup (6.57181ms)
ℹ tests 50
ℹ suites 0
ℹ pass 50
ℹ fail 0
ℹ cancelled 0
ℹ skipped 0
ℹ todo 0
ℹ duration_ms 1143.880646
