✔ gate demands exact source/tree/binding, two actual model reviews and ten unique attempt-one workflows (3.985589ms)
✔ missing adapter transport / import proof uses only the guarded operator or denies locally (323.707123ms)
✔ misspelled adapter transport / import proof uses only the guarded operator or denies locally (273.244852ms)
✔ imports adapter transport / import proof uses only the guarded operator or denies locally (278.937487ms)
✔ correct adapter transport / import proof uses only the guarded operator or denies locally (354.826147ms)
✔ complete explicit APP discovery and exact inclusion authorize only the fixed archival cleanup (36.836739ms)
✔ direct inclusion without either generic discovery surface classifies DIRECT_ONLY and still cleans the disposable fixture (16.103379ms)
✔ complete APP catalogs independently establish the generic surface when typed publications omit the target (15.224522ms)
✔ a denied second discovery surface is retained but cannot negate independently complete positive generic evidence (17.596201ms)
✔ denied generic reads without complete positive evidence classify UNRESOLVED without retries (12.774286ms)
✔ direct null remains UNRESOLVED despite generic positives (13.814807ms)
✔ direct not-included remains UNRESOLVED despite generic positives (15.163402ms)
✔ direct incomplete remains UNRESOLVED despite generic positives (14.95149ms)
✔ direct error remains UNRESOLVED despite generic positives (11.320802ms)
✔ capability drift between direct and generic observations is coverage ambiguity (13.367062ms)
✔ multiple APP catalogs claiming the target Publication are coverage ambiguity (12.222116ms)
✔ observed conflicting catalogs followed by a denied page remain UNRESOLVED despite complete positive publications (16.010254ms)
✔ empty nonterminal publications page fails before any continuation (13.62097ms)
✔ empty nonterminal catalogs page fails before any continuation (11.509178ms)
✔ duplicate generic IDs and repeated cursors fail closed with cleanup capacity preserved (17.178806ms)
✔ infinite unique discovery pages reserve one catalog attempt and exact cleanup/final read within sixteen GraphQL attempts (59.726695ms)
✔ prestate identity drift stops before discovery or mutation (3.145876ms)
✔ prestate ownership drift stops before discovery or mutation (2.796869ms)
✔ prestate status drift stops before discovery or mutation (3.135117ms)
✔ prestate target-effective drift stops before discovery or mutation (3.061343ms)
✔ prestate connection drift stops before discovery or mutation (5.367977ms)
✔ identity drift in discovery revokes cleanup before any mutation (8.512368ms)
✔ identity mismatch combined with malformed operation data latches the fence before projection (6.944344ms)
✔ GraphQL error with contradictory direct identity prevents archival (4.279499ms)
✔ GraphQL error with contradictory catalog identity prevents archival (7.894252ms)
✔ conflicting duplicate publications metadata cannot hide behind rejection (12.249075ms)
✔ conflicting duplicate catalogs metadata cannot hide behind rejection (13.988051ms)
✔ partial error publications data retains contradictory coverage evidence (11.981755ms)
✔ partial error catalogs data retains contradictory coverage evidence (12.367836ms)
✔ lost archive acknowledgement gets exactly one final classification read and never a resend (12.34953ms)
✔ final exact state settlement records updatedAt difference without timestamp equality (16.838416ms)
✔ a failed final publication predicate closes STOPPED without another mutation or read (12.417668ms)
✔ source drift before credentials produces no provider request (0.752719ms)
✔ corrupt reservation accounting denies the captured transport before its first native call (1.550411ms)
✔ canonical entry exposes no resume phase and a closed synthetic register cannot be reopened (12.384818ms)
✔ identity contradiction in the final read invalidates the classification without another write (13.117805ms)
✔ HTTP 500 error with reported identity drift blocks cleanup (4.797194ms)
✔ HTTP 403 error with reported identity drift blocks cleanup (7.826352ms)
✔ a qualified HTTP 403 denial cannot negate a complete independent positive surface (11.835597ms)
✔ malformed partial error publications remains coverage ambiguity (11.347429ms)
✔ HTTP error partial publications contradictions remain visible (13.822245ms)
✔ malformed partial error catalogs remains coverage ambiguity (11.249689ms)
✔ HTTP error partial catalogs contradictions remain visible (12.38326ms)
✔ ownership freshness starts before I/O and cannot be renewed by slow response completion (16.157759ms)
✔ a backwards local clock cannot make future observation origins fresh for cleanup (8.824168ms)
✔ falsy malformed publications false is coverage ambiguity (15.601041ms)
✔ falsy malformed publications 0 is coverage ambiguity (12.568555ms)
✔ falsy malformed publications "" is coverage ambiguity (13.0229ms)
✔ malformed publications error envelope empty-array cannot qualify generic discovery (11.872238ms)
✔ malformed publications error envelope object cannot qualify generic discovery (10.161488ms)
✔ malformed publications error envelope null cannot qualify generic discovery (11.802354ms)
✔ malformed publications error envelope null-member cannot qualify generic discovery (12.421879ms)
✔ malformed publications error envelope numeric-message cannot qualify generic discovery (10.183699ms)
✔ malformed publications error envelope empty-message cannot qualify generic discovery (10.359787ms)
✔ malformed publications error envelope nonobject-extensions cannot qualify generic discovery (10.40681ms)
✔ falsy malformed catalogs false is coverage ambiguity (12.91462ms)
✔ falsy malformed catalogs 0 is coverage ambiguity (10.712826ms)
✔ falsy malformed catalogs "" is coverage ambiguity (11.854165ms)
✔ malformed catalogs error envelope empty-array cannot qualify generic discovery (11.437705ms)
✔ malformed catalogs error envelope object cannot qualify generic discovery (10.063214ms)
✔ malformed catalogs error envelope null cannot qualify generic discovery (10.118072ms)
✔ malformed catalogs error envelope null-member cannot qualify generic discovery (9.656069ms)
✔ malformed catalogs error envelope numeric-message cannot qualify generic discovery (11.95039ms)
✔ malformed catalogs error envelope empty-message cannot qualify generic discovery (11.710523ms)
✔ malformed catalogs error envelope nonobject-extensions cannot qualify generic discovery (10.079615ms)
✔ archive freshness is rechecked after reservation immediately before native dispatch (9.392091ms)
✔ early source gate rejection settles its reserved but unsent archival request exactly (11.066495ms)
✔ wall rollback followed by successful reads cannot renew elapsed ownership freshness (10.654976ms)
ℹ tests 73
ℹ suites 0
ℹ pass 73
ℹ fail 0
ℹ cancelled 0
ℹ skipped 0
ℹ todo 0
ℹ duration_ms 1388.817517
