✔ gate demands exact source/tree/binding, two actual model reviews and ten unique attempt-one workflows (3.758305ms)
✔ missing adapter transport / import proof uses only the guarded operator or denies locally (249.682922ms)
✔ misspelled adapter transport / import proof uses only the guarded operator or denies locally (218.854427ms)
✔ imports adapter transport / import proof uses only the guarded operator or denies locally (215.010244ms)
✔ correct adapter transport / import proof uses only the guarded operator or denies locally (309.232662ms)
✔ complete explicit APP discovery and exact inclusion authorize only the fixed archival cleanup (30.837724ms)
✔ direct inclusion without either generic discovery surface classifies DIRECT_ONLY and still cleans the disposable fixture (12.084125ms)
✔ complete APP catalogs independently establish the generic surface when typed publications omit the target (11.912213ms)
✔ a denied second discovery surface is retained but cannot negate independently complete positive generic evidence (12.528197ms)
✔ denied generic reads without complete positive evidence classify UNRESOLVED without retries (12.480303ms)
✔ direct null remains UNRESOLVED despite generic positives (10.584634ms)
✔ direct not-included remains UNRESOLVED despite generic positives (11.243956ms)
✔ direct incomplete remains UNRESOLVED despite generic positives (11.777945ms)
✔ direct error remains UNRESOLVED despite generic positives (11.404991ms)
✔ capability drift between direct and generic observations is coverage ambiguity (11.267151ms)
✔ multiple APP catalogs claiming the target Publication are coverage ambiguity (10.790926ms)
✔ observed conflicting catalogs followed by a denied page remain UNRESOLVED despite complete positive publications (13.490378ms)
✔ empty nonterminal publications page fails before any continuation (10.667629ms)
✔ empty nonterminal catalogs page fails before any continuation (9.927614ms)
✔ duplicate generic IDs and repeated cursors fail closed with cleanup capacity preserved (21.582146ms)
✔ infinite unique discovery pages reserve one catalog attempt and exact cleanup/final read within sixteen GraphQL attempts (37.310158ms)
✔ prestate identity drift stops before discovery or mutation (2.295449ms)
✔ prestate ownership drift stops before discovery or mutation (2.240987ms)
✔ prestate status drift stops before discovery or mutation (2.15192ms)
✔ prestate target-effective drift stops before discovery or mutation (2.319538ms)
✔ prestate connection drift stops before discovery or mutation (2.098426ms)
✔ identity drift in discovery revokes cleanup before any mutation (3.848886ms)
✔ identity mismatch combined with malformed operation data latches the fence before projection (3.650303ms)
✔ GraphQL error with contradictory direct identity prevents archival (3.7222ms)
✔ GraphQL error with contradictory catalog identity prevents archival (6.377336ms)
✔ conflicting duplicate publications metadata cannot hide behind rejection (11.618775ms)
✔ conflicting duplicate catalogs metadata cannot hide behind rejection (10.235217ms)
✔ partial error publications data retains contradictory coverage evidence (10.404291ms)
✔ partial error catalogs data retains contradictory coverage evidence (11.065552ms)
✔ lost archive acknowledgement gets exactly one final classification read and never a resend (10.440071ms)
✔ final exact state settlement records updatedAt difference without timestamp equality (10.147244ms)
✔ a failed final publication predicate closes STOPPED without another mutation or read (10.099889ms)
✔ source drift before credentials produces no provider request (0.748384ms)
✔ corrupt reservation accounting denies the captured transport before its first native call (1.459848ms)
✔ canonical entry exposes no resume phase and a closed synthetic register cannot be reopened (11.953766ms)
✔ identity contradiction in the final read invalidates the classification without another write (10.401087ms)
✔ HTTP 500 error with reported identity drift blocks cleanup (3.900803ms)
✔ HTTP 403 error with reported identity drift blocks cleanup (6.554037ms)
✔ a qualified HTTP 403 denial cannot negate a complete independent positive surface (10.101881ms)
✔ malformed partial error publications remains coverage ambiguity (11.544838ms)
✔ HTTP error partial publications contradictions remain visible (10.260468ms)
✔ malformed partial error catalogs remains coverage ambiguity (9.763801ms)
✔ HTTP error partial catalogs contradictions remain visible (11.930479ms)
✔ ownership freshness starts before I/O and cannot be renewed by slow response completion (9.183963ms)
✔ a backwards local clock cannot make future observation origins fresh for cleanup (7.080039ms)
✔ falsy malformed publications false is coverage ambiguity (12.388448ms)
✔ falsy malformed publications 0 is coverage ambiguity (9.552122ms)
✔ falsy malformed publications "" is coverage ambiguity (10.861294ms)
✔ malformed publications error envelope empty-array cannot qualify generic discovery (9.274361ms)
✔ malformed publications error envelope object cannot qualify generic discovery (8.900623ms)
✔ malformed publications error envelope null cannot qualify generic discovery (8.828209ms)
✔ malformed publications error envelope null-member cannot qualify generic discovery (10.886536ms)
✔ malformed publications error envelope numeric-message cannot qualify generic discovery (8.511797ms)
✔ malformed publications error envelope empty-message cannot qualify generic discovery (8.709435ms)
✔ malformed publications error envelope nonobject-extensions cannot qualify generic discovery (8.885888ms)
✔ falsy malformed catalogs false is coverage ambiguity (11.186906ms)
✔ falsy malformed catalogs 0 is coverage ambiguity (9.415174ms)
✔ falsy malformed catalogs "" is coverage ambiguity (9.9304ms)
✔ malformed catalogs error envelope empty-array cannot qualify generic discovery (10.311754ms)
✔ malformed catalogs error envelope object cannot qualify generic discovery (9.814015ms)
✔ malformed catalogs error envelope null cannot qualify generic discovery (9.83489ms)
✔ malformed catalogs error envelope null-member cannot qualify generic discovery (9.339693ms)
✔ malformed catalogs error envelope numeric-message cannot qualify generic discovery (10.525011ms)
✔ malformed catalogs error envelope empty-message cannot qualify generic discovery (9.090566ms)
✔ malformed catalogs error envelope nonobject-extensions cannot qualify generic discovery (8.904304ms)
✔ archive freshness is rechecked after reservation immediately before native dispatch (8.308159ms)
ℹ tests 71
ℹ suites 0
ℹ pass 71
ℹ fail 0
ℹ cancelled 0
ℹ skipped 0
ℹ todo 0
ℹ duration_ms 1105.855209
