✔ gate demands exact source/tree/binding, two actual model reviews and ten unique attempt-one workflows (3.689529ms)
✔ missing adapter transport / import proof uses only the guarded operator or denies locally (257.547295ms)
✔ misspelled adapter transport / import proof uses only the guarded operator or denies locally (225.693244ms)
✔ imports adapter transport / import proof uses only the guarded operator or denies locally (208.347427ms)
✔ correct adapter transport / import proof uses only the guarded operator or denies locally (297.643931ms)
✔ complete explicit APP discovery and exact inclusion authorize only the fixed archival cleanup (30.993304ms)
✔ direct inclusion without either generic discovery surface classifies DIRECT_ONLY and still cleans the disposable fixture (11.532131ms)
✔ complete APP catalogs independently establish the generic surface when typed publications omit the target (11.047682ms)
✔ a denied second discovery surface is retained but cannot negate independently complete positive generic evidence (11.677037ms)
✔ denied generic reads without complete positive evidence classify UNRESOLVED without retries (12.307826ms)
✔ direct null remains UNRESOLVED despite generic positives (10.174031ms)
✔ direct not-included remains UNRESOLVED despite generic positives (10.057486ms)
✔ direct incomplete remains UNRESOLVED despite generic positives (10.891878ms)
✔ direct error remains UNRESOLVED despite generic positives (10.807791ms)
✔ capability drift between direct and generic observations is coverage ambiguity (9.898886ms)
✔ multiple APP catalogs claiming the target Publication are coverage ambiguity (9.800842ms)
✔ observed conflicting catalogs followed by a denied page remain UNRESOLVED despite complete positive publications (11.985659ms)
✔ empty nonterminal publications page fails before any continuation (11.130923ms)
✔ empty nonterminal catalogs page fails before any continuation (9.396558ms)
✔ duplicate generic IDs and repeated cursors fail closed with cleanup capacity preserved (12.117486ms)
✔ infinite unique discovery pages reserve one catalog attempt and exact cleanup/final read within sixteen GraphQL attempts (39.876356ms)
✔ prestate identity drift stops before discovery or mutation (2.218791ms)
✔ prestate ownership drift stops before discovery or mutation (2.010175ms)
✔ prestate status drift stops before discovery or mutation (2.120129ms)
✔ prestate target-effective drift stops before discovery or mutation (2.350839ms)
✔ prestate connection drift stops before discovery or mutation (2.01304ms)
✔ identity drift in discovery revokes cleanup before any mutation (4.496756ms)
✔ identity mismatch combined with malformed operation data latches the fence before projection (3.421422ms)
✔ GraphQL error with contradictory direct identity prevents archival (3.553225ms)
✔ GraphQL error with contradictory catalog identity prevents archival (6.077307ms)
✔ conflicting duplicate publications metadata cannot hide behind rejection (9.72131ms)
✔ conflicting duplicate catalogs metadata cannot hide behind rejection (9.229686ms)
✔ partial error publications data retains contradictory coverage evidence (10.987741ms)
✔ partial error catalogs data retains contradictory coverage evidence (9.469832ms)
✔ lost archive acknowledgement gets exactly one final classification read and never a resend (10.082171ms)
✔ final exact state settlement records updatedAt difference without timestamp equality (9.613113ms)
✔ a failed final publication predicate closes STOPPED without another mutation or read (10.92783ms)
✔ source drift before credentials produces no provider request (0.720421ms)
✔ corrupt reservation accounting denies the captured transport before its first native call (1.242584ms)
✔ canonical entry exposes no resume phase and a closed synthetic register cannot be reopened (9.599067ms)
✔ identity contradiction in the final read invalidates the classification without another write (9.307875ms)
✔ HTTP 500 error with reported identity drift blocks cleanup (3.671123ms)
✔ HTTP 403 error with reported identity drift blocks cleanup (6.184834ms)
✔ a qualified HTTP 403 denial cannot negate a complete independent positive surface (11.002822ms)
✔ malformed partial error publications remains coverage ambiguity (9.910531ms)
✔ HTTP error partial publications contradictions remain visible (9.7551ms)
✔ malformed partial error catalogs remains coverage ambiguity (9.256004ms)
✔ HTTP error partial catalogs contradictions remain visible (11.148926ms)
✔ ownership freshness starts before I/O and cannot be renewed by slow response completion (8.31634ms)
ℹ tests 49
ℹ suites 0
ℹ pass 49
ℹ fail 0
ℹ cancelled 0
ℹ skipped 0
ℹ todo 0
ℹ duration_ms 1100.532488
