node:internal/modules/esm/resolve:272
    throw new ERR_MODULE_NOT_FOUND(
          ^

Error [ERR_MODULE_NOT_FOUND]: Cannot find module '/home/serveradmin/insignia-m5-016-worktree/packages/application/src/publication/activation.js' imported from /home/serveradmin/insignia-m5-016-worktree/packages/application/src/publication/availability-recovery.test.ts
    at finalizeResolution (node:internal/modules/esm/resolve:272:11)
    at moduleResolve (node:internal/modules/esm/resolve:879:10)
    at defaultResolve (node:internal/modules/esm/resolve:1006:11)
    at #cachedDefaultResolve (node:internal/modules/esm/loader:705:20)
    at #resolveAndMaybeBlockOnLoaderThread (node:internal/modules/esm/loader:725:38)
    at ModuleLoader.resolveSync (node:internal/modules/esm/loader:763:56)
    at #resolve (node:internal/modules/esm/loader:687:17)
    at ModuleLoader.getOrCreateModuleJob (node:internal/modules/esm/loader:607:35)
    at ModuleJob.syncLink (node:internal/modules/esm/module_job:276:33)
    at ModuleJob.link (node:internal/modules/esm/module_job:381:17) {
  code: 'ERR_MODULE_NOT_FOUND',
  url: 'file:///home/serveradmin/insignia-m5-016-worktree/packages/application/src/publication/activation.js'
}

Node.js v24.21.0
✖ packages/application/src/publication/availability-recovery.test.ts (138.801808ms)
node:internal/modules/esm/resolve:272
    throw new ERR_MODULE_NOT_FOUND(
          ^

Error [ERR_MODULE_NOT_FOUND]: Cannot find module '/home/serveradmin/insignia-m5-016-worktree/packages/application/src/publication/activation.js' imported from /home/serveradmin/insignia-m5-016-worktree/packages/application/src/publication/availability-v2-recovery.test.ts
    at finalizeResolution (node:internal/modules/esm/resolve:272:11)
    at moduleResolve (node:internal/modules/esm/resolve:879:10)
    at defaultResolve (node:internal/modules/esm/resolve:1006:11)
    at #cachedDefaultResolve (node:internal/modules/esm/loader:705:20)
    at #resolveAndMaybeBlockOnLoaderThread (node:internal/modules/esm/loader:725:38)
    at ModuleLoader.resolveSync (node:internal/modules/esm/loader:763:56)
    at #resolve (node:internal/modules/esm/loader:687:17)
    at ModuleLoader.getOrCreateModuleJob (node:internal/modules/esm/loader:607:35)
    at ModuleJob.syncLink (node:internal/modules/esm/module_job:276:33)
    at ModuleJob.link (node:internal/modules/esm/module_job:381:17) {
  code: 'ERR_MODULE_NOT_FOUND',
  url: 'file:///home/serveradmin/insignia-m5-016-worktree/packages/application/src/publication/activation.js'
}

Node.js v24.21.0
✖ packages/application/src/publication/availability-v2-recovery.test.ts (145.911049ms)
ℹ tests 2
ℹ suites 0
ℹ pass 0
ℹ fail 2
ℹ cancelled 0
ℹ skipped 0
ℹ todo 0
ℹ duration_ms 162.093138

✖ failing tests:

test at packages/application/src/publication/availability-recovery.test.ts:1:1
✖ packages/application/src/publication/availability-recovery.test.ts (138.801808ms)
  'test failed'

test at packages/application/src/publication/availability-v2-recovery.test.ts:1:1
✖ packages/application/src/publication/availability-v2-recovery.test.ts (145.911049ms)
  'test failed'
