✖ HTTP 500 error with reported identity drift blocks cleanup (26.314257ms)
✖ HTTP 403 error with reported identity drift blocks cleanup (11.00583ms)
✖ a qualified HTTP 403 denial cannot negate a complete independent positive surface (10.708775ms)
✖ malformed partial error publications remains coverage ambiguity (11.435349ms)
✔ HTTP error partial publications contradictions remain visible (11.53943ms)
✖ malformed partial error catalogs remains coverage ambiguity (9.725362ms)
✔ HTTP error partial catalogs contradictions remain visible (9.185811ms)
✖ ownership freshness starts before I/O and cannot be renewed by slow response completion (13.114782ms)
ℹ tests 8
ℹ suites 0
ℹ pass 2
ℹ fail 6
ℹ cancelled 0
ℹ skipped 0
ℹ todo 0
ℹ duration_ms 350.353956

✖ failing tests:

test at scripts/m5-016/operator.test.mjs:462:3
✖ HTTP 500 error with reported identity drift blocks cleanup (26.314257ms)
  AssertionError [ERR_ASSERTION]: Expected values to be strictly equal:

  1 !== 0

      at file:///home/serveradmin/insignia-m5-016-worktree/scripts/m5-016/operator.test.mjs:464:68
      at exercise (file:///home/serveradmin/insignia-m5-016-worktree/scripts/m5-016/operator.test.mjs:21:11)
      at async Test.run (node:internal/test_runner/test:1409:7)
      at async startSubtestAfterBootstrap (node:internal/test_runner/harness:387:3) {
    generatedMessage: true,
    code: 'ERR_ASSERTION',
    actual: 1,
    expected: 0,
    operator: 'strictEqual',
    diff: 'simple'
  }

test at scripts/m5-016/operator.test.mjs:462:3
✖ HTTP 403 error with reported identity drift blocks cleanup (11.00583ms)
  AssertionError [ERR_ASSERTION]: Expected values to be strictly equal:

  1 !== 0

      at file:///home/serveradmin/insignia-m5-016-worktree/scripts/m5-016/operator.test.mjs:464:68
      at exercise (file:///home/serveradmin/insignia-m5-016-worktree/scripts/m5-016/operator.test.mjs:21:11)
      at async Test.run (node:internal/test_runner/test:1409:7)
      at async Test.processPendingSubtests (node:internal/test_runner/test:974:7) {
    generatedMessage: true,
    code: 'ERR_ASSERTION',
    actual: 1,
    expected: 0,
    operator: 'strictEqual',
    diff: 'simple'
  }

test at scripts/m5-016/operator.test.mjs:465:1
✖ a qualified HTTP 403 denial cannot negate a complete independent positive surface (10.708775ms)
  AssertionError [ERR_ASSERTION]: Expected values to be strictly equal:
  + actual - expected

  + 'UNRESOLVED'
  - 'GENERIC_DISCOVERY_CONFIRMED'

      at file:///home/serveradmin/insignia-m5-016-worktree/scripts/m5-016/operator.test.mjs:467:20
      at exercise (file:///home/serveradmin/insignia-m5-016-worktree/scripts/m5-016/operator.test.mjs:21:11)
      at async Test.run (node:internal/test_runner/test:1409:7)
      at async Test.processPendingSubtests (node:internal/test_runner/test:974:7) {
    generatedMessage: true,
    code: 'ERR_ASSERTION',
    actual: 'UNRESOLVED',
    expected: 'GENERIC_DISCOVERY_CONFIRMED',
    operator: 'strictEqual',
    diff: 'simple'
  }

test at scripts/m5-016/operator.test.mjs:469:3
✖ malformed partial error publications remains coverage ambiguity (11.435349ms)
  AssertionError [ERR_ASSERTION]: Expected values to be strictly equal:
  + actual - expected

  + 'GENERIC_DISCOVERY_CONFIRMED'
  - 'UNRESOLVED'

      at file:///home/serveradmin/insignia-m5-016-worktree/scripts/m5-016/operator.test.mjs:471:22
      at exercise (file:///home/serveradmin/insignia-m5-016-worktree/scripts/m5-016/operator.test.mjs:21:11)
      at async Test.run (node:internal/test_runner/test:1409:7)
      at async Test.processPendingSubtests (node:internal/test_runner/test:974:7) {
    generatedMessage: true,
    code: 'ERR_ASSERTION',
    actual: 'GENERIC_DISCOVERY_CONFIRMED',
    expected: 'UNRESOLVED',
    operator: 'strictEqual',
    diff: 'simple'
  }

test at scripts/m5-016/operator.test.mjs:469:3
✖ malformed partial error catalogs remains coverage ambiguity (9.725362ms)
  AssertionError [ERR_ASSERTION]: Expected values to be strictly equal:
  + actual - expected

  + 'GENERIC_DISCOVERY_CONFIRMED'
  - 'UNRESOLVED'

      at file:///home/serveradmin/insignia-m5-016-worktree/scripts/m5-016/operator.test.mjs:471:22
      at exercise (file:///home/serveradmin/insignia-m5-016-worktree/scripts/m5-016/operator.test.mjs:21:11)
      at async Test.run (node:internal/test_runner/test:1409:7)
      at async Test.processPendingSubtests (node:internal/test_runner/test:974:7) {
    generatedMessage: true,
    code: 'ERR_ASSERTION',
    actual: 'GENERIC_DISCOVERY_CONFIRMED',
    expected: 'UNRESOLVED',
    operator: 'strictEqual',
    diff: 'simple'
  }

test at scripts/m5-016/operator.test.mjs:476:1
✖ ownership freshness starts before I/O and cannot be renewed by slow response completion (13.114782ms)
  AssertionError [ERR_ASSERTION]: Expected values to be strictly equal:

  1 !== 0

      at file:///home/serveradmin/insignia-m5-016-worktree/scripts/m5-016/operator.test.mjs:484:22
      at exercise (file:///home/serveradmin/insignia-m5-016-worktree/scripts/m5-016/operator.test.mjs:21:11)
      at async TestContext.<anonymous> (file:///home/serveradmin/insignia-m5-016-worktree/scripts/m5-016/operator.test.mjs:478:9)
      at async Test.run (node:internal/test_runner/test:1409:7)
      at async Test.processPendingSubtests (node:internal/test_runner/test:974:7) {
    generatedMessage: true,
    code: 'ERR_ASSERTION',
    actual: 1,
    expected: 0,
    operator: 'strictEqual',
    diff: 'simple'
  }
