✖ observed conflicting catalogs followed by a denied page remain UNRESOLVED despite complete positive publications (27.614038ms)
✖ empty nonterminal publications page fails before any continuation (11.908086ms)
✖ empty nonterminal catalogs page fails before any continuation (10.970514ms)
✖ identity mismatch combined with malformed operation data latches the fence before projection (10.274553ms)
ℹ tests 4
ℹ suites 0
ℹ pass 0
ℹ fail 4
ℹ cancelled 0
ℹ skipped 0
ℹ todo 0
ℹ duration_ms 320.750591

✖ failing tests:

test at scripts/m5-016/operator.test.mjs:140:1
✖ observed conflicting catalogs followed by a denied page remain UNRESOLVED despite complete positive publications (27.614038ms)
  AssertionError [ERR_ASSERTION]: Expected values to be strictly equal:
  + actual - expected

  + 'GENERIC_DISCOVERY_CONFIRMED'
  - 'UNRESOLVED'

      at file:///home/serveradmin/insignia-m5-016-worktree/scripts/m5-016/operator.test.mjs:145:16
      at exercise (file:///home/serveradmin/insignia-m5-016-worktree/scripts/m5-016/operator.test.mjs:21:11)
      at async Test.run (node:internal/test_runner/test:1409:7)
      at async startSubtestAfterBootstrap (node:internal/test_runner/harness:387:3) {
    generatedMessage: true,
    code: 'ERR_ASSERTION',
    actual: 'GENERIC_DISCOVERY_CONFIRMED',
    expected: 'UNRESOLVED',
    operator: 'strictEqual',
    diff: 'simple'
  }

test at scripts/m5-016/operator.test.mjs:147:50
✖ empty nonterminal publications page fails before any continuation (11.908086ms)
  AssertionError [ERR_ASSERTION]: Expected values to be strictly equal:

  true !== false

      at file:///home/serveradmin/insignia-m5-016-worktree/scripts/m5-016/operator.test.mjs:152:18
      at exercise (file:///home/serveradmin/insignia-m5-016-worktree/scripts/m5-016/operator.test.mjs:21:11)
      at async Test.run (node:internal/test_runner/test:1409:7)
      at async Test.processPendingSubtests (node:internal/test_runner/test:974:7) {
    generatedMessage: true,
    code: 'ERR_ASSERTION',
    actual: true,
    expected: false,
    operator: 'strictEqual',
    diff: 'simple'
  }

test at scripts/m5-016/operator.test.mjs:147:50
✖ empty nonterminal catalogs page fails before any continuation (10.970514ms)
  AssertionError [ERR_ASSERTION]: Expected values to be strictly equal:

  true !== false

      at file:///home/serveradmin/insignia-m5-016-worktree/scripts/m5-016/operator.test.mjs:152:18
      at exercise (file:///home/serveradmin/insignia-m5-016-worktree/scripts/m5-016/operator.test.mjs:21:11)
      at async Test.run (node:internal/test_runner/test:1409:7)
      at async Test.processPendingSubtests (node:internal/test_runner/test:974:7) {
    generatedMessage: true,
    code: 'ERR_ASSERTION',
    actual: true,
    expected: false,
    operator: 'strictEqual',
    diff: 'simple'
  }

test at scripts/m5-016/operator.test.mjs:225:1
✖ identity mismatch combined with malformed operation data latches the fence before projection (10.274553ms)
  AssertionError [ERR_ASSERTION]: Expected values to be strictly equal:
  + actual - expected

  + 'PHASE_A_SETTLED'
  - 'STOPPED'

      at file:///home/serveradmin/insignia-m5-016-worktree/scripts/m5-016/operator.test.mjs:227:18
      at exercise (file:///home/serveradmin/insignia-m5-016-worktree/scripts/m5-016/operator.test.mjs:21:11)
      at async Test.run (node:internal/test_runner/test:1409:7)
      at async Test.processPendingSubtests (node:internal/test_runner/test:974:7) {
    generatedMessage: true,
    code: 'ERR_ASSERTION',
    actual: 'PHASE_A_SETTLED',
    expected: 'STOPPED',
    operator: 'strictEqual',
    diff: 'simple'
  }
