$ corepack pnpm check:style && corepack pnpm build && corepack pnpm test:unit && corepack pnpm test:m5-operator && corepack pnpm test:vectors && corepack pnpm check:boundaries && corepack pnpm check:secrets && python3 -B scripts/boundaries/check-cargo-workspace.py && corepack pnpm check:rust && M1_FUNCTION_RUNNER=.m1-artifacts/tools/function-runner-9.2.2 python3 -B scripts/m4-002/replay-production-vectors.py && M1_FUNCTION_RUNNER=.m1-artifacts/tools/function-runner-9.2.2 node scripts/m4-003/replay-public-config.mjs && corepack pnpm test:browser && python3 -B spikes/m0-007/scripts/check-history.py && python3 -B spikes/m0-014/scripts/check-live-setup.py && python3 -B scripts/m1-functions/artifact-manifest.py
$ biome check .dependency-cruiser.cjs apps/storefront/src apps/storefront/test apps/storefront/scripts apps/storefront/vite.config.ts apps/web/src/islands apps/web/src/pages/live.ts apps/web/src/pages/api apps/web/src/server apps/web/src/shared apps/web/src/styles apps/web/test apps/web/astro.config.mjs apps/worker/src apps/worker/test packages/contracts/src packages/domain/src packages/cart-authorization/src packages/cart-authorization/test packages/application/src packages/database/src packages/database/test packages/shopify/src packages/shopify/test packages/visualizer/src packages/observability/src packages/observability/test scripts/boundaries scripts/m1-functions/check-vector.test.ts scripts/m5-002 scripts/m5-003 scripts/m5-004 scripts/m5-005 scripts/m5-009 scripts/m5-010 scripts/m5-011 scripts/m5-012 scripts/m5-013 scripts/m5-015 scripts/m5-015r scripts/m5-016
apps/web/src/server/admin/production.ts:69:57 lint/style/useTemplate  FIXABLE  ━━━━━━━━━━━━━━━━━━━━━

  i Template literals are preferred over string concatenation.

    67 │   const appOrigin = required(env, 'APP_URL');
    68 │   const appId = env.INSIGNIA_SHOPIFY_APP_ID;
  > 69 │   const appGid = appId && /^[1-9][0-9]*$/.test(appId) ? 'gid://shopify/App/' + appId : null;
       │                                                         ^^^^^^^^^^^^^^^^^^^^^^^^^^^^
    70 │   const shopify = createAdminOnlineIdentity({ apiKey, apiSecret, hostName: new URL(appOrigin).host });
    71 │   const core = createDurableCore(databasePool ?? new Pool({ connectionString: databaseUrl }));

  i Unsafe fix: Use a template literal.

     67  67 │     const appOrigin = required(env, 'APP_URL');
     68  68 │     const appId = env.INSIGNIA_SHOPIFY_APP_ID;
     69     │ - ··const·appGid·=·appId·&&·/^[1-9][0-9]*$/.test(appId)·?·'gid://shopify/App/'·+·appId·:·null;
         69 │ + ··const·appGid·=·appId·&&·/^[1-9][0-9]*$/.test(appId)·?·`gid://shopify/App/${appId}`·:·null;
     70  70 │     const shopify = createAdminOnlineIdentity({ apiKey, apiSecret, hostName: new URL(appOrigin).host });
     71  71 │     const core = createDurableCore(databasePool ?? new Pool({ connectionString: databaseUrl }));


apps/web/src/server/admin/production.ts:89:54 lint/style/useTemplate  FIXABLE  ━━━━━━━━━━━━━━━━━━━━━

  i Template literals are preferred over string concatenation.

    87 │       installationGeneration: actor.installationGeneration,
    88 │     });
  > 89 │     if (!scope || scope.shopDomain !== actor.shop || 'gid://shopify/Shop/' + scope.shopifyShopId !== actor.shopId)
       │                                                      ^^^^^^^^^^^^^^^^^^^^^^^^^^^^^^^^^^^^^^^^^^^
    90 │       throw new Error('Admin installation changed');
    91 │   }

  i Unsafe fix: Use a template literal.

     87  87 │         installationGeneration: actor.installationGeneration,
     88  88 │       });
     89     │ - ····if·(!scope·||·scope.shopDomain·!==·actor.shop·||·'gid://shopify/Shop/'·+·scope.shopifyShopId·!==·actor.shopId)
         89 │ + ····if·(!scope·||·scope.shopDomain·!==·actor.shop·||·`gid://shopify/Shop/${scope.shopifyShopId}`·!==·actor.shopId)
     90  90 │         throw new Error('Admin installation changed');
     91  91 │     }


apps/web/src/server/admin/production.ts:214:51 lint/style/useTemplate  FIXABLE  ━━━━━━━━━━━━━━━━━━━━

  i Template literals are preferred over string concatenation.

    212 │           const provider = await shopify.readInstallation(online);
    213 │           const tenant = await core.tenants.getShopByDomain(provider.shop);
  > 214 │           if (!tenant || !tenant.shopifyShopId || 'gid://shopify/Shop/' + tenant.shopifyShopId !== provider.shopId)
        │                                                   ^^^^^^^^^^^^^^^^^^^^^^^^^^^^^^^^^^^^^^^^^^^^
    215 │             throw new Error('Tenant installation mismatch');
    216 │           const installed = await core.tenants.getCurrentAdminInstallation(tenant.shopId);

  i Unsafe fix: Use a template literal.

    212 212 │             const provider = await shopify.readInstallation(online);
    213 213 │             const tenant = await core.tenants.getShopByDomain(provider.shop);
    214     │ - ··········if·(!tenant·||·!tenant.shopifyShopId·||·'gid://shopify/Shop/'·+·tenant.shopifyShopId·!==·provider.shopId)
        214 │ + ··········if·(!tenant·||·!tenant.shopifyShopId·||·`gid://shopify/Shop/${tenant.shopifyShopId}`·!==·provider.shopId)
    215 215 │               throw new Error('Tenant installation mismatch');
    216 216 │             const installed = await core.tenants.getCurrentAdminInstallation(tenant.shopId);


apps/web/src/server/admin/auth.ts:48:48 lint/style/noNonNullAssertion ━━━━━━━━━━━━━━━━━━━━━━━━━━━━━━

  ! Forbidden non-null assertion.

    46 │     let identity: VerifiedAdminIdentity;
    47 │     try {
  > 48 │       identity = await port.verifySessionToken(match[1]!);
       │                                                ^^^^^^^^^
    49 │     } catch {
    50 │       return null;


apps/web/src/server/admin/auth.ts:61:50 lint/style/noNonNullAssertion ━━━━━━━━━━━━━━━━━━━━━━━━━━━━━━

  ! Forbidden non-null assertion.

    59 │     )
    60 │       return null;
  > 61 │     const grant = await port.exchangeOnlineGrant(match[1]!, identity);
       │                                                  ^^^^^^^^^
    62 │     if (
    63 │       grant.shop !== identity.shop ||


apps/web/src/server/admin/preview.ts:109:28 lint/style/noNonNullAssertion ━━━━━━━━━━━━━━━━━━━━━━━━━━

  ! Forbidden non-null assertion.

    107 │             .then((found) => (found ? project(found) : null)),
    108 │         );
  > 109 │       const result = await map.get(id)!;
        │                            ^^^^^^^^^^^^
    110 │       await active(actor);
    111 │       return result;


apps/web/src/server/admin/preview.ts:116:28 lint/style/noNonNullAssertion ━━━━━━━━━━━━━━━━━━━━━━━━━━

  ! Forbidden non-null assertion.

    114 │       await active(actor);
    115 │       if (!currencies.has(actor)) currencies.set(actor, reader(actor).shopCurrency());
  > 116 │       const result = await currencies.get(actor)!;
        │                            ^^^^^^^^^^^^^^^^^^^^^^
    117 │       await active(actor);
    118 │       return result;


apps/web/src/server/admin/preview.ts:163:34 lint/style/noNonNullAssertion ━━━━━━━━━━━━━━━━━━━━━━━━━━

  ! Forbidden non-null assertion.

    161 │                   shopId: randomUUID(),
    162 │                   shopDomain: shop,
  > 163 │                   shopifyShopId: shopId.split('/').at(-1)!,
        │                                  ^^^^^^^^^^^^^^^^^^^^^^^^^
    164 │                   externalInstallationId: provider.installationId,
    165 │                 }),


apps/web/src/server/admin/preview.ts:223:26 lint/style/noNonNullAssertion ━━━━━━━━━━━━━━━━━━━━━━━━━━

  ! Forbidden non-null assertion.

    221 │                   installationGeneration: bound.installationGeneration,
    222 │                   shopifyShopId: shopId,
  > 223 │                   appId: env.INSIGNIA_M5_002_APP_RESOURCE!,
        │                          ^^^^^^^^^^^^^^^^^^^^^^^^^^^^^^^^^
    224 │                 },
    225 │                 {


apps/web/src/server/admin/preview.ts:227:46 lint/style/noNonNullAssertion ━━━━━━━━━━━━━━━━━━━━━━━━━━

  ! Forbidden non-null assertion.

    225 │                 {
    226 │                   appKey: client,
  > 227 │                   transformInputQuerySha256: env.INSIGNIA_M5_002_TRANSFORM_QUERY_HASH!,
        │                                              ^^^^^^^^^^^^^^^^^^^^^^^^^^^^^^^^^^^^^^^^^
    228 │                   validationInputQuerySha256: env.INSIGNIA_M5_002_VALIDATION_QUERY_HASH!,
    229 │                 },


apps/web/src/server/admin/preview.ts:228:47 lint/style/noNonNullAssertion ━━━━━━━━━━━━━━━━━━━━━━━━━━

  ! Forbidden non-null assertion.

    226 │                   appKey: client,
    227 │                   transformInputQuerySha256: env.INSIGNIA_M5_002_TRANSFORM_QUERY_HASH!,
  > 228 │                   validationInputQuerySha256: env.INSIGNIA_M5_002_VALIDATION_QUERY_HASH!,
        │                                               ^^^^^^^^^^^^^^^^^^^^^^^^^^^^^^^^^^^^^^^^^^
    229 │                 },
    230 │               );


apps/web/src/server/admin/production.ts:214:15 lint/complexity/useOptionalChain  FIXABLE  ━━━━━━━━━━

  ! Change to an optional chain.

    212 │           const provider = await shopify.readInstallation(online);
    213 │           const tenant = await core.tenants.getShopByDomain(provider.shop);
  > 214 │           if (!tenant || !tenant.shopifyShopId || 'gid://shopify/Shop/' + tenant.shopifyShopId !== provider.shopId)
        │               ^^^^^^^^^^^^^^^^^^^^^^^^^^^^^^^^
    215 │             throw new Error('Tenant installation mismatch');
    216 │           const installed = await core.tenants.getCurrentAdminInstallation(tenant.shopId);

  i Unsafe fix: Change to an optional chain.

    212 212 │             const provider = await shopify.readInstallation(online);
    213 213 │             const tenant = await core.tenants.getShopByDomain(provider.shop);
    214     │ - ··········if·(!tenant·||·!tenant.shopifyShopId·||·'gid://shopify/Shop/'·+·tenant.shopifyShopId·!==·provider.shopId)
        214 │ + ··········if·(!tenant?.shopifyShopId·||·'gid://shopify/Shop/'·+·tenant.shopifyShopId·!==·provider.shopId)
    215 215 │               throw new Error('Tenant installation mismatch');
    216 216 │             const installed = await core.tenants.getCurrentAdminInstallation(tenant.shopId);


apps/web/src/server/merchant-config.ts:123:28 lint/style/noNonNullAssertion ━━━━━━━━━━━━━━━━━━━━━━━━

  ! Forbidden non-null assertion.

    121 │         option.allowedValueIds.flatMap((id) => {
    122 │           const label = oldLabels?.[id];
  > 123 │           return label ? [[values.get(id)!, label]] : [];
        │                            ^^^^^^^^^^^^^^^
    124 │         }),
    125 │       );


apps/web/src/server/merchant-config.ts:126:47 lint/style/noNonNullAssertion ━━━━━━━━━━━━━━━━━━━━━━━━

  ! Forbidden non-null assertion.

    124 │         }),
    125 │       );
  > 126 │       return Object.keys(remapped).length ? [[options.get(option.id)!, remapped]] : [];
        │                                               ^^^^^^^^^^^^^^^^^^^^^^^
    127 │     }),
    128 │   );


apps/web/src/server/merchant-config.ts:132:50 lint/style/noNonNullAssertion ━━━━━━━━━━━━━━━━━━━━━━━━

  ! Forbidden non-null assertion.

    130 │     ...source,
    131 │     labels,
  > 132 │     methods: source.methods.map((item) => ({ id: methods.get(item.id)! })),
        │                                                  ^^^^^^^^^^^^^^^^^^^^^
    133 │     placements: source.placements.map((item) => ({
    134 │       ...item,


apps/web/src/server/merchant-config.ts:135:11 lint/style/noNonNullAssertion ━━━━━━━━━━━━━━━━━━━━━━━━

  ! Forbidden non-null assertion.

    133 │     placements: source.placements.map((item) => ({
    134 │       ...item,
  > 135 │       id: placements.get(item.id)!,
        │           ^^^^^^^^^^^^^^^^^^^^^^^^
    136 │       allowedMethodIds: item.allowedMethodIds.map((id) => methods.get(id)!),
    137 │       allowedStepIds: item.allowedStepIds.map((id) => steps.get(id)!),


apps/web/src/server/merchant-config.ts:136:59 lint/style/noNonNullAssertion ━━━━━━━━━━━━━━━━━━━━━━━━

  ! Forbidden non-null assertion.

    134 │       ...item,
    135 │       id: placements.get(item.id)!,
  > 136 │       allowedMethodIds: item.allowedMethodIds.map((id) => methods.get(id)!),
        │                                                           ^^^^^^^^^^^^^^^^
    137 │       allowedStepIds: item.allowedStepIds.map((id) => steps.get(id)!),
    138 │     })),


apps/web/src/server/merchant-config.ts:137:55 lint/style/noNonNullAssertion ━━━━━━━━━━━━━━━━━━━━━━━━

  ! Forbidden non-null assertion.

    135 │       id: placements.get(item.id)!,
    136 │       allowedMethodIds: item.allowedMethodIds.map((id) => methods.get(id)!),
  > 137 │       allowedStepIds: item.allowedStepIds.map((id) => steps.get(id)!),
        │                                                       ^^^^^^^^^^^^^^
    138 │     })),
    139 │     productionOptions: source.productionOptions.map((item) => ({


apps/web/src/server/merchant-config.ts:140:11 lint/style/noNonNullAssertion ━━━━━━━━━━━━━━━━━━━━━━━━

  ! Forbidden non-null assertion.

    138 │     })),
    139 │     productionOptions: source.productionOptions.map((item) => ({
  > 140 │       id: options.get(item.id)!,
        │           ^^^^^^^^^^^^^^^^^^^^^
    141 │       allowedValueIds: item.allowedValueIds.map((id) => values.get(id)!),
    142 │     })),


apps/web/src/server/merchant-config.ts:141:57 lint/style/noNonNullAssertion ━━━━━━━━━━━━━━━━━━━━━━━━

  ! Forbidden non-null assertion.

    139 │     productionOptions: source.productionOptions.map((item) => ({
    140 │       id: options.get(item.id)!,
  > 141 │       allowedValueIds: item.allowedValueIds.map((id) => values.get(id)!),
        │                                                         ^^^^^^^^^^^^^^^
    142 │     })),
    143 │     pricingRules: source.pricingRules.map((rule) => ({


The number of diagnostics exceeds the limit allowed. Use --max-diagnostics to increase it.
Diagnostics not shown: 125.
Checked 271 files in 517ms. No fixes applied.
Found 62 warnings.
Found 83 infos.
$ corepack pnpm -r --filter './packages/**' build && corepack pnpm -r --filter './apps/**' build
packages/cart-authorization build$ tsc -p tsconfig.json
packages/contracts build$ tsc -p tsconfig.json
packages/domain build$ tsc -p tsconfig.json
packages/observability build$ tsc -p tsconfig.json
packages/domain build: Done
packages/visualizer build$ tsc -p tsconfig.json
packages/contracts build: Done
packages/application build$ tsc -p tsconfig.json
packages/cart-authorization build: Done
packages/observability build: Done
packages/visualizer build: Done
packages/application build: Done
packages/shopify build$ tsc -p tsconfig.json
packages/shopify build: Done
packages/database build$ tsc -p tsconfig.json
packages/database build: Done
apps/storefront build$ tsc --noEmit && vite build && node scripts/copy-theme-asset.mjs
apps/worker build$ tsc -p tsconfig.json
apps/storefront build: vite v8.3.1 building client environment for production...
apps/worker build: Done
apps/web build$ astro check && astro build
apps/storefront build: transforming...
apps/storefront build: ✓ 5 modules transformed.
apps/storefront build: rendering chunks...
apps/storefront build: computing gzip size...
apps/storefront build: dist/insignia-storefront.js  14.03 kB │ gzip: 5.93 kB
apps/storefront build:
apps/storefront build: ✓ built in 27ms
apps/storefront build: Done
apps/web build: 00:19:46 [@astrojs/node] Enabling sessions with filesystem storage
apps/web build: 00:19:46 [types] Generated 67ms
apps/web build: 00:19:46 [check] Getting diagnostics for Astro files in /home/serveradmin/insignia-m5-016-worktree/apps/web...
apps/web build: Result (28 files):
apps/web build: - 0 errors
apps/web build: - 0 warnings
apps/web build: - 0 hints
apps/web build:
apps/web build: 00:19:51 [@astrojs/node] Enabling sessions with filesystem storage
apps/web build: 00:19:51 [types] Generated 66ms
apps/web build: 00:19:51 [build] output: "server"
apps/web build: 00:19:51 [build] mode: "server"
apps/web build: 00:19:51 [build] directory: /home/serveradmin/insignia-m5-016-worktree/apps/web/dist/
apps/web build: 00:19:51 [build] adapter: @astrojs/node
apps/web build: 00:19:51 [build] Collecting build info...
apps/web build: 00:19:51 [build] ✓ Completed in 110ms.
apps/web build: 00:19:51 [build] Building server entrypoints...
apps/web build: 00:19:52 [vite] ✓ built in 215ms
apps/web build: 00:19:53 [vite] ✓ built in 1.53s
apps/web build: 00:19:53 [vite] ✓ built in 221ms
apps/web build: 00:19:53 [build] Rearranging server assets...
apps/web build: 00:19:53 [build] ✓ Completed in 2.04s.
apps/web build: 00:19:53 [build] Server built in 2.16s
apps/web build: 00:19:53 [build] Complete!
apps/web build: Done
$ corepack pnpm --filter @insignia/domain test && corepack pnpm --filter @insignia/contracts test && corepack pnpm --filter @insignia/visualizer test && corepack pnpm --filter @insignia/cart-authorization test && corepack pnpm --filter @insignia/application test && corepack pnpm --filter @insignia/shopify test && corepack pnpm --filter @insignia/observability test && corepack pnpm --filter @insignia/worker test
$ vitest run

 RUN  v5.0.2 /home/serveradmin/insignia-m5-016-worktree/packages/domain


 Test Files  5 passed (5)
      Tests  26 passed (26)
   Start at  00:19:54
   Duration  435ms (transform 46%, tests 33%, import 16%, worker 5%)

$ vitest run

 RUN  v5.0.2 /home/serveradmin/insignia-m5-016-worktree/packages/contracts


 Test Files  2 passed (2)
      Tests  6 passed (6)
   Start at  00:19:55
   Duration  274ms (import 55%, transform 31%, tests 10%, worker 3%)

$ vitest run

 RUN  v5.0.2 /home/serveradmin/insignia-m5-016-worktree/packages/visualizer


 Test Files  2 passed (2)
      Tests  9 passed (9)
   Start at  00:19:56
   Duration  216ms (transform 61%, import 18%, tests 15%, worker 5%)

$ node --experimental-strip-types --test test/*.test.ts
✔ hard subset bounds and untrusted ordinary-line hints (2.210461ms)
✔ 33 buckets are refused before the signer is called (0.461633ms)
✔ every admitted code matches the versioned matrix and unknown/digital values reject (12.424367ms)
✔ production-generated carriers decode, conserve and verify for every complete set (6.263266ms)
✔ PostgreSQL-persisted negative adjustment has exact signed quote and member economics (1.090795ms)
✔ versioned 33-bucket vector rejects before any signing call (0.429321ms)
✔ production decoder and signature bytes preserve the independent v2 wire literal (5.199752ms)
✔ injected synthetic Ed25519 signer covers the complete set and three-day key window (2.694628ms)
✔ invalid window or set refuses signing and noncanonical carrier refuses decoding (0.551286ms)
ℹ tests 9
ℹ suites 0
ℹ pass 9
ℹ fail 0
ℹ cancelled 0
ℹ skipped 0
ℹ todo 0
ℹ duration_ms 188.521548
$ vitest run

 RUN  v5.0.2 /home/serveradmin/insignia-m5-016-worktree/packages/application


 Test Files  15 passed (15)
      Tests  180 passed (180)
   Start at  00:19:57
   Duration  1.48s (transform 42%, import 34%, tests 21%, worker 3%)

    Isolate  15 workers spawned · ~124ms startup each (spawn + environment, per file)
             at least ~497ms faster with isolate: false — reuses workers across files instead of one per file

$ vitest run

 RUN  v5.0.2 /home/serveradmin/insignia-m5-016-worktree/packages/shopify


 Test Files  13 passed (13)
      Tests  267 passed (267)
   Start at  00:19:59
   Duration  1.62s (tests 61%, transform 20%, import 17%, worker 2%)

    Isolate  13 workers spawned · ~118ms startup each (spawn + environment, per file)
             at least ~394ms faster with isolate: false — reuses workers across files instead of one per file

$ node --test test/*.test.mjs
✔ structured runtime events cannot emit arbitrary payload or credential fields (4.795646ms)
✔ metric labels are fixed outcomes and never contain tenant or delivery IDs (2.592721ms)
ℹ tests 2
ℹ suites 0
ℹ pass 2
ℹ fail 0
ℹ cancelled 0
ℹ skipped 0
ℹ todo 0
ℹ duration_ms 127.117194
$ node --test test/*.test.mjs
✔ current and previous synthetic wrapping keys remain available by ID (2.439452ms)
﹣ PostgreSQL claim retries the old refresh token after a lost response and fences stale replacement (0.964636ms) # SKIP
✔ diagnostic decodes and derives synthetic pixels without claiming durable readiness (11.578154ms)
✔ liveness stays separate from durable readiness; loopback metrics expose bounded outcomes (56.909602ms)
﹣ PostgreSQL pg-boss starts, retries, settles and replays after restart (0.979242ms) # SKIP
﹣ pg-boss retry after committed uninstall retains one deactivation and one inbox fact (0.16079ms) # SKIP
✔ process starts queues and workers before readiness; stop makes readiness unavailable (41.273543ms)
✔ startup failure closes a started queue without reporting readiness (1.395322ms)
{"level":30,"time":1791332401808,"event":"worker_started"}
{"level":30,"time":1791332401812,"event":"worker_started"}
{"level":30,"time":1791332401814,"event":"worker_started"}
{"level":30,"time":1791332401816,"event":"worker_started"}
{"level":30,"time":1791332401817,"event":"worker_started"}
{"level":30,"time":1791332401818,"event":"worker_started"}
✔ enqueue confirms exact inbox identity, including completed job replay (7.273063ms)
✔ null send without same persisted job is retryable, never an acknowledgement (1.515568ms)
✔ workers pass IDs only to injected durable handlers; failed attempt retries safely (2.703791ms)
✔ invalid job body and identity fail closed without invoking application (0.840425ms)
✔ enabled worker refuses missing credential-key configuration and stays not ready (0.696199ms)
✔ refresh claim contention is retried rather than silently completing its job (1.328182ms)
{"level":30,"time":1791332401809,"event":"webhook_enqueued","inboxId":"702ab3ed-68a1-425b-b221-a98c6f046296"}
{"level":30,"time":1791332401810,"event":"worker_stopped"}
{"level":50,"time":1791332401814,"event":"webhook_process_failed","inboxId":"9b218f06-511d-42fb-8392-d776ef760cd6","errorClass":"ProcessingError","attempt":0}
{"level":30,"time":1791332401814,"event":"webhook_process_ok","inboxId":"9b218f06-511d-42fb-8392-d776ef760cd6","attempt":1}
{"level":30,"time":1791332401815,"event":"refresh_process_ok","shopId":"1e335552-d8ce-41fa-9583-2f9e1c0d0a38","attempt":0}
{"level":30,"time":1791332401816,"event":"worker_stopped"}
{"level":50,"time":1791332401816,"event":"webhook_process_failed","inboxId":"591b33a8-4e16-4b3a-be0d-0de38d53d6b3","errorClass":"ProcessingError","attempt":0}
{"level":30,"time":1791332401817,"event":"worker_stopped"}
{"level":50,"time":1791332401818,"event":"refresh_process_failed","errorClass":"RefreshError","attempt":0}
{"level":30,"time":1791332401819,"event":"worker_stopped"}
﹣ configured worker serves liveness and durable readiness, then closes on SIGTERM (1.063245ms) # SKIP
ℹ tests 15
ℹ suites 0
ℹ pass 11
ℹ fail 0
ℹ cancelled 0
ℹ skipped 4
ℹ todo 0
ℹ duration_ms 610.856345
$ node --test scripts/m5-002/read-register.test.mjs scripts/m5-002/built-runtime.test.mjs && node --test scripts/m5-004/operator.test.mjs scripts/m5-009/operator.test.mjs scripts/m5-010/operator.test.mjs scripts/m5-010/binding.test.mjs scripts/m5-010/native-actions.test.mjs && node --test scripts/m5-005/diagnostic.test.mjs && node --test scripts/m5-011/operator.test.mjs scripts/m5-011/binding.test.mjs && node --test scripts/m5-012/operator.test.mjs scripts/m5-012/binding.test.mjs && node --test scripts/m5-013/operator.test.mjs scripts/m5-013/binding.test.mjs scripts/m5-015/*.test.mjs scripts/m5-015r/*.test.mjs && node --test scripts/m5-016/*.test.mjs
✔ complete built server reproduces CLI development-mode CSP rejection (250.780639ms)
✔ actual launcher runtime preparation admits built hydration without widening CSP (209.39677ms)
✔ actual launcher register reserves durably before synthetic fetch, serializes and denies extra attempts (73.884774ms)
✔ exact SDK online exchange is counted per attempt; mutations, wrong targets and other token/event routes never send (2.043957ms)
✔ ambiguous or inflated history stops before any send (0.488933ms)
✔ one-shot loss applies only after a committed local save and never changes transport counts (1.484264ms)
ℹ tests 6
ℹ suites 0
ℹ pass 6
ℹ fail 0
ℹ cancelled 0
ℹ skipped 0
ℹ todo 0
ℹ duration_ms 533.22331
✔ actual HTTP attempts are durably reserved before dispatch (10.648534ms)
✔ captured M5-004 empty grants stop the actual public workflow before any fixture write (7.638738ms)
✔ fixed targets/documents/variables reject unrelated writes and extra payload before actual HTTP (3.993846ms)
✔ normal reserves cannot consume final 12 reads/3 updates; all attempts count, one lock and one create (204.222429ms)
✔ naturally lost mutation response stops all later writes and cleanup across reopen; no automatic retry (2.584381ms)
✔ real routing identity, nine retained grants and complete empty publication history are mandatory (2.434406ms)
✔ auth exact app/route counts3 and never persists synthetic secret or returned token (1.68127ms)
✔ missing/corrupt history never reinitializes or sends (0.673381ms)
✔ offline gate prevents even credential loading (0.658991ms)
✔ full qualification reuses unchanged actual status/catalog adapters, fresh-process hold reload and drift refusal (566.347495ms)
✔ complete workflow stops on changed installation; no manufacture or unsafe cleanup (22.629226ms)
✔ complete workflow stops on unexpected exposure; no manufacture or unsafe cleanup (23.89546ms)
✔ complete workflow stops on visibility mismatch; no manufacture or unsafe cleanup (164.172352ms)
✔ complete workflow stops on natural lost response; no manufacture or unsafe cleanup (102.476645ms)
✔ complete workflow stops on metadata drift; no manufacture or unsafe cleanup (26.110618ms)
✔ complete workflow stops on malformed success; no manufacture or unsafe cleanup (98.801602ms)
✔ live register is canonical; synthetic initialization rejects unsafe directories and lost history (0.6744ms)
✔ malformed/unsuccessful mutation responses stay unknown; only valid explicit rejection permits finalization (4.664635ms)
✔ lock cannot release while late HTTP/body work can still persist history (1.210442ms)
✔ acknowledged fixture metadata baseline rejects added tags or changed creation identity (1.314186ms)
✔ actual adapter HTTP/GraphQL outcomes survive bounded transport and sanitized response replay (13.112668ms)
✔ foreign live root and stale register binding cannot reach credential loading (22.845263ms)
✔ gate rejects incomplete CI and unbound review receipts even when every supplied workflow is green (26.824383ms)
✔ complete source/build/review/CI gate accepts bound receipts and rejects omissions, stale refs or altered evidence (89.568422ms)
✔ actual adapter user-error failure remains identical when replayed from sanitized mutation evidence (4.211069ms)
✔ malformed success userErrors cannot acknowledge a status mutation or allow cleanup (4.627498ms)
✔ actual availability missing/oversized bodies keep direct/wrapped/replayed shape errors (5.042238ms)
✔ catalog receives original bounded UTF8 bytes and provenance hashes the bytes, not replacement text (2.413607ms)
✔ failed catalog preserves actual normalized results before STOP (275.739702ms)
✔ failed drift preserves actual normalized results before STOP (484.967579ms)
✔ availability preserves its lossy UTF8 semantics while catalog rejects the same original bad bytes (2.192081ms)
✔ reopening a finished run preserves exact normalized evidence and refuses before credential loading (465.212167ms)
✔ catalog successful non200 keeps direct/wrapped/replayed body semantics (3.672601ms)
✔ current product capability accepts write_products without the obsolete nine grants (1.669015ms)
✔ legacy exact-nine guard stays unchanged while successor records current additional grants (3.624818ms)
✔ successor rejects absent capability, malformed grants and every wrong routing identity (0.911738ms)
✔ successor rejects the legacy canonical live directory before writing and cannot reopen legacy history (0.952137ms)
✔ successor documents, request ceilings, ownership, settlement and shared matrix stay source-identical (10.55196ms)
✔ fresh complete successor workflow uses real adapters, current product grants, persisted holds and unchanged matrix (970.832056ms)
✔ public successor workflow stops on missing capability without unsafe cleanup or retries (2.195775ms)
✔ public successor workflow stops on wrong identity without unsafe cleanup or retries (1.905188ms)
✔ public successor workflow stops on lost status acknowledgement without unsafe cleanup or retries (78.127119ms)
✔ successor live entry refuses incomplete gate before the protected credential route (30.155687ms)
✔ successor gate binds its own tree, directory, exact source and independent review/CI receipts (107.706029ms)
✔ captured live publication-field denial stops create settlement and never permits status finalization (4.633836ms)
✔ successor gate binds its own tree, directory, exact source and independent review/CI receipts (120.682527ms)
✔ native release and two-scope consent are durable one-use operations with dependency and ambiguity stops (6.1078ms)
✔ native successful sequence closes after exactly one release/request/approval and rejects reset reservation history (3.447913ms)
✔ 010 requires all publication/product capabilities and permits additional well formed grants (5.437171ms)
✔ 010 denies normal fresh create until fixed predecessor has been safely resolved (3.264375ms)
✔ complete absent predecessor lookup permits one fresh create and retains resolution independently (10.307106ms)
✔ owned unpublished ARCHIVED predecessor requires exact archived readback before fresh create (6.351916ms)
✔ owned unpublished DRAFT predecessor requires exact archived readback before fresh create (5.858675ms)
✔ owned unpublished ACTIVE predecessor requires exact archived readback before fresh create (5.232041ms)
✔ owned unpublished UNLISTED predecessor requires exact archived readback before fresh create (8.381066ms)
✔ predecessor multiple stops without any mutation or second lookup (2.462381ms)
✔ predecessor partial next stops without any mutation or second lookup (2.137905ms)
✔ predecessor partial previous stops without any mutation or second lookup (2.939275ms)
✔ predecessor missing page info stops without any mutation or second lookup (1.880094ms)
✔ predecessor missing nodes stops without any mutation or second lookup (1.415522ms)
✔ predecessor invalid product id stops without any mutation or second lookup (1.465177ms)
✔ predecessor wrong type stops without any mutation or second lookup (1.417144ms)
✔ predecessor wrong handle stops without any mutation or second lookup (1.411131ms)
✔ predecessor wrong title stops without any mutation or second lookup (1.569321ms)
✔ predecessor wrong tag stops without any mutation or second lookup (1.449814ms)
✔ predecessor too early creation stops without any mutation or second lookup (1.419618ms)
✔ predecessor invalid creation stops without any mutation or second lookup (1.326121ms)
✔ predecessor future creation stops without any mutation or second lookup (1.439516ms)
✔ predecessor published stops without any mutation or second lookup (1.375987ms)
✔ predecessor store url stops without any mutation or second lookup (1.371951ms)
✔ predecessor publication membership stops without any mutation or second lookup (1.391828ms)
✔ predecessor resource partial stops without any mutation or second lookup (1.626753ms)
✔ predecessor unpublished partial stops without any mutation or second lookup (1.820391ms)
✔ predecessor missing publications stops without any mutation or second lookup (1.433301ms)
✔ predecessor unsupported status stops without any mutation or second lookup (1.462047ms)
✔ predecessor lookup transport retains stop and never retries or creates (1.644294ms)
✔ predecessor lookup stream failure retains stop and never retries or creates (2.257997ms)
✔ predecessor lookup invalid utf8 retains stop and never retries or creates (1.910909ms)
✔ predecessor lookup http retains stop and never retries or creates (1.325291ms)
✔ predecessor lookup missing body retains stop and never retries or creates (1.953782ms)
✔ predecessor lookup invalid json retains stop and never retries or creates (1.650445ms)
✔ predecessor lookup oversized retains stop and never retries or creates (2.496218ms)
✔ predecessor lookup graphql permission retains stop and never retries or creates (1.651841ms)
✔ predecessor lookup partial graphql data retains stop and never retries or creates (1.717065ms)
✔ predecessor lookup mutation rejected retains stop and never retries or creates (1.644282ms)
✔ predecessor archive transport retains stop and never retries or creates (1.965789ms)
✔ predecessor archive stream failure retains stop and never retries or creates (1.997174ms)
✔ predecessor archive invalid utf8 retains stop and never retries or creates (2.138532ms)
✔ predecessor archive http retains stop and never retries or creates (1.947413ms)
✔ predecessor archive missing body retains stop and never retries or creates (1.965082ms)
✔ predecessor archive invalid json retains stop and never retries or creates (2.065833ms)
✔ predecessor archive oversized retains stop and never retries or creates (2.970369ms)
✔ predecessor archive graphql permission retains stop and never retries or creates (2.120696ms)
✔ predecessor archive partial graphql data retains stop and never retries or creates (2.240312ms)
✔ predecessor archive mutation rejected retains stop and never retries or creates (2.163333ms)
✔ predecessor readback transport retains stop and never retries or creates (4.859632ms)
✔ predecessor readback stream failure retains stop and never retries or creates (2.683589ms)
✔ predecessor readback invalid utf8 retains stop and never retries or creates (2.430167ms)
✔ predecessor readback http retains stop and never retries or creates (2.271664ms)
✔ predecessor readback missing body retains stop and never retries or creates (2.224418ms)
✔ predecessor readback invalid json retains stop and never retries or creates (2.36367ms)
✔ predecessor readback oversized retains stop and never retries or creates (2.985402ms)
✔ predecessor readback graphql permission retains stop and never retries or creates (2.563147ms)
✔ predecessor readback partial graphql data retains stop and never retries or creates (2.653689ms)
✔ predecessor readback mutation rejected retains stop and never retries or creates (2.395465ms)
✔ archive wrong id cannot resolve predecessor (2.064136ms)
✔ archive wrong metadata cannot resolve predecessor (1.710713ms)
✔ archive wrong status cannot resolve predecessor (1.630737ms)
✔ archive exposed cannot resolve predecessor (1.767655ms)
✔ readback wrong id cannot resolve predecessor (2.401301ms)
✔ readback wrong metadata cannot resolve predecessor (2.402082ms)
✔ readback wrong status cannot resolve predecessor (2.247235ms)
✔ readback exposed cannot resolve predecessor (2.394223ms)
✔ public qualification resolves absent predecessor then runs unchanged real adapter matrix (501.801849ms)
✔ public qualification resolves ARCHIVED predecessor then runs unchanged real adapter matrix (468.664772ms)
✔ public qualification resolves ACTIVE predecessor then runs unchanged real adapter matrix (435.229488ms)
✔ fixed predecessor search and status-only allowance cannot be caller substituted (1.809266ms)
✔ reload retains predecessor FOUND, independent identity and one archival reservation (1.687356ms)
✔ reload retains predecessor ARCHIVE_ACKNOWLEDGED, independent identity and one archival reservation (1.982361ms)
✔ reload retains predecessor ARCHIVED_VERIFIED, independent identity and one archival reservation (2.323304ms)
✔ reload retains predecessor STOPPED, independent identity and one archival reservation (1.974427ms)
✔ reload retains predecessor ABSENT, independent identity and one archival reservation (1.353628ms)
✔ reopening refuses forged safe resolution or a retained lookup for a substituted marker (1.962368ms)
✔ serialized archive and readback attempts reserve actual HTTP once and never share the matrix allowance (3.266864ms)
✔ predecessor lookup consumes normal read ceiling and auth remains bounded at three (67.417299ms)
✔ public qualification stops on missing read_publications with no blind retry (1.805376ms)
✔ public qualification stops on wrong identity with no blind retry (1.580599ms)
✔ public qualification stops on predecessor permission failure with no blind retry (2.161441ms)
✔ public qualification stops on fresh create unknown with no blind retry (4.333445ms)
✔ public qualification stops on fresh adapter update unknown with no blind retry (73.379703ms)
✔ 010 cannot reopen closed-profile histories and synthetic qualification rejects every canonical live directory (29.810757ms)
✔ archival permission expiring during durable reservation consumes allowance without HTTP or retry (2.009947ms)
✔ pending predecessor HTTP retains exclusive lock and prevents early operator closure (1.289995ms)
✔ public qualification stops before fresh create after ACTIVE predecessor archive failure (2.972269ms)
✔ public qualification stops before fresh create after ACTIVE predecessor readback failure (3.537051ms)
✔ public qualification stops before fresh create after ARCHIVED predecessor readback failure (2.79741ms)
ℹ tests 136
ℹ suites 0
ℹ pass 136
ℹ fail 0
ℹ cancelled 0
ℹ skipped 0
ℹ todo 0
ℹ duration_ms 2914.255519
✔ one actual diagnostic sequence keeps empty installation distinct from nonempty token/REST/declarations (10.652029ms)
✔ partial stream failure is UNKNOWN and cannot allow a later independent read (2.984422ms)
✔ permission/shape metadata error does not become an empty grant agreement (2.942372ms)
✔ metadata shape failure still permits the independent REST read (2.0768ms)
✔ public sequence preserves missing installation/REST scope semantics (2.14528ms)
✔ public sequence preserves null installation/REST scope semantics (1.896058ms)
✔ public sequence preserves empty installation/REST scope semantics (1.773942ms)
✔ public sequence preserves wrong-type installation/REST scope semantics (1.988282ms)
✔ public sequence preserves duplicates installation/REST scope semantics (4.007489ms)
✔ public sequence preserves bad-handle installation/REST scope semantics (1.906111ms)
✔ token missing is recorded separately without preventing identity verification (1.675801ms)
✔ token null is recorded separately without preventing identity verification (1.544773ms)
✔ token empty is recorded separately without preventing identity verification (1.514354ms)
✔ token wrong-type is recorded separately without preventing identity verification (1.433305ms)
✔ token duplicate is recorded separately without preventing identity verification (2.208771ms)
✔ token bad-handle is recorded separately without preventing identity verification (1.47294ms)
✔ wrong shop identity stops after exactly two attempts (1.258337ms)
✔ wrong domain identity stops after exactly two attempts (0.916369ms)
✔ wrong app identity stops after exactly two attempts (0.996001ms)
✔ wrong client identity stops after exactly two attempts (0.931584ms)
✔ wrong installation identity stops after exactly two attempts (0.921304ms)
✔ wrong development identity stops after exactly two attempts (0.911095ms)
✔ explicit mismatched declared identity stops before REST (1.278827ms)
✔ token-invalid metadata response stops all later work (1.240386ms)
✔ offline unvalidated metadata is NOT_RUN without live document fallback (1.248021ms)
✔ unvalidated identity document stops before credential access (0.438364ms)
✔ actual entrypoint prevents host dispatch (1.273481ms)
✔ actual entrypoint prevents API dispatch (0.817964ms)
✔ actual entrypoint prevents method dispatch (0.827054ms)
✔ actual entrypoint prevents document dispatch (0.890998ms)
✔ actual entrypoint prevents mutation dispatch (0.836955ms)
✔ actual entrypoint prevents variables dispatch (0.822965ms)
✔ fixed REST GET prevents query (1.816689ms)
✔ fixed REST GET prevents body (1.576414ms)
✔ canonical history cannot be reopened, exhausted, corrupted or reset after loss (2.52335ms)
✔ expired credential preparation never dispatches a late HTTP call and retains pending lock (36.905194ms)
✔ ignored abort and late HTTP completion remain UNKNOWN with no later request or evidence rewrite (1024.504484ms)
✔ metadata oversized is shape evidence and allows independent REST (5.305319ms)
✔ metadata invalid-UTF8 is shape evidence and allows independent REST (1.500254ms)
✔ metadata invalid-JSON is shape evidence and allows independent REST (1.50074ms)
✔ metadata missing-body is shape evidence and allows independent REST (1.416508ms)
✔ unusable authentication never authorizes a read (0.719511ms)
✔ unusable authentication never authorizes a read (0.611136ms)
✔ unusable authentication never authorizes a read (0.591216ms)
✔ synthetic entry cannot override its mode to admit a nonsynthetic bearer (0.783264ms)
✔ pinned documented fields validate both exact documents and reject mutation/extra/unknown syntax (0.671998ms)
✔ live entrypoint rejects an unbound offline gate before owner credential metadata (25.736514ms)
✔ complete source/CI/review gate accepts exact receipts and rejects omitted/stale/altered evidence (89.816082ms)
✔ captured four-surface empty scope result replays through the public sequence without authorizing repair (2.021858ms)
ℹ tests 49
ℹ suites 0
ℹ pass 49
ℹ fail 0
ℹ cancelled 0
ℹ skipped 0
ℹ todo 0
ℹ duration_ms 1498.481251
✔ source gate requires two fresh high-effort reviews and every workflow on the frozen source (4.132275ms)
✔ full source binding includes the inherited internal Rust links without following external symlinks (243.753264ms)
✔ exact historical ownership accepts the fixed fixture and rejects an alternate target (2.037552ms)
✔ actual production acquire reports legacy membership conflict; V2 adjudication archives the owned fixture once (42.848187ms)
✔ ownership stops before any status mutation (2.859309ms)
✔ incomplete resourcePublications stops before any status mutation (2.672297ms)
✔ incomplete unpublishedPublications stops before any status mutation (2.80224ms)
✔ incomplete APP stops before any status mutation (4.440352ms)
✔ incomplete MARKET stops before any status mutation (5.365975ms)
✔ incomplete COMPANY_LOCATION stops before any status mutation (8.248773ms)
✔ incomplete NONE stops before any status mutation (5.557287ms)
✔ missing read scope stops before any status mutation (1.649982ms)
✔ initial DRAFT drift stops before any status mutation (5.695599ms)
✔ cross-partition version drift stops before any status mutation (2.92665ms)
✔ observed required grant loss in adapter read stops before any status mutation (8.451696ms)
✔ lost DRAFT acknowledgement never retries or archives (13.850269ms)
✔ DRAFT readback failure never retries or archives (12.3039ms)
✔ post-DRAFT ownership drift never retries or archives (11.951568ms)
✔ post-DRAFT partition drift never retries or archives (15.773962ms)
✔ different V2 behavior is classified from evidence without assuming staged membership (19.259152ms)
✔ ambiguous archive has exactly one bounded final observation and no resend (20.418615ms)
✔ newly appearing DRAFT V2 membership is not described as retained from ACTIVE (19.662998ms)
✔ acknowledgement/readback version drift stops before any post-DRAFT projection or cleanup (11.13723ms)
✔ concrete Shopify AppCatalog metadata permits the fixed adjudication (19.956467ms)
✔ concrete Shopify MarketCatalog metadata permits the fixed adjudication (20.288397ms)
✔ concrete Shopify CompanyLocationCatalog metadata permits the fixed adjudication (18.147215ms)
✔ catalog typename and global ID mismatch stops before any status mutation (5.94113ms)
✔ wrapped production failure preserves {"userError":true} (14.048334ms)
✔ wrapped production failure preserves {"adapterFailure":"http403"} (6.897438ms)
✔ wrapped production failure preserves {"adapterFailure":"graphql"} (6.858633ms)
✔ wrapped production failure preserves {"adapterFailure":"invalidJSON"} (7.006149ms)
✔ wrapped production failure preserves {"adapterFailure":"missingBody"} (6.212503ms)
✔ wrapped production failure preserves {"adapterFailure":"badScopes"} (8.764636ms)
✔ wrapped production failure preserves {"adapterFailure":"badNodes"} (6.720536ms)
✔ wrapped production failure preserves {"adapterFailure":"nullScope"} (6.652246ms)
✔ wrapped production failure preserves {"adapterFailure":"nullScopePost"} (10.348859ms)
✔ wrapped production failure preserves {"adapterFailure":"badHandlePost"} (12.090552ms)
✔ wrapped production failure preserves {"adapterFailure":"scopeString"} (6.671056ms)
✔ outstanding archive transport quarantines all further dispatch {"archiveOutstanding":true} (39.692499ms)
✔ outstanding archive transport quarantines all further dispatch {"archiveBodyOutstanding":true} (36.92872ms)
✔ outstanding archive transport quarantines all further dispatch {"archiveOversizeOutstanding":true} (37.493662ms)
✔ outstanding archive transport quarantines all further dispatch {"archiveBodyAbortOutstanding":true} (39.408151ms)
✔ outstanding archive transport quarantines all further dispatch {"archiveBodyCancelRejected":true} (21.527911ms)
✔ durable transport denies alternate target, ACTIVE, extra fields and arbitrary documents before HTTP (0.886945ms)
✔ quarantined first event zero rejects every subsequent provider dispatch (20.607215ms)
✔ 100 serial synthetic adjudications preserve the fixed ceilings and stop on each ambiguous write (1551.456536ms)
ℹ tests 46
ℹ suites 0
ℹ pass 46
ℹ fail 0
ℹ cancelled 0
ℹ skipped 0
ℹ todo 0
ℹ duration_ms 2389.386859
✔ source gate requires two fresh high-effort reviews and every workflow on the frozen source (3.193895ms)
✔ full source binding includes the inherited internal Rust links without following external symlinks (207.231585ms)
✔ alternate product and broad search are refused before HTTP (3.022794ms)
✔ fixed intent reads clean up one owned DRAFT and close with exact ARCHIVED settlement (26.595988ms)
✔ already ARCHIVED fixture is observed with no cleanup mutation (10.088297ms)
✔ complete negative intent surfaces report NO_INTENT_OBSERVED before cleanup (12.537899ms)
✔ unexpected ownership stops before cleanup (3.034907ms)
✔ unexpected ACTIVE stops before cleanup (2.792481ms)
✔ initial version drift stops before cleanup (2.8006ms)
✔ scope loss stops before cleanup (1.898469ms)
✔ incomplete includedProducts stops before cleanup (4.999965ms)
✔ foreign exact-ID result stops before cleanup (7.522788ms)
✔ duplicate exact-ID result stops before cleanup (5.26858ms)
✔ one-second observation drift stops before cleanup (5.193941ms)
✔ changed publication identity stops before cleanup (3.061659ms)
✔ search anchor disagrees stops before cleanup (5.566112ms)
✔ contradictory inclusion/search results stop before cleanup (9.427058ms)
✔ three qualified intent positives confirm intent with an empty diagnostic association (13.197379ms)
✔ diagnostic association cannot change negative consensus or resolve actual intent disagreement (37.734657ms)
✔ effective publication stays separate from matching configured-intent observations (8.903743ms)
✔ corrected interpretation cannot reopen the frozen closed attempt or authorize cleanup (4.515167ms)
✔ effective publication on DRAFT makes intent inconsistent and refuses cleanup (8.451114ms)
✔ ambiguous archive response consumes one final exact read without resend (9.752963ms)
✔ one-second archive acknowledgement/readback drift stays a conflict (11.878875ms)
✔ authentication failure closes the fresh register without Admin requests (1.044705ms)
✔ quarantined outstanding archive forbids final read and any overlapping request (8012.557245ms)
✔ fixed documents and variables exclude every alternate target before HTTP (124.368631ms)
✔ fixed source query literals are exactly the authorized ID filters and first:2 (0.572474ms)
✔ closed register cannot be initialized a second time (9.230465ms)
✔ 100 serial synthetic runs preserve zero or one mutation and never overlap (868.883329ms)
✔ invalid or malformed runtime search metadata stops before cleanup (6.890637ms)
✔ malformed GraphQL errors values never authorize cleanup (16.065623ms)
✔ rejected foreign descriptive data is absent from register and qualification evidence (7.846825ms)
✔ a failed read reservation cannot be retried or lead to unverifiable cleanup (1.326861ms)
✔ documented search diagnostics without warnings preserve exact intent reads (9.219456ms)
ℹ tests 35
ℹ suites 0
ℹ pass 35
ℹ fail 0
ℹ cancelled 0
ℹ skipped 0
ℹ todo 0
ℹ duration_ms 9510.877692
✔ source gate requires two fresh high-effort reviews and every workflow on the frozen source (3.270361ms)
✔ full source binding includes the inherited internal Rust links without following external symlinks (242.62171ms)
✔ alternate exact product is refused before HTTP (2.863492ms)
✔ disposable cleanup settles exact final ARCHIVED despite a one-second acknowledgement timestamp difference (17.880569ms)
✔ already ARCHIVED is verified with no update (4.746246ms)
✔ foreign ownership stops with zero update (2.796287ms)
✔ ACTIVE state stops with zero update (2.055388ms)
✔ UNLISTED state stops with zero update (1.727729ms)
✔ effective publication stops with zero update (1.94538ms)
✔ published timestamp stops with zero update (2.233568ms)
✔ online store URL stops with zero update (2.412442ms)
✔ legacy effective membership stops with zero update (2.498193ms)
✔ incomplete legacy stops with zero update (1.669802ms)
✔ wrong installation stops with zero update (2.170569ms)
✔ scope loss stops with zero update (1.823118ms)
✔ malformed GraphQL error fields are rejected before mutation (8.361661ms)
✔ ambiguous archive is not resent and one final exact read settles ARCHIVED (4.411036ms)
✔ final DRAFT or effective-publication drift is unsettled with no retry (8.826909ms)
✔ unsettled archive transport forbids final read and any overlap (8005.607188ms)
✔ exact source documents have no searches or alternate mutation fields (14.029417ms)
✔ alternate documents, extra fields and non-ARCHIVED statuses are denied before dispatch (13.924326ms)
✔ closed cleanup register rejects any second initialization (5.830462ms)
✔ 100 serial disposable cleanup cases never exceed one update (273.886374ms)
✔ failed authentication cannot admit an Admin read through the public operator (1.010268ms)
✔ failed prestate or final reads cannot be retried and archive cannot be resent (3.574508ms)
✔ auth response disposal failure quarantines pending event index zero (0.981359ms)
✔ gate demands exact source/tree/binding, two actual model reviews and ten unique attempt-one workflows (3.830896ms)
✔ zero ACTIVE effective membership is PARTIAL with one create and safe archive, without acquire or restore (44.322569ms)
✔ production v2 core lifecycle survives an actual fresh process, with capability=true and exact persisted hold bytes (663.665421ms)
✔ absence of future capability is recorded without weakening core qualification (654.159635ms)
✔ exact shop fence prevents creation (2.519441ms)
✔ exact domain fence prevents creation (1.836579ms)
✔ exact development fence prevents creation (2.002407ms)
✔ exact app fence prevents creation (1.852775ms)
✔ exact client fence prevents creation (1.850093ms)
✔ exact installation fence prevents creation (1.785277ms)
✔ exact grants fence prevents creation (2.043377ms)
✔ ownership drift stops before setup and denies archival cleanup (4.91061ms)
✔ actual schedule stops setup; explicit archive cannot turn persistent schedule into PASS (16.131694ms)
✔ configured intent drift after setup stops acquire and permits separately settled cleanup (24.607395ms)
✔ ambiguous create has one exact-marker recovery read and no further mutation (4.734588ms)
✔ lost acquire acknowledgement never causes restore, replay or cleanup mutation (22.722104ms)
✔ closed register rejects reentry before loading even synthetic credentials (20.611787ms)
✔ unsafe synthetic directory and live gate reject before any request (0.383905ms)
✔ global attempts, document denial, token replacement and serial reservation are durable (118.923527ms)
✔ one-second ACK/readback difference is retained while v2 semantics complete in fresh process (663.748721ms)
✔ lost restore acknowledgement in fresh process never retries or archives (626.493803ms)
✔ incomplete configured-intent connection stops lifecycle before setup (8.710507ms)
✔ production pagination consumes global budget and repeated cursor stops without mutation (13.618559ms)
✔ fresh-process-only resume rejects same PID before credential load in live operator seam (17.905316ms)
✔ non-quiescent fetch timeout retains pending reservation and forbids another request (8002.136462ms)
✔ malformed production mutation acknowledgement is not considered settled for archival authority (21.4062ms)
✔ failed disposal of an oversized body quarantines the outbound attempt (1.974021ms)
✔ persisted hold tampering stops fresh-process resume before a second auth or cleanup request (508.047738ms)
✔ gate demands exact source/tree/binding, two actual model reviews and ten unique attempt-one workflows (3.330246ms)
✔ missing adapter transport / import proof uses only the guarded operator or denies locally (232.606689ms)
✔ misspelled adapter transport / import proof uses only the guarded operator or denies locally (219.603616ms)
✔ imports adapter transport / import proof uses only the guarded operator or denies locally (218.390237ms)
✔ correct adapter transport / import proof uses only the guarded operator or denies locally (334.064451ms)
✔ zero ACTIVE effective membership is PARTIAL with one create and safe archive, without acquire or restore (56.118836ms)
✔ production v2 core lifecycle survives an actual fresh process, with capability=true and exact persisted hold bytes (698.790153ms)
✔ absence of future capability is recorded without weakening core qualification (688.395312ms)
✔ exact shop fence prevents creation (3.100909ms)
✔ exact domain fence prevents creation (2.423914ms)
✔ exact development fence prevents creation (2.541498ms)
✔ exact app fence prevents creation (2.401528ms)
✔ exact client fence prevents creation (2.314278ms)
✔ exact installation fence prevents creation (2.567592ms)
✔ exact grants fence prevents creation (2.782511ms)
✔ ownership drift stops before setup and denies archival cleanup (7.807562ms)
✔ actual schedule stops setup; explicit archive cannot turn persistent schedule into PASS (24.421538ms)
✔ configured intent drift after setup stops acquire and permits separately settled cleanup (33.974531ms)
✔ ambiguous create has one exact-marker recovery read and no further mutation (5.528959ms)
✔ lost acquire acknowledgement never causes restore, replay or cleanup mutation (24.847067ms)
✔ closed register rejects reentry before loading even synthetic credentials (30.200165ms)
✔ unsafe synthetic directory and live gate reject before any request (0.360749ms)
✔ global attempts, document denial, token replacement and serial reservation are durable (142.57505ms)
✔ one-second ACK/readback difference is retained while v2 semantics complete in fresh process (625.79488ms)
✔ lost restore acknowledgement in fresh process never retries or archives (602.778169ms)
✔ incomplete configured-intent connection stops lifecycle before setup (10.967588ms)
✔ production pagination consumes global budget and repeated cursor stops without mutation (14.128912ms)
✔ fresh-process-only resume rejects same PID before credential load in live operator seam (25.59502ms)
✔ non-quiescent fetch timeout retains pending reservation and forbids another request (8002.762875ms)
✔ malformed production mutation acknowledgement is not considered settled for archival authority (27.005967ms)
✔ failed disposal of an oversized body quarantines the outbound attempt (2.020504ms)
✔ persisted hold tampering stops fresh-process resume before a second auth or cleanup request (506.848334ms)
✔ all synthetic auth/create/status/production reads dispatch only after matching durable events (35.213838ms)
✔ durable accounting corruption prevents create dispatch and any cleanup mutation (4.028996ms)
✔ zero-effective PARTIAL branch becomes STOPPED if archive applied but acknowledgement is lost (25.796986ms)
✔ lost archive ACK permits only one exact ownership/status classification read and no final snapshot or retry (25.93273ms)
ℹ tests 90
ℹ suites 0
ℹ pass 90
ℹ fail 0
ℹ cancelled 0
ℹ skipped 0
ℹ todo 0
ℹ duration_ms 13536.47579
✔ gate demands exact source/tree/binding, two actual model reviews and ten unique attempt-one workflows (3.592826ms)
✔ missing adapter transport / import proof uses only the guarded operator or denies locally (246.637267ms)
✔ misspelled adapter transport / import proof uses only the guarded operator or denies locally (217.300246ms)
✔ imports adapter transport / import proof uses only the guarded operator or denies locally (212.048897ms)
✔ correct adapter transport / import proof uses only the guarded operator or denies locally (311.58915ms)
✔ complete explicit APP discovery and exact inclusion authorize only the fixed archival cleanup (29.638268ms)
✔ direct inclusion without either generic discovery surface classifies DIRECT_ONLY and still cleans the disposable fixture (12.006326ms)
✔ complete APP catalogs independently establish the generic surface when typed publications omit the target (11.926105ms)
✔ a denied second discovery surface is retained but cannot negate independently complete positive generic evidence (12.309898ms)
✔ denied generic reads without complete positive evidence classify UNRESOLVED without retries (12.745703ms)
✔ direct null remains UNRESOLVED despite generic positives (10.624971ms)
✔ direct not-included remains UNRESOLVED despite generic positives (11.283758ms)
✔ direct incomplete remains UNRESOLVED despite generic positives (11.731845ms)
✔ direct error remains UNRESOLVED despite generic positives (10.700167ms)
✔ capability drift between direct and generic observations is coverage ambiguity (10.676604ms)
✔ multiple APP catalogs claiming the target Publication are coverage ambiguity (10.668304ms)
✔ observed conflicting catalogs followed by a denied page remain UNRESOLVED despite complete positive publications (13.521664ms)
✔ empty nonterminal publications page fails before any continuation (10.418377ms)
✔ empty nonterminal catalogs page fails before any continuation (9.932598ms)
✔ duplicate generic IDs and repeated cursors fail closed with cleanup capacity preserved (13.892862ms)
✔ infinite unique discovery pages reserve one catalog attempt and exact cleanup/final read within sixteen GraphQL attempts (40.373697ms)
✔ prestate identity drift stops before discovery or mutation (2.238817ms)
✔ prestate ownership drift stops before discovery or mutation (2.15905ms)
✔ prestate status drift stops before discovery or mutation (2.116939ms)
✔ prestate target-effective drift stops before discovery or mutation (2.354933ms)
✔ prestate connection drift stops before discovery or mutation (2.09431ms)
✔ identity drift in discovery revokes cleanup before any mutation (3.939119ms)
✔ identity mismatch combined with malformed operation data latches the fence before projection (3.592054ms)
✔ GraphQL error with contradictory direct identity prevents archival (3.676748ms)
✔ GraphQL error with contradictory catalog identity prevents archival (6.367987ms)
✔ conflicting duplicate publications metadata cannot hide behind rejection (11.482543ms)
✔ conflicting duplicate catalogs metadata cannot hide behind rejection (10.090749ms)
✔ partial error publications data retains contradictory coverage evidence (10.311816ms)
✔ partial error catalogs data retains contradictory coverage evidence (10.170897ms)
✔ lost archive acknowledgement gets exactly one final classification read and never a resend (11.808082ms)
✔ final exact state settlement records updatedAt difference without timestamp equality (9.842915ms)
✔ a failed final publication predicate closes STOPPED without another mutation or read (10.03535ms)
✔ source drift before credentials produces no provider request (0.717242ms)
✔ corrupt reservation accounting denies the captured transport before its first native call (1.394091ms)
✔ canonical entry exposes no resume phase and a closed synthetic register cannot be reopened (11.849295ms)
✔ identity contradiction in the final read invalidates the classification without another write (10.0643ms)
✔ HTTP 500 error with reported identity drift blocks cleanup (4.098346ms)
✔ HTTP 403 error with reported identity drift blocks cleanup (6.425263ms)
✔ a qualified HTTP 403 denial cannot negate a complete independent positive surface (10.177749ms)
✔ malformed partial error publications remains coverage ambiguity (11.276557ms)
✔ HTTP error partial publications contradictions remain visible (10.233853ms)
✔ malformed partial error catalogs remains coverage ambiguity (9.74998ms)
✔ HTTP error partial catalogs contradictions remain visible (10.034647ms)
✔ ownership freshness starts before I/O and cannot be renewed by slow response completion (10.397384ms)
✔ a backwards local clock cannot make future observation origins fresh for cleanup (7.145633ms)
✔ falsy malformed publications false is coverage ambiguity (12.285412ms)
✔ falsy malformed publications 0 is coverage ambiguity (9.769239ms)
✔ falsy malformed publications "" is coverage ambiguity (10.649133ms)
✔ malformed publications error envelope empty-array cannot qualify generic discovery (9.14092ms)
✔ malformed publications error envelope object cannot qualify generic discovery (8.793337ms)
✔ malformed publications error envelope null cannot qualify generic discovery (8.856014ms)
✔ malformed publications error envelope null-member cannot qualify generic discovery (10.580232ms)
✔ malformed publications error envelope numeric-message cannot qualify generic discovery (8.800441ms)
✔ malformed publications error envelope empty-message cannot qualify generic discovery (8.523758ms)
✔ malformed publications error envelope nonobject-extensions cannot qualify generic discovery (8.5839ms)
✔ falsy malformed catalogs false is coverage ambiguity (10.77075ms)
✔ falsy malformed catalogs 0 is coverage ambiguity (9.286118ms)
✔ falsy malformed catalogs "" is coverage ambiguity (9.434771ms)
✔ malformed catalogs error envelope empty-array cannot qualify generic discovery (10.101199ms)
✔ malformed catalogs error envelope object cannot qualify generic discovery (9.011935ms)
✔ malformed catalogs error envelope null cannot qualify generic discovery (8.843407ms)
✔ malformed catalogs error envelope null-member cannot qualify generic discovery (8.795482ms)
✔ malformed catalogs error envelope numeric-message cannot qualify generic discovery (10.640413ms)
✔ malformed catalogs error envelope empty-message cannot qualify generic discovery (8.985341ms)
✔ malformed catalogs error envelope nonobject-extensions cannot qualify generic discovery (8.837296ms)
✔ archive freshness is rechecked after reservation immediately before native dispatch (8.151919ms)
ℹ tests 71
ℹ suites 0
ℹ pass 71
ℹ fail 0
ℹ cancelled 0
ℹ skipped 0
ℹ todo 0
ℹ duration_ms 1107.34475
$ tsc -p scripts/m1-functions/tsconfig.json && node --test scripts/m1-functions/check-vector.test.ts
✔ TypeScript/Node and Rust share the exact experimental-v2 envelope/member bytes (5.674679ms)
ℹ tests 1
ℹ suites 0
ℹ pass 1
ℹ fail 0
ℹ cancelled 0
ℹ skipped 0
ℹ todo 0
ℹ duration_ms 127.264991
$ node scripts/boundaries/check.mjs && node scripts/boundaries/check-database-api.mjs && node scripts/boundaries/check-domain-effects.mjs && node --test scripts/boundaries/domain-effects.test.mjs
Boundary checks passed: 191 real modules, 4 browser modules, 19 negative source fixtures, 2 rejected browser bundles and exports.
Database public API rejects 19 compiler probes and 4 runtime deep imports.
6 production domain modules have no prohibited ambient effects
✔ Date.now is rejected in a production domain helper (8.908172ms)
✔ new Date is rejected in a production domain helper (0.746454ms)
✔ Math.random is rejected in a production domain helper (0.460572ms)
✔ globalThis.Date.now is rejected in a production domain helper (0.503617ms)
✔ fetch is rejected in a production domain helper (1.194185ms)
✔ globalThis.crypto is rejected in a production domain helper (0.404987ms)
✔ computed random is rejected in a production domain helper (0.896678ms)
✔ template random is rejected in a production domain helper (0.671173ms)
✔ dynamic Math member is rejected in a production domain helper (1.190061ms)
✔ spread Date is rejected in a production domain helper (1.553006ms)
✔ random destructuring is rejected in a production domain helper (0.759932ms)
✔ date alias is rejected in a production domain helper (0.37383ms)
✔ math alias is rejected in a production domain helper (0.322256ms)
✔ import meta is rejected in a production domain helper (0.415459ms)
✔ process environment is rejected in a production domain helper (0.239621ms)
✔ deterministic numeric and explicit-value operations stay allowed (1.411503ms)
✔ type-only properties are not ambient API references (2.068224ms)
✔ compiled graph includes an imported module with an excluded test-like filename (553.652999ms)
ℹ tests 18
ℹ suites 0
ℹ pass 18
ℹ fail 0
ℹ cancelled 0
ℹ skipped 0
ℹ todo 0
ℹ duration_ms 975.69738
$ node scripts/boundaries/check-secrets.mjs
Secret/fixture provenance check passed: 110 production source files, 83 separately scanned test/fixture files, 2 browser artifacts, 2 explicitly synthetic seeds.
20 archived Cargo manifests remain independent
$ bash scripts/m1-functions/check.sh
    Finished `dev` profile [unoptimized + debuginfo] target(s) in 0.09s
    Finished `test` profile [unoptimized + debuginfo] target(s) in 0.07s
     Running unittests src/lib.rs (target/debug/deps/cart_authorization-428bc6dab939b9b3)

running 0 tests

test result: ok. 0 passed; 0 failed; 0 ignored; 0 measured; 0 filtered out; finished in 0.00s

     Running tests/currency_matrix.rs (target/debug/deps/currency_matrix-a76cbbc666a7ab20)

running 1 test
test every_admitted_currency_agrees_with_versioned_ts_matrix ... ok

test result: ok. 1 passed; 0 failed; 0 ignored; 0 measured; 0 filtered out; finished in 0.01s

     Running tests/production_vectors.rs (target/debug/deps/production_vectors-931358b74671ec5f)

running 1 test
test production_typescript_vectors_verify_with_complete_rust_core ... ok

test result: ok. 1 passed; 0 failed; 0 ignored; 0 measured; 0 filtered out; finished in 0.11s

     Running tests/whole_quote.rs (target/debug/deps/whole_quote-dd6e3b33eb9f8a50)

running 13 tests
test canonical_carriers_reject_length_padding_alphabet_and_tail_bits ... ok
test complete_ordered_set_verifies_once_and_matches_observed_price ... ok
test compensated_price_mutations_cannot_preserve_authorization_by_preserving_total ... ok
test every_header_byte_class_is_signed_and_structural_header_is_strict ... ok
test last_member_change_invalidates_everything ... ok
test independent_context_keys_date_and_physical_economics_reject ... ok
test missing_duplicate_unsigned_and_extra_members_fail_closed ... ok
test member_from_a_different_signed_quote_cannot_mix_with_original_envelope ... ok
test shared_python_typescript_rust_golden_vector_agrees ... ok
test noncanonical_public_point_and_revoked_or_out_of_window_keys_reject ... ok
test signature_and_arithmetic_profiles_reject_mutations ... ok
test large_complete_quantity_and_500_unit_tier_cannot_be_partially_reused ... ok
test fifteen_independently_signed_high_bit_magic_variants_reject ... ok

test result: ok. 13 passed; 0 failed; 0 ignored; 0 measured; 0 filtered out; finished in 0.30s

     Running unittests src/main.rs (target/debug/deps/cart_transform-358275b5ea2405f6)

running 20 tests
test capacity::tests::cart_line_width_and_grammar ... ok
test capacity::tests::exact_output_bound_has_headroom ... ok
test product_policy::tests::illegible_lone_anchor_cannot_authorize_a_signed_quote ... ok
test product_policy::tests::absent_fields_are_unmanaged_but_a_single_lost_field_is_uncertain ... ok
test product_policy::tests::pending_malformed_and_stale_fields_block_plain_but_preserve_signed ... ok
test product_policy::tests::matching_ready_fields_classify_required_and_optional ... ok
test product_policy::tests::wrong_installation_generation_rejects_signed_too ... ok
test product_policy::tests::strict_grammar_rejects_unknown_states_and_noncanonical_revisions ... ok
test tests::no_partial_expansion_for_incomplete_or_tampered_set ... ok
test tests::revoked_and_out_of_window_public_keys_emit_no_price_operation ... ok
test tests::complete_set_sets_both_prices_and_copies_compact_member ... ok
test tests::signed_quote_with_only_illegible_policy_emits_no_price ... ok
test tests::signed_quote_with_no_product_anchors_still_requires_shop_keys ... ok
test tests::context_physical_line_policy_and_cart_order_are_enforced ... ok
test tests::signed_prices_survive_policy_revision_and_one_lost_anchor ... ok
test tests::unsigned_marker_removed_and_invalid_signature_emit_no_price ... ok
test tests::ten_thousand_physical_units_use_two_expansions ... ok
test tests::untrusted_config_cannot_raise_experiment_ceiling ... ok
test tests::transform_accepts_canonical_zero_and_echoes_target_local_id ... ok
test tests::ten_bucket_output_is_bounded_and_oversized_sets_emit_no_partial_operation ... ok

test result: ok. 20 passed; 0 failed; 0 ignored; 0 measured; 0 filtered out; finished in 0.05s

     Running unittests src/main.rs (target/debug/deps/cart_validation-95daed9c7c60dc1b)

running 24 tests
test capacity::tests::cart_line_width_and_grammar ... ok
test capacity::tests::exact_output_bound_has_headroom ... ok
test product_policy::tests::absent_fields_are_unmanaged_but_a_single_lost_field_is_uncertain ... ok
test product_policy::tests::illegible_lone_anchor_cannot_authorize_a_signed_quote ... ok
test product_policy::tests::matching_ready_fields_classify_required_and_optional ... ok
test product_policy::tests::pending_malformed_and_stale_fields_block_plain_but_preserve_signed ... ok
test product_policy::tests::wrong_installation_generation_rejects_signed_too ... ok
test product_policy::tests::strict_grammar_rejects_unknown_states_and_noncanonical_revisions ... ok
test tests::incomplete_tampered_and_unsigned_required_sets_reject ... ok
test tests::malformed_stale_pending_and_wrong_generation_policy_fail_plain ... ok
test tests::complete_set_compares_observed_exact_subtotals ... ok
test tests::buyer_marker_removal_cannot_turn_known_required_into_plain ... ok
test tests::one_lost_anchor_blocks_plain_while_explicit_optional_and_unmanaged_pass ... ok
test tests::revoked_and_out_of_window_public_keys_reject_checkout ... ok
test tests::cart_order_context_and_physical_claim_changes_fail_at_checkout ... ok
test tests::signed_quote_with_only_illegible_policy_rejects ... ok
test tests::signed_quote_with_no_product_anchors_needs_healthy_shop_keys ... ok
test tests::signed_historical_quote_survives_same_generation_policy_revision ... ok
test tests::untrusted_config_cannot_raise_experiment_ceiling ... ok
test tests::ten_thousand_physical_units_validate_without_per_unit_expansion ... ok
test tests::mixed_200_line_cart_blocks_damaged_managed_line_then_recovers ... ok
test tests::zero_based_cartline_does_not_bypass_economics_or_trust_at_checkout ... ok
test tests::ten_bucket_set_validates_and_oversized_sets_reject ... ok
test tests::zero_based_cartline_preserves_complete_signed_checkout_at_both_steps ... ok

test result: ok. 24 passed; 0 failed; 0 ignored; 0 measured; 0 filtered out; finished in 0.11s

   Doc-tests cart_authorization

running 0 tests

test result: ok. 0 passed; 0 failed; 0 ignored; 0 measured; 0 filtered out; finished in 0.00s

/home/serveradmin/insignia-m5-016-worktree/crates/cart-transform/target/m1-tools/shopify-function-trampoline-2.0.1: OK
    Finished `release` profile [optimized] target(s) in 0.04s
c20cbda370e8ce19c309a49a71f497edb36e2f2db6b4667eced22073cb76fc17  /home/serveradmin/insignia-m5-016-worktree/extensions/insignia-cart-transform/target/cart-transform.raw.wasm
49248769ae4ce578af7c5e7fa77f8c230c8fd4f45b2d673c22cfed87ff946576  /home/serveradmin/insignia-m5-016-worktree/extensions/insignia-cart-transform/target/cart-transform.wasm
184312 /home/serveradmin/insignia-m5-016-worktree/extensions/insignia-cart-transform/target/cart-transform.raw.wasm
181378 /home/serveradmin/insignia-m5-016-worktree/extensions/insignia-cart-transform/target/cart-transform.wasm
365690 total
/home/serveradmin/insignia-m5-016-worktree/crates/cart-validation/target/m1-tools/shopify-function-trampoline-2.0.1: OK
    Finished `release` profile [optimized] target(s) in 0.04s
1c2e43c03c62fb1983089d3b8623eeb6a3ffc90211893c9abb7a2b67fa9ad763  /home/serveradmin/insignia-m5-016-worktree/extensions/insignia-cart-validation/target/cart-validation.raw.wasm
3193f60bbb29cdc473ce7ae73e88d1064ca7be2f03da2aade4e17ae1390366c6  /home/serveradmin/insignia-m5-016-worktree/extensions/insignia-cart-validation/target/cart-validation.wasm
185960 /home/serveradmin/insignia-m5-016-worktree/extensions/insignia-cart-validation/target/cart-validation.raw.wasm
182968 /home/serveradmin/insignia-m5-016-worktree/extensions/insignia-cart-validation/target/cart-validation.wasm
368928 total
/home/serveradmin/insignia-m5-016-worktree/.m1-artifacts/tools/function-runner-9.2.2: OK
transform 8 c20cbda370e8ce19c309a49a71f497edb36e2f2db6b4667eced22073cb76fc17 49248769ae4ce578af7c5e7fa77f8c230c8fd4f45b2d673c22cfed87ff946576
validation 18 1c2e43c03c62fb1983089d3b8623eeb6a3ffc90211893c9abb7a2b67fa9ad763 3193f60bbb29cdc473ce7ae73e88d1064ca7be2f03da2aade4e17ae1390366c6
{
  "rows": 230,
  "positive": 16,
  "vectorsSha256": "7f0046b88183b79cbccc305c883aab0483a6cda1eddb191297e2295c35ac1eda",
  "transformWasmSha256": "49248769ae4ce578af7c5e7fa77f8c230c8fd4f45b2d673c22cfed87ff946576",
  "validationWasmSha256": "3193f60bbb29cdc473ce7ae73e88d1064ca7be2f03da2aade4e17ae1390366c6"
}
M4-003 production builder config passed 6 complete Function runs.
$ corepack pnpm --filter @insignia/web test && corepack pnpm --filter @insignia/storefront test
$ node --test test/*.test.mjs test/admin/*.test.mjs
﹣ real PG activation composes trusted release, synthetic Shopify hold and immutable evidence (0.951539ms) # SKIP
✔ admin distinguishes activation waiting, held, restoration and conflict without manufacturing ACTIVE (1.255652ms)
✔ publication conflict outranks a retained held/pending activation state (0.196033ms)
✔ terminal operator hold outranks stale held activation (0.175263ms)
✔ current staff and installation grant read and edit; reinstallation is checked every request (1.81522ms)
✔ staff read access does not grant mutation (1.104758ms)
✔ expired or cross-shop identity and stale installation fail closed (0.489051ms)
✔ read requires current verified staff and exact shop, even on deep links (31.962609ms)
✔ mutation refuses cross-origin and staff denial before invoking command (2.44317ms)
✔ save carries exact product, draft version and idempotency to durable command (1.77094ms)
✔ stale draft save is a conflict, never a success response (0.948546ms)
✔ publish returns activation-pending truthfully and requires current edit grant (2.206665ms)
✔ a product missing from the verified shop cannot be changed (1.107983ms)
✔ expired identity and shop supplied in command body cannot create a config (1.929284ms)
✔ unwired admin backend serves no private catalog data (0.647777ms)
✔ unknown durable command failures remain unavailable without leaking details (1.384819ms)
✔ editor-generated fixed, override and tier defaults price through unchanged M2 in zero/two/three exponent currencies (3394.835351ms)
✔ real browser editor syncs typed view, variant and step controls with direct Konva canvas and saved draft (1983.196918ms)
✔ removing named choices drops only their labels including nested option value labels before save (1142.966416ms)
✔ variant without a saved image override retains the portrait default until explicit landscape adoption (928.306227ms)
✔ merchant currency adoption refreshes saved publication eligibility and later failed or stale reads fail closed (920.459517ms)
✔ mobile deep link, cookie-free reload, interrupted save, stale conflict, and missing Polaris control (2050.710632ms)
✔ interrupted publication resumes the identical request after reload and reaches a durable phase (880.58944ms)
✔ numeric placement input reaches owner state before blur and survives an owner rerender (1340.204629ms)
✔ publication success preserves dirty local edits and exact save recovery [1/1] (862.44196ms)
✔ publication failed preserves dirty local edits and exact save recovery [1/1] (872.040529ms)
✔ publication success preserves ambiguous local edits and exact save recovery [1/1] (896.781809ms)
✔ publication failed preserves ambiguous local edits and exact save recovery [1/1] (982.408135ms)
✔ publication retry keeps the original version after a newer draft edit when embedded storage is denied (960.510799ms)
✔ stale stored publication is replaced by the current immutable intent despite newer ineligible draft (657.815887ms)
✔ reinstalled Admin discards prior-generation browser request and publishes with a new key (661.519592ms)
✔ concurrent editor refreshes share one App Bridge identity request (1297.64225ms)
✔ empty merchant draft can be configured through typed controls and pass M2 validation (1086.892962ms)
﹣ overlapping distinct-key M5 creates serialize before the command FK lock upgrade (1.006191ms) # SKIP
﹣ currency precision rejects invalid saved and legacy publication amounts without rounding or durable intent (0.189538ms) # SKIP
﹣ durable editor CAS, exact-key replay, independent copy, immutable geometry, and reinstall fence (0.133285ms) # SKIP
﹣ actual M4 prepare/advance over immutable M5 revision reports ready, conflict and hold truthfully (0.946343ms) # SKIP
✔ diagnostic preview requires accounting and HTTPS before any provider access (437.814492ms)
﹣ live-style SDK identity, local PG create/save/reload/CAS/exact ambiguous replay and mutation refusal (0.77976ms) # SKIP
✔ preview same-token single flight; replacement and current-installation invalidation exchange fresh (1.476952ms)
✔ preview rejected exchange is not cached and expired or long-lived identity is denied (0.927646ms)
﹣ production composition uses signed staff SDK, current feature policy and real M4 prepare with admission hold (1.231084ms) # SKIP
✔ server activation composition cannot promote a diagnostic observation without trusted release source (3.197572ms)
✔ server composition binds trusted provider reads to one signed immutable quote candidate (41.665819ms)
✔ built SSR serves public shell and a real Polaris/Preact interaction (5960.759236ms)
✔ HTTP 5xx after durable inbox commit leads to same-ID retry and a single queue handoff (15.649754ms)
✔ stream bound rejects a lying or absent Content-Length before trusted metadata is stored (3.704052ms)
﹣ built HTTP ingress authenticates raw bytes and durably deduplicates through PostgreSQL and queue (1.004617ms) # SKIP
ℹ tests 48
ℹ suites 0
ℹ pass 40
ℹ fail 0
ℹ cancelled 0
ℹ skipped 8
ℹ todo 0
ℹ duration_ms 21609.785146
$ node --test test/*.test.mjs
✔ custom element mounts, unmounts, and contains DOM, state and events (571.176292ms)
ℹ tests 1
ℹ suites 0
ℹ pass 1
ℹ fail 0
ℹ cancelled 0
ℹ skipped 0
ℹ todo 0
ℹ duration_ms 1108.757587
{"archivedArchitectureRef": "0f2c80a316228bd69fdd2ff272e967ff14647b2b", "archivedArchitectureVerified": true, "archivedV1_2Ref": "662a78cd27507d8a2f1eaa976f1c644c93edd1be", "archivedV1_2Sha256": {"docs/architecture/OPTION-A-APPROVED.md": "321f86f5823a0b73b6a6483c172e5d56a0172de442f38dc79ae337de51adf209", "docs/architecture/decision-ledger.md": "97ebb79ddc53000c53c46218ba8c83a5ba2279720ed07ff50809706b4f1a800a", "docs/architecture/implementation-plan.md": "8bb45ac9e2834bf047824a2e3dda4da7f76692bae685f6657da7b3ab03d0b145"}, "archivedV1_3Ref": "4209bb16a09cff95d5cbbc1bbcb082e8c1fa8899", "archivedV1_3Sha256": {"docs/architecture/decision-ledger.md": "d4297182b12978822dae124a040a0d47aafcdb7749f7ad8602f0626e964937e9", "docs/architecture/implementation-plan.md": "b730c0dc274af8180a9aae3290189a8fd61b6b92e06681d345fe5d9aab22c06d"}, "currentArchitectureSha256": {"docs/architecture/OPTION-A-APPROVED.md": "321f86f5823a0b73b6a6483c172e5d56a0172de442f38dc79ae337de51adf209", "docs/architecture/decision-ledger.md": "3d1e8fe50c948822ba3403facfc142402d4fc6631d8d667a2e3341ff6cdbd802", "docs/architecture/implementation-plan.md": "cd59fd361d69adc3f307ee9b88ba1f5509ffeefb68aea90a15f9b88757b4e792"}, "currentArchitectureVersion": "1.4", "historicalMerge": "eaa386c90786e560d49f8311878c95d26cc3c7b8", "manifestSha256": "c2d017f70c4e781d174695c27b9a8c3295666c105af598d8caed6ce9a18160e8", "oldSourceCount": 41, "unchangedReceiptCount": 120}
{"draftProducts": 2, "hashedSetupReceipts": 14, "initialUnits": 272, "ownedFunctions": 2, "status": "PASS", "variants": 3}
48 required files hashed: .m1-artifacts/manifest.json
