$ corepack pnpm check:style && corepack pnpm build && corepack pnpm test:unit && corepack pnpm test:m5-operator && corepack pnpm test:vectors && corepack pnpm check:boundaries && corepack pnpm check:secrets && python3 -B scripts/boundaries/check-cargo-workspace.py && corepack pnpm check:rust && M1_FUNCTION_RUNNER=.m1-artifacts/tools/function-runner-9.2.2 python3 -B scripts/m4-002/replay-production-vectors.py && M1_FUNCTION_RUNNER=.m1-artifacts/tools/function-runner-9.2.2 node scripts/m4-003/replay-public-config.mjs && corepack pnpm test:browser && python3 -B spikes/m0-007/scripts/check-history.py && python3 -B spikes/m0-014/scripts/check-live-setup.py && python3 -B scripts/m1-functions/artifact-manifest.py
$ biome check .dependency-cruiser.cjs apps/storefront/src apps/storefront/test apps/storefront/scripts apps/storefront/vite.config.ts apps/web/src/islands apps/web/src/pages/live.ts apps/web/src/pages/api apps/web/src/server apps/web/src/shared apps/web/src/styles apps/web/test apps/web/astro.config.mjs apps/worker/src apps/worker/test packages/contracts/src packages/domain/src packages/cart-authorization/src packages/cart-authorization/test packages/application/src packages/database/src packages/database/test packages/shopify/src packages/shopify/test packages/visualizer/src packages/observability/src packages/observability/test scripts/boundaries scripts/m1-functions/check-vector.test.ts scripts/m5-002 scripts/m5-003 scripts/m5-004 scripts/m5-005 scripts/m5-009 scripts/m5-010 scripts/m5-011 scripts/m5-012 scripts/m5-013 scripts/m5-015 scripts/m5-015r scripts/m5-016
apps/web/src/server/admin/production.ts:69:57 lint/style/useTemplate  FIXABLE  ━━━━━━━━━━━━━━━━━━━━━

  i Template literals are preferred over string concatenation.

    67 │   const appOrigin = required(env, 'APP_URL');
    68 │   const appId = env.INSIGNIA_SHOPIFY_APP_ID;
  > 69 │   const appGid = appId && /^[1-9][0-9]*$/.test(appId) ? 'gid://shopify/App/' + appId : null;
       │                                                         ^^^^^^^^^^^^^^^^^^^^^^^^^^^^
    70 │   const shopify = createAdminOnlineIdentity({ apiKey, apiSecret, hostName: new URL(appOrigin).host });
    71 │   const core = createDurableCore(databasePool ?? new Pool({ connectionString: databaseUrl }));

  i Unsafe fix: Use a template literal.

     67  67 │     const appOrigin = required(env, 'APP_URL');
     68  68 │     const appId = env.INSIGNIA_SHOPIFY_APP_ID;
     69     │ - ··const·appGid·=·appId·&&·/^[1-9][0-9]*$/.test(appId)·?·'gid://shopify/App/'·+·appId·:·null;
         69 │ + ··const·appGid·=·appId·&&·/^[1-9][0-9]*$/.test(appId)·?·`gid://shopify/App/${appId}`·:·null;
     70  70 │     const shopify = createAdminOnlineIdentity({ apiKey, apiSecret, hostName: new URL(appOrigin).host });
     71  71 │     const core = createDurableCore(databasePool ?? new Pool({ connectionString: databaseUrl }));


apps/web/src/server/admin/production.ts:89:54 lint/style/useTemplate  FIXABLE  ━━━━━━━━━━━━━━━━━━━━━

  i Template literals are preferred over string concatenation.

    87 │       installationGeneration: actor.installationGeneration,
    88 │     });
  > 89 │     if (!scope || scope.shopDomain !== actor.shop || 'gid://shopify/Shop/' + scope.shopifyShopId !== actor.shopId)
       │                                                      ^^^^^^^^^^^^^^^^^^^^^^^^^^^^^^^^^^^^^^^^^^^
    90 │       throw new Error('Admin installation changed');
    91 │   }

  i Unsafe fix: Use a template literal.

     87  87 │         installationGeneration: actor.installationGeneration,
     88  88 │       });
     89     │ - ····if·(!scope·||·scope.shopDomain·!==·actor.shop·||·'gid://shopify/Shop/'·+·scope.shopifyShopId·!==·actor.shopId)
         89 │ + ····if·(!scope·||·scope.shopDomain·!==·actor.shop·||·`gid://shopify/Shop/${scope.shopifyShopId}`·!==·actor.shopId)
     90  90 │         throw new Error('Admin installation changed');
     91  91 │     }


apps/web/src/server/admin/production.ts:214:51 lint/style/useTemplate  FIXABLE  ━━━━━━━━━━━━━━━━━━━━

  i Template literals are preferred over string concatenation.

    212 │           const provider = await shopify.readInstallation(online);
    213 │           const tenant = await core.tenants.getShopByDomain(provider.shop);
  > 214 │           if (!tenant || !tenant.shopifyShopId || 'gid://shopify/Shop/' + tenant.shopifyShopId !== provider.shopId)
        │                                                   ^^^^^^^^^^^^^^^^^^^^^^^^^^^^^^^^^^^^^^^^^^^^
    215 │             throw new Error('Tenant installation mismatch');
    216 │           const installed = await core.tenants.getCurrentAdminInstallation(tenant.shopId);

  i Unsafe fix: Use a template literal.

    212 212 │             const provider = await shopify.readInstallation(online);
    213 213 │             const tenant = await core.tenants.getShopByDomain(provider.shop);
    214     │ - ··········if·(!tenant·||·!tenant.shopifyShopId·||·'gid://shopify/Shop/'·+·tenant.shopifyShopId·!==·provider.shopId)
        214 │ + ··········if·(!tenant·||·!tenant.shopifyShopId·||·`gid://shopify/Shop/${tenant.shopifyShopId}`·!==·provider.shopId)
    215 215 │               throw new Error('Tenant installation mismatch');
    216 216 │             const installed = await core.tenants.getCurrentAdminInstallation(tenant.shopId);


apps/web/src/server/admin/auth.ts:48:48 lint/style/noNonNullAssertion ━━━━━━━━━━━━━━━━━━━━━━━━━━━━━━

  ! Forbidden non-null assertion.

    46 │     let identity: VerifiedAdminIdentity;
    47 │     try {
  > 48 │       identity = await port.verifySessionToken(match[1]!);
       │                                                ^^^^^^^^^
    49 │     } catch {
    50 │       return null;


apps/web/src/server/admin/auth.ts:61:50 lint/style/noNonNullAssertion ━━━━━━━━━━━━━━━━━━━━━━━━━━━━━━

  ! Forbidden non-null assertion.

    59 │     )
    60 │       return null;
  > 61 │     const grant = await port.exchangeOnlineGrant(match[1]!, identity);
       │                                                  ^^^^^^^^^
    62 │     if (
    63 │       grant.shop !== identity.shop ||


apps/web/src/server/admin/preview.ts:109:28 lint/style/noNonNullAssertion ━━━━━━━━━━━━━━━━━━━━━━━━━━

  ! Forbidden non-null assertion.

    107 │             .then((found) => (found ? project(found) : null)),
    108 │         );
  > 109 │       const result = await map.get(id)!;
        │                            ^^^^^^^^^^^^
    110 │       await active(actor);
    111 │       return result;


apps/web/src/server/admin/preview.ts:116:28 lint/style/noNonNullAssertion ━━━━━━━━━━━━━━━━━━━━━━━━━━

  ! Forbidden non-null assertion.

    114 │       await active(actor);
    115 │       if (!currencies.has(actor)) currencies.set(actor, reader(actor).shopCurrency());
  > 116 │       const result = await currencies.get(actor)!;
        │                            ^^^^^^^^^^^^^^^^^^^^^^
    117 │       await active(actor);
    118 │       return result;


apps/web/src/server/admin/preview.ts:163:34 lint/style/noNonNullAssertion ━━━━━━━━━━━━━━━━━━━━━━━━━━

  ! Forbidden non-null assertion.

    161 │                   shopId: randomUUID(),
    162 │                   shopDomain: shop,
  > 163 │                   shopifyShopId: shopId.split('/').at(-1)!,
        │                                  ^^^^^^^^^^^^^^^^^^^^^^^^^
    164 │                   externalInstallationId: provider.installationId,
    165 │                 }),


apps/web/src/server/admin/preview.ts:223:26 lint/style/noNonNullAssertion ━━━━━━━━━━━━━━━━━━━━━━━━━━

  ! Forbidden non-null assertion.

    221 │                   installationGeneration: bound.installationGeneration,
    222 │                   shopifyShopId: shopId,
  > 223 │                   appId: env.INSIGNIA_M5_002_APP_RESOURCE!,
        │                          ^^^^^^^^^^^^^^^^^^^^^^^^^^^^^^^^^
    224 │                 },
    225 │                 {


apps/web/src/server/admin/preview.ts:227:46 lint/style/noNonNullAssertion ━━━━━━━━━━━━━━━━━━━━━━━━━━

  ! Forbidden non-null assertion.

    225 │                 {
    226 │                   appKey: client,
  > 227 │                   transformInputQuerySha256: env.INSIGNIA_M5_002_TRANSFORM_QUERY_HASH!,
        │                                              ^^^^^^^^^^^^^^^^^^^^^^^^^^^^^^^^^^^^^^^^^
    228 │                   validationInputQuerySha256: env.INSIGNIA_M5_002_VALIDATION_QUERY_HASH!,
    229 │                 },


apps/web/src/server/admin/preview.ts:228:47 lint/style/noNonNullAssertion ━━━━━━━━━━━━━━━━━━━━━━━━━━

  ! Forbidden non-null assertion.

    226 │                   appKey: client,
    227 │                   transformInputQuerySha256: env.INSIGNIA_M5_002_TRANSFORM_QUERY_HASH!,
  > 228 │                   validationInputQuerySha256: env.INSIGNIA_M5_002_VALIDATION_QUERY_HASH!,
        │                                               ^^^^^^^^^^^^^^^^^^^^^^^^^^^^^^^^^^^^^^^^^^
    229 │                 },
    230 │               );


apps/web/src/server/admin/production.ts:214:15 lint/complexity/useOptionalChain  FIXABLE  ━━━━━━━━━━

  ! Change to an optional chain.

    212 │           const provider = await shopify.readInstallation(online);
    213 │           const tenant = await core.tenants.getShopByDomain(provider.shop);
  > 214 │           if (!tenant || !tenant.shopifyShopId || 'gid://shopify/Shop/' + tenant.shopifyShopId !== provider.shopId)
        │               ^^^^^^^^^^^^^^^^^^^^^^^^^^^^^^^^
    215 │             throw new Error('Tenant installation mismatch');
    216 │           const installed = await core.tenants.getCurrentAdminInstallation(tenant.shopId);

  i Unsafe fix: Change to an optional chain.

    212 212 │             const provider = await shopify.readInstallation(online);
    213 213 │             const tenant = await core.tenants.getShopByDomain(provider.shop);
    214     │ - ··········if·(!tenant·||·!tenant.shopifyShopId·||·'gid://shopify/Shop/'·+·tenant.shopifyShopId·!==·provider.shopId)
        214 │ + ··········if·(!tenant?.shopifyShopId·||·'gid://shopify/Shop/'·+·tenant.shopifyShopId·!==·provider.shopId)
    215 215 │               throw new Error('Tenant installation mismatch');
    216 216 │             const installed = await core.tenants.getCurrentAdminInstallation(tenant.shopId);


apps/web/src/server/merchant-config.ts:123:28 lint/style/noNonNullAssertion ━━━━━━━━━━━━━━━━━━━━━━━━

  ! Forbidden non-null assertion.

    121 │         option.allowedValueIds.flatMap((id) => {
    122 │           const label = oldLabels?.[id];
  > 123 │           return label ? [[values.get(id)!, label]] : [];
        │                            ^^^^^^^^^^^^^^^
    124 │         }),
    125 │       );


apps/web/src/server/merchant-config.ts:126:47 lint/style/noNonNullAssertion ━━━━━━━━━━━━━━━━━━━━━━━━

  ! Forbidden non-null assertion.

    124 │         }),
    125 │       );
  > 126 │       return Object.keys(remapped).length ? [[options.get(option.id)!, remapped]] : [];
        │                                               ^^^^^^^^^^^^^^^^^^^^^^^
    127 │     }),
    128 │   );


apps/web/src/server/merchant-config.ts:132:50 lint/style/noNonNullAssertion ━━━━━━━━━━━━━━━━━━━━━━━━

  ! Forbidden non-null assertion.

    130 │     ...source,
    131 │     labels,
  > 132 │     methods: source.methods.map((item) => ({ id: methods.get(item.id)! })),
        │                                                  ^^^^^^^^^^^^^^^^^^^^^
    133 │     placements: source.placements.map((item) => ({
    134 │       ...item,


apps/web/src/server/merchant-config.ts:135:11 lint/style/noNonNullAssertion ━━━━━━━━━━━━━━━━━━━━━━━━

  ! Forbidden non-null assertion.

    133 │     placements: source.placements.map((item) => ({
    134 │       ...item,
  > 135 │       id: placements.get(item.id)!,
        │           ^^^^^^^^^^^^^^^^^^^^^^^^
    136 │       allowedMethodIds: item.allowedMethodIds.map((id) => methods.get(id)!),
    137 │       allowedStepIds: item.allowedStepIds.map((id) => steps.get(id)!),


apps/web/src/server/merchant-config.ts:136:59 lint/style/noNonNullAssertion ━━━━━━━━━━━━━━━━━━━━━━━━

  ! Forbidden non-null assertion.

    134 │       ...item,
    135 │       id: placements.get(item.id)!,
  > 136 │       allowedMethodIds: item.allowedMethodIds.map((id) => methods.get(id)!),
        │                                                           ^^^^^^^^^^^^^^^^
    137 │       allowedStepIds: item.allowedStepIds.map((id) => steps.get(id)!),
    138 │     })),


apps/web/src/server/merchant-config.ts:137:55 lint/style/noNonNullAssertion ━━━━━━━━━━━━━━━━━━━━━━━━

  ! Forbidden non-null assertion.

    135 │       id: placements.get(item.id)!,
    136 │       allowedMethodIds: item.allowedMethodIds.map((id) => methods.get(id)!),
  > 137 │       allowedStepIds: item.allowedStepIds.map((id) => steps.get(id)!),
        │                                                       ^^^^^^^^^^^^^^
    138 │     })),
    139 │     productionOptions: source.productionOptions.map((item) => ({


apps/web/src/server/merchant-config.ts:140:11 lint/style/noNonNullAssertion ━━━━━━━━━━━━━━━━━━━━━━━━

  ! Forbidden non-null assertion.

    138 │     })),
    139 │     productionOptions: source.productionOptions.map((item) => ({
  > 140 │       id: options.get(item.id)!,
        │           ^^^^^^^^^^^^^^^^^^^^^
    141 │       allowedValueIds: item.allowedValueIds.map((id) => values.get(id)!),
    142 │     })),


apps/web/src/server/merchant-config.ts:141:57 lint/style/noNonNullAssertion ━━━━━━━━━━━━━━━━━━━━━━━━

  ! Forbidden non-null assertion.

    139 │     productionOptions: source.productionOptions.map((item) => ({
    140 │       id: options.get(item.id)!,
  > 141 │       allowedValueIds: item.allowedValueIds.map((id) => values.get(id)!),
        │                                                         ^^^^^^^^^^^^^^^
    142 │     })),
    143 │     pricingRules: source.pricingRules.map((rule) => ({


The number of diagnostics exceeds the limit allowed. Use --max-diagnostics to increase it.
Diagnostics not shown: 125.
Checked 271 files in 522ms. No fixes applied.
Found 62 warnings.
Found 83 infos.
$ corepack pnpm -r --filter './packages/**' build && corepack pnpm -r --filter './apps/**' build
packages/cart-authorization build$ tsc -p tsconfig.json
packages/contracts build$ tsc -p tsconfig.json
packages/domain build$ tsc -p tsconfig.json
packages/observability build$ tsc -p tsconfig.json
packages/domain build: Done
packages/visualizer build$ tsc -p tsconfig.json
packages/contracts build: Done
packages/application build$ tsc -p tsconfig.json
packages/cart-authorization build: Done
packages/observability build: Done
packages/visualizer build: Done
packages/application build: Done
packages/shopify build$ tsc -p tsconfig.json
packages/shopify build: Done
packages/database build$ tsc -p tsconfig.json
packages/database build: Done
apps/storefront build$ tsc --noEmit && vite build && node scripts/copy-theme-asset.mjs
apps/worker build$ tsc -p tsconfig.json
apps/storefront build: vite v8.3.1 building client environment for production...
apps/storefront build: transforming...
apps/storefront build: ✓ 5 modules transformed.
apps/storefront build: rendering chunks...
apps/storefront build: computing gzip size...
apps/storefront build: dist/insignia-storefront.js  14.03 kB │ gzip: 5.93 kB
apps/storefront build:
apps/storefront build: ✓ built in 27ms
apps/worker build: Done
apps/web build$ astro check && astro build
apps/storefront build: Done
apps/web build: 23:36:22 [@astrojs/node] Enabling sessions with filesystem storage
apps/web build: 23:36:22 [types] Generated 67ms
apps/web build: 23:36:22 [check] Getting diagnostics for Astro files in /home/serveradmin/insignia-m5-016-worktree/apps/web...
apps/web build: Result (28 files):
apps/web build: - 0 errors
apps/web build: - 0 warnings
apps/web build: - 0 hints
apps/web build:
apps/web build: 23:36:27 [@astrojs/node] Enabling sessions with filesystem storage
apps/web build: 23:36:27 [types] Generated 67ms
apps/web build: 23:36:27 [build] output: "server"
apps/web build: 23:36:27 [build] mode: "server"
apps/web build: 23:36:27 [build] directory: /home/serveradmin/insignia-m5-016-worktree/apps/web/dist/
apps/web build: 23:36:27 [build] adapter: @astrojs/node
apps/web build: 23:36:27 [build] Collecting build info...
apps/web build: 23:36:27 [build] ✓ Completed in 109ms.
apps/web build: 23:36:27 [build] Building server entrypoints...
apps/web build: 23:36:28 [vite] ✓ built in 245ms
apps/web build: 23:36:29 [vite] ✓ built in 1.67s
apps/web build: 23:36:30 [vite] ✓ built in 218ms
apps/web build: 23:36:30 [build] Rearranging server assets...
apps/web build: 23:36:30 [build] ✓ Completed in 2.20s.
apps/web build: 23:36:30 [build] Server built in 2.31s
apps/web build: 23:36:30 [build] Complete!
apps/web build: Done
$ corepack pnpm --filter @insignia/domain test && corepack pnpm --filter @insignia/contracts test && corepack pnpm --filter @insignia/visualizer test && corepack pnpm --filter @insignia/cart-authorization test && corepack pnpm --filter @insignia/application test && corepack pnpm --filter @insignia/shopify test && corepack pnpm --filter @insignia/observability test && corepack pnpm --filter @insignia/worker test
$ vitest run

 RUN  v5.0.2 /home/serveradmin/insignia-m5-016-worktree/packages/domain


 Test Files  5 passed (5)
      Tests  26 passed (26)
   Start at  23:36:30
   Duration  427ms (transform 43%, tests 34%, import 18%, worker 4%)

$ vitest run

 RUN  v5.0.2 /home/serveradmin/insignia-m5-016-worktree/packages/contracts


 Test Files  2 passed (2)
      Tests  6 passed (6)
   Start at  23:36:31
   Duration  269ms (import 56%, transform 30%, tests 11%, worker 3%)

$ vitest run

 RUN  v5.0.2 /home/serveradmin/insignia-m5-016-worktree/packages/visualizer


 Test Files  2 passed (2)
      Tests  9 passed (9)
   Start at  23:36:32
   Duration  220ms (transform 67%, import 15%, tests 13%, worker 5%)

$ node --experimental-strip-types --test test/*.test.ts
✔ hard subset bounds and untrusted ordinary-line hints (2.075149ms)
✔ 33 buckets are refused before the signer is called (0.465554ms)
✔ every admitted code matches the versioned matrix and unknown/digital values reject (12.296983ms)
✔ production-generated carriers decode, conserve and verify for every complete set (6.207956ms)
✔ PostgreSQL-persisted negative adjustment has exact signed quote and member economics (1.093994ms)
✔ versioned 33-bucket vector rejects before any signing call (0.417316ms)
✔ production decoder and signature bytes preserve the independent v2 wire literal (5.45131ms)
✔ injected synthetic Ed25519 signer covers the complete set and three-day key window (3.837705ms)
✔ invalid window or set refuses signing and noncanonical carrier refuses decoding (0.618316ms)
ℹ tests 9
ℹ suites 0
ℹ pass 9
ℹ fail 0
ℹ cancelled 0
ℹ skipped 0
ℹ todo 0
ℹ duration_ms 193.844012
$ vitest run

 RUN  v5.0.2 /home/serveradmin/insignia-m5-016-worktree/packages/application


 Test Files  15 passed (15)
      Tests  180 passed (180)
   Start at  23:36:33
   Duration  1.51s (transform 43%, import 34%, tests 20%, worker 3%)

    Isolate  15 workers spawned · ~124ms startup each (spawn + environment, per file)
             at least ~496ms faster with isolate: false — reuses workers across files instead of one per file

$ vitest run

 RUN  v5.0.2 /home/serveradmin/insignia-m5-016-worktree/packages/shopify


 Test Files  13 passed (13)
      Tests  267 passed (267)
   Start at  23:36:35
   Duration  1.63s (tests 61%, transform 22%, import 15%, worker 2%)

    Isolate  13 workers spawned · ~117ms startup each (spawn + environment, per file)
             at least ~390ms faster with isolate: false — reuses workers across files instead of one per file

$ node --test test/*.test.mjs
✔ structured runtime events cannot emit arbitrary payload or credential fields (4.801707ms)
✔ metric labels are fixed outcomes and never contain tenant or delivery IDs (2.583238ms)
ℹ tests 2
ℹ suites 0
ℹ pass 2
ℹ fail 0
ℹ cancelled 0
ℹ skipped 0
ℹ todo 0
ℹ duration_ms 129.351924
$ node --test test/*.test.mjs
✔ current and previous synthetic wrapping keys remain available by ID (2.473071ms)
﹣ PostgreSQL claim retries the old refresh token after a lost response and fences stale replacement (0.953908ms) # SKIP
✔ diagnostic decodes and derives synthetic pixels without claiming durable readiness (15.597951ms)
✔ liveness stays separate from durable readiness; loopback metrics expose bounded outcomes (59.808134ms)
﹣ PostgreSQL pg-boss starts, retries, settles and replays after restart (1.00252ms) # SKIP
﹣ pg-boss retry after committed uninstall retains one deactivation and one inbox fact (0.168417ms) # SKIP
✔ process starts queues and workers before readiness; stop makes readiness unavailable (42.2722ms)
✔ startup failure closes a started queue without reporting readiness (2.104014ms)
{"level":30,"time":1791329798114,"event":"worker_started"}
{"level":30,"time":1791329798117,"event":"worker_started"}
{"level":30,"time":1791329798119,"event":"worker_started"}
{"level":30,"time":1791329798122,"event":"worker_started"}
{"level":30,"time":1791329798122,"event":"worker_started"}
{"level":30,"time":1791329798123,"event":"worker_started"}
✔ enqueue confirms exact inbox identity, including completed job replay (6.82267ms)
✔ null send without same persisted job is retryable, never an acknowledgement (1.46807ms)
✔ workers pass IDs only to injected durable handlers; failed attempt retries safely (2.643846ms)
✔ invalid job body and identity fail closed without invoking application (0.81619ms)
✔ enabled worker refuses missing credential-key configuration and stays not ready (0.710767ms)
✔ refresh claim contention is retried rather than silently completing its job (1.194634ms)
{"level":30,"time":1791329798115,"event":"webhook_enqueued","inboxId":"6475ac5a-1735-48a5-aff7-e42780f37a83"}
{"level":30,"time":1791329798116,"event":"worker_stopped"}
{"level":50,"time":1791329798120,"event":"webhook_process_failed","inboxId":"0f48d564-7907-41b9-928a-2219d59f68a9","errorClass":"ProcessingError","attempt":0}
{"level":30,"time":1791329798120,"event":"webhook_process_ok","inboxId":"0f48d564-7907-41b9-928a-2219d59f68a9","attempt":1}
{"level":30,"time":1791329798120,"event":"refresh_process_ok","shopId":"0f0c5acf-1652-4e2f-af24-eab5afab5076","attempt":0}
{"level":30,"time":1791329798121,"event":"worker_stopped"}
{"level":50,"time":1791329798122,"event":"webhook_process_failed","inboxId":"2759f756-a9c6-4149-a7d5-fcc506a4ba32","errorClass":"ProcessingError","attempt":0}
{"level":30,"time":1791329798123,"event":"worker_stopped"}
{"level":50,"time":1791329798124,"event":"refresh_process_failed","errorClass":"RefreshError","attempt":0}
{"level":30,"time":1791329798124,"event":"worker_stopped"}
﹣ configured worker serves liveness and durable readiness, then closes on SIGTERM (0.99739ms) # SKIP
ℹ tests 15
ℹ suites 0
ℹ pass 11
ℹ fail 0
ℹ cancelled 0
ℹ skipped 4
ℹ todo 0
ℹ duration_ms 678.793614
$ node --test scripts/m5-002/read-register.test.mjs scripts/m5-002/built-runtime.test.mjs && node --test scripts/m5-004/operator.test.mjs scripts/m5-009/operator.test.mjs scripts/m5-010/operator.test.mjs scripts/m5-010/binding.test.mjs scripts/m5-010/native-actions.test.mjs && node --test scripts/m5-005/diagnostic.test.mjs && node --test scripts/m5-011/operator.test.mjs scripts/m5-011/binding.test.mjs && node --test scripts/m5-012/operator.test.mjs scripts/m5-012/binding.test.mjs && node --test scripts/m5-013/operator.test.mjs scripts/m5-013/binding.test.mjs scripts/m5-015/*.test.mjs scripts/m5-015r/*.test.mjs && node --test scripts/m5-016/*.test.mjs
✔ complete built server reproduces CLI development-mode CSP rejection (258.865061ms)
✔ actual launcher runtime preparation admits built hydration without widening CSP (213.60349ms)
✔ actual launcher register reserves durably before synthetic fetch, serializes and denies extra attempts (84.80558ms)
✔ exact SDK online exchange is counted per attempt; mutations, wrong targets and other token/event routes never send (3.508268ms)
✔ ambiguous or inflated history stops before any send (0.711828ms)
✔ one-shot loss applies only after a committed local save and never changes transport counts (1.76415ms)
ℹ tests 6
ℹ suites 0
ℹ pass 6
ℹ fail 0
ℹ cancelled 0
ℹ skipped 0
ℹ todo 0
ℹ duration_ms 552.488852
✔ actual HTTP attempts are durably reserved before dispatch (10.650001ms)
✔ captured M5-004 empty grants stop the actual public workflow before any fixture write (10.495905ms)
✔ fixed targets/documents/variables reject unrelated writes and extra payload before actual HTTP (3.297559ms)
✔ normal reserves cannot consume final 12 reads/3 updates; all attempts count, one lock and one create (203.568922ms)
✔ naturally lost mutation response stops all later writes and cleanup across reopen; no automatic retry (2.644607ms)
✔ real routing identity, nine retained grants and complete empty publication history are mandatory (2.392476ms)
✔ auth exact app/route counts3 and never persists synthetic secret or returned token (1.77735ms)
✔ missing/corrupt history never reinitializes or sends (0.782225ms)
✔ offline gate prevents even credential loading (0.565271ms)
✔ full qualification reuses unchanged actual status/catalog adapters, fresh-process hold reload and drift refusal (637.469374ms)
✔ complete workflow stops on changed installation; no manufacture or unsafe cleanup (23.361547ms)
✔ complete workflow stops on unexpected exposure; no manufacture or unsafe cleanup (26.425372ms)
✔ complete workflow stops on visibility mismatch; no manufacture or unsafe cleanup (169.310424ms)
✔ complete workflow stops on natural lost response; no manufacture or unsafe cleanup (107.484804ms)
✔ complete workflow stops on metadata drift; no manufacture or unsafe cleanup (26.671089ms)
✔ complete workflow stops on malformed success; no manufacture or unsafe cleanup (96.255243ms)
✔ live register is canonical; synthetic initialization rejects unsafe directories and lost history (0.668097ms)
✔ malformed/unsuccessful mutation responses stay unknown; only valid explicit rejection permits finalization (4.812371ms)
✔ lock cannot release while late HTTP/body work can still persist history (1.060053ms)
✔ acknowledged fixture metadata baseline rejects added tags or changed creation identity (1.126055ms)
✔ actual adapter HTTP/GraphQL outcomes survive bounded transport and sanitized response replay (11.158394ms)
✔ foreign live root and stale register binding cannot reach credential loading (19.167833ms)
✔ gate rejects incomplete CI and unbound review receipts even when every supplied workflow is green (26.853032ms)
✔ complete source/build/review/CI gate accepts bound receipts and rejects omissions, stale refs or altered evidence (87.632564ms)
✔ actual adapter user-error failure remains identical when replayed from sanitized mutation evidence (4.801629ms)
✔ malformed success userErrors cannot acknowledge a status mutation or allow cleanup (4.491265ms)
✔ actual availability missing/oversized bodies keep direct/wrapped/replayed shape errors (5.697724ms)
✔ catalog receives original bounded UTF8 bytes and provenance hashes the bytes, not replacement text (2.665036ms)
✔ failed catalog preserves actual normalized results before STOP (277.953089ms)
✔ failed drift preserves actual normalized results before STOP (480.900536ms)
✔ availability preserves its lossy UTF8 semantics while catalog rejects the same original bad bytes (2.435407ms)
✔ reopening a finished run preserves exact normalized evidence and refuses before credential loading (472.272359ms)
✔ catalog successful non200 keeps direct/wrapped/replayed body semantics (1.970977ms)
✔ current product capability accepts write_products without the obsolete nine grants (1.669826ms)
✔ legacy exact-nine guard stays unchanged while successor records current additional grants (3.615128ms)
✔ successor rejects absent capability, malformed grants and every wrong routing identity (0.886289ms)
✔ successor rejects the legacy canonical live directory before writing and cannot reopen legacy history (0.965676ms)
✔ successor documents, request ceilings, ownership, settlement and shared matrix stay source-identical (10.178364ms)
✔ fresh complete successor workflow uses real adapters, current product grants, persisted holds and unchanged matrix (1044.957108ms)
✔ public successor workflow stops on missing capability without unsafe cleanup or retries (2.205922ms)
✔ public successor workflow stops on wrong identity without unsafe cleanup or retries (2.023178ms)
✔ public successor workflow stops on lost status acknowledgement without unsafe cleanup or retries (74.981221ms)
✔ successor live entry refuses incomplete gate before the protected credential route (29.865629ms)
✔ successor gate binds its own tree, directory, exact source and independent review/CI receipts (109.560833ms)
✔ captured live publication-field denial stops create settlement and never permits status finalization (5.316167ms)
✔ successor gate binds its own tree, directory, exact source and independent review/CI receipts (129.030687ms)
✔ native release and two-scope consent are durable one-use operations with dependency and ambiguity stops (6.238262ms)
✔ native successful sequence closes after exactly one release/request/approval and rejects reset reservation history (3.445778ms)
✔ 010 requires all publication/product capabilities and permits additional well formed grants (5.218756ms)
✔ 010 denies normal fresh create until fixed predecessor has been safely resolved (3.247265ms)
✔ complete absent predecessor lookup permits one fresh create and retains resolution independently (10.601259ms)
✔ owned unpublished ARCHIVED predecessor requires exact archived readback before fresh create (6.272067ms)
✔ owned unpublished DRAFT predecessor requires exact archived readback before fresh create (5.833815ms)
✔ owned unpublished ACTIVE predecessor requires exact archived readback before fresh create (5.954077ms)
✔ owned unpublished UNLISTED predecessor requires exact archived readback before fresh create (7.499989ms)
✔ predecessor multiple stops without any mutation or second lookup (2.409987ms)
✔ predecessor partial next stops without any mutation or second lookup (1.521617ms)
✔ predecessor partial previous stops without any mutation or second lookup (3.229022ms)
✔ predecessor missing page info stops without any mutation or second lookup (1.794606ms)
✔ predecessor missing nodes stops without any mutation or second lookup (1.347458ms)
✔ predecessor invalid product id stops without any mutation or second lookup (1.389726ms)
✔ predecessor wrong type stops without any mutation or second lookup (1.339385ms)
✔ predecessor wrong handle stops without any mutation or second lookup (1.304331ms)
✔ predecessor wrong title stops without any mutation or second lookup (1.503283ms)
✔ predecessor wrong tag stops without any mutation or second lookup (1.391459ms)
✔ predecessor too early creation stops without any mutation or second lookup (1.609379ms)
✔ predecessor invalid creation stops without any mutation or second lookup (1.35905ms)
✔ predecessor future creation stops without any mutation or second lookup (1.342146ms)
✔ predecessor published stops without any mutation or second lookup (1.374935ms)
✔ predecessor store url stops without any mutation or second lookup (1.34824ms)
✔ predecessor publication membership stops without any mutation or second lookup (1.352617ms)
✔ predecessor resource partial stops without any mutation or second lookup (1.654942ms)
✔ predecessor unpublished partial stops without any mutation or second lookup (1.986204ms)
✔ predecessor missing publications stops without any mutation or second lookup (1.384388ms)
✔ predecessor unsupported status stops without any mutation or second lookup (1.490785ms)
✔ predecessor lookup transport retains stop and never retries or creates (1.52482ms)
✔ predecessor lookup stream failure retains stop and never retries or creates (2.268481ms)
✔ predecessor lookup invalid utf8 retains stop and never retries or creates (1.863192ms)
✔ predecessor lookup http retains stop and never retries or creates (1.540858ms)
✔ predecessor lookup missing body retains stop and never retries or creates (1.861516ms)
✔ predecessor lookup invalid json retains stop and never retries or creates (1.662039ms)
✔ predecessor lookup oversized retains stop and never retries or creates (2.327542ms)
✔ predecessor lookup graphql permission retains stop and never retries or creates (1.80801ms)
✔ predecessor lookup partial graphql data retains stop and never retries or creates (1.930287ms)
✔ predecessor lookup mutation rejected retains stop and never retries or creates (1.744198ms)
✔ predecessor archive transport retains stop and never retries or creates (2.035444ms)
✔ predecessor archive stream failure retains stop and never retries or creates (2.078423ms)
✔ predecessor archive invalid utf8 retains stop and never retries or creates (3.021904ms)
✔ predecessor archive http retains stop and never retries or creates (3.47053ms)
✔ predecessor archive missing body retains stop and never retries or creates (4.395314ms)
✔ predecessor archive invalid json retains stop and never retries or creates (2.591593ms)
✔ predecessor archive oversized retains stop and never retries or creates (3.318454ms)
✔ predecessor archive graphql permission retains stop and never retries or creates (2.223059ms)
✔ predecessor archive partial graphql data retains stop and never retries or creates (2.0883ms)
✔ predecessor archive mutation rejected retains stop and never retries or creates (2.137779ms)
✔ predecessor readback transport retains stop and never retries or creates (5.493558ms)
✔ predecessor readback stream failure retains stop and never retries or creates (2.582679ms)
✔ predecessor readback invalid utf8 retains stop and never retries or creates (2.555806ms)
✔ predecessor readback http retains stop and never retries or creates (2.41961ms)
✔ predecessor readback missing body retains stop and never retries or creates (2.240419ms)
✔ predecessor readback invalid json retains stop and never retries or creates (2.539419ms)
✔ predecessor readback oversized retains stop and never retries or creates (3.372937ms)
✔ predecessor readback graphql permission retains stop and never retries or creates (3.610563ms)
✔ predecessor readback partial graphql data retains stop and never retries or creates (2.615478ms)
✔ predecessor readback mutation rejected retains stop and never retries or creates (2.325884ms)
✔ archive wrong id cannot resolve predecessor (2.389996ms)
✔ archive wrong metadata cannot resolve predecessor (1.693619ms)
✔ archive wrong status cannot resolve predecessor (1.538103ms)
✔ archive exposed cannot resolve predecessor (1.578432ms)
✔ readback wrong id cannot resolve predecessor (2.311743ms)
✔ readback wrong metadata cannot resolve predecessor (2.457663ms)
✔ readback wrong status cannot resolve predecessor (2.265959ms)
✔ readback exposed cannot resolve predecessor (2.944535ms)
✔ public qualification resolves absent predecessor then runs unchanged real adapter matrix (588.550588ms)
✔ public qualification resolves ARCHIVED predecessor then runs unchanged real adapter matrix (462.461192ms)
✔ public qualification resolves ACTIVE predecessor then runs unchanged real adapter matrix (457.512777ms)
✔ fixed predecessor search and status-only allowance cannot be caller substituted (1.89553ms)
✔ reload retains predecessor FOUND, independent identity and one archival reservation (1.830153ms)
✔ reload retains predecessor ARCHIVE_ACKNOWLEDGED, independent identity and one archival reservation (1.945668ms)
✔ reload retains predecessor ARCHIVED_VERIFIED, independent identity and one archival reservation (2.377325ms)
✔ reload retains predecessor STOPPED, independent identity and one archival reservation (1.916601ms)
✔ reload retains predecessor ABSENT, independent identity and one archival reservation (1.272306ms)
✔ reopening refuses forged safe resolution or a retained lookup for a substituted marker (1.874678ms)
✔ serialized archive and readback attempts reserve actual HTTP once and never share the matrix allowance (5.342222ms)
✔ predecessor lookup consumes normal read ceiling and auth remains bounded at three (65.597505ms)
✔ public qualification stops on missing read_publications with no blind retry (1.754767ms)
✔ public qualification stops on wrong identity with no blind retry (1.548306ms)
✔ public qualification stops on predecessor permission failure with no blind retry (2.142804ms)
✔ public qualification stops on fresh create unknown with no blind retry (4.267871ms)
✔ public qualification stops on fresh adapter update unknown with no blind retry (73.913539ms)
✔ 010 cannot reopen closed-profile histories and synthetic qualification rejects every canonical live directory (29.320883ms)
✔ archival permission expiring during durable reservation consumes allowance without HTTP or retry (1.978321ms)
✔ pending predecessor HTTP retains exclusive lock and prevents early operator closure (1.264928ms)
✔ public qualification stops before fresh create after ACTIVE predecessor archive failure (2.911621ms)
✔ public qualification stops before fresh create after ACTIVE predecessor readback failure (3.448092ms)
✔ public qualification stops before fresh create after ARCHIVED predecessor readback failure (2.816766ms)
ℹ tests 136
ℹ suites 0
ℹ pass 136
ℹ fail 0
ℹ cancelled 0
ℹ skipped 0
ℹ todo 0
ℹ duration_ms 3015.985204
✔ one actual diagnostic sequence keeps empty installation distinct from nonempty token/REST/declarations (10.640565ms)
✔ partial stream failure is UNKNOWN and cannot allow a later independent read (2.967421ms)
✔ permission/shape metadata error does not become an empty grant agreement (2.902304ms)
✔ metadata shape failure still permits the independent REST read (2.070735ms)
✔ public sequence preserves missing installation/REST scope semantics (2.146999ms)
✔ public sequence preserves null installation/REST scope semantics (1.893247ms)
✔ public sequence preserves empty installation/REST scope semantics (1.769866ms)
✔ public sequence preserves wrong-type installation/REST scope semantics (3.256888ms)
✔ public sequence preserves duplicates installation/REST scope semantics (1.866935ms)
✔ public sequence preserves bad-handle installation/REST scope semantics (1.915149ms)
✔ token missing is recorded separately without preventing identity verification (1.682331ms)
✔ token null is recorded separately without preventing identity verification (1.564708ms)
✔ token empty is recorded separately without preventing identity verification (1.518379ms)
✔ token wrong-type is recorded separately without preventing identity verification (1.466979ms)
✔ token duplicate is recorded separately without preventing identity verification (1.472288ms)
✔ token bad-handle is recorded separately without preventing identity verification (1.536754ms)
✔ wrong shop identity stops after exactly two attempts (1.202768ms)
✔ wrong domain identity stops after exactly two attempts (0.916641ms)
✔ wrong app identity stops after exactly two attempts (1.014726ms)
✔ wrong client identity stops after exactly two attempts (0.941703ms)
✔ wrong installation identity stops after exactly two attempts (0.925341ms)
✔ wrong development identity stops after exactly two attempts (0.915043ms)
✔ explicit mismatched declared identity stops before REST (1.303807ms)
✔ token-invalid metadata response stops all later work (1.235457ms)
✔ offline unvalidated metadata is NOT_RUN without live document fallback (1.21976ms)
✔ unvalidated identity document stops before credential access (0.419785ms)
✔ actual entrypoint prevents host dispatch (0.972387ms)
✔ actual entrypoint prevents API dispatch (0.825014ms)
✔ actual entrypoint prevents method dispatch (0.794668ms)
✔ actual entrypoint prevents document dispatch (0.872787ms)
✔ actual entrypoint prevents mutation dispatch (0.928207ms)
✔ actual entrypoint prevents variables dispatch (0.904101ms)
✔ fixed REST GET prevents query (1.782566ms)
✔ fixed REST GET prevents body (1.627955ms)
✔ canonical history cannot be reopened, exhausted, corrupted or reset after loss (2.492389ms)
✔ expired credential preparation never dispatches a late HTTP call and retains pending lock (36.337612ms)
✔ ignored abort and late HTTP completion remain UNKNOWN with no later request or evidence rewrite (1023.573459ms)
✔ metadata oversized is shape evidence and allows independent REST (4.614536ms)
✔ metadata invalid-UTF8 is shape evidence and allows independent REST (1.747011ms)
✔ metadata invalid-JSON is shape evidence and allows independent REST (1.675957ms)
✔ metadata missing-body is shape evidence and allows independent REST (1.640896ms)
✔ unusable authentication never authorizes a read (0.858432ms)
✔ unusable authentication never authorizes a read (0.677378ms)
✔ unusable authentication never authorizes a read (0.659158ms)
✔ synthetic entry cannot override its mode to admit a nonsynthetic bearer (0.888867ms)
✔ pinned documented fields validate both exact documents and reject mutation/extra/unknown syntax (0.772243ms)
✔ live entrypoint rejects an unbound offline gate before owner credential metadata (26.947705ms)
✔ complete source/CI/review gate accepts exact receipts and rejects omitted/stale/altered evidence (95.239247ms)
✔ captured four-surface empty scope result replays through the public sequence without authorizing repair (2.035523ms)
ℹ tests 49
ℹ suites 0
ℹ pass 49
ℹ fail 0
ℹ cancelled 0
ℹ skipped 0
ℹ todo 0
ℹ duration_ms 1497.583037
✔ source gate requires two fresh high-effort reviews and every workflow on the frozen source (4.078138ms)
✔ full source binding includes the inherited internal Rust links without following external symlinks (239.106572ms)
✔ exact historical ownership accepts the fixed fixture and rejects an alternate target (2.067715ms)
✔ actual production acquire reports legacy membership conflict; V2 adjudication archives the owned fixture once (43.102165ms)
✔ ownership stops before any status mutation (2.881963ms)
✔ incomplete resourcePublications stops before any status mutation (2.696642ms)
✔ incomplete unpublishedPublications stops before any status mutation (2.821387ms)
✔ incomplete APP stops before any status mutation (4.712823ms)
✔ incomplete MARKET stops before any status mutation (5.095648ms)
✔ incomplete COMPANY_LOCATION stops before any status mutation (8.62716ms)
✔ incomplete NONE stops before any status mutation (5.325111ms)
✔ missing read scope stops before any status mutation (1.564914ms)
✔ initial DRAFT drift stops before any status mutation (5.838889ms)
✔ cross-partition version drift stops before any status mutation (3.000506ms)
✔ observed required grant loss in adapter read stops before any status mutation (9.008037ms)
✔ lost DRAFT acknowledgement never retries or archives (13.435002ms)
✔ DRAFT readback failure never retries or archives (12.516796ms)
✔ post-DRAFT ownership drift never retries or archives (12.064553ms)
✔ post-DRAFT partition drift never retries or archives (16.458733ms)
✔ different V2 behavior is classified from evidence without assuming staged membership (19.68583ms)
✔ ambiguous archive has exactly one bounded final observation and no resend (20.364943ms)
✔ newly appearing DRAFT V2 membership is not described as retained from ACTIVE (19.826042ms)
✔ acknowledgement/readback version drift stops before any post-DRAFT projection or cleanup (11.07787ms)
✔ concrete Shopify AppCatalog metadata permits the fixed adjudication (19.982385ms)
✔ concrete Shopify MarketCatalog metadata permits the fixed adjudication (20.505468ms)
✔ concrete Shopify CompanyLocationCatalog metadata permits the fixed adjudication (18.342721ms)
✔ catalog typename and global ID mismatch stops before any status mutation (5.927251ms)
✔ wrapped production failure preserves {"userError":true} (13.947823ms)
✔ wrapped production failure preserves {"adapterFailure":"http403"} (6.960343ms)
✔ wrapped production failure preserves {"adapterFailure":"graphql"} (6.932735ms)
✔ wrapped production failure preserves {"adapterFailure":"invalidJSON"} (7.020333ms)
✔ wrapped production failure preserves {"adapterFailure":"missingBody"} (6.286339ms)
✔ wrapped production failure preserves {"adapterFailure":"badScopes"} (9.051659ms)
✔ wrapped production failure preserves {"adapterFailure":"badNodes"} (6.758804ms)
✔ wrapped production failure preserves {"adapterFailure":"nullScope"} (6.63569ms)
✔ wrapped production failure preserves {"adapterFailure":"nullScopePost"} (10.33869ms)
✔ wrapped production failure preserves {"adapterFailure":"badHandlePost"} (12.181852ms)
✔ wrapped production failure preserves {"adapterFailure":"scopeString"} (6.707437ms)
✔ outstanding archive transport quarantines all further dispatch {"archiveOutstanding":true} (39.966025ms)
✔ outstanding archive transport quarantines all further dispatch {"archiveBodyOutstanding":true} (36.865945ms)
✔ outstanding archive transport quarantines all further dispatch {"archiveOversizeOutstanding":true} (37.971728ms)
✔ outstanding archive transport quarantines all further dispatch {"archiveBodyAbortOutstanding":true} (40.416008ms)
✔ outstanding archive transport quarantines all further dispatch {"archiveBodyCancelRejected":true} (21.547657ms)
✔ durable transport denies alternate target, ACTIVE, extra fields and arbitrary documents before HTTP (0.876285ms)
✔ quarantined first event zero rejects every subsequent provider dispatch (21.692533ms)
✔ 100 serial synthetic adjudications preserve the fixed ceilings and stop on each ambiguous write (1545.756816ms)
ℹ tests 46
ℹ suites 0
ℹ pass 46
ℹ fail 0
ℹ cancelled 0
ℹ skipped 0
ℹ todo 0
ℹ duration_ms 2405.91812
✔ source gate requires two fresh high-effort reviews and every workflow on the frozen source (3.128201ms)
✔ full source binding includes the inherited internal Rust links without following external symlinks (204.610015ms)
✔ alternate product and broad search are refused before HTTP (3.017842ms)
✔ fixed intent reads clean up one owned DRAFT and close with exact ARCHIVED settlement (26.663645ms)
✔ already ARCHIVED fixture is observed with no cleanup mutation (10.134035ms)
✔ complete negative intent surfaces report NO_INTENT_OBSERVED before cleanup (12.653141ms)
✔ unexpected ownership stops before cleanup (3.050106ms)
✔ unexpected ACTIVE stops before cleanup (2.743306ms)
✔ initial version drift stops before cleanup (2.680333ms)
✔ scope loss stops before cleanup (1.76103ms)
✔ incomplete includedProducts stops before cleanup (4.98024ms)
✔ foreign exact-ID result stops before cleanup (6.82945ms)
✔ duplicate exact-ID result stops before cleanup (5.251119ms)
✔ one-second observation drift stops before cleanup (5.138658ms)
✔ changed publication identity stops before cleanup (3.025935ms)
✔ search anchor disagrees stops before cleanup (5.516954ms)
✔ contradictory inclusion/search results stop before cleanup (9.413891ms)
✔ three qualified intent positives confirm intent with an empty diagnostic association (13.06982ms)
✔ diagnostic association cannot change negative consensus or resolve actual intent disagreement (37.470873ms)
✔ effective publication stays separate from matching configured-intent observations (8.873727ms)
✔ corrected interpretation cannot reopen the frozen closed attempt or authorize cleanup (4.259979ms)
✔ effective publication on DRAFT makes intent inconsistent and refuses cleanup (7.702003ms)
✔ ambiguous archive response consumes one final exact read without resend (9.605785ms)
✔ one-second archive acknowledgement/readback drift stays a conflict (11.722375ms)
✔ authentication failure closes the fresh register without Admin requests (1.025259ms)
✔ quarantined outstanding archive forbids final read and any overlapping request (8012.517606ms)
✔ fixed documents and variables exclude every alternate target before HTTP (121.61295ms)
✔ fixed source query literals are exactly the authorized ID filters and first:2 (0.567528ms)
✔ closed register cannot be initialized a second time (9.150336ms)
✔ 100 serial synthetic runs preserve zero or one mutation and never overlap (858.86803ms)
✔ invalid or malformed runtime search metadata stops before cleanup (6.765057ms)
✔ malformed GraphQL errors values never authorize cleanup (16.019609ms)
✔ rejected foreign descriptive data is absent from register and qualification evidence (7.792285ms)
✔ a failed read reservation cannot be retried or lead to unverifiable cleanup (1.339408ms)
✔ documented search diagnostics without warnings preserve exact intent reads (9.187185ms)
ℹ tests 35
ℹ suites 0
ℹ pass 35
ℹ fail 0
ℹ cancelled 0
ℹ skipped 0
ℹ todo 0
ℹ duration_ms 9494.260127
✔ source gate requires two fresh high-effort reviews and every workflow on the frozen source (3.230973ms)
✔ full source binding includes the inherited internal Rust links without following external symlinks (230.5445ms)
✔ alternate exact product is refused before HTTP (3.016096ms)
✔ disposable cleanup settles exact final ARCHIVED despite a one-second acknowledgement timestamp difference (19.068941ms)
✔ already ARCHIVED is verified with no update (4.385562ms)
✔ foreign ownership stops with zero update (2.70674ms)
✔ ACTIVE state stops with zero update (2.148821ms)
✔ UNLISTED state stops with zero update (2.023789ms)
✔ effective publication stops with zero update (1.927246ms)
✔ published timestamp stops with zero update (2.463318ms)
✔ online store URL stops with zero update (2.569026ms)
✔ legacy effective membership stops with zero update (2.422798ms)
✔ incomplete legacy stops with zero update (1.632026ms)
✔ wrong installation stops with zero update (2.225916ms)
✔ scope loss stops with zero update (1.994634ms)
✔ malformed GraphQL error fields are rejected before mutation (8.968668ms)
✔ ambiguous archive is not resent and one final exact read settles ARCHIVED (4.850337ms)
✔ final DRAFT or effective-publication drift is unsettled with no retry (11.755046ms)
✔ unsettled archive transport forbids final read and any overlap (8005.138096ms)
✔ exact source documents have no searches or alternate mutation fields (13.369176ms)
✔ alternate documents, extra fields and non-ARCHIVED statuses are denied before dispatch (14.100751ms)
✔ closed cleanup register rejects any second initialization (5.882945ms)
✔ 100 serial disposable cleanup cases never exceed one update (276.409641ms)
✔ failed authentication cannot admit an Admin read through the public operator (1.0313ms)
✔ failed prestate or final reads cannot be retried and archive cannot be resent (3.633771ms)
✔ auth response disposal failure quarantines pending event index zero (1.027827ms)
✔ gate demands exact source/tree/binding, two actual model reviews and ten unique attempt-one workflows (3.369034ms)
✔ zero ACTIVE effective membership is PARTIAL with one create and safe archive, without acquire or restore (44.333626ms)
✔ production v2 core lifecycle survives an actual fresh process, with capability=true and exact persisted hold bytes (659.319535ms)
✔ absence of future capability is recorded without weakening core qualification (687.185061ms)
✔ exact shop fence prevents creation (2.693435ms)
✔ exact domain fence prevents creation (1.899921ms)
✔ exact development fence prevents creation (2.115199ms)
✔ exact app fence prevents creation (1.888788ms)
✔ exact client fence prevents creation (1.869697ms)
✔ exact installation fence prevents creation (1.811484ms)
✔ exact grants fence prevents creation (2.040625ms)
✔ ownership drift stops before setup and denies archival cleanup (4.949152ms)
✔ actual schedule stops setup; explicit archive cannot turn persistent schedule into PASS (16.368835ms)
✔ configured intent drift after setup stops acquire and permits separately settled cleanup (25.204751ms)
✔ ambiguous create has one exact-marker recovery read and no further mutation (4.791788ms)
✔ lost acquire acknowledgement never causes restore, replay or cleanup mutation (21.170225ms)
✔ closed register rejects reentry before loading even synthetic credentials (20.716599ms)
✔ unsafe synthetic directory and live gate reject before any request (0.390267ms)
✔ global attempts, document denial, token replacement and serial reservation are durable (118.148537ms)
✔ one-second ACK/readback difference is retained while v2 semantics complete in fresh process (665.320037ms)
✔ lost restore acknowledgement in fresh process never retries or archives (630.390557ms)
✔ incomplete configured-intent connection stops lifecycle before setup (8.52782ms)
✔ production pagination consumes global budget and repeated cursor stops without mutation (12.943995ms)
✔ fresh-process-only resume rejects same PID before credential load in live operator seam (17.192536ms)
✔ non-quiescent fetch timeout retains pending reservation and forbids another request (8002.073984ms)
✔ malformed production mutation acknowledgement is not considered settled for archival authority (44.050265ms)
✔ failed disposal of an oversized body quarantines the outbound attempt (2.322995ms)
✔ persisted hold tampering stops fresh-process resume before a second auth or cleanup request (504.316857ms)
✔ gate demands exact source/tree/binding, two actual model reviews and ten unique attempt-one workflows (3.265054ms)
✔ missing adapter transport / import proof uses only the guarded operator or denies locally (234.51071ms)
✔ misspelled adapter transport / import proof uses only the guarded operator or denies locally (218.140856ms)
✔ imports adapter transport / import proof uses only the guarded operator or denies locally (245.822833ms)
✔ correct adapter transport / import proof uses only the guarded operator or denies locally (335.332095ms)
✔ zero ACTIVE effective membership is PARTIAL with one create and safe archive, without acquire or restore (55.773767ms)
✔ production v2 core lifecycle survives an actual fresh process, with capability=true and exact persisted hold bytes (700.877585ms)
✔ absence of future capability is recorded without weakening core qualification (689.17986ms)
✔ exact shop fence prevents creation (3.131077ms)
✔ exact domain fence prevents creation (2.343222ms)
✔ exact development fence prevents creation (2.403707ms)
✔ exact app fence prevents creation (2.227839ms)
✔ exact client fence prevents creation (2.296762ms)
✔ exact installation fence prevents creation (2.539736ms)
✔ exact grants fence prevents creation (2.652326ms)
✔ ownership drift stops before setup and denies archival cleanup (6.723161ms)
✔ actual schedule stops setup; explicit archive cannot turn persistent schedule into PASS (23.310206ms)
✔ configured intent drift after setup stops acquire and permits separately settled cleanup (33.668522ms)
✔ ambiguous create has one exact-marker recovery read and no further mutation (5.443913ms)
✔ lost acquire acknowledgement never causes restore, replay or cleanup mutation (23.880355ms)
✔ closed register rejects reentry before loading even synthetic credentials (30.186256ms)
✔ unsafe synthetic directory and live gate reject before any request (0.376433ms)
✔ global attempts, document denial, token replacement and serial reservation are durable (143.093163ms)
✔ one-second ACK/readback difference is retained while v2 semantics complete in fresh process (632.91809ms)
✔ lost restore acknowledgement in fresh process never retries or archives (609.75384ms)
✔ incomplete configured-intent connection stops lifecycle before setup (10.874432ms)
✔ production pagination consumes global budget and repeated cursor stops without mutation (14.098655ms)
✔ fresh-process-only resume rejects same PID before credential load in live operator seam (25.224743ms)
✔ non-quiescent fetch timeout retains pending reservation and forbids another request (8002.982784ms)
✔ malformed production mutation acknowledgement is not considered settled for archival authority (26.625621ms)
✔ failed disposal of an oversized body quarantines the outbound attempt (2.121736ms)
✔ persisted hold tampering stops fresh-process resume before a second auth or cleanup request (507.377466ms)
✔ all synthetic auth/create/status/production reads dispatch only after matching durable events (34.478045ms)
✔ durable accounting corruption prevents create dispatch and any cleanup mutation (4.015754ms)
✔ zero-effective PARTIAL branch becomes STOPPED if archive applied but acknowledgement is lost (25.646615ms)
✔ lost archive ACK permits only one exact ownership/status classification read and no final snapshot or retry (25.776601ms)
ℹ tests 90
ℹ suites 0
ℹ pass 90
ℹ fail 0
ℹ cancelled 0
ℹ skipped 0
ℹ todo 0
ℹ duration_ms 13606.28154
✔ gate demands exact source/tree/binding, two actual model reviews and ten unique attempt-one workflows (3.650679ms)
✔ missing adapter transport / import proof uses only the guarded operator or denies locally (245.688953ms)
✔ misspelled adapter transport / import proof uses only the guarded operator or denies locally (236.368546ms)
✔ imports adapter transport / import proof uses only the guarded operator or denies locally (201.182438ms)
✔ correct adapter transport / import proof uses only the guarded operator or denies locally (300.946743ms)
✔ complete explicit APP discovery and exact inclusion authorize only the fixed archival cleanup (27.001879ms)
✔ direct inclusion without either generic discovery surface classifies DIRECT_ONLY and still cleans the disposable fixture (12.028809ms)
✔ complete APP catalogs independently establish the generic surface when typed publications omit the target (9.340564ms)
✔ a denied second discovery surface is retained but cannot negate independently complete positive generic evidence (9.427333ms)
✔ denied generic reads without complete positive evidence classify UNRESOLVED without retries (9.844217ms)
✔ direct null remains UNRESOLVED despite generic positives (9.913528ms)
✔ direct not-included remains UNRESOLVED despite generic positives (11.185294ms)
✔ direct incomplete remains UNRESOLVED despite generic positives (9.140227ms)
✔ direct error remains UNRESOLVED despite generic positives (8.914316ms)
✔ capability drift between direct and generic observations is coverage ambiguity (10.471454ms)
✔ multiple APP catalogs claiming the target Publication are coverage ambiguity (10.484749ms)
✔ duplicate generic IDs and repeated cursors fail closed with cleanup capacity preserved (12.725957ms)
✔ infinite unique discovery pages reserve one catalog attempt and exact cleanup/final read within sixteen GraphQL attempts (30.599277ms)
✔ prestate identity drift stops before discovery or mutation (2.833648ms)
✔ prestate ownership drift stops before discovery or mutation (2.148975ms)
✔ prestate status drift stops before discovery or mutation (2.090737ms)
✔ prestate target-effective drift stops before discovery or mutation (1.974725ms)
✔ prestate connection drift stops before discovery or mutation (2.19564ms)
✔ identity drift in discovery revokes cleanup before any mutation (4.056924ms)
✔ lost archive acknowledgement gets exactly one final classification read and never a resend (9.475124ms)
✔ final exact state settlement records updatedAt difference without timestamp equality (9.390002ms)
✔ a failed final publication predicate closes STOPPED without another mutation or read (9.632798ms)
✔ source drift before credentials produces no provider request (0.759596ms)
✔ corrupt reservation accounting denies the captured transport before its first native call (1.427741ms)
✔ canonical entry exposes no resume phase and a closed synthetic register cannot be reopened (20.462713ms)
ℹ tests 30
ℹ suites 0
ℹ pass 30
ℹ fail 0
ℹ cancelled 0
ℹ skipped 0
ℹ todo 0
ℹ duration_ms 1094.181083
$ tsc -p scripts/m1-functions/tsconfig.json && node --test scripts/m1-functions/check-vector.test.ts
✔ TypeScript/Node and Rust share the exact experimental-v2 envelope/member bytes (5.648499ms)
ℹ tests 1
ℹ suites 0
ℹ pass 1
ℹ fail 0
ℹ cancelled 0
ℹ skipped 0
ℹ todo 0
ℹ duration_ms 130.465844
$ node scripts/boundaries/check.mjs && node scripts/boundaries/check-database-api.mjs && node scripts/boundaries/check-domain-effects.mjs && node --test scripts/boundaries/domain-effects.test.mjs
Boundary checks passed: 191 real modules, 4 browser modules, 19 negative source fixtures, 2 rejected browser bundles and exports.
Database public API rejects 19 compiler probes and 4 runtime deep imports.
6 production domain modules have no prohibited ambient effects
✔ Date.now is rejected in a production domain helper (8.962138ms)
✔ new Date is rejected in a production domain helper (0.738511ms)
✔ Math.random is rejected in a production domain helper (0.472846ms)
✔ globalThis.Date.now is rejected in a production domain helper (0.521305ms)
✔ fetch is rejected in a production domain helper (1.225992ms)
✔ globalThis.crypto is rejected in a production domain helper (0.417472ms)
✔ computed random is rejected in a production domain helper (0.896229ms)
✔ template random is rejected in a production domain helper (0.656709ms)
✔ dynamic Math member is rejected in a production domain helper (1.207492ms)
✔ spread Date is rejected in a production domain helper (1.569675ms)
✔ random destructuring is rejected in a production domain helper (0.749264ms)
✔ date alias is rejected in a production domain helper (0.345413ms)
✔ math alias is rejected in a production domain helper (0.298818ms)
✔ import meta is rejected in a production domain helper (0.380394ms)
✔ process environment is rejected in a production domain helper (0.227192ms)
✔ deterministic numeric and explicit-value operations stay allowed (1.371469ms)
✔ type-only properties are not ambient API references (2.118727ms)
✔ compiled graph includes an imported module with an excluded test-like filename (561.227219ms)
ℹ tests 18
ℹ suites 0
ℹ pass 18
ℹ fail 0
ℹ cancelled 0
ℹ skipped 0
ℹ todo 0
ℹ duration_ms 983.767413
$ node scripts/boundaries/check-secrets.mjs
Secret/fixture provenance check passed: 110 production source files, 83 separately scanned test/fixture files, 2 browser artifacts, 2 explicitly synthetic seeds.
20 archived Cargo manifests remain independent
$ bash scripts/m1-functions/check.sh
    Finished `dev` profile [unoptimized + debuginfo] target(s) in 0.09s
    Finished `test` profile [unoptimized + debuginfo] target(s) in 0.07s
     Running unittests src/lib.rs (target/debug/deps/cart_authorization-428bc6dab939b9b3)

running 0 tests

test result: ok. 0 passed; 0 failed; 0 ignored; 0 measured; 0 filtered out; finished in 0.00s

     Running tests/currency_matrix.rs (target/debug/deps/currency_matrix-a76cbbc666a7ab20)

running 1 test
test every_admitted_currency_agrees_with_versioned_ts_matrix ... ok

test result: ok. 1 passed; 0 failed; 0 ignored; 0 measured; 0 filtered out; finished in 0.01s

     Running tests/production_vectors.rs (target/debug/deps/production_vectors-931358b74671ec5f)

running 1 test
test production_typescript_vectors_verify_with_complete_rust_core ... ok

test result: ok. 1 passed; 0 failed; 0 ignored; 0 measured; 0 filtered out; finished in 0.11s

     Running tests/whole_quote.rs (target/debug/deps/whole_quote-dd6e3b33eb9f8a50)

running 13 tests
test canonical_carriers_reject_length_padding_alphabet_and_tail_bits ... ok
test compensated_price_mutations_cannot_preserve_authorization_by_preserving_total ... ok
test complete_ordered_set_verifies_once_and_matches_observed_price ... ok
test every_header_byte_class_is_signed_and_structural_header_is_strict ... ok
test last_member_change_invalidates_everything ... ok
test independent_context_keys_date_and_physical_economics_reject ... ok
test missing_duplicate_unsigned_and_extra_members_fail_closed ... ok
test member_from_a_different_signed_quote_cannot_mix_with_original_envelope ... ok
test shared_python_typescript_rust_golden_vector_agrees ... ok
test signature_and_arithmetic_profiles_reject_mutations ... ok
test noncanonical_public_point_and_revoked_or_out_of_window_keys_reject ... ok
test large_complete_quantity_and_500_unit_tier_cannot_be_partially_reused ... ok
test fifteen_independently_signed_high_bit_magic_variants_reject ... ok

test result: ok. 13 passed; 0 failed; 0 ignored; 0 measured; 0 filtered out; finished in 0.37s

     Running unittests src/main.rs (target/debug/deps/cart_transform-358275b5ea2405f6)

running 20 tests
test capacity::tests::cart_line_width_and_grammar ... ok
test capacity::tests::exact_output_bound_has_headroom ... ok
test product_policy::tests::absent_fields_are_unmanaged_but_a_single_lost_field_is_uncertain ... ok
test product_policy::tests::illegible_lone_anchor_cannot_authorize_a_signed_quote ... ok
test product_policy::tests::matching_ready_fields_classify_required_and_optional ... ok
test product_policy::tests::pending_malformed_and_stale_fields_block_plain_but_preserve_signed ... ok
test product_policy::tests::wrong_installation_generation_rejects_signed_too ... ok
test product_policy::tests::strict_grammar_rejects_unknown_states_and_noncanonical_revisions ... ok
test tests::no_partial_expansion_for_incomplete_or_tampered_set ... ok
test tests::revoked_and_out_of_window_public_keys_emit_no_price_operation ... ok
test tests::complete_set_sets_both_prices_and_copies_compact_member ... ok
test tests::context_physical_line_policy_and_cart_order_are_enforced ... ok
test tests::signed_quote_with_only_illegible_policy_emits_no_price ... ok
test tests::signed_quote_with_no_product_anchors_still_requires_shop_keys ... ok
test tests::ten_thousand_physical_units_use_two_expansions ... ok
test tests::unsigned_marker_removed_and_invalid_signature_emit_no_price ... ok
test tests::untrusted_config_cannot_raise_experiment_ceiling ... ok
test tests::signed_prices_survive_policy_revision_and_one_lost_anchor ... ok
test tests::transform_accepts_canonical_zero_and_echoes_target_local_id ... ok
test tests::ten_bucket_output_is_bounded_and_oversized_sets_emit_no_partial_operation ... ok

test result: ok. 20 passed; 0 failed; 0 ignored; 0 measured; 0 filtered out; finished in 0.06s

     Running unittests src/main.rs (target/debug/deps/cart_validation-95daed9c7c60dc1b)

running 24 tests
test capacity::tests::cart_line_width_and_grammar ... ok
test capacity::tests::exact_output_bound_has_headroom ... ok
test product_policy::tests::absent_fields_are_unmanaged_but_a_single_lost_field_is_uncertain ... ok
test product_policy::tests::matching_ready_fields_classify_required_and_optional ... ok
test product_policy::tests::illegible_lone_anchor_cannot_authorize_a_signed_quote ... ok
test product_policy::tests::pending_malformed_and_stale_fields_block_plain_but_preserve_signed ... ok
test product_policy::tests::wrong_installation_generation_rejects_signed_too ... ok
test product_policy::tests::strict_grammar_rejects_unknown_states_and_noncanonical_revisions ... ok
test tests::incomplete_tampered_and_unsigned_required_sets_reject ... ok
test tests::malformed_stale_pending_and_wrong_generation_policy_fail_plain ... ok
test tests::complete_set_compares_observed_exact_subtotals ... ok
test tests::one_lost_anchor_blocks_plain_while_explicit_optional_and_unmanaged_pass ... ok
test tests::buyer_marker_removal_cannot_turn_known_required_into_plain ... ok
test tests::cart_order_context_and_physical_claim_changes_fail_at_checkout ... ok
test tests::revoked_and_out_of_window_public_keys_reject_checkout ... ok
test tests::signed_quote_with_only_illegible_policy_rejects ... ok
test tests::signed_quote_with_no_product_anchors_needs_healthy_shop_keys ... ok
test tests::signed_historical_quote_survives_same_generation_policy_revision ... ok
test tests::ten_thousand_physical_units_validate_without_per_unit_expansion ... ok
test tests::untrusted_config_cannot_raise_experiment_ceiling ... ok
test tests::mixed_200_line_cart_blocks_damaged_managed_line_then_recovers ... ok
test tests::zero_based_cartline_does_not_bypass_economics_or_trust_at_checkout ... ok
test tests::ten_bucket_set_validates_and_oversized_sets_reject ... ok
test tests::zero_based_cartline_preserves_complete_signed_checkout_at_both_steps ... ok

test result: ok. 24 passed; 0 failed; 0 ignored; 0 measured; 0 filtered out; finished in 0.11s

   Doc-tests cart_authorization

running 0 tests

test result: ok. 0 passed; 0 failed; 0 ignored; 0 measured; 0 filtered out; finished in 0.00s

/home/serveradmin/insignia-m5-016-worktree/crates/cart-transform/target/m1-tools/shopify-function-trampoline-2.0.1: OK
    Finished `release` profile [optimized] target(s) in 0.04s
c20cbda370e8ce19c309a49a71f497edb36e2f2db6b4667eced22073cb76fc17  /home/serveradmin/insignia-m5-016-worktree/extensions/insignia-cart-transform/target/cart-transform.raw.wasm
49248769ae4ce578af7c5e7fa77f8c230c8fd4f45b2d673c22cfed87ff946576  /home/serveradmin/insignia-m5-016-worktree/extensions/insignia-cart-transform/target/cart-transform.wasm
184312 /home/serveradmin/insignia-m5-016-worktree/extensions/insignia-cart-transform/target/cart-transform.raw.wasm
181378 /home/serveradmin/insignia-m5-016-worktree/extensions/insignia-cart-transform/target/cart-transform.wasm
365690 total
/home/serveradmin/insignia-m5-016-worktree/crates/cart-validation/target/m1-tools/shopify-function-trampoline-2.0.1: OK
    Finished `release` profile [optimized] target(s) in 0.04s
1c2e43c03c62fb1983089d3b8623eeb6a3ffc90211893c9abb7a2b67fa9ad763  /home/serveradmin/insignia-m5-016-worktree/extensions/insignia-cart-validation/target/cart-validation.raw.wasm
3193f60bbb29cdc473ce7ae73e88d1064ca7be2f03da2aade4e17ae1390366c6  /home/serveradmin/insignia-m5-016-worktree/extensions/insignia-cart-validation/target/cart-validation.wasm
185960 /home/serveradmin/insignia-m5-016-worktree/extensions/insignia-cart-validation/target/cart-validation.raw.wasm
182968 /home/serveradmin/insignia-m5-016-worktree/extensions/insignia-cart-validation/target/cart-validation.wasm
368928 total
/home/serveradmin/insignia-m5-016-worktree/.m1-artifacts/tools/function-runner-9.2.2: OK
transform 8 c20cbda370e8ce19c309a49a71f497edb36e2f2db6b4667eced22073cb76fc17 49248769ae4ce578af7c5e7fa77f8c230c8fd4f45b2d673c22cfed87ff946576
validation 18 1c2e43c03c62fb1983089d3b8623eeb6a3ffc90211893c9abb7a2b67fa9ad763 3193f60bbb29cdc473ce7ae73e88d1064ca7be2f03da2aade4e17ae1390366c6
{
  "rows": 230,
  "positive": 16,
  "vectorsSha256": "7f0046b88183b79cbccc305c883aab0483a6cda1eddb191297e2295c35ac1eda",
  "transformWasmSha256": "49248769ae4ce578af7c5e7fa77f8c230c8fd4f45b2d673c22cfed87ff946576",
  "validationWasmSha256": "3193f60bbb29cdc473ce7ae73e88d1064ca7be2f03da2aade4e17ae1390366c6"
}
M4-003 production builder config passed 6 complete Function runs.
$ corepack pnpm --filter @insignia/web test && corepack pnpm --filter @insignia/storefront test
$ node --test test/*.test.mjs test/admin/*.test.mjs
﹣ real PG activation composes trusted release, synthetic Shopify hold and immutable evidence (1.012844ms) # SKIP
✔ admin distinguishes activation waiting, held, restoration and conflict without manufacturing ACTIVE (1.305761ms)
✔ publication conflict outranks a retained held/pending activation state (0.206585ms)
✔ terminal operator hold outranks stale held activation (0.172723ms)
✔ current staff and installation grant read and edit; reinstallation is checked every request (1.869861ms)
✔ staff read access does not grant mutation (1.845108ms)
✔ expired or cross-shop identity and stale installation fail closed (0.496968ms)
✔ read requires current verified staff and exact shop, even on deep links (30.144023ms)
✔ mutation refuses cross-origin and staff denial before invoking command (2.56048ms)
✔ save carries exact product, draft version and idempotency to durable command (1.755297ms)
✔ stale draft save is a conflict, never a success response (0.947501ms)
✔ publish returns activation-pending truthfully and requires current edit grant (1.110967ms)
✔ a product missing from the verified shop cannot be changed (0.757349ms)
✔ expired identity and shop supplied in command body cannot create a config (1.007538ms)
✔ unwired admin backend serves no private catalog data (0.615988ms)
✔ unknown durable command failures remain unavailable without leaking details (0.846395ms)
✔ editor-generated fixed, override and tier defaults price through unchanged M2 in zero/two/three exponent currencies (3464.866731ms)
✔ real browser editor syncs typed view, variant and step controls with direct Konva canvas and saved draft (2041.910055ms)
✔ removing named choices drops only their labels including nested option value labels before save (1147.24263ms)
✔ variant without a saved image override retains the portrait default until explicit landscape adoption (898.748627ms)
✔ merchant currency adoption refreshes saved publication eligibility and later failed or stale reads fail closed (1010.224688ms)
✔ mobile deep link, cookie-free reload, interrupted save, stale conflict, and missing Polaris control (2078.111884ms)
✔ interrupted publication resumes the identical request after reload and reaches a durable phase (895.384258ms)
✔ numeric placement input reaches owner state before blur and survives an owner rerender (1343.546268ms)
✔ publication success preserves dirty local edits and exact save recovery [1/1] (842.286657ms)
✔ publication failed preserves dirty local edits and exact save recovery [1/1] (887.086422ms)
✔ publication success preserves ambiguous local edits and exact save recovery [1/1] (958.367672ms)
✔ publication failed preserves ambiguous local edits and exact save recovery [1/1] (881.514646ms)
✔ publication retry keeps the original version after a newer draft edit when embedded storage is denied (890.348737ms)
✔ stale stored publication is replaced by the current immutable intent despite newer ineligible draft (665.472775ms)
✔ reinstalled Admin discards prior-generation browser request and publishes with a new key (661.826074ms)
✔ concurrent editor refreshes share one App Bridge identity request (1255.84315ms)
✔ empty merchant draft can be configured through typed controls and pass M2 validation (1131.622185ms)
﹣ overlapping distinct-key M5 creates serialize before the command FK lock upgrade (1.030576ms) # SKIP
﹣ currency precision rejects invalid saved and legacy publication amounts without rounding or durable intent (0.173888ms) # SKIP
﹣ durable editor CAS, exact-key replay, independent copy, immutable geometry, and reinstall fence (0.147298ms) # SKIP
﹣ actual M4 prepare/advance over immutable M5 revision reports ready, conflict and hold truthfully (0.941551ms) # SKIP
✔ diagnostic preview requires accounting and HTTPS before any provider access (439.345345ms)
﹣ live-style SDK identity, local PG create/save/reload/CAS/exact ambiguous replay and mutation refusal (0.449935ms) # SKIP
✔ preview same-token single flight; replacement and current-installation invalidation exchange fresh (1.429619ms)
✔ preview rejected exchange is not cached and expired or long-lived identity is denied (0.886296ms)
﹣ production composition uses signed staff SDK, current feature policy and real M4 prepare with admission hold (0.942041ms) # SKIP
✔ server activation composition cannot promote a diagnostic observation without trusted release source (1.819933ms)
✔ server composition binds trusted provider reads to one signed immutable quote candidate (41.945425ms)
✔ built SSR serves public shell and a real Polaris/Preact interaction (5960.88953ms)
✔ HTTP 5xx after durable inbox commit leads to same-ID retry and a single queue handoff (15.434283ms)
✔ stream bound rejects a lying or absent Content-Length before trusted metadata is stored (4.213844ms)
﹣ built HTTP ingress authenticates raw bytes and durably deduplicates through PostgreSQL and queue (5.044861ms) # SKIP
ℹ tests 48
ℹ suites 0
ℹ pass 40
ℹ fail 0
ℹ cancelled 0
ℹ skipped 8
ℹ todo 0
ℹ duration_ms 21757.076152
$ node --test test/*.test.mjs
✔ custom element mounts, unmounts, and contains DOM, state and events (649.787852ms)
ℹ tests 1
ℹ suites 0
ℹ pass 1
ℹ fail 0
ℹ cancelled 0
ℹ skipped 0
ℹ todo 0
ℹ duration_ms 1202.360437
{"archivedArchitectureRef": "0f2c80a316228bd69fdd2ff272e967ff14647b2b", "archivedArchitectureVerified": true, "archivedV1_2Ref": "662a78cd27507d8a2f1eaa976f1c644c93edd1be", "archivedV1_2Sha256": {"docs/architecture/OPTION-A-APPROVED.md": "321f86f5823a0b73b6a6483c172e5d56a0172de442f38dc79ae337de51adf209", "docs/architecture/decision-ledger.md": "97ebb79ddc53000c53c46218ba8c83a5ba2279720ed07ff50809706b4f1a800a", "docs/architecture/implementation-plan.md": "8bb45ac9e2834bf047824a2e3dda4da7f76692bae685f6657da7b3ab03d0b145"}, "archivedV1_3Ref": "4209bb16a09cff95d5cbbc1bbcb082e8c1fa8899", "archivedV1_3Sha256": {"docs/architecture/decision-ledger.md": "d4297182b12978822dae124a040a0d47aafcdb7749f7ad8602f0626e964937e9", "docs/architecture/implementation-plan.md": "b730c0dc274af8180a9aae3290189a8fd61b6b92e06681d345fe5d9aab22c06d"}, "currentArchitectureSha256": {"docs/architecture/OPTION-A-APPROVED.md": "321f86f5823a0b73b6a6483c172e5d56a0172de442f38dc79ae337de51adf209", "docs/architecture/decision-ledger.md": "3d1e8fe50c948822ba3403facfc142402d4fc6631d8d667a2e3341ff6cdbd802", "docs/architecture/implementation-plan.md": "cd59fd361d69adc3f307ee9b88ba1f5509ffeefb68aea90a15f9b88757b4e792"}, "currentArchitectureVersion": "1.4", "historicalMerge": "eaa386c90786e560d49f8311878c95d26cc3c7b8", "manifestSha256": "c2d017f70c4e781d174695c27b9a8c3295666c105af598d8caed6ce9a18160e8", "oldSourceCount": 41, "unchangedReceiptCount": 120}
{"draftProducts": 2, "hashedSetupReceipts": 14, "initialUnits": 272, "ownedFunctions": 2, "status": "PASS", "variants": 3}
48 required files hashed: .m1-artifacts/manifest.json
