$ corepack pnpm check:style && corepack pnpm build && corepack pnpm test:unit && corepack pnpm test:m5-operator && corepack pnpm test:vectors && corepack pnpm check:boundaries && corepack pnpm check:secrets && python3 -B scripts/boundaries/check-cargo-workspace.py && corepack pnpm check:rust && M1_FUNCTION_RUNNER=.m1-artifacts/tools/function-runner-9.2.2 python3 -B scripts/m4-002/replay-production-vectors.py && M1_FUNCTION_RUNNER=.m1-artifacts/tools/function-runner-9.2.2 node scripts/m4-003/replay-public-config.mjs && corepack pnpm test:browser && python3 -B spikes/m0-007/scripts/check-history.py && python3 -B spikes/m0-014/scripts/check-live-setup.py && python3 -B scripts/m1-functions/artifact-manifest.py
$ biome check .dependency-cruiser.cjs apps/storefront/src apps/storefront/test apps/storefront/scripts apps/storefront/vite.config.ts apps/web/src/islands apps/web/src/pages/live.ts apps/web/src/pages/api apps/web/src/server apps/web/src/shared apps/web/src/styles apps/web/test apps/web/astro.config.mjs apps/worker/src apps/worker/test packages/contracts/src packages/domain/src packages/cart-authorization/src packages/cart-authorization/test packages/application/src packages/database/src packages/database/test packages/shopify/src packages/shopify/test packages/visualizer/src packages/observability/src packages/observability/test scripts/boundaries scripts/m1-functions/check-vector.test.ts scripts/m5-002 scripts/m5-003 scripts/m5-004 scripts/m5-005 scripts/m5-009 scripts/m5-010 scripts/m5-011 scripts/m5-012 scripts/m5-013 scripts/m5-015 scripts/m5-015r scripts/m5-016
apps/web/src/server/admin/production.ts:69:57 lint/style/useTemplate  FIXABLE  ━━━━━━━━━━━━━━━━━━━━━

  i Template literals are preferred over string concatenation.

    67 │   const appOrigin = required(env, 'APP_URL');
    68 │   const appId = env.INSIGNIA_SHOPIFY_APP_ID;
  > 69 │   const appGid = appId && /^[1-9][0-9]*$/.test(appId) ? 'gid://shopify/App/' + appId : null;
       │                                                         ^^^^^^^^^^^^^^^^^^^^^^^^^^^^
    70 │   const shopify = createAdminOnlineIdentity({ apiKey, apiSecret, hostName: new URL(appOrigin).host });
    71 │   const core = createDurableCore(databasePool ?? new Pool({ connectionString: databaseUrl }));

  i Unsafe fix: Use a template literal.

     67  67 │     const appOrigin = required(env, 'APP_URL');
     68  68 │     const appId = env.INSIGNIA_SHOPIFY_APP_ID;
     69     │ - ··const·appGid·=·appId·&&·/^[1-9][0-9]*$/.test(appId)·?·'gid://shopify/App/'·+·appId·:·null;
         69 │ + ··const·appGid·=·appId·&&·/^[1-9][0-9]*$/.test(appId)·?·`gid://shopify/App/${appId}`·:·null;
     70  70 │     const shopify = createAdminOnlineIdentity({ apiKey, apiSecret, hostName: new URL(appOrigin).host });
     71  71 │     const core = createDurableCore(databasePool ?? new Pool({ connectionString: databaseUrl }));


apps/web/src/server/admin/production.ts:89:54 lint/style/useTemplate  FIXABLE  ━━━━━━━━━━━━━━━━━━━━━

  i Template literals are preferred over string concatenation.

    87 │       installationGeneration: actor.installationGeneration,
    88 │     });
  > 89 │     if (!scope || scope.shopDomain !== actor.shop || 'gid://shopify/Shop/' + scope.shopifyShopId !== actor.shopId)
       │                                                      ^^^^^^^^^^^^^^^^^^^^^^^^^^^^^^^^^^^^^^^^^^^
    90 │       throw new Error('Admin installation changed');
    91 │   }

  i Unsafe fix: Use a template literal.

     87  87 │         installationGeneration: actor.installationGeneration,
     88  88 │       });
     89     │ - ····if·(!scope·||·scope.shopDomain·!==·actor.shop·||·'gid://shopify/Shop/'·+·scope.shopifyShopId·!==·actor.shopId)
         89 │ + ····if·(!scope·||·scope.shopDomain·!==·actor.shop·||·`gid://shopify/Shop/${scope.shopifyShopId}`·!==·actor.shopId)
     90  90 │         throw new Error('Admin installation changed');
     91  91 │     }


apps/web/src/server/admin/production.ts:214:51 lint/style/useTemplate  FIXABLE  ━━━━━━━━━━━━━━━━━━━━

  i Template literals are preferred over string concatenation.

    212 │           const provider = await shopify.readInstallation(online);
    213 │           const tenant = await core.tenants.getShopByDomain(provider.shop);
  > 214 │           if (!tenant || !tenant.shopifyShopId || 'gid://shopify/Shop/' + tenant.shopifyShopId !== provider.shopId)
        │                                                   ^^^^^^^^^^^^^^^^^^^^^^^^^^^^^^^^^^^^^^^^^^^^
    215 │             throw new Error('Tenant installation mismatch');
    216 │           const installed = await core.tenants.getCurrentAdminInstallation(tenant.shopId);

  i Unsafe fix: Use a template literal.

    212 212 │             const provider = await shopify.readInstallation(online);
    213 213 │             const tenant = await core.tenants.getShopByDomain(provider.shop);
    214     │ - ··········if·(!tenant·||·!tenant.shopifyShopId·||·'gid://shopify/Shop/'·+·tenant.shopifyShopId·!==·provider.shopId)
        214 │ + ··········if·(!tenant·||·!tenant.shopifyShopId·||·`gid://shopify/Shop/${tenant.shopifyShopId}`·!==·provider.shopId)
    215 215 │               throw new Error('Tenant installation mismatch');
    216 216 │             const installed = await core.tenants.getCurrentAdminInstallation(tenant.shopId);


apps/web/src/server/admin/auth.ts:48:48 lint/style/noNonNullAssertion ━━━━━━━━━━━━━━━━━━━━━━━━━━━━━━

  ! Forbidden non-null assertion.

    46 │     let identity: VerifiedAdminIdentity;
    47 │     try {
  > 48 │       identity = await port.verifySessionToken(match[1]!);
       │                                                ^^^^^^^^^
    49 │     } catch {
    50 │       return null;


apps/web/src/server/admin/auth.ts:61:50 lint/style/noNonNullAssertion ━━━━━━━━━━━━━━━━━━━━━━━━━━━━━━

  ! Forbidden non-null assertion.

    59 │     )
    60 │       return null;
  > 61 │     const grant = await port.exchangeOnlineGrant(match[1]!, identity);
       │                                                  ^^^^^^^^^
    62 │     if (
    63 │       grant.shop !== identity.shop ||


apps/web/src/server/admin/preview.ts:109:28 lint/style/noNonNullAssertion ━━━━━━━━━━━━━━━━━━━━━━━━━━

  ! Forbidden non-null assertion.

    107 │             .then((found) => (found ? project(found) : null)),
    108 │         );
  > 109 │       const result = await map.get(id)!;
        │                            ^^^^^^^^^^^^
    110 │       await active(actor);
    111 │       return result;


apps/web/src/server/admin/preview.ts:116:28 lint/style/noNonNullAssertion ━━━━━━━━━━━━━━━━━━━━━━━━━━

  ! Forbidden non-null assertion.

    114 │       await active(actor);
    115 │       if (!currencies.has(actor)) currencies.set(actor, reader(actor).shopCurrency());
  > 116 │       const result = await currencies.get(actor)!;
        │                            ^^^^^^^^^^^^^^^^^^^^^^
    117 │       await active(actor);
    118 │       return result;


apps/web/src/server/admin/preview.ts:163:34 lint/style/noNonNullAssertion ━━━━━━━━━━━━━━━━━━━━━━━━━━

  ! Forbidden non-null assertion.

    161 │                   shopId: randomUUID(),
    162 │                   shopDomain: shop,
  > 163 │                   shopifyShopId: shopId.split('/').at(-1)!,
        │                                  ^^^^^^^^^^^^^^^^^^^^^^^^^
    164 │                   externalInstallationId: provider.installationId,
    165 │                 }),


apps/web/src/server/admin/preview.ts:223:26 lint/style/noNonNullAssertion ━━━━━━━━━━━━━━━━━━━━━━━━━━

  ! Forbidden non-null assertion.

    221 │                   installationGeneration: bound.installationGeneration,
    222 │                   shopifyShopId: shopId,
  > 223 │                   appId: env.INSIGNIA_M5_002_APP_RESOURCE!,
        │                          ^^^^^^^^^^^^^^^^^^^^^^^^^^^^^^^^^
    224 │                 },
    225 │                 {


apps/web/src/server/admin/preview.ts:227:46 lint/style/noNonNullAssertion ━━━━━━━━━━━━━━━━━━━━━━━━━━

  ! Forbidden non-null assertion.

    225 │                 {
    226 │                   appKey: client,
  > 227 │                   transformInputQuerySha256: env.INSIGNIA_M5_002_TRANSFORM_QUERY_HASH!,
        │                                              ^^^^^^^^^^^^^^^^^^^^^^^^^^^^^^^^^^^^^^^^^
    228 │                   validationInputQuerySha256: env.INSIGNIA_M5_002_VALIDATION_QUERY_HASH!,
    229 │                 },


apps/web/src/server/admin/preview.ts:228:47 lint/style/noNonNullAssertion ━━━━━━━━━━━━━━━━━━━━━━━━━━

  ! Forbidden non-null assertion.

    226 │                   appKey: client,
    227 │                   transformInputQuerySha256: env.INSIGNIA_M5_002_TRANSFORM_QUERY_HASH!,
  > 228 │                   validationInputQuerySha256: env.INSIGNIA_M5_002_VALIDATION_QUERY_HASH!,
        │                                               ^^^^^^^^^^^^^^^^^^^^^^^^^^^^^^^^^^^^^^^^^^
    229 │                 },
    230 │               );


apps/web/src/server/admin/production.ts:214:15 lint/complexity/useOptionalChain  FIXABLE  ━━━━━━━━━━

  ! Change to an optional chain.

    212 │           const provider = await shopify.readInstallation(online);
    213 │           const tenant = await core.tenants.getShopByDomain(provider.shop);
  > 214 │           if (!tenant || !tenant.shopifyShopId || 'gid://shopify/Shop/' + tenant.shopifyShopId !== provider.shopId)
        │               ^^^^^^^^^^^^^^^^^^^^^^^^^^^^^^^^
    215 │             throw new Error('Tenant installation mismatch');
    216 │           const installed = await core.tenants.getCurrentAdminInstallation(tenant.shopId);

  i Unsafe fix: Change to an optional chain.

    212 212 │             const provider = await shopify.readInstallation(online);
    213 213 │             const tenant = await core.tenants.getShopByDomain(provider.shop);
    214     │ - ··········if·(!tenant·||·!tenant.shopifyShopId·||·'gid://shopify/Shop/'·+·tenant.shopifyShopId·!==·provider.shopId)
        214 │ + ··········if·(!tenant?.shopifyShopId·||·'gid://shopify/Shop/'·+·tenant.shopifyShopId·!==·provider.shopId)
    215 215 │               throw new Error('Tenant installation mismatch');
    216 216 │             const installed = await core.tenants.getCurrentAdminInstallation(tenant.shopId);


apps/web/src/server/merchant-config.ts:123:28 lint/style/noNonNullAssertion ━━━━━━━━━━━━━━━━━━━━━━━━

  ! Forbidden non-null assertion.

    121 │         option.allowedValueIds.flatMap((id) => {
    122 │           const label = oldLabels?.[id];
  > 123 │           return label ? [[values.get(id)!, label]] : [];
        │                            ^^^^^^^^^^^^^^^
    124 │         }),
    125 │       );


apps/web/src/server/merchant-config.ts:126:47 lint/style/noNonNullAssertion ━━━━━━━━━━━━━━━━━━━━━━━━

  ! Forbidden non-null assertion.

    124 │         }),
    125 │       );
  > 126 │       return Object.keys(remapped).length ? [[options.get(option.id)!, remapped]] : [];
        │                                               ^^^^^^^^^^^^^^^^^^^^^^^
    127 │     }),
    128 │   );


apps/web/src/server/merchant-config.ts:132:50 lint/style/noNonNullAssertion ━━━━━━━━━━━━━━━━━━━━━━━━

  ! Forbidden non-null assertion.

    130 │     ...source,
    131 │     labels,
  > 132 │     methods: source.methods.map((item) => ({ id: methods.get(item.id)! })),
        │                                                  ^^^^^^^^^^^^^^^^^^^^^
    133 │     placements: source.placements.map((item) => ({
    134 │       ...item,


apps/web/src/server/merchant-config.ts:135:11 lint/style/noNonNullAssertion ━━━━━━━━━━━━━━━━━━━━━━━━

  ! Forbidden non-null assertion.

    133 │     placements: source.placements.map((item) => ({
    134 │       ...item,
  > 135 │       id: placements.get(item.id)!,
        │           ^^^^^^^^^^^^^^^^^^^^^^^^
    136 │       allowedMethodIds: item.allowedMethodIds.map((id) => methods.get(id)!),
    137 │       allowedStepIds: item.allowedStepIds.map((id) => steps.get(id)!),


apps/web/src/server/merchant-config.ts:136:59 lint/style/noNonNullAssertion ━━━━━━━━━━━━━━━━━━━━━━━━

  ! Forbidden non-null assertion.

    134 │       ...item,
    135 │       id: placements.get(item.id)!,
  > 136 │       allowedMethodIds: item.allowedMethodIds.map((id) => methods.get(id)!),
        │                                                           ^^^^^^^^^^^^^^^^
    137 │       allowedStepIds: item.allowedStepIds.map((id) => steps.get(id)!),
    138 │     })),


apps/web/src/server/merchant-config.ts:137:55 lint/style/noNonNullAssertion ━━━━━━━━━━━━━━━━━━━━━━━━

  ! Forbidden non-null assertion.

    135 │       id: placements.get(item.id)!,
    136 │       allowedMethodIds: item.allowedMethodIds.map((id) => methods.get(id)!),
  > 137 │       allowedStepIds: item.allowedStepIds.map((id) => steps.get(id)!),
        │                                                       ^^^^^^^^^^^^^^
    138 │     })),
    139 │     productionOptions: source.productionOptions.map((item) => ({


apps/web/src/server/merchant-config.ts:140:11 lint/style/noNonNullAssertion ━━━━━━━━━━━━━━━━━━━━━━━━

  ! Forbidden non-null assertion.

    138 │     })),
    139 │     productionOptions: source.productionOptions.map((item) => ({
  > 140 │       id: options.get(item.id)!,
        │           ^^^^^^^^^^^^^^^^^^^^^
    141 │       allowedValueIds: item.allowedValueIds.map((id) => values.get(id)!),
    142 │     })),


apps/web/src/server/merchant-config.ts:141:57 lint/style/noNonNullAssertion ━━━━━━━━━━━━━━━━━━━━━━━━

  ! Forbidden non-null assertion.

    139 │     productionOptions: source.productionOptions.map((item) => ({
    140 │       id: options.get(item.id)!,
  > 141 │       allowedValueIds: item.allowedValueIds.map((id) => values.get(id)!),
        │                                                         ^^^^^^^^^^^^^^^
    142 │     })),
    143 │     pricingRules: source.pricingRules.map((rule) => ({


The number of diagnostics exceeds the limit allowed. Use --max-diagnostics to increase it.
Diagnostics not shown: 125.
Checked 271 files in 521ms. No fixes applied.
Found 62 warnings.
Found 83 infos.
$ corepack pnpm -r --filter './packages/**' build && corepack pnpm -r --filter './apps/**' build
packages/cart-authorization build$ tsc -p tsconfig.json
packages/contracts build$ tsc -p tsconfig.json
packages/domain build$ tsc -p tsconfig.json
packages/observability build$ tsc -p tsconfig.json
packages/domain build: Done
packages/visualizer build$ tsc -p tsconfig.json
packages/contracts build: Done
packages/application build$ tsc -p tsconfig.json
packages/cart-authorization build: Done
packages/observability build: Done
packages/visualizer build: Done
packages/application build: Done
packages/shopify build$ tsc -p tsconfig.json
packages/shopify build: Done
packages/database build$ tsc -p tsconfig.json
packages/database build: Done
apps/storefront build$ tsc --noEmit && vite build && node scripts/copy-theme-asset.mjs
apps/worker build$ tsc -p tsconfig.json
apps/storefront build: vite v8.3.1 building client environment for production...
apps/storefront build: transforming...
apps/storefront build: ✓ 5 modules transformed.
apps/storefront build: rendering chunks...
apps/storefront build: computing gzip size...
apps/storefront build: dist/insignia-storefront.js  14.03 kB │ gzip: 5.93 kB
apps/storefront build:
apps/storefront build: ✓ built in 45ms
apps/storefront build: Done
apps/worker build: Done
apps/web build$ astro check && astro build
apps/web build: 00:07:08 [@astrojs/node] Enabling sessions with filesystem storage
apps/web build: 00:07:08 [types] Generated 66ms
apps/web build: 00:07:08 [check] Getting diagnostics for Astro files in /home/serveradmin/insignia-m5-016-worktree/apps/web...
apps/web build: Result (28 files):
apps/web build: - 0 errors
apps/web build: - 0 warnings
apps/web build: - 0 hints
apps/web build:
apps/web build: 00:07:13 [@astrojs/node] Enabling sessions with filesystem storage
apps/web build: 00:07:13 [types] Generated 67ms
apps/web build: 00:07:13 [build] output: "server"
apps/web build: 00:07:13 [build] mode: "server"
apps/web build: 00:07:13 [build] directory: /home/serveradmin/insignia-m5-016-worktree/apps/web/dist/
apps/web build: 00:07:13 [build] adapter: @astrojs/node
apps/web build: 00:07:13 [build] Collecting build info...
apps/web build: 00:07:13 [build] ✓ Completed in 106ms.
apps/web build: 00:07:13 [build] Building server entrypoints...
apps/web build: 00:07:14 [vite] ✓ built in 217ms
apps/web build: 00:07:15 [vite] ✓ built in 1.96s
apps/web build: 00:07:16 [vite] ✓ built in 292ms
apps/web build: 00:07:16 [build] Rearranging server assets...
apps/web build: 00:07:16 [build] ✓ Completed in 2.54s.
apps/web build: 00:07:16 [build] Server built in 2.65s
apps/web build: 00:07:16 [build] Complete!
apps/web build: Done
$ corepack pnpm --filter @insignia/domain test && corepack pnpm --filter @insignia/contracts test && corepack pnpm --filter @insignia/visualizer test && corepack pnpm --filter @insignia/cart-authorization test && corepack pnpm --filter @insignia/application test && corepack pnpm --filter @insignia/shopify test && corepack pnpm --filter @insignia/observability test && corepack pnpm --filter @insignia/worker test
$ vitest run

 RUN  v5.0.2 /home/serveradmin/insignia-m5-016-worktree/packages/domain


 Test Files  5 passed (5)
      Tests  26 passed (26)
   Start at  00:07:16
   Duration  635ms (transform 47%, tests 38%, import 12%, worker 3%)

$ vitest run

 RUN  v5.0.2 /home/serveradmin/insignia-m5-016-worktree/packages/contracts


 Test Files  2 passed (2)
      Tests  6 passed (6)
   Start at  00:07:18
   Duration  368ms (import 61%, transform 27%, tests 8%, worker 3%)

$ vitest run

 RUN  v5.0.2 /home/serveradmin/insignia-m5-016-worktree/packages/visualizer


 Test Files  2 passed (2)
      Tests  9 passed (9)
   Start at  00:07:19
   Duration  290ms (transform 54%, tests 25%, import 17%, worker 4%)

$ node --experimental-strip-types --test test/*.test.ts
✔ hard subset bounds and untrusted ordinary-line hints (2.339304ms)
✔ 33 buckets are refused before the signer is called (0.423092ms)
✔ every admitted code matches the versioned matrix and unknown/digital values reject (12.975826ms)
✔ production-generated carriers decode, conserve and verify for every complete set (6.823559ms)
✔ PostgreSQL-persisted negative adjustment has exact signed quote and member economics (1.178946ms)
✔ versioned 33-bucket vector rejects before any signing call (0.478507ms)
✔ production decoder and signature bytes preserve the independent v2 wire literal (5.311095ms)
✔ injected synthetic Ed25519 signer covers the complete set and three-day key window (2.927257ms)
✔ invalid window or set refuses signing and noncanonical carrier refuses decoding (0.568761ms)
ℹ tests 9
ℹ suites 0
ℹ pass 9
ℹ fail 0
ℹ cancelled 0
ℹ skipped 0
ℹ todo 0
ℹ duration_ms 198.363458
$ vitest run

 RUN  v5.0.2 /home/serveradmin/insignia-m5-016-worktree/packages/application


 Test Files  15 passed (15)
      Tests  180 passed (180)
   Start at  00:07:20
   Duration  1.47s (transform 41%, import 36%, tests 20%, worker 3%)

    Isolate  15 workers spawned · ~124ms startup each (spawn + environment, per file)
             at least ~497ms faster with isolate: false — reuses workers across files instead of one per file

$ vitest run

 RUN  v5.0.2 /home/serveradmin/insignia-m5-016-worktree/packages/shopify


 Test Files  13 passed (13)
      Tests  267 passed (267)
   Start at  00:07:22
   Duration  1.61s (tests 62%, transform 20%, import 16%, worker 2%)

    Isolate  13 workers spawned · ~119ms startup each (spawn + environment, per file)
             at least ~397ms faster with isolate: false — reuses workers across files instead of one per file

$ node --test test/*.test.mjs
✔ structured runtime events cannot emit arbitrary payload or credential fields (4.783669ms)
✔ metric labels are fixed outcomes and never contain tenant or delivery IDs (2.61072ms)
ℹ tests 2
ℹ suites 0
ℹ pass 2
ℹ fail 0
ℹ cancelled 0
ℹ skipped 0
ℹ todo 0
ℹ duration_ms 125.363374
$ node --test test/*.test.mjs
✔ current and previous synthetic wrapping keys remain available by ID (2.338038ms)
﹣ PostgreSQL claim retries the old refresh token after a lost response and fences stale replacement (0.971358ms) # SKIP
✔ diagnostic decodes and derives synthetic pixels without claiming durable readiness (14.325892ms)
✔ liveness stays separate from durable readiness; loopback metrics expose bounded outcomes (57.893067ms)
﹣ PostgreSQL pg-boss starts, retries, settles and replays after restart (0.999197ms) # SKIP
﹣ pg-boss retry after committed uninstall retains one deactivation and one inbox fact (0.186533ms) # SKIP
✔ process starts queues and workers before readiness; stop makes readiness unavailable (41.834637ms)
✔ startup failure closes a started queue without reporting readiness (1.464024ms)
{"level":30,"time":1791331644831,"event":"worker_started"}
{"level":30,"time":1791331644835,"event":"worker_started"}
{"level":30,"time":1791331644837,"event":"worker_started"}
{"level":30,"time":1791331644840,"event":"worker_started"}
{"level":30,"time":1791331644840,"event":"worker_started"}
{"level":30,"time":1791331644841,"event":"worker_started"}
✔ enqueue confirms exact inbox identity, including completed job replay (7.079534ms)
✔ null send without same persisted job is retryable, never an acknowledgement (1.538415ms)
✔ workers pass IDs only to injected durable handlers; failed attempt retries safely (2.753558ms)
✔ invalid job body and identity fail closed without invoking application (0.856593ms)
✔ enabled worker refuses missing credential-key configuration and stays not ready (0.69755ms)
✔ refresh claim contention is retried rather than silently completing its job (1.202533ms)
{"level":30,"time":1791331644832,"event":"webhook_enqueued","inboxId":"78beca98-11d2-4447-baed-2128c15a5cca"}
{"level":30,"time":1791331644833,"event":"worker_stopped"}
{"level":50,"time":1791331644838,"event":"webhook_process_failed","inboxId":"fa7e96db-0f72-4798-9109-add14115b28c","errorClass":"ProcessingError","attempt":0}
{"level":30,"time":1791331644838,"event":"webhook_process_ok","inboxId":"fa7e96db-0f72-4798-9109-add14115b28c","attempt":1}
{"level":30,"time":1791331644838,"event":"refresh_process_ok","shopId":"02f232f0-c12a-4cde-90be-8dde63e3723a","attempt":0}
{"level":30,"time":1791331644839,"event":"worker_stopped"}
{"level":50,"time":1791331644840,"event":"webhook_process_failed","inboxId":"cecf0ae2-849b-42aa-92ad-107b5cbaa46c","errorClass":"ProcessingError","attempt":0}
{"level":30,"time":1791331644841,"event":"worker_stopped"}
{"level":50,"time":1791331644842,"event":"refresh_process_failed","errorClass":"RefreshError","attempt":0}
{"level":30,"time":1791331644842,"event":"worker_stopped"}
﹣ configured worker serves liveness and durable readiness, then closes on SIGTERM (0.990067ms) # SKIP
ℹ tests 15
ℹ suites 0
ℹ pass 11
ℹ fail 0
ℹ cancelled 0
ℹ skipped 4
ℹ todo 0
ℹ duration_ms 609.816667
$ node --test scripts/m5-002/read-register.test.mjs scripts/m5-002/built-runtime.test.mjs && node --test scripts/m5-004/operator.test.mjs scripts/m5-009/operator.test.mjs scripts/m5-010/operator.test.mjs scripts/m5-010/binding.test.mjs scripts/m5-010/native-actions.test.mjs && node --test scripts/m5-005/diagnostic.test.mjs && node --test scripts/m5-011/operator.test.mjs scripts/m5-011/binding.test.mjs && node --test scripts/m5-012/operator.test.mjs scripts/m5-012/binding.test.mjs && node --test scripts/m5-013/operator.test.mjs scripts/m5-013/binding.test.mjs scripts/m5-015/*.test.mjs scripts/m5-015r/*.test.mjs && node --test scripts/m5-016/*.test.mjs
✔ complete built server reproduces CLI development-mode CSP rejection (253.551972ms)
✔ actual launcher runtime preparation admits built hydration without widening CSP (210.375616ms)
✔ actual launcher register reserves durably before synthetic fetch, serializes and denies extra attempts (74.154777ms)
✔ exact SDK online exchange is counted per attempt; mutations, wrong targets and other token/event routes never send (1.962108ms)
✔ ambiguous or inflated history stops before any send (0.469218ms)
✔ one-shot loss applies only after a committed local save and never changes transport counts (1.652657ms)
ℹ tests 6
ℹ suites 0
ℹ pass 6
ℹ fail 0
ℹ cancelled 0
ℹ skipped 0
ℹ todo 0
ℹ duration_ms 544.073633
✔ actual HTTP attempts are durably reserved before dispatch (10.681418ms)
✔ captured M5-004 empty grants stop the actual public workflow before any fixture write (6.983742ms)
✔ fixed targets/documents/variables reject unrelated writes and extra payload before actual HTTP (4.721855ms)
✔ normal reserves cannot consume final 12 reads/3 updates; all attempts count, one lock and one create (209.334498ms)
✔ naturally lost mutation response stops all later writes and cleanup across reopen; no automatic retry (2.733389ms)
✔ real routing identity, nine retained grants and complete empty publication history are mandatory (2.643922ms)
✔ auth exact app/route counts3 and never persists synthetic secret or returned token (1.779817ms)
✔ missing/corrupt history never reinitializes or sends (0.692879ms)
✔ offline gate prevents even credential loading (0.522344ms)
✔ full qualification reuses unchanged actual status/catalog adapters, fresh-process hold reload and drift refusal (544.008192ms)
✔ complete workflow stops on changed installation; no manufacture or unsafe cleanup (22.346189ms)
✔ complete workflow stops on unexpected exposure; no manufacture or unsafe cleanup (22.521827ms)
✔ complete workflow stops on visibility mismatch; no manufacture or unsafe cleanup (169.425942ms)
✔ complete workflow stops on natural lost response; no manufacture or unsafe cleanup (108.93428ms)
✔ complete workflow stops on metadata drift; no manufacture or unsafe cleanup (24.833455ms)
✔ complete workflow stops on malformed success; no manufacture or unsafe cleanup (99.039818ms)
✔ live register is canonical; synthetic initialization rejects unsafe directories and lost history (0.687049ms)
✔ malformed/unsuccessful mutation responses stay unknown; only valid explicit rejection permits finalization (5.908327ms)
✔ lock cannot release while late HTTP/body work can still persist history (1.18059ms)
✔ acknowledged fixture metadata baseline rejects added tags or changed creation identity (1.261719ms)
✔ actual adapter HTTP/GraphQL outcomes survive bounded transport and sanitized response replay (12.105265ms)
✔ foreign live root and stale register binding cannot reach credential loading (20.797591ms)
✔ gate rejects incomplete CI and unbound review receipts even when every supplied workflow is green (27.935829ms)
✔ complete source/build/review/CI gate accepts bound receipts and rejects omissions, stale refs or altered evidence (88.544764ms)
✔ actual adapter user-error failure remains identical when replayed from sanitized mutation evidence (4.448998ms)
✔ malformed success userErrors cannot acknowledge a status mutation or allow cleanup (4.688554ms)
✔ actual availability missing/oversized bodies keep direct/wrapped/replayed shape errors (5.426779ms)
✔ catalog receives original bounded UTF8 bytes and provenance hashes the bytes, not replacement text (2.540228ms)
✔ failed catalog preserves actual normalized results before STOP (257.407279ms)
✔ failed drift preserves actual normalized results before STOP (486.201585ms)
✔ availability preserves its lossy UTF8 semantics while catalog rejects the same original bad bytes (2.263516ms)
✔ reopening a finished run preserves exact normalized evidence and refuses before credential loading (466.978827ms)
✔ catalog successful non200 keeps direct/wrapped/replayed body semantics (1.930439ms)
✔ current product capability accepts write_products without the obsolete nine grants (1.628797ms)
✔ legacy exact-nine guard stays unchanged while successor records current additional grants (3.532176ms)
✔ successor rejects absent capability, malformed grants and every wrong routing identity (1.046616ms)
✔ successor rejects the legacy canonical live directory before writing and cannot reopen legacy history (1.041683ms)
✔ successor documents, request ceilings, ownership, settlement and shared matrix stay source-identical (12.725577ms)
✔ fresh complete successor workflow uses real adapters, current product grants, persisted holds and unchanged matrix (984.579672ms)
✔ public successor workflow stops on missing capability without unsafe cleanup or retries (2.224585ms)
✔ public successor workflow stops on wrong identity without unsafe cleanup or retries (1.975928ms)
✔ public successor workflow stops on lost status acknowledgement without unsafe cleanup or retries (74.592478ms)
✔ successor live entry refuses incomplete gate before the protected credential route (30.586764ms)
✔ successor gate binds its own tree, directory, exact source and independent review/CI receipts (105.992155ms)
✔ captured live publication-field denial stops create settlement and never permits status finalization (4.546685ms)
✔ successor gate binds its own tree, directory, exact source and independent review/CI receipts (130.659096ms)
✔ native release and two-scope consent are durable one-use operations with dependency and ambiguity stops (6.506827ms)
✔ native successful sequence closes after exactly one release/request/approval and rejects reset reservation history (2.9134ms)
✔ 010 requires all publication/product capabilities and permits additional well formed grants (3.823557ms)
✔ 010 denies normal fresh create until fixed predecessor has been safely resolved (3.212823ms)
✔ complete absent predecessor lookup permits one fresh create and retains resolution independently (9.822393ms)
✔ owned unpublished ARCHIVED predecessor requires exact archived readback before fresh create (6.27055ms)
✔ owned unpublished DRAFT predecessor requires exact archived readback before fresh create (5.487709ms)
✔ owned unpublished ACTIVE predecessor requires exact archived readback before fresh create (5.856253ms)
✔ owned unpublished UNLISTED predecessor requires exact archived readback before fresh create (7.402006ms)
✔ predecessor multiple stops without any mutation or second lookup (2.569424ms)
✔ predecessor partial next stops without any mutation or second lookup (1.565207ms)
✔ predecessor partial previous stops without any mutation or second lookup (2.731387ms)
✔ predecessor missing page info stops without any mutation or second lookup (1.605433ms)
✔ predecessor missing nodes stops without any mutation or second lookup (1.378007ms)
✔ predecessor invalid product id stops without any mutation or second lookup (1.445899ms)
✔ predecessor wrong type stops without any mutation or second lookup (1.355765ms)
✔ predecessor wrong handle stops without any mutation or second lookup (1.350247ms)
✔ predecessor wrong title stops without any mutation or second lookup (1.392265ms)
✔ predecessor wrong tag stops without any mutation or second lookup (1.400463ms)
✔ predecessor too early creation stops without any mutation or second lookup (1.362578ms)
✔ predecessor invalid creation stops without any mutation or second lookup (1.352591ms)
✔ predecessor future creation stops without any mutation or second lookup (1.382386ms)
✔ predecessor published stops without any mutation or second lookup (1.357592ms)
✔ predecessor store url stops without any mutation or second lookup (1.4504ms)
✔ predecessor publication membership stops without any mutation or second lookup (1.383968ms)
✔ predecessor resource partial stops without any mutation or second lookup (1.609818ms)
✔ predecessor unpublished partial stops without any mutation or second lookup (2.09342ms)
✔ predecessor missing publications stops without any mutation or second lookup (1.360513ms)
✔ predecessor unsupported status stops without any mutation or second lookup (1.51531ms)
✔ predecessor lookup transport retains stop and never retries or creates (1.500208ms)
✔ predecessor lookup stream failure retains stop and never retries or creates (2.04966ms)
✔ predecessor lookup invalid utf8 retains stop and never retries or creates (1.915497ms)
✔ predecessor lookup http retains stop and never retries or creates (1.339101ms)
✔ predecessor lookup missing body retains stop and never retries or creates (1.954081ms)
✔ predecessor lookup invalid json retains stop and never retries or creates (1.641728ms)
✔ predecessor lookup oversized retains stop and never retries or creates (2.38211ms)
✔ predecessor lookup graphql permission retains stop and never retries or creates (1.752098ms)
✔ predecessor lookup partial graphql data retains stop and never retries or creates (2.014577ms)
✔ predecessor lookup mutation rejected retains stop and never retries or creates (2.243501ms)
✔ predecessor archive transport retains stop and never retries or creates (2.033841ms)
✔ predecessor archive stream failure retains stop and never retries or creates (2.026477ms)
✔ predecessor archive invalid utf8 retains stop and never retries or creates (2.499313ms)
✔ predecessor archive http retains stop and never retries or creates (2.142819ms)
✔ predecessor archive missing body retains stop and never retries or creates (2.292118ms)
✔ predecessor archive invalid json retains stop and never retries or creates (2.246153ms)
✔ predecessor archive oversized retains stop and never retries or creates (2.918775ms)
✔ predecessor archive graphql permission retains stop and never retries or creates (2.02882ms)
✔ predecessor archive partial graphql data retains stop and never retries or creates (2.06016ms)
✔ predecessor archive mutation rejected retains stop and never retries or creates (2.132797ms)
✔ predecessor readback transport retains stop and never retries or creates (3.109671ms)
✔ predecessor readback stream failure retains stop and never retries or creates (12.151367ms)
✔ predecessor readback invalid utf8 retains stop and never retries or creates (6.435591ms)
✔ predecessor readback http retains stop and never retries or creates (2.335019ms)
✔ predecessor readback missing body retains stop and never retries or creates (2.228568ms)
✔ predecessor readback invalid json retains stop and never retries or creates (2.314835ms)
✔ predecessor readback oversized retains stop and never retries or creates (3.03457ms)
✔ predecessor readback graphql permission retains stop and never retries or creates (3.530008ms)
✔ predecessor readback partial graphql data retains stop and never retries or creates (2.510321ms)
✔ predecessor readback mutation rejected retains stop and never retries or creates (2.350786ms)
✔ archive wrong id cannot resolve predecessor (2.018144ms)
✔ archive wrong metadata cannot resolve predecessor (1.620255ms)
✔ archive wrong status cannot resolve predecessor (1.545288ms)
✔ archive exposed cannot resolve predecessor (1.609164ms)
✔ readback wrong id cannot resolve predecessor (2.128227ms)
✔ readback wrong metadata cannot resolve predecessor (2.262182ms)
✔ readback wrong status cannot resolve predecessor (2.05811ms)
✔ readback exposed cannot resolve predecessor (2.436877ms)
✔ public qualification resolves absent predecessor then runs unchanged real adapter matrix (492.315969ms)
✔ public qualification resolves ARCHIVED predecessor then runs unchanged real adapter matrix (467.11718ms)
✔ public qualification resolves ACTIVE predecessor then runs unchanged real adapter matrix (438.159126ms)
✔ fixed predecessor search and status-only allowance cannot be caller substituted (1.606311ms)
✔ reload retains predecessor FOUND, independent identity and one archival reservation (1.814015ms)
✔ reload retains predecessor ARCHIVE_ACKNOWLEDGED, independent identity and one archival reservation (2.173243ms)
✔ reload retains predecessor ARCHIVED_VERIFIED, independent identity and one archival reservation (2.406939ms)
✔ reload retains predecessor STOPPED, independent identity and one archival reservation (1.973172ms)
✔ reload retains predecessor ABSENT, independent identity and one archival reservation (1.23242ms)
✔ reopening refuses forged safe resolution or a retained lookup for a substituted marker (1.923228ms)
✔ serialized archive and readback attempts reserve actual HTTP once and never share the matrix allowance (3.225369ms)
✔ predecessor lookup consumes normal read ceiling and auth remains bounded at three (67.593382ms)
✔ public qualification stops on missing read_publications with no blind retry (1.787281ms)
✔ public qualification stops on wrong identity with no blind retry (1.520469ms)
✔ public qualification stops on predecessor permission failure with no blind retry (2.130635ms)
✔ public qualification stops on fresh create unknown with no blind retry (4.197865ms)
✔ public qualification stops on fresh adapter update unknown with no blind retry (70.746318ms)
✔ 010 cannot reopen closed-profile histories and synthetic qualification rejects every canonical live directory (31.035745ms)
✔ archival permission expiring during durable reservation consumes allowance without HTTP or retry (2.051409ms)
✔ pending predecessor HTTP retains exclusive lock and prevents early operator closure (1.259892ms)
✔ public qualification stops before fresh create after ACTIVE predecessor archive failure (2.904367ms)
✔ public qualification stops before fresh create after ACTIVE predecessor readback failure (3.429094ms)
✔ public qualification stops before fresh create after ARCHIVED predecessor readback failure (2.745992ms)
ℹ tests 136
ℹ suites 0
ℹ pass 136
ℹ fail 0
ℹ cancelled 0
ℹ skipped 0
ℹ todo 0
ℹ duration_ms 2892.016668
✔ one actual diagnostic sequence keeps empty installation distinct from nonempty token/REST/declarations (10.54633ms)
✔ partial stream failure is UNKNOWN and cannot allow a later independent read (2.96443ms)
✔ permission/shape metadata error does not become an empty grant agreement (2.885844ms)
✔ metadata shape failure still permits the independent REST read (2.010277ms)
✔ public sequence preserves missing installation/REST scope semantics (2.122448ms)
✔ public sequence preserves null installation/REST scope semantics (1.8482ms)
✔ public sequence preserves empty installation/REST scope semantics (1.762042ms)
✔ public sequence preserves wrong-type installation/REST scope semantics (1.585229ms)
✔ public sequence preserves duplicates installation/REST scope semantics (3.715541ms)
✔ public sequence preserves bad-handle installation/REST scope semantics (1.926758ms)
✔ token missing is recorded separately without preventing identity verification (1.726253ms)
✔ token null is recorded separately without preventing identity verification (1.511885ms)
✔ token empty is recorded separately without preventing identity verification (1.518242ms)
✔ token wrong-type is recorded separately without preventing identity verification (1.39291ms)
✔ token duplicate is recorded separately without preventing identity verification (1.447711ms)
✔ token bad-handle is recorded separately without preventing identity verification (1.460629ms)
✔ wrong shop identity stops after exactly two attempts (1.207644ms)
✔ wrong domain identity stops after exactly two attempts (0.898197ms)
✔ wrong app identity stops after exactly two attempts (0.993ms)
✔ wrong client identity stops after exactly two attempts (0.917212ms)
✔ wrong installation identity stops after exactly two attempts (0.91118ms)
✔ wrong development identity stops after exactly two attempts (0.898219ms)
✔ explicit mismatched declared identity stops before REST (1.265801ms)
✔ token-invalid metadata response stops all later work (1.25157ms)
✔ offline unvalidated metadata is NOT_RUN without live document fallback (1.197193ms)
✔ unvalidated identity document stops before credential access (0.416016ms)
✔ actual entrypoint prevents host dispatch (0.94663ms)
✔ actual entrypoint prevents API dispatch (0.789986ms)
✔ actual entrypoint prevents method dispatch (0.78582ms)
✔ actual entrypoint prevents document dispatch (0.913641ms)
✔ actual entrypoint prevents mutation dispatch (0.827409ms)
✔ actual entrypoint prevents variables dispatch (0.81382ms)
✔ fixed REST GET prevents query (1.786092ms)
✔ fixed REST GET prevents body (1.544606ms)
✔ canonical history cannot be reopened, exhausted, corrupted or reset after loss (2.50401ms)
✔ expired credential preparation never dispatches a late HTTP call and retains pending lock (34.15556ms)
✔ ignored abort and late HTTP completion remain UNKNOWN with no later request or evidence rewrite (1023.440989ms)
✔ metadata oversized is shape evidence and allows independent REST (5.169456ms)
✔ metadata invalid-UTF8 is shape evidence and allows independent REST (1.487371ms)
✔ metadata invalid-JSON is shape evidence and allows independent REST (1.486785ms)
✔ metadata missing-body is shape evidence and allows independent REST (1.405567ms)
✔ unusable authentication never authorizes a read (0.700569ms)
✔ unusable authentication never authorizes a read (0.602305ms)
✔ unusable authentication never authorizes a read (0.590475ms)
✔ synthetic entry cannot override its mode to admit a nonsynthetic bearer (0.758099ms)
✔ pinned documented fields validate both exact documents and reject mutation/extra/unknown syntax (0.657945ms)
✔ live entrypoint rejects an unbound offline gate before owner credential metadata (25.950785ms)
✔ complete source/CI/review gate accepts exact receipts and rejects omitted/stale/altered evidence (90.191788ms)
✔ captured four-surface empty scope result replays through the public sequence without authorizing repair (2.138539ms)
ℹ tests 49
ℹ suites 0
ℹ pass 49
ℹ fail 0
ℹ cancelled 0
ℹ skipped 0
ℹ todo 0
ℹ duration_ms 1484.134715
✔ source gate requires two fresh high-effort reviews and every workflow on the frozen source (4.677517ms)
✔ full source binding includes the inherited internal Rust links without following external symlinks (242.875297ms)
✔ exact historical ownership accepts the fixed fixture and rejects an alternate target (2.060926ms)
✔ actual production acquire reports legacy membership conflict; V2 adjudication archives the owned fixture once (42.764977ms)
✔ ownership stops before any status mutation (3.000811ms)
✔ incomplete resourcePublications stops before any status mutation (2.72652ms)
✔ incomplete unpublishedPublications stops before any status mutation (3.135949ms)
✔ incomplete APP stops before any status mutation (4.217318ms)
✔ incomplete MARKET stops before any status mutation (7.5794ms)
✔ incomplete COMPANY_LOCATION stops before any status mutation (5.018524ms)
✔ incomplete NONE stops before any status mutation (5.538109ms)
✔ missing read scope stops before any status mutation (1.586846ms)
✔ initial DRAFT drift stops before any status mutation (5.801599ms)
✔ cross-partition version drift stops before any status mutation (3.232013ms)
✔ observed required grant loss in adapter read stops before any status mutation (8.867128ms)
✔ lost DRAFT acknowledgement never retries or archives (15.258166ms)
✔ DRAFT readback failure never retries or archives (10.66433ms)
✔ post-DRAFT ownership drift never retries or archives (12.474344ms)
✔ post-DRAFT partition drift never retries or archives (15.716666ms)
✔ different V2 behavior is classified from evidence without assuming staged membership (19.329014ms)
✔ ambiguous archive has exactly one bounded final observation and no resend (20.461333ms)
✔ newly appearing DRAFT V2 membership is not described as retained from ACTIVE (19.598605ms)
✔ acknowledgement/readback version drift stops before any post-DRAFT projection or cleanup (11.065373ms)
✔ concrete Shopify AppCatalog metadata permits the fixed adjudication (19.915773ms)
✔ concrete Shopify MarketCatalog metadata permits the fixed adjudication (20.303636ms)
✔ concrete Shopify CompanyLocationCatalog metadata permits the fixed adjudication (17.99453ms)
✔ catalog typename and global ID mismatch stops before any status mutation (5.84597ms)
✔ wrapped production failure preserves {"userError":true} (14.206208ms)
✔ wrapped production failure preserves {"adapterFailure":"http403"} (6.845005ms)
✔ wrapped production failure preserves {"adapterFailure":"graphql"} (6.840599ms)
✔ wrapped production failure preserves {"adapterFailure":"invalidJSON"} (7.089037ms)
✔ wrapped production failure preserves {"adapterFailure":"missingBody"} (7.61477ms)
✔ wrapped production failure preserves {"adapterFailure":"badScopes"} (6.950428ms)
✔ wrapped production failure preserves {"adapterFailure":"badNodes"} (6.736478ms)
✔ wrapped production failure preserves {"adapterFailure":"nullScope"} (6.634755ms)
✔ wrapped production failure preserves {"adapterFailure":"nullScopePost"} (12.042577ms)
✔ wrapped production failure preserves {"adapterFailure":"badHandlePost"} (10.25702ms)
✔ wrapped production failure preserves {"adapterFailure":"scopeString"} (6.623934ms)
✔ outstanding archive transport quarantines all further dispatch {"archiveOutstanding":true} (38.950776ms)
✔ outstanding archive transport quarantines all further dispatch {"archiveBodyOutstanding":true} (38.525324ms)
✔ outstanding archive transport quarantines all further dispatch {"archiveOversizeOutstanding":true} (37.264907ms)
✔ outstanding archive transport quarantines all further dispatch {"archiveBodyAbortOutstanding":true} (40.174209ms)
✔ outstanding archive transport quarantines all further dispatch {"archiveBodyCancelRejected":true} (21.08446ms)
✔ durable transport denies alternate target, ACTIVE, extra fields and arbitrary documents before HTTP (0.847299ms)
✔ quarantined first event zero rejects every subsequent provider dispatch (20.395287ms)
✔ 100 serial synthetic adjudications preserve the fixed ceilings and stop on each ambiguous write (1546.079892ms)
ℹ tests 46
ℹ suites 0
ℹ pass 46
ℹ fail 0
ℹ cancelled 0
ℹ skipped 0
ℹ todo 0
ℹ duration_ms 2396.836343
✔ source gate requires two fresh high-effort reviews and every workflow on the frozen source (3.271743ms)
✔ full source binding includes the inherited internal Rust links without following external symlinks (221.679162ms)
✔ alternate product and broad search are refused before HTTP (3.064272ms)
✔ fixed intent reads clean up one owned DRAFT and close with exact ARCHIVED settlement (28.079827ms)
✔ already ARCHIVED fixture is observed with no cleanup mutation (11.108535ms)
✔ complete negative intent surfaces report NO_INTENT_OBSERVED before cleanup (14.388833ms)
✔ unexpected ownership stops before cleanup (3.02588ms)
✔ unexpected ACTIVE stops before cleanup (3.616407ms)
✔ initial version drift stops before cleanup (3.178324ms)
✔ scope loss stops before cleanup (2.517141ms)
✔ incomplete includedProducts stops before cleanup (5.956465ms)
✔ foreign exact-ID result stops before cleanup (8.381109ms)
✔ duplicate exact-ID result stops before cleanup (7.06645ms)
✔ one-second observation drift stops before cleanup (8.234081ms)
✔ changed publication identity stops before cleanup (4.344406ms)
✔ search anchor disagrees stops before cleanup (7.395116ms)
✔ contradictory inclusion/search results stop before cleanup (11.847683ms)
✔ three qualified intent positives confirm intent with an empty diagnostic association (16.224109ms)
✔ diagnostic association cannot change negative consensus or resolve actual intent disagreement (63.830165ms)
✔ effective publication stays separate from matching configured-intent observations (17.505624ms)
✔ corrected interpretation cannot reopen the frozen closed attempt or authorize cleanup (5.732246ms)
✔ effective publication on DRAFT makes intent inconsistent and refuses cleanup (13.129443ms)
✔ ambiguous archive response consumes one final exact read without resend (11.591114ms)
✔ one-second archive acknowledgement/readback drift stays a conflict (18.145723ms)
✔ authentication failure closes the fresh register without Admin requests (3.583252ms)
✔ quarantined outstanding archive forbids final read and any overlapping request (8023.316893ms)
✔ fixed documents and variables exclude every alternate target before HTTP (125.494157ms)
✔ fixed source query literals are exactly the authorized ID filters and first:2 (0.537034ms)
✔ closed register cannot be initialized a second time (9.174378ms)
✔ 100 serial synthetic runs preserve zero or one mutation and never overlap (860.509121ms)
✔ invalid or malformed runtime search metadata stops before cleanup (6.838188ms)
✔ malformed GraphQL errors values never authorize cleanup (16.024294ms)
✔ rejected foreign descriptive data is absent from register and qualification evidence (8.781278ms)
✔ a failed read reservation cannot be retried or lead to unverifiable cleanup (1.4474ms)
✔ documented search diagnostics without warnings preserve exact intent reads (10.435257ms)
ℹ tests 35
ℹ suites 0
ℹ pass 35
ℹ fail 0
ℹ cancelled 0
ℹ skipped 0
ℹ todo 0
ℹ duration_ms 9624.699226
✔ source gate requires two fresh high-effort reviews and every workflow on the frozen source (3.342346ms)
✔ full source binding includes the inherited internal Rust links without following external symlinks (229.139205ms)
✔ alternate exact product is refused before HTTP (3.145863ms)
✔ disposable cleanup settles exact final ARCHIVED despite a one-second acknowledgement timestamp difference (18.548827ms)
✔ already ARCHIVED is verified with no update (4.430876ms)
✔ foreign ownership stops with zero update (4.085045ms)
✔ ACTIVE state stops with zero update (1.996907ms)
✔ UNLISTED state stops with zero update (1.776583ms)
✔ effective publication stops with zero update (2.002135ms)
✔ published timestamp stops with zero update (2.304761ms)
✔ online store URL stops with zero update (1.919425ms)
✔ legacy effective membership stops with zero update (2.088375ms)
✔ incomplete legacy stops with zero update (1.705471ms)
✔ wrong installation stops with zero update (1.5919ms)
✔ scope loss stops with zero update (1.398675ms)
✔ malformed GraphQL error fields are rejected before mutation (6.831655ms)
✔ ambiguous archive is not resent and one final exact read settles ARCHIVED (3.884937ms)
✔ final DRAFT or effective-publication drift is unsettled with no retry (9.478342ms)
✔ unsettled archive transport forbids final read and any overlap (8004.749168ms)
✔ exact source documents have no searches or alternate mutation fields (13.849579ms)
✔ alternate documents, extra fields and non-ARCHIVED statuses are denied before dispatch (14.34819ms)
✔ closed cleanup register rejects any second initialization (6.129703ms)
✔ 100 serial disposable cleanup cases never exceed one update (276.591999ms)
✔ failed authentication cannot admit an Admin read through the public operator (1.045268ms)
✔ failed prestate or final reads cannot be retried and archive cannot be resent (3.736299ms)
✔ auth response disposal failure quarantines pending event index zero (1.023355ms)
✔ gate demands exact source/tree/binding, two actual model reviews and ten unique attempt-one workflows (3.332919ms)
✔ zero ACTIVE effective membership is PARTIAL with one create and safe archive, without acquire or restore (44.538527ms)
✔ production v2 core lifecycle survives an actual fresh process, with capability=true and exact persisted hold bytes (659.347351ms)
✔ absence of future capability is recorded without weakening core qualification (654.734474ms)
✔ exact shop fence prevents creation (2.486562ms)
✔ exact domain fence prevents creation (1.915355ms)
✔ exact development fence prevents creation (1.984187ms)
✔ exact app fence prevents creation (1.933382ms)
✔ exact client fence prevents creation (1.894343ms)
✔ exact installation fence prevents creation (1.824242ms)
✔ exact grants fence prevents creation (2.208753ms)
✔ ownership drift stops before setup and denies archival cleanup (5.366699ms)
✔ actual schedule stops setup; explicit archive cannot turn persistent schedule into PASS (16.133987ms)
✔ configured intent drift after setup stops acquire and permits separately settled cleanup (25.520073ms)
✔ ambiguous create has one exact-marker recovery read and no further mutation (4.856732ms)
✔ lost acquire acknowledgement never causes restore, replay or cleanup mutation (21.332593ms)
✔ closed register rejects reentry before loading even synthetic credentials (21.9186ms)
✔ unsafe synthetic directory and live gate reject before any request (0.365392ms)
✔ global attempts, document denial, token replacement and serial reservation are durable (120.708537ms)
✔ one-second ACK/readback difference is retained while v2 semantics complete in fresh process (646.960244ms)
✔ lost restore acknowledgement in fresh process never retries or archives (634.404254ms)
✔ incomplete configured-intent connection stops lifecycle before setup (8.546596ms)
✔ production pagination consumes global budget and repeated cursor stops without mutation (13.034863ms)
✔ fresh-process-only resume rejects same PID before credential load in live operator seam (17.591497ms)
✔ non-quiescent fetch timeout retains pending reservation and forbids another request (8003.542912ms)
✔ malformed production mutation acknowledgement is not considered settled for archival authority (20.905433ms)
✔ failed disposal of an oversized body quarantines the outbound attempt (1.945637ms)
✔ persisted hold tampering stops fresh-process resume before a second auth or cleanup request (508.700532ms)
✔ gate demands exact source/tree/binding, two actual model reviews and ten unique attempt-one workflows (3.333061ms)
✔ missing adapter transport / import proof uses only the guarded operator or denies locally (236.169706ms)
✔ misspelled adapter transport / import proof uses only the guarded operator or denies locally (215.361868ms)
✔ imports adapter transport / import proof uses only the guarded operator or denies locally (216.292384ms)
✔ correct adapter transport / import proof uses only the guarded operator or denies locally (319.725586ms)
✔ zero ACTIVE effective membership is PARTIAL with one create and safe archive, without acquire or restore (56.974219ms)
✔ production v2 core lifecycle survives an actual fresh process, with capability=true and exact persisted hold bytes (697.489857ms)
✔ absence of future capability is recorded without weakening core qualification (696.786403ms)
✔ exact shop fence prevents creation (3.052291ms)
✔ exact domain fence prevents creation (2.372988ms)
✔ exact development fence prevents creation (2.472876ms)
✔ exact app fence prevents creation (2.339161ms)
✔ exact client fence prevents creation (2.259633ms)
✔ exact installation fence prevents creation (2.40067ms)
✔ exact grants fence prevents creation (2.857211ms)
✔ ownership drift stops before setup and denies archival cleanup (6.870741ms)
✔ actual schedule stops setup; explicit archive cannot turn persistent schedule into PASS (24.130258ms)
✔ configured intent drift after setup stops acquire and permits separately settled cleanup (34.29386ms)
✔ ambiguous create has one exact-marker recovery read and no further mutation (5.549416ms)
✔ lost acquire acknowledgement never causes restore, replay or cleanup mutation (24.656653ms)
✔ closed register rejects reentry before loading even synthetic credentials (30.547937ms)
✔ unsafe synthetic directory and live gate reject before any request (0.359167ms)
✔ global attempts, document denial, token replacement and serial reservation are durable (142.633553ms)
✔ one-second ACK/readback difference is retained while v2 semantics complete in fresh process (634.038541ms)
✔ lost restore acknowledgement in fresh process never retries or archives (615.560371ms)
✔ incomplete configured-intent connection stops lifecycle before setup (10.896348ms)
✔ production pagination consumes global budget and repeated cursor stops without mutation (14.13584ms)
✔ fresh-process-only resume rejects same PID before credential load in live operator seam (25.425701ms)
✔ non-quiescent fetch timeout retains pending reservation and forbids another request (8001.790562ms)
✔ malformed production mutation acknowledgement is not considered settled for archival authority (50.767182ms)
✔ failed disposal of an oversized body quarantines the outbound attempt (2.02945ms)
✔ persisted hold tampering stops fresh-process resume before a second auth or cleanup request (517.386058ms)
✔ all synthetic auth/create/status/production reads dispatch only after matching durable events (34.655554ms)
✔ durable accounting corruption prevents create dispatch and any cleanup mutation (4.04498ms)
✔ zero-effective PARTIAL branch becomes STOPPED if archive applied but acknowledgement is lost (26.205612ms)
✔ lost archive ACK permits only one exact ownership/status classification read and no final snapshot or retry (25.796837ms)
ℹ tests 90
ℹ suites 0
ℹ pass 90
ℹ fail 0
ℹ cancelled 0
ℹ skipped 0
ℹ todo 0
ℹ duration_ms 13574.661037
✔ gate demands exact source/tree/binding, two actual model reviews and ten unique attempt-one workflows (3.466472ms)
✔ missing adapter transport / import proof uses only the guarded operator or denies locally (264.856518ms)
✔ misspelled adapter transport / import proof uses only the guarded operator or denies locally (217.115766ms)
✔ imports adapter transport / import proof uses only the guarded operator or denies locally (206.202288ms)
✔ correct adapter transport / import proof uses only the guarded operator or denies locally (294.609068ms)
✔ complete explicit APP discovery and exact inclusion authorize only the fixed archival cleanup (28.78191ms)
✔ direct inclusion without either generic discovery surface classifies DIRECT_ONLY and still cleans the disposable fixture (12.45065ms)
✔ complete APP catalogs independently establish the generic surface when typed publications omit the target (11.84824ms)
✔ a denied second discovery surface is retained but cannot negate independently complete positive generic evidence (12.514323ms)
✔ denied generic reads without complete positive evidence classify UNRESOLVED without retries (12.381331ms)
✔ direct null remains UNRESOLVED despite generic positives (10.606542ms)
✔ direct not-included remains UNRESOLVED despite generic positives (11.098119ms)
✔ direct incomplete remains UNRESOLVED despite generic positives (11.253803ms)
✔ direct error remains UNRESOLVED despite generic positives (10.870051ms)
✔ capability drift between direct and generic observations is coverage ambiguity (10.112377ms)
✔ multiple APP catalogs claiming the target Publication are coverage ambiguity (9.928371ms)
✔ observed conflicting catalogs followed by a denied page remain UNRESOLVED despite complete positive publications (11.689196ms)
✔ empty nonterminal publications page fails before any continuation (11.355856ms)
✔ empty nonterminal catalogs page fails before any continuation (9.517571ms)
✔ duplicate generic IDs and repeated cursors fail closed with cleanup capacity preserved (12.074574ms)
✔ infinite unique discovery pages reserve one catalog attempt and exact cleanup/final read within sixteen GraphQL attempts (41.105662ms)
✔ prestate identity drift stops before discovery or mutation (2.337448ms)
✔ prestate ownership drift stops before discovery or mutation (2.087376ms)
✔ prestate status drift stops before discovery or mutation (2.139115ms)
✔ prestate target-effective drift stops before discovery or mutation (2.415046ms)
✔ prestate connection drift stops before discovery or mutation (2.063234ms)
✔ identity drift in discovery revokes cleanup before any mutation (4.596106ms)
✔ identity mismatch combined with malformed operation data latches the fence before projection (3.511783ms)
✔ GraphQL error with contradictory direct identity prevents archival (3.578586ms)
✔ GraphQL error with contradictory catalog identity prevents archival (6.131086ms)
✔ conflicting duplicate publications metadata cannot hide behind rejection (9.689021ms)
✔ conflicting duplicate catalogs metadata cannot hide behind rejection (9.419421ms)
✔ partial error publications data retains contradictory coverage evidence (10.897547ms)
✔ partial error catalogs data retains contradictory coverage evidence (9.672892ms)
✔ lost archive acknowledgement gets exactly one final classification read and never a resend (10.191978ms)
✔ final exact state settlement records updatedAt difference without timestamp equality (9.966167ms)
✔ a failed final publication predicate closes STOPPED without another mutation or read (10.982696ms)
✔ source drift before credentials produces no provider request (0.73016ms)
✔ corrupt reservation accounting denies the captured transport before its first native call (1.251803ms)
✔ canonical entry exposes no resume phase and a closed synthetic register cannot be reopened (9.862181ms)
✔ identity contradiction in the final read invalidates the classification without another write (9.278853ms)
✔ HTTP 500 error with reported identity drift blocks cleanup (3.838944ms)
✔ HTTP 403 error with reported identity drift blocks cleanup (6.31544ms)
✔ a qualified HTTP 403 denial cannot negate a complete independent positive surface (11.394174ms)
✔ malformed partial error publications remains coverage ambiguity (9.585192ms)
✔ HTTP error partial publications contradictions remain visible (9.763533ms)
✔ malformed partial error catalogs remains coverage ambiguity (9.329122ms)
✔ HTTP error partial catalogs contradictions remain visible (10.8292ms)
✔ ownership freshness starts before I/O and cannot be renewed by slow response completion (8.677268ms)
✔ a backwards local clock cannot make future observation origins fresh for cleanup (6.624479ms)
ℹ tests 50
ℹ suites 0
ℹ pass 50
ℹ fail 0
ℹ cancelled 0
ℹ skipped 0
ℹ todo 0
ℹ duration_ms 1095.313647
$ tsc -p scripts/m1-functions/tsconfig.json && node --test scripts/m1-functions/check-vector.test.ts
✔ TypeScript/Node and Rust share the exact experimental-v2 envelope/member bytes (5.661209ms)
ℹ tests 1
ℹ suites 0
ℹ pass 1
ℹ fail 0
ℹ cancelled 0
ℹ skipped 0
ℹ todo 0
ℹ duration_ms 124.559921
$ node scripts/boundaries/check.mjs && node scripts/boundaries/check-database-api.mjs && node scripts/boundaries/check-domain-effects.mjs && node --test scripts/boundaries/domain-effects.test.mjs
Boundary checks passed: 191 real modules, 4 browser modules, 19 negative source fixtures, 2 rejected browser bundles and exports.
Database public API rejects 19 compiler probes and 4 runtime deep imports.
6 production domain modules have no prohibited ambient effects
✔ Date.now is rejected in a production domain helper (9.135215ms)
✔ new Date is rejected in a production domain helper (0.768658ms)
✔ Math.random is rejected in a production domain helper (0.520048ms)
✔ globalThis.Date.now is rejected in a production domain helper (0.500322ms)
✔ fetch is rejected in a production domain helper (1.217232ms)
✔ globalThis.crypto is rejected in a production domain helper (0.461163ms)
✔ computed random is rejected in a production domain helper (0.903187ms)
✔ template random is rejected in a production domain helper (0.67348ms)
✔ dynamic Math member is rejected in a production domain helper (1.178608ms)
✔ spread Date is rejected in a production domain helper (1.562162ms)
✔ random destructuring is rejected in a production domain helper (0.731728ms)
✔ date alias is rejected in a production domain helper (0.357467ms)
✔ math alias is rejected in a production domain helper (0.287025ms)
✔ import meta is rejected in a production domain helper (0.388817ms)
✔ process environment is rejected in a production domain helper (0.228425ms)
✔ deterministic numeric and explicit-value operations stay allowed (1.331148ms)
✔ type-only properties are not ambient API references (2.259977ms)
✔ compiled graph includes an imported module with an excluded test-like filename (574.0221ms)
ℹ tests 18
ℹ suites 0
ℹ pass 18
ℹ fail 0
ℹ cancelled 0
ℹ skipped 0
ℹ todo 0
ℹ duration_ms 1017.758375
$ node scripts/boundaries/check-secrets.mjs
Secret/fixture provenance check passed: 110 production source files, 83 separately scanned test/fixture files, 2 browser artifacts, 2 explicitly synthetic seeds.
20 archived Cargo manifests remain independent
$ bash scripts/m1-functions/check.sh
    Finished `dev` profile [unoptimized + debuginfo] target(s) in 0.08s
    Finished `test` profile [unoptimized + debuginfo] target(s) in 0.07s
     Running unittests src/lib.rs (target/debug/deps/cart_authorization-428bc6dab939b9b3)

running 0 tests

test result: ok. 0 passed; 0 failed; 0 ignored; 0 measured; 0 filtered out; finished in 0.00s

     Running tests/currency_matrix.rs (target/debug/deps/currency_matrix-a76cbbc666a7ab20)

running 1 test
test every_admitted_currency_agrees_with_versioned_ts_matrix ... ok

test result: ok. 1 passed; 0 failed; 0 ignored; 0 measured; 0 filtered out; finished in 0.01s

     Running tests/production_vectors.rs (target/debug/deps/production_vectors-931358b74671ec5f)

running 1 test
test production_typescript_vectors_verify_with_complete_rust_core ... ok

test result: ok. 1 passed; 0 failed; 0 ignored; 0 measured; 0 filtered out; finished in 0.11s

     Running tests/whole_quote.rs (target/debug/deps/whole_quote-dd6e3b33eb9f8a50)

running 13 tests
test canonical_carriers_reject_length_padding_alphabet_and_tail_bits ... ok
test complete_ordered_set_verifies_once_and_matches_observed_price ... ok
test compensated_price_mutations_cannot_preserve_authorization_by_preserving_total ... ok
test every_header_byte_class_is_signed_and_structural_header_is_strict ... ok
test last_member_change_invalidates_everything ... ok
test independent_context_keys_date_and_physical_economics_reject ... ok
test missing_duplicate_unsigned_and_extra_members_fail_closed ... ok
test member_from_a_different_signed_quote_cannot_mix_with_original_envelope ... ok
test noncanonical_public_point_and_revoked_or_out_of_window_keys_reject ... ok
test shared_python_typescript_rust_golden_vector_agrees ... ok
test signature_and_arithmetic_profiles_reject_mutations ... ok
test large_complete_quantity_and_500_unit_tier_cannot_be_partially_reused ... ok
test fifteen_independently_signed_high_bit_magic_variants_reject ... ok

test result: ok. 13 passed; 0 failed; 0 ignored; 0 measured; 0 filtered out; finished in 0.31s

     Running unittests src/main.rs (target/debug/deps/cart_transform-358275b5ea2405f6)

running 20 tests
test capacity::tests::cart_line_width_and_grammar ... ok
test capacity::tests::exact_output_bound_has_headroom ... ok
test product_policy::tests::illegible_lone_anchor_cannot_authorize_a_signed_quote ... ok
test product_policy::tests::absent_fields_are_unmanaged_but_a_single_lost_field_is_uncertain ... ok
test product_policy::tests::matching_ready_fields_classify_required_and_optional ... ok
test product_policy::tests::pending_malformed_and_stale_fields_block_plain_but_preserve_signed ... ok
test product_policy::tests::wrong_installation_generation_rejects_signed_too ... ok
test product_policy::tests::strict_grammar_rejects_unknown_states_and_noncanonical_revisions ... ok
test tests::no_partial_expansion_for_incomplete_or_tampered_set ... ok
test tests::revoked_and_out_of_window_public_keys_emit_no_price_operation ... ok
test tests::complete_set_sets_both_prices_and_copies_compact_member ... ok
test tests::signed_quote_with_only_illegible_policy_emits_no_price ... ok
test tests::context_physical_line_policy_and_cart_order_are_enforced ... ok
test tests::signed_quote_with_no_product_anchors_still_requires_shop_keys ... ok
test tests::signed_prices_survive_policy_revision_and_one_lost_anchor ... ok
test tests::unsigned_marker_removed_and_invalid_signature_emit_no_price ... ok
test tests::untrusted_config_cannot_raise_experiment_ceiling ... ok
test tests::ten_thousand_physical_units_use_two_expansions ... ok
test tests::transform_accepts_canonical_zero_and_echoes_target_local_id ... ok
test tests::ten_bucket_output_is_bounded_and_oversized_sets_emit_no_partial_operation ... ok

test result: ok. 20 passed; 0 failed; 0 ignored; 0 measured; 0 filtered out; finished in 0.05s

     Running unittests src/main.rs (target/debug/deps/cart_validation-95daed9c7c60dc1b)

running 24 tests
test capacity::tests::cart_line_width_and_grammar ... ok
test capacity::tests::exact_output_bound_has_headroom ... ok
test product_policy::tests::illegible_lone_anchor_cannot_authorize_a_signed_quote ... ok
test product_policy::tests::absent_fields_are_unmanaged_but_a_single_lost_field_is_uncertain ... ok
test product_policy::tests::matching_ready_fields_classify_required_and_optional ... ok
test product_policy::tests::pending_malformed_and_stale_fields_block_plain_but_preserve_signed ... ok
test product_policy::tests::strict_grammar_rejects_unknown_states_and_noncanonical_revisions ... ok
test product_policy::tests::wrong_installation_generation_rejects_signed_too ... ok
test tests::incomplete_tampered_and_unsigned_required_sets_reject ... ok
test tests::malformed_stale_pending_and_wrong_generation_policy_fail_plain ... ok
test tests::complete_set_compares_observed_exact_subtotals ... ok
test tests::buyer_marker_removal_cannot_turn_known_required_into_plain ... ok
test tests::one_lost_anchor_blocks_plain_while_explicit_optional_and_unmanaged_pass ... ok
test tests::revoked_and_out_of_window_public_keys_reject_checkout ... ok
test tests::cart_order_context_and_physical_claim_changes_fail_at_checkout ... ok
test tests::signed_quote_with_only_illegible_policy_rejects ... ok
test tests::signed_quote_with_no_product_anchors_needs_healthy_shop_keys ... ok
test tests::signed_historical_quote_survives_same_generation_policy_revision ... ok
test tests::untrusted_config_cannot_raise_experiment_ceiling ... ok
test tests::ten_thousand_physical_units_validate_without_per_unit_expansion ... ok
test tests::mixed_200_line_cart_blocks_damaged_managed_line_then_recovers ... ok
test tests::zero_based_cartline_does_not_bypass_economics_or_trust_at_checkout ... ok
test tests::ten_bucket_set_validates_and_oversized_sets_reject ... ok
test tests::zero_based_cartline_preserves_complete_signed_checkout_at_both_steps ... ok

test result: ok. 24 passed; 0 failed; 0 ignored; 0 measured; 0 filtered out; finished in 0.11s

   Doc-tests cart_authorization

running 0 tests

test result: ok. 0 passed; 0 failed; 0 ignored; 0 measured; 0 filtered out; finished in 0.00s

/home/serveradmin/insignia-m5-016-worktree/crates/cart-transform/target/m1-tools/shopify-function-trampoline-2.0.1: OK
    Finished `release` profile [optimized] target(s) in 0.04s
c20cbda370e8ce19c309a49a71f497edb36e2f2db6b4667eced22073cb76fc17  /home/serveradmin/insignia-m5-016-worktree/extensions/insignia-cart-transform/target/cart-transform.raw.wasm
49248769ae4ce578af7c5e7fa77f8c230c8fd4f45b2d673c22cfed87ff946576  /home/serveradmin/insignia-m5-016-worktree/extensions/insignia-cart-transform/target/cart-transform.wasm
184312 /home/serveradmin/insignia-m5-016-worktree/extensions/insignia-cart-transform/target/cart-transform.raw.wasm
181378 /home/serveradmin/insignia-m5-016-worktree/extensions/insignia-cart-transform/target/cart-transform.wasm
365690 total
/home/serveradmin/insignia-m5-016-worktree/crates/cart-validation/target/m1-tools/shopify-function-trampoline-2.0.1: OK
    Finished `release` profile [optimized] target(s) in 0.04s
1c2e43c03c62fb1983089d3b8623eeb6a3ffc90211893c9abb7a2b67fa9ad763  /home/serveradmin/insignia-m5-016-worktree/extensions/insignia-cart-validation/target/cart-validation.raw.wasm
3193f60bbb29cdc473ce7ae73e88d1064ca7be2f03da2aade4e17ae1390366c6  /home/serveradmin/insignia-m5-016-worktree/extensions/insignia-cart-validation/target/cart-validation.wasm
185960 /home/serveradmin/insignia-m5-016-worktree/extensions/insignia-cart-validation/target/cart-validation.raw.wasm
182968 /home/serveradmin/insignia-m5-016-worktree/extensions/insignia-cart-validation/target/cart-validation.wasm
368928 total
/home/serveradmin/insignia-m5-016-worktree/.m1-artifacts/tools/function-runner-9.2.2: OK
transform 8 c20cbda370e8ce19c309a49a71f497edb36e2f2db6b4667eced22073cb76fc17 49248769ae4ce578af7c5e7fa77f8c230c8fd4f45b2d673c22cfed87ff946576
validation 18 1c2e43c03c62fb1983089d3b8623eeb6a3ffc90211893c9abb7a2b67fa9ad763 3193f60bbb29cdc473ce7ae73e88d1064ca7be2f03da2aade4e17ae1390366c6
{
  "rows": 230,
  "positive": 16,
  "vectorsSha256": "7f0046b88183b79cbccc305c883aab0483a6cda1eddb191297e2295c35ac1eda",
  "transformWasmSha256": "49248769ae4ce578af7c5e7fa77f8c230c8fd4f45b2d673c22cfed87ff946576",
  "validationWasmSha256": "3193f60bbb29cdc473ce7ae73e88d1064ca7be2f03da2aade4e17ae1390366c6"
}
M4-003 production builder config passed 6 complete Function runs.
$ corepack pnpm --filter @insignia/web test && corepack pnpm --filter @insignia/storefront test
$ node --test test/*.test.mjs test/admin/*.test.mjs
﹣ real PG activation composes trusted release, synthetic Shopify hold and immutable evidence (0.938817ms) # SKIP
✔ admin distinguishes activation waiting, held, restoration and conflict without manufacturing ACTIVE (1.314994ms)
✔ publication conflict outranks a retained held/pending activation state (0.21658ms)
✔ terminal operator hold outranks stale held activation (0.200318ms)
✔ current staff and installation grant read and edit; reinstallation is checked every request (1.825371ms)
✔ staff read access does not grant mutation (1.061863ms)
✔ expired or cross-shop identity and stale installation fail closed (0.486871ms)
✔ read requires current verified staff and exact shop, even on deep links (28.491885ms)
✔ mutation refuses cross-origin and staff denial before invoking command (2.891362ms)
✔ save carries exact product, draft version and idempotency to durable command (1.950386ms)
✔ stale draft save is a conflict, never a success response (1.084242ms)
✔ publish returns activation-pending truthfully and requires current edit grant (1.128586ms)
✔ a product missing from the verified shop cannot be changed (1.192509ms)
✔ expired identity and shop supplied in command body cannot create a config (1.030438ms)
✔ unwired admin backend serves no private catalog data (1.291735ms)
✔ unknown durable command failures remain unavailable without leaking details (1.218265ms)
✔ editor-generated fixed, override and tier defaults price through unchanged M2 in zero/two/three exponent currencies (3969.999824ms)
✔ real browser editor syncs typed view, variant and step controls with direct Konva canvas and saved draft (2019.39293ms)
✔ removing named choices drops only their labels including nested option value labels before save (1370.110403ms)
✔ variant without a saved image override retains the portrait default until explicit landscape adoption (1005.175374ms)
✔ merchant currency adoption refreshes saved publication eligibility and later failed or stale reads fail closed (941.764972ms)
✔ mobile deep link, cookie-free reload, interrupted save, stale conflict, and missing Polaris control (2077.824362ms)
✔ interrupted publication resumes the identical request after reload and reaches a durable phase (923.924351ms)
✔ numeric placement input reaches owner state before blur and survives an owner rerender (1299.566727ms)
✔ publication success preserves dirty local edits and exact save recovery [1/1] (863.386894ms)
✔ publication failed preserves dirty local edits and exact save recovery [1/1] (917.454906ms)
✔ publication success preserves ambiguous local edits and exact save recovery [1/1] (1036.747365ms)
✔ publication failed preserves ambiguous local edits and exact save recovery [1/1] (1000.705544ms)
✔ publication retry keeps the original version after a newer draft edit when embedded storage is denied (876.799533ms)
✔ stale stored publication is replaced by the current immutable intent despite newer ineligible draft (679.844186ms)
✔ reinstalled Admin discards prior-generation browser request and publishes with a new key (650.500291ms)
✔ concurrent editor refreshes share one App Bridge identity request (1352.771775ms)
✔ empty merchant draft can be configured through typed controls and pass M2 validation (1153.551027ms)
﹣ overlapping distinct-key M5 creates serialize before the command FK lock upgrade (1.04612ms) # SKIP
﹣ currency precision rejects invalid saved and legacy publication amounts without rounding or durable intent (0.197754ms) # SKIP
﹣ durable editor CAS, exact-key replay, independent copy, immutable geometry, and reinstall fence (0.138829ms) # SKIP
﹣ actual M4 prepare/advance over immutable M5 revision reports ready, conflict and hold truthfully (0.945975ms) # SKIP
✔ diagnostic preview requires accounting and HTTPS before any provider access (442.599122ms)
﹣ live-style SDK identity, local PG create/save/reload/CAS/exact ambiguous replay and mutation refusal (0.720302ms) # SKIP
✔ preview same-token single flight; replacement and current-installation invalidation exchange fresh (1.40913ms)
✔ preview rejected exchange is not cached and expired or long-lived identity is denied (0.895246ms)
﹣ production composition uses signed staff SDK, current feature policy and real M4 prepare with admission hold (1.129059ms) # SKIP
✔ server activation composition cannot promote a diagnostic observation without trusted release source (1.963013ms)
✔ server composition binds trusted provider reads to one signed immutable quote candidate (41.191243ms)
✔ built SSR serves public shell and a real Polaris/Preact interaction (6121.743711ms)
✔ HTTP 5xx after durable inbox commit leads to same-ID retry and a single queue handoff (16.90198ms)
✔ stream bound rejects a lying or absent Content-Length before trusted metadata is stored (10.404058ms)
﹣ built HTTP ingress authenticates raw bytes and durably deduplicates through PostgreSQL and queue (6.596485ms) # SKIP
ℹ tests 48
ℹ suites 0
ℹ pass 40
ℹ fail 0
ℹ cancelled 0
ℹ skipped 8
ℹ todo 0
ℹ duration_ms 22846.086032
$ node --test test/*.test.mjs
✔ custom element mounts, unmounts, and contains DOM, state and events (562.372171ms)
ℹ tests 1
ℹ suites 0
ℹ pass 1
ℹ fail 0
ℹ cancelled 0
ℹ skipped 0
ℹ todo 0
ℹ duration_ms 1099.593016
{"archivedArchitectureRef": "0f2c80a316228bd69fdd2ff272e967ff14647b2b", "archivedArchitectureVerified": true, "archivedV1_2Ref": "662a78cd27507d8a2f1eaa976f1c644c93edd1be", "archivedV1_2Sha256": {"docs/architecture/OPTION-A-APPROVED.md": "321f86f5823a0b73b6a6483c172e5d56a0172de442f38dc79ae337de51adf209", "docs/architecture/decision-ledger.md": "97ebb79ddc53000c53c46218ba8c83a5ba2279720ed07ff50809706b4f1a800a", "docs/architecture/implementation-plan.md": "8bb45ac9e2834bf047824a2e3dda4da7f76692bae685f6657da7b3ab03d0b145"}, "archivedV1_3Ref": "4209bb16a09cff95d5cbbc1bbcb082e8c1fa8899", "archivedV1_3Sha256": {"docs/architecture/decision-ledger.md": "d4297182b12978822dae124a040a0d47aafcdb7749f7ad8602f0626e964937e9", "docs/architecture/implementation-plan.md": "b730c0dc274af8180a9aae3290189a8fd61b6b92e06681d345fe5d9aab22c06d"}, "currentArchitectureSha256": {"docs/architecture/OPTION-A-APPROVED.md": "321f86f5823a0b73b6a6483c172e5d56a0172de442f38dc79ae337de51adf209", "docs/architecture/decision-ledger.md": "3d1e8fe50c948822ba3403facfc142402d4fc6631d8d667a2e3341ff6cdbd802", "docs/architecture/implementation-plan.md": "cd59fd361d69adc3f307ee9b88ba1f5509ffeefb68aea90a15f9b88757b4e792"}, "currentArchitectureVersion": "1.4", "historicalMerge": "eaa386c90786e560d49f8311878c95d26cc3c7b8", "manifestSha256": "c2d017f70c4e781d174695c27b9a8c3295666c105af598d8caed6ce9a18160e8", "oldSourceCount": 41, "unchangedReceiptCount": 120}
{"draftProducts": 2, "hashedSetupReceipts": 14, "initialUnits": 272, "ownedFunctions": 2, "status": "PASS", "variants": 3}
48 required files hashed: .m1-artifacts/manifest.json
