$ M5_PUBLICATION_STRESS_ITERATIONS=25 corepack pnpm --filter @insignia/web exec node --test --test-name-pattern="publication (success|failed) preserves" test/admin/editor-browser.test.mjs
✔ publication success preserves dirty local edits and exact save recovery [1/25] (1009.732887ms)
✔ publication failed preserves dirty local edits and exact save recovery [1/25] (872.323007ms)
✔ publication success preserves ambiguous local edits and exact save recovery [1/25] (952.356875ms)
✔ publication failed preserves ambiguous local edits and exact save recovery [1/25] (982.047185ms)
✔ publication success preserves dirty local edits and exact save recovery [2/25] (845.569522ms)
✔ publication failed preserves dirty local edits and exact save recovery [2/25] (869.782868ms)
✔ publication success preserves ambiguous local edits and exact save recovery [2/25] (974.156623ms)
✔ publication failed preserves ambiguous local edits and exact save recovery [2/25] (911.276991ms)
✔ publication success preserves dirty local edits and exact save recovery [3/25] (934.536243ms)
✔ publication failed preserves dirty local edits and exact save recovery [3/25] (927.148289ms)
✔ publication success preserves ambiguous local edits and exact save recovery [3/25] (962.884007ms)
✔ publication failed preserves ambiguous local edits and exact save recovery [3/25] (911.957477ms)
✔ publication success preserves dirty local edits and exact save recovery [4/25] (910.250059ms)
✔ publication failed preserves dirty local edits and exact save recovery [4/25] (899.340806ms)
✔ publication success preserves ambiguous local edits and exact save recovery [4/25] (986.379474ms)
✔ publication failed preserves ambiguous local edits and exact save recovery [4/25] (895.897753ms)
✔ publication success preserves dirty local edits and exact save recovery [5/25] (863.032215ms)
✔ publication failed preserves dirty local edits and exact save recovery [5/25] (907.63742ms)
✔ publication success preserves ambiguous local edits and exact save recovery [5/25] (915.372271ms)
✔ publication failed preserves ambiguous local edits and exact save recovery [5/25] (924.34804ms)
✔ publication success preserves dirty local edits and exact save recovery [6/25] (864.461885ms)
✔ publication failed preserves dirty local edits and exact save recovery [6/25] (857.4484ms)
✔ publication success preserves ambiguous local edits and exact save recovery [6/25] (947.992626ms)
✔ publication failed preserves ambiguous local edits and exact save recovery [6/25] (967.007395ms)
✔ publication success preserves dirty local edits and exact save recovery [7/25] (877.284563ms)
✔ publication failed preserves dirty local edits and exact save recovery [7/25] (851.42973ms)
✔ publication success preserves ambiguous local edits and exact save recovery [7/25] (928.781834ms)
✔ publication failed preserves ambiguous local edits and exact save recovery [7/25] (978.413706ms)
✔ publication success preserves dirty local edits and exact save recovery [8/25] (838.375681ms)
✔ publication failed preserves dirty local edits and exact save recovery [8/25] (861.60927ms)
✔ publication success preserves ambiguous local edits and exact save recovery [8/25] (900.005274ms)
✔ publication failed preserves ambiguous local edits and exact save recovery [8/25] (1013.295846ms)
✔ publication success preserves dirty local edits and exact save recovery [9/25] (843.285104ms)
✔ publication failed preserves dirty local edits and exact save recovery [9/25] (861.9054ms)
✔ publication success preserves ambiguous local edits and exact save recovery [9/25] (972.123491ms)
✔ publication failed preserves ambiguous local edits and exact save recovery [9/25] (942.257305ms)
✔ publication success preserves dirty local edits and exact save recovery [10/25] (834.50069ms)
✔ publication failed preserves dirty local edits and exact save recovery [10/25] (848.0146ms)
✔ publication success preserves ambiguous local edits and exact save recovery [10/25] (993.410554ms)
✔ publication failed preserves ambiguous local edits and exact save recovery [10/25] (910.727813ms)
✔ publication success preserves dirty local edits and exact save recovery [11/25] (845.556138ms)
✔ publication failed preserves dirty local edits and exact save recovery [11/25] (849.437757ms)
✔ publication success preserves ambiguous local edits and exact save recovery [11/25] (958.413335ms)
✔ publication failed preserves ambiguous local edits and exact save recovery [11/25] (927.916516ms)
✔ publication success preserves dirty local edits and exact save recovery [12/25] (859.122914ms)
✔ publication failed preserves dirty local edits and exact save recovery [12/25] (910.76313ms)
✔ publication success preserves ambiguous local edits and exact save recovery [12/25] (936.578438ms)
✔ publication failed preserves ambiguous local edits and exact save recovery [12/25] (1014.022631ms)
✔ publication success preserves dirty local edits and exact save recovery [13/25] (1056.549798ms)
✔ publication failed preserves dirty local edits and exact save recovery [13/25] (905.31409ms)
✔ publication success preserves ambiguous local edits and exact save recovery [13/25] (915.881169ms)
✔ publication failed preserves ambiguous local edits and exact save recovery [13/25] (969.598437ms)
✔ publication success preserves dirty local edits and exact save recovery [14/25] (847.980204ms)
✔ publication failed preserves dirty local edits and exact save recovery [14/25] (850.362154ms)
✔ publication success preserves ambiguous local edits and exact save recovery [14/25] (895.344191ms)
✔ publication failed preserves ambiguous local edits and exact save recovery [14/25] (950.184378ms)
✔ publication success preserves dirty local edits and exact save recovery [15/25] (834.511812ms)
✔ publication failed preserves dirty local edits and exact save recovery [15/25] (846.246584ms)
✔ publication success preserves ambiguous local edits and exact save recovery [15/25] (921.98034ms)
✔ publication failed preserves ambiguous local edits and exact save recovery [15/25] (1020.118909ms)
✔ publication success preserves dirty local edits and exact save recovery [16/25] (879.680833ms)
✔ publication failed preserves dirty local edits and exact save recovery [16/25] (918.863344ms)
✔ publication success preserves ambiguous local edits and exact save recovery [16/25] (1025.863276ms)
✔ publication failed preserves ambiguous local edits and exact save recovery [16/25] (970.442051ms)
✔ publication success preserves dirty local edits and exact save recovery [17/25] (848.950559ms)
✔ publication failed preserves dirty local edits and exact save recovery [17/25] (862.515519ms)
✔ publication success preserves ambiguous local edits and exact save recovery [17/25] (949.939745ms)
✔ publication failed preserves ambiguous local edits and exact save recovery [17/25] (974.956714ms)
✔ publication success preserves dirty local edits and exact save recovery [18/25] (826.91225ms)
✔ publication failed preserves dirty local edits and exact save recovery [18/25] (855.460546ms)
✔ publication success preserves ambiguous local edits and exact save recovery [18/25] (979.128573ms)
✔ publication failed preserves ambiguous local edits and exact save recovery [18/25] (913.771859ms)
✔ publication success preserves dirty local edits and exact save recovery [19/25] (842.910286ms)
✔ publication failed preserves dirty local edits and exact save recovery [19/25] (860.357523ms)
✔ publication success preserves ambiguous local edits and exact save recovery [19/25] (1001.114735ms)
✔ publication failed preserves ambiguous local edits and exact save recovery [19/25] (988.312104ms)
✔ publication success preserves dirty local edits and exact save recovery [20/25] (831.616097ms)
✔ publication failed preserves dirty local edits and exact save recovery [20/25] (831.947352ms)
✔ publication success preserves ambiguous local edits and exact save recovery [20/25] (912.270664ms)
✔ publication failed preserves ambiguous local edits and exact save recovery [20/25] (973.825758ms)
✔ publication success preserves dirty local edits and exact save recovery [21/25] (841.614154ms)
✔ publication failed preserves dirty local edits and exact save recovery [21/25] (839.221577ms)
✔ publication success preserves ambiguous local edits and exact save recovery [21/25] (1034.923588ms)
✔ publication failed preserves ambiguous local edits and exact save recovery [21/25] (974.511613ms)
✔ publication success preserves dirty local edits and exact save recovery [22/25] (923.941582ms)
✔ publication failed preserves dirty local edits and exact save recovery [22/25] (867.237868ms)
✔ publication success preserves ambiguous local edits and exact save recovery [22/25] (981.702483ms)
✔ publication failed preserves ambiguous local edits and exact save recovery [22/25] (952.978114ms)
✔ publication success preserves dirty local edits and exact save recovery [23/25] (889.354227ms)
✔ publication failed preserves dirty local edits and exact save recovery [23/25] (1002.654054ms)
✔ publication success preserves ambiguous local edits and exact save recovery [23/25] (1001.949916ms)
✔ publication failed preserves ambiguous local edits and exact save recovery [23/25] (971.464633ms)
✔ publication success preserves dirty local edits and exact save recovery [24/25] (847.020926ms)
✔ publication failed preserves dirty local edits and exact save recovery [24/25] (876.449529ms)
✔ publication success preserves ambiguous local edits and exact save recovery [24/25] (967.929228ms)
✔ publication failed preserves ambiguous local edits and exact save recovery [24/25] (920.742874ms)
✔ publication success preserves dirty local edits and exact save recovery [25/25] (853.086632ms)
✔ publication failed preserves dirty local edits and exact save recovery [25/25] (861.156514ms)
✔ publication success preserves ambiguous local edits and exact save recovery [25/25] (988.985688ms)
✔ publication failed preserves ambiguous local edits and exact save recovery [25/25] (945.977223ms)
ℹ tests 100
ℹ suites 0
ℹ pass 100
ℹ fail 0
ℹ cancelled 0
ℹ skipped 0
ℹ todo 0
ℹ duration_ms 92132.167557
