✖ fixed source query literals are exactly the authorized ID filters and first:2 (2.749719ms)
ℹ tests 1
ℹ suites 0
ℹ pass 0
ℹ fail 1
ℹ cancelled 0
ℹ skipped 0
ℹ todo 0
ℹ duration_ms 210.033175

✖ failing tests:

test at scripts/m5-012/operator.test.mjs:329:1
✖ fixed source query literals are exactly the authorized ID filters and first:2 (2.749719ms)
  AssertionError [ERR_ASSERTION]: Expected values to be strictly equal:
  + actual - expected
  
  + 'id:10490211467547 publication_ids:339456917787'
  - "id:10490211467547 publication_ids:'339456917787'"
  
      at TestContext.<anonymous> (file:///home/serveradmin/insignia-m5-012-worktree/scripts/m5-012/operator.test.mjs:333:10)
      at async Test.run (node:internal/test_runner/test:1409:7)
      at async startSubtestAfterBootstrap (node:internal/test_runner/harness:387:3) {
    generatedMessage: true,
    code: 'ERR_ASSERTION',
    actual: 'id:10490211467547 publication_ids:339456917787',
    expected: "id:10490211467547 publication_ids:'339456917787'",
    operator: 'strictEqual',
    diff: 'simple'
  }
