✖ M5-025 existing HTTP/worker cannot distinguish old replay from identical later uninstall (9550.156794ms)
ℹ tests 1
ℹ suites 0
ℹ pass 0
ℹ fail 1
ℹ cancelled 0
ℹ skipped 0
ℹ todo 0
ℹ duration_ms 14932.811297

✖ failing tests:

test at apps/web/test/uninstall-authority.test.mjs:12:1
✖ M5-025 existing HTTP/worker cannot distinguish old replay from identical later uninstall (9550.156794ms)
  AssertionError [ERR_ASSERTION]: SECURITY_INVARIANT_FAILED: old authenticated body and changed unsigned metadata deactivated generation2
  
  false !== true
  
      at TestContext.<anonymous> (file:///home/serveradmin/insignia-m5-inventory-artifact-worktree/apps/web/test/uninstall-authority.test.mjs:150:14)
      at process.processTicksAndRejections (node:internal/process/task_queues:104:5)
      at async Test.run (node:internal/test_runner/test:1409:7)
      at async startSubtestAfterBootstrap (node:internal/test_runner/harness:387:3) {
    generatedMessage: false,
    code: 'ERR_ASSERTION',
    actual: false,
    expected: true,
    operator: 'strictEqual',
    diff: 'simple'
  }
