$ M5_PUBLICATION_STRESS_ITERATIONS=25 corepack pnpm --filter @insignia/web exec node --test --test-name-pattern="publication (success|failed) preserves" test/admin/editor-browser.test.mjs
✔ publication success preserves dirty local edits and exact save recovery [1/25] (1013.72531ms)
✔ publication failed preserves dirty local edits and exact save recovery [1/25] (948.479788ms)
✔ publication success preserves ambiguous local edits and exact save recovery [1/25] (1010.513699ms)
✔ publication failed preserves ambiguous local edits and exact save recovery [1/25] (950.594141ms)
✔ publication success preserves dirty local edits and exact save recovery [2/25] (880.330777ms)
✔ publication failed preserves dirty local edits and exact save recovery [2/25] (873.440849ms)
✔ publication success preserves ambiguous local edits and exact save recovery [2/25] (959.829526ms)
✔ publication failed preserves ambiguous local edits and exact save recovery [2/25] (916.231629ms)
✔ publication success preserves dirty local edits and exact save recovery [3/25] (916.260075ms)
✔ publication failed preserves dirty local edits and exact save recovery [3/25] (852.776786ms)
✔ publication success preserves ambiguous local edits and exact save recovery [3/25] (949.041003ms)
✔ publication failed preserves ambiguous local edits and exact save recovery [3/25] (961.840961ms)
✔ publication success preserves dirty local edits and exact save recovery [4/25] (843.671404ms)
✔ publication failed preserves dirty local edits and exact save recovery [4/25] (827.55406ms)
✔ publication success preserves ambiguous local edits and exact save recovery [4/25] (932.722539ms)
✔ publication failed preserves ambiguous local edits and exact save recovery [4/25] (896.817725ms)
✔ publication success preserves dirty local edits and exact save recovery [5/25] (832.811704ms)
✔ publication failed preserves dirty local edits and exact save recovery [5/25] (815.873306ms)
✔ publication success preserves ambiguous local edits and exact save recovery [5/25] (883.457349ms)
✔ publication failed preserves ambiguous local edits and exact save recovery [5/25] (929.785296ms)
✔ publication success preserves dirty local edits and exact save recovery [6/25] (841.936557ms)
✔ publication failed preserves dirty local edits and exact save recovery [6/25] (894.101058ms)
✔ publication success preserves ambiguous local edits and exact save recovery [6/25] (923.192072ms)
✔ publication failed preserves ambiguous local edits and exact save recovery [6/25] (914.013113ms)
✔ publication success preserves dirty local edits and exact save recovery [7/25] (840.916295ms)
✔ publication failed preserves dirty local edits and exact save recovery [7/25] (857.103805ms)
✔ publication success preserves ambiguous local edits and exact save recovery [7/25] (886.524386ms)
✔ publication failed preserves ambiguous local edits and exact save recovery [7/25] (909.362488ms)
✔ publication success preserves dirty local edits and exact save recovery [8/25] (843.104437ms)
✔ publication failed preserves dirty local edits and exact save recovery [8/25] (829.294474ms)
✔ publication success preserves ambiguous local edits and exact save recovery [8/25] (922.775003ms)
✔ publication failed preserves ambiguous local edits and exact save recovery [8/25] (907.682939ms)
✔ publication success preserves dirty local edits and exact save recovery [9/25] (855.788846ms)
✔ publication failed preserves dirty local edits and exact save recovery [9/25] (834.009728ms)
✔ publication success preserves ambiguous local edits and exact save recovery [9/25] (974.677091ms)
✔ publication failed preserves ambiguous local edits and exact save recovery [9/25] (1097.360235ms)
✔ publication success preserves dirty local edits and exact save recovery [10/25] (881.528818ms)
✔ publication failed preserves dirty local edits and exact save recovery [10/25] (825.761525ms)
✔ publication success preserves ambiguous local edits and exact save recovery [10/25] (944.41226ms)
✔ publication failed preserves ambiguous local edits and exact save recovery [10/25] (906.080736ms)
✔ publication success preserves dirty local edits and exact save recovery [11/25] (848.513153ms)
✔ publication failed preserves dirty local edits and exact save recovery [11/25] (819.186508ms)
✔ publication success preserves ambiguous local edits and exact save recovery [11/25] (903.920488ms)
✔ publication failed preserves ambiguous local edits and exact save recovery [11/25] (876.814342ms)
✔ publication success preserves dirty local edits and exact save recovery [12/25] (879.536231ms)
✔ publication failed preserves dirty local edits and exact save recovery [12/25] (836.865874ms)
✔ publication success preserves ambiguous local edits and exact save recovery [12/25] (881.007824ms)
✔ publication failed preserves ambiguous local edits and exact save recovery [12/25] (870.384845ms)
✔ publication success preserves dirty local edits and exact save recovery [13/25] (847.923856ms)
✔ publication failed preserves dirty local edits and exact save recovery [13/25] (825.32187ms)
✔ publication success preserves ambiguous local edits and exact save recovery [13/25] (986.127975ms)
✔ publication failed preserves ambiguous local edits and exact save recovery [13/25] (915.44385ms)
✔ publication success preserves dirty local edits and exact save recovery [14/25] (825.09973ms)
✔ publication failed preserves dirty local edits and exact save recovery [14/25] (832.118854ms)
✔ publication success preserves ambiguous local edits and exact save recovery [14/25] (941.586008ms)
✔ publication failed preserves ambiguous local edits and exact save recovery [14/25] (975.238201ms)
✔ publication success preserves dirty local edits and exact save recovery [15/25] (831.673496ms)
✔ publication failed preserves dirty local edits and exact save recovery [15/25] (875.444988ms)
✔ publication success preserves ambiguous local edits and exact save recovery [15/25] (913.408243ms)
✔ publication failed preserves ambiguous local edits and exact save recovery [15/25] (873.249343ms)
✔ publication success preserves dirty local edits and exact save recovery [16/25] (829.394887ms)
✔ publication failed preserves dirty local edits and exact save recovery [16/25] (830.553887ms)
✔ publication success preserves ambiguous local edits and exact save recovery [16/25] (895.651972ms)
✔ publication failed preserves ambiguous local edits and exact save recovery [16/25] (909.249146ms)
✔ publication success preserves dirty local edits and exact save recovery [17/25] (829.141444ms)
✔ publication failed preserves dirty local edits and exact save recovery [17/25] (822.898813ms)
✔ publication success preserves ambiguous local edits and exact save recovery [17/25] (955.397833ms)
✔ publication failed preserves ambiguous local edits and exact save recovery [17/25] (892.22221ms)
✔ publication success preserves dirty local edits and exact save recovery [18/25] (825.440798ms)
✔ publication failed preserves dirty local edits and exact save recovery [18/25] (830.853208ms)
✔ publication success preserves ambiguous local edits and exact save recovery [18/25] (933.18924ms)
✔ publication failed preserves ambiguous local edits and exact save recovery [18/25] (926.86152ms)
✔ publication success preserves dirty local edits and exact save recovery [19/25] (806.085633ms)
✔ publication failed preserves dirty local edits and exact save recovery [19/25] (895.190622ms)
✔ publication success preserves ambiguous local edits and exact save recovery [19/25] (922.988455ms)
✔ publication failed preserves ambiguous local edits and exact save recovery [19/25] (947.512483ms)
✔ publication success preserves dirty local edits and exact save recovery [20/25] (924.007584ms)
✔ publication failed preserves dirty local edits and exact save recovery [20/25] (876.901841ms)
✔ publication success preserves ambiguous local edits and exact save recovery [20/25] (879.40189ms)
✔ publication failed preserves ambiguous local edits and exact save recovery [20/25] (964.266735ms)
✔ publication success preserves dirty local edits and exact save recovery [21/25] (967.332253ms)
✔ publication failed preserves dirty local edits and exact save recovery [21/25] (824.216958ms)
✔ publication success preserves ambiguous local edits and exact save recovery [21/25] (891.125592ms)
✔ publication failed preserves ambiguous local edits and exact save recovery [21/25] (969.743753ms)
✔ publication success preserves dirty local edits and exact save recovery [22/25] (870.352291ms)
✔ publication failed preserves dirty local edits and exact save recovery [22/25] (842.11357ms)
✔ publication success preserves ambiguous local edits and exact save recovery [22/25] (912.900608ms)
✔ publication failed preserves ambiguous local edits and exact save recovery [22/25] (949.83563ms)
✔ publication success preserves dirty local edits and exact save recovery [23/25] (930.453943ms)
✔ publication failed preserves dirty local edits and exact save recovery [23/25] (815.254846ms)
✔ publication success preserves ambiguous local edits and exact save recovery [23/25] (929.625604ms)
✔ publication failed preserves ambiguous local edits and exact save recovery [23/25] (899.841195ms)
✔ publication success preserves dirty local edits and exact save recovery [24/25] (854.401962ms)
✔ publication failed preserves dirty local edits and exact save recovery [24/25] (850.92852ms)
✔ publication success preserves ambiguous local edits and exact save recovery [24/25] (927.671894ms)
✔ publication failed preserves ambiguous local edits and exact save recovery [24/25] (878.388613ms)
✔ publication success preserves dirty local edits and exact save recovery [25/25] (824.049099ms)
✔ publication failed preserves dirty local edits and exact save recovery [25/25] (840.529701ms)
✔ publication success preserves ambiguous local edits and exact save recovery [25/25] (960.186767ms)
✔ publication failed preserves ambiguous local edits and exact save recovery [25/25] (941.164209ms)
ℹ tests 100
ℹ suites 0
ℹ pass 100
ℹ fail 0
ℹ cancelled 0
ℹ skipped 0
ℹ todo 0
ℹ duration_ms 89730.994352
