$ corepack pnpm -r --filter './packages/**' build && corepack pnpm -r --filter './apps/**' build
packages/contracts build$ tsc -p tsconfig.json
packages/cart-authorization build$ tsc -p tsconfig.json
packages/observability build$ tsc -p tsconfig.json
packages/domain build$ tsc -p tsconfig.json
packages/domain build: Done
packages/visualizer build$ tsc -p tsconfig.json
packages/contracts build: Done
packages/application build$ tsc -p tsconfig.json
packages/cart-authorization build: Done
packages/observability build: Done
packages/visualizer build: Done
packages/application build: Done
packages/shopify build$ tsc -p tsconfig.json
packages/shopify build: Done
packages/database build$ tsc -p tsconfig.json
packages/database build: Done
apps/storefront build$ tsc --noEmit && vite build && node scripts/copy-theme-asset.mjs
apps/worker build$ tsc -p tsconfig.json
apps/worker build: Done
apps/web build$ astro check && astro build
apps/storefront build: vite v8.3.1 building client environment for production...
apps/storefront build: transforming...
apps/storefront build: ✓ 5 modules transformed.
apps/storefront build: rendering chunks...
apps/storefront build: computing gzip size...
apps/storefront build: dist/insignia-storefront.js  14.03 kB │ gzip: 5.93 kB
apps/storefront build:
apps/storefront build: ✓ built in 29ms
apps/storefront build: Done
apps/web build: 20:02:35 [@astrojs/node] Enabling sessions with filesystem storage
apps/web build: 20:02:36 [types] Generated 67ms
apps/web build: 20:02:36 [check] Getting diagnostics for Astro files in /home/serveradmin/insignia-m5-003-worktree/apps/web...
apps/web build: Result (28 files):
apps/web build: - 0 errors
apps/web build: - 0 warnings
apps/web build: - 0 hints
apps/web build:
apps/web build: 20:02:41 [@astrojs/node] Enabling sessions with filesystem storage
apps/web build: 20:02:41 [types] Generated 67ms
apps/web build: 20:02:41 [build] output: "server"
apps/web build: 20:02:41 [build] mode: "server"
apps/web build: 20:02:41 [build] directory: /home/serveradmin/insignia-m5-003-worktree/apps/web/dist/
apps/web build: 20:02:41 [build] adapter: @astrojs/node
apps/web build: 20:02:41 [build] Collecting build info...
apps/web build: 20:02:41 [build] ✓ Completed in 105ms.
apps/web build: 20:02:41 [build] Building server entrypoints...
apps/web build: 20:02:41 [vite] ✓ built in 213ms
apps/web build: 20:02:43 [vite] ✓ built in 1.56s
apps/web build: 20:02:43 [vite] ✓ built in 229ms
apps/web build: 20:02:43 [build] Rearranging server assets...
apps/web build: 20:02:43 [build] ✓ Completed in 2.08s.
apps/web build: 20:02:43 [build] Server built in 2.19s
apps/web build: 20:02:43 [build] Complete!
apps/web build: Done
