$ M5_PUBLICATION_STRESS_ITERATIONS=25 corepack pnpm --filter @insignia/web exec node --test --test-name-pattern="publication (success|failed) preserves" test/admin/editor-browser.test.mjs
✔ publication success preserves dirty local edits and exact save recovery [1/25] (1016.092477ms)
✔ publication failed preserves dirty local edits and exact save recovery [1/25] (940.649456ms)
✔ publication success preserves ambiguous local edits and exact save recovery [1/25] (931.379267ms)
✔ publication failed preserves ambiguous local edits and exact save recovery [1/25] (915.072623ms)
✔ publication success preserves dirty local edits and exact save recovery [2/25] (882.073122ms)
✔ publication failed preserves dirty local edits and exact save recovery [2/25] (825.285757ms)
✔ publication success preserves ambiguous local edits and exact save recovery [2/25] (958.526302ms)
✔ publication failed preserves ambiguous local edits and exact save recovery [2/25] (916.780646ms)
✔ publication success preserves dirty local edits and exact save recovery [3/25] (955.690929ms)
✔ publication failed preserves dirty local edits and exact save recovery [3/25] (866.30554ms)
✔ publication success preserves ambiguous local edits and exact save recovery [3/25] (965.566467ms)
✔ publication failed preserves ambiguous local edits and exact save recovery [3/25] (877.595834ms)
✔ publication success preserves dirty local edits and exact save recovery [4/25] (856.616468ms)
✔ publication failed preserves dirty local edits and exact save recovery [4/25] (870.406816ms)
✔ publication success preserves ambiguous local edits and exact save recovery [4/25] (936.350664ms)
✔ publication failed preserves ambiguous local edits and exact save recovery [4/25] (990.6533ms)
✔ publication success preserves dirty local edits and exact save recovery [5/25] (836.71736ms)
✔ publication failed preserves dirty local edits and exact save recovery [5/25] (866.875686ms)
✔ publication success preserves ambiguous local edits and exact save recovery [5/25] (909.184734ms)
✔ publication failed preserves ambiguous local edits and exact save recovery [5/25] (901.141631ms)
✔ publication success preserves dirty local edits and exact save recovery [6/25] (834.895339ms)
✔ publication failed preserves dirty local edits and exact save recovery [6/25] (887.021351ms)
✔ publication success preserves ambiguous local edits and exact save recovery [6/25] (884.762705ms)
✔ publication failed preserves ambiguous local edits and exact save recovery [6/25] (932.333144ms)
✔ publication success preserves dirty local edits and exact save recovery [7/25] (832.779096ms)
✔ publication failed preserves dirty local edits and exact save recovery [7/25] (842.738983ms)
✔ publication success preserves ambiguous local edits and exact save recovery [7/25] (884.775526ms)
✔ publication failed preserves ambiguous local edits and exact save recovery [7/25] (917.686148ms)
✔ publication success preserves dirty local edits and exact save recovery [8/25] (834.361624ms)
✔ publication failed preserves dirty local edits and exact save recovery [8/25] (904.82423ms)
✔ publication success preserves ambiguous local edits and exact save recovery [8/25] (925.783967ms)
✔ publication failed preserves ambiguous local edits and exact save recovery [8/25] (900.466174ms)
✔ publication success preserves dirty local edits and exact save recovery [9/25] (846.868871ms)
✔ publication failed preserves dirty local edits and exact save recovery [9/25] (842.217017ms)
✔ publication success preserves ambiguous local edits and exact save recovery [9/25] (893.518151ms)
✔ publication failed preserves ambiguous local edits and exact save recovery [9/25] (993.805046ms)
✔ publication success preserves dirty local edits and exact save recovery [10/25] (866.876853ms)
✔ publication failed preserves dirty local edits and exact save recovery [10/25] (824.550874ms)
✔ publication success preserves ambiguous local edits and exact save recovery [10/25] (954.195928ms)
✔ publication failed preserves ambiguous local edits and exact save recovery [10/25] (1019.896084ms)
✔ publication success preserves dirty local edits and exact save recovery [11/25] (829.869853ms)
✔ publication failed preserves dirty local edits and exact save recovery [11/25] (930.791429ms)
✔ publication success preserves ambiguous local edits and exact save recovery [11/25] (931.305403ms)
✔ publication failed preserves ambiguous local edits and exact save recovery [11/25] (897.499899ms)
✔ publication success preserves dirty local edits and exact save recovery [12/25] (900.96432ms)
✔ publication failed preserves dirty local edits and exact save recovery [12/25] (832.274339ms)
✔ publication success preserves ambiguous local edits and exact save recovery [12/25] (927.753492ms)
✔ publication failed preserves ambiguous local edits and exact save recovery [12/25] (962.140255ms)
✔ publication success preserves dirty local edits and exact save recovery [13/25] (839.91091ms)
✔ publication failed preserves dirty local edits and exact save recovery [13/25] (878.575704ms)
✔ publication success preserves ambiguous local edits and exact save recovery [13/25] (916.796222ms)
✔ publication failed preserves ambiguous local edits and exact save recovery [13/25] (909.106261ms)
✔ publication success preserves dirty local edits and exact save recovery [14/25] (835.455559ms)
✔ publication failed preserves dirty local edits and exact save recovery [14/25] (908.647154ms)
✔ publication success preserves ambiguous local edits and exact save recovery [14/25] (934.82575ms)
✔ publication failed preserves ambiguous local edits and exact save recovery [14/25] (973.648761ms)
✔ publication success preserves dirty local edits and exact save recovery [15/25] (813.489821ms)
✔ publication failed preserves dirty local edits and exact save recovery [15/25] (878.726551ms)
✔ publication success preserves ambiguous local edits and exact save recovery [15/25] (885.931779ms)
✔ publication failed preserves ambiguous local edits and exact save recovery [15/25] (957.895437ms)
✔ publication success preserves dirty local edits and exact save recovery [16/25] (831.779997ms)
✔ publication failed preserves dirty local edits and exact save recovery [16/25] (872.781866ms)
✔ publication success preserves ambiguous local edits and exact save recovery [16/25] (1013.72846ms)
✔ publication failed preserves ambiguous local edits and exact save recovery [16/25] (953.312731ms)
✔ publication success preserves dirty local edits and exact save recovery [17/25] (819.199756ms)
✔ publication failed preserves dirty local edits and exact save recovery [17/25] (864.314347ms)
✔ publication success preserves ambiguous local edits and exact save recovery [17/25] (947.280603ms)
✔ publication failed preserves ambiguous local edits and exact save recovery [17/25] (911.726889ms)
✔ publication success preserves dirty local edits and exact save recovery [18/25] (902.337239ms)
✔ publication failed preserves dirty local edits and exact save recovery [18/25] (932.154376ms)
✔ publication success preserves ambiguous local edits and exact save recovery [18/25] (963.369753ms)
✔ publication failed preserves ambiguous local edits and exact save recovery [18/25] (1027.369244ms)
✔ publication success preserves dirty local edits and exact save recovery [19/25] (864.344017ms)
✔ publication failed preserves dirty local edits and exact save recovery [19/25] (842.68585ms)
✔ publication success preserves ambiguous local edits and exact save recovery [19/25] (911.448012ms)
✔ publication failed preserves ambiguous local edits and exact save recovery [19/25] (936.045333ms)
✔ publication success preserves dirty local edits and exact save recovery [20/25] (872.583605ms)
✔ publication failed preserves dirty local edits and exact save recovery [20/25] (872.73482ms)
✔ publication success preserves ambiguous local edits and exact save recovery [20/25] (923.737114ms)
✔ publication failed preserves ambiguous local edits and exact save recovery [20/25] (950.070777ms)
✔ publication success preserves dirty local edits and exact save recovery [21/25] (939.752993ms)
✔ publication failed preserves dirty local edits and exact save recovery [21/25] (847.018603ms)
✔ publication success preserves ambiguous local edits and exact save recovery [21/25] (1004.508545ms)
✔ publication failed preserves ambiguous local edits and exact save recovery [21/25] (1129.311057ms)
✔ publication success preserves dirty local edits and exact save recovery [22/25] (927.566662ms)
✔ publication failed preserves dirty local edits and exact save recovery [22/25] (975.459259ms)
✔ publication success preserves ambiguous local edits and exact save recovery [22/25] (1042.402912ms)
✔ publication failed preserves ambiguous local edits and exact save recovery [22/25] (983.410743ms)
✔ publication success preserves dirty local edits and exact save recovery [23/25] (847.543119ms)
✔ publication failed preserves dirty local edits and exact save recovery [23/25] (899.451733ms)
✔ publication success preserves ambiguous local edits and exact save recovery [23/25] (910.030184ms)
✔ publication failed preserves ambiguous local edits and exact save recovery [23/25] (921.960387ms)
✔ publication success preserves dirty local edits and exact save recovery [24/25] (816.944006ms)
✔ publication failed preserves dirty local edits and exact save recovery [24/25] (838.608208ms)
✔ publication success preserves ambiguous local edits and exact save recovery [24/25] (926.379667ms)
✔ publication failed preserves ambiguous local edits and exact save recovery [24/25] (961.726699ms)
✔ publication success preserves dirty local edits and exact save recovery [25/25] (855.038178ms)
✔ publication failed preserves dirty local edits and exact save recovery [25/25] (837.414707ms)
✔ publication success preserves ambiguous local edits and exact save recovery [25/25] (911.651667ms)
✔ publication failed preserves ambiguous local edits and exact save recovery [25/25] (992.359171ms)
ℹ tests 100
ℹ suites 0
ℹ pass 100
ℹ fail 0
ℹ cancelled 0
ℹ skipped 0
ℹ todo 0
ℹ duration_ms 91340.308518
