✔ complete one-page collection reserves every attempt durably and returns only opaque observations (47.548468ms)
▶ unallocated or broadened owner inputs stop before any HTTP request or evidence creation
  ✔ missing allocation (5.433613ms)
  ✔ request template is not permission (1.43131ms)
  ✔ no approval reference (1.307348ms)
  ✔ wrong endpoint (1.372918ms)
  ✔ wrong optional scopes (2.351039ms)
  ✔ required scope expansion (2.841472ms)
  ✔ grant expansion (1.978718ms)
  ✔ mutations (1.857992ms)
  ✔ wrong operation (2.081588ms)
  ✔ too many requests (1.58909ms)
  ✔ too long retention (1.641145ms)
  ✔ expired grant (2.102451ms)
  ✔ wrong private destination (2.402215ms)
  ✔ credential absent (1.346937ms)
✔ unallocated or broadened owner inputs stop before any HTTP request or evidence creation (32.42453ms)
✔ two pages follow the exact private cursor then final identity within three total requests (13.813327ms)
▶ incomplete, drifting, duplicate or over-cap provider observations seal immediately without boundary claims
  ✔ GraphQL errors (6.251913ms)
  ✔ missing shop (4.85665ms)
  ✔ wrong shop (4.934527ms)
  ✔ wrong client (5.887341ms)
  ✔ wrong app (7.050072ms)
  ✔ wrong installation (4.210515ms)
  ✔ grant drift (5.225421ms)
  ✔ grant duplicate (4.062411ms)
  ✔ connection missing (4.159082ms)
  ✔ page info missing (6.403926ms)
  ✔ next cursor missing (6.931549ms)
  ✔ topic missing (11.350342ms)
  ✔ unsupported version (8.02419ms)
  ✔ unsupported format (9.393532ms)
  ✔ URI missing (10.570434ms)
  ✔ duplicate ID (6.991556ms)
  ✔ URI conflict (4.703488ms)
  ✔ page over 250 (11.997783ms)
✔ incomplete, drifting, duplicate or over-cap provider observations seal immediately without boundary claims (125.982409ms)
▶ transport failures, redirects, API fallback, oversized bodies and absolute timeouts consume one attempt with no retry
  ✔ permission (5.232919ms)
  ✔ throttle (6.842191ms)
  ✔ redirect (4.258652ms)
  ✔ API fallback (8.438054ms)
  ✔ missing API header (7.604679ms)
  ✔ not JSON (3.866057ms)
  ✔ encoding (4.795286ms)
  ✔ malformed body (5.079402ms)
  ✔ over 1 MiB (12.520447ms)
  ✔ lost response (6.272065ms)
  ✔ absolute timeout (28.98171ms)
✔ transport failures, redirects, API fallback, oversized bodies and absolute timeouts consume one attempt with no retry (96.440959ms)
✔ run deadline and expired allocation stop in flight and preserve consumed reservations (28.146002ms)
✔ CLI reads one bounded existing token from inherited descriptor and prints only the public result (283.826959ms)
✔ killed in-flight process leaves a consumed reservation; seal never resumes or retries it (144.093439ms)
▶ unknown identity and connection shapes cannot silently qualify a partial provider response
  ✔ unexpected queried object field (4.816387ms)
  ✔ unexpected queried object field (4.810869ms)
  ✔ unexpected queried object field (4.487788ms)
  ✔ unexpected queried object field (4.764839ms)
  ✔ unexpected queried object field (3.950801ms)
✔ unknown identity and connection shapes cannot silently qualify a partial provider response (23.734968ms)
✔ credential reflection is withheld from disk and public errors while the attempted request remains consumed (4.77959ms)
✔ private response-write failure seals the acknowledged request as uncertain without another transport (7.255527ms)
✔ full 500-record envelope needs exactly two pages and one final identity read (17.583748ms)
▶ third page, cursor cycle, cross-page duplicates and boundary drift never extend the request envelope
  ✔ third page (6.46575ms)
  ✔ cursor cycle (8.575152ms)
  ✔ cross-page duplicate (7.954339ms)
  ✔ boundary drift (6.084902ms)
  ✔ boundary error (6.44838ms)
✔ third page, cursor cycle, cross-page duplicates and boundary drift never extend the request envelope (36.461874ms)
▶ allocation may tighten ceilings and injected test endpoints cannot leave loopback
  ✔ tight requests (7.881548ms)
  ✔ tight pages (5.1881ms)
  ✔ tight records (6.008476ms)
  ✔ invalid endpoint denied before transport (0.911669ms)
  ✔ invalid endpoint denied before transport (1.350313ms)
  ✔ invalid endpoint denied before transport (1.129823ms)
  ✔ invalid endpoint denied before transport (0.939414ms)
  ✔ invalid endpoint denied before transport (3.329646ms)
✔ allocation may tighten ceilings and injected test endpoints cannot leave loopback (28.072756ms)
✔ failed journal persistence keeps reservation durable and forbids reinvocation despite an unsealed run (18.375707ms)
▶ CLI refuses arbitrary queries, environment credential switches and duplicate flags before transport
  ✔ --query (92.141182ms)
  ✔ --token-env (81.260327ms)
  ✔ --token-fd (77.899484ms)
✔ CLI refuses arbitrary queries, environment credential switches and duplicate flags before transport (252.079961ms)
▶ resource declaration must name an existing supported capability and cannot smuggle a second token store
  ✔ unsupported owner input (1.298915ms)
  ✔ unsupported owner input (1.460243ms)
✔ resource declaration must name an existing supported capability and cannot smuggle a second token store (3.376346ms)
✔ unexpected topic bytes remain private while the public observation uses an opaque category (11.390409ms)
✔ distinct topics can share one coherent receiver while duplicate URI/topic bindings still stop (8.944221ms)
▶ CLI rejects missing, multiline and oversized descriptor tokens before creating a run or contacting HTTP
  ✔ invalid private descriptor bytes (143.88465ms)
  ✔ invalid private descriptor bytes (134.05411ms)
  ✔ invalid private descriptor bytes (127.746815ms)
✔ CLI rejects missing, multiline and oversized descriptor tokens before creating a run or contacting HTTP (406.42451ms)
✔ CLI exits by the credential deadline while a real blocking pipe writer remains open (5134.243152ms)
✔ CLI rejects a regular-file credential descriptor before transport or run creation (113.965916ms)
▶ public CLI rejects writerless allocation and abandoned-journal FIFOs without blocking open
  ✔ allocation (128.352587ms)
  ✔ journal (140.105012ms)
✔ public CLI rejects writerless allocation and abandoned-journal FIFOs without blocking open (269.317163ms)
▶ private reader terminates and releases its pipe by an independent deadline after CLI SIGKILL
  ✔ normal (5172.096501ms)
  ✔ retained-zombie (5174.837969ms)
✔ private reader terminates and releases its pipe by an independent deadline after CLI SIGKILL (10348.226393ms)
ℹ {"pythonVersion":"3.14.4 (main, Aug 20 2026, 10:41:58) [GCC 15.2.0]","platform":{"system":"Linux","kernel":"7.0.0-31-generic","machine":"x86_64"},"retainedZombie":false,"readerState":"ABSENT","fdRetained":false,"pipeClosed":true}
ℹ {"pythonVersion":"3.14.4 (main, Aug 20 2026, 10:41:58) [GCC 15.2.0]","platform":{"system":"Linux","kernel":"7.0.0-31-generic","machine":"x86_64"},"retainedZombie":true,"readerState":"Z","fdRetained":false,"pipeClosed":true}
✔ synthetic Python control failures preserve their diagnostic traceback (59.806014ms)
ℹ SYNTHETIC_CONTROL_RUNTIME {"pythonVersion": "3.14.4 (main, Aug 20 2026, 10:41:58) [GCC 15.2.0]", "platform": {"system": "Linux", "kernel": "7.0.0-31-generic", "machine": "x86_64"}}
ℹ tests 98
ℹ suites 0
ℹ pass 98
ℹ fail 0
ℹ cancelled 0
ℹ skipped 0
ℹ todo 0
ℹ duration_ms 17641.704586
