▶ private reader terminates and releases its pipe by an independent deadline after CLI SIGKILL
  ✔ normal (5202.712707ms)
  ✖ retained-zombie (5317.343092ms)
✖ private reader terminates and releases its pipe by an independent deadline after CLI SIGKILL (10522.726897ms)
ℹ {"pythonVersion":"3.14.4","retainedZombie":false,"readerState":"ABSENT","fdRetained":false,"pipeClosed":true}
ℹ tests 3
ℹ suites 0
ℹ pass 1
ℹ fail 2
ℹ cancelled 0
ℹ skipped 0
ℹ todo 0
ℹ duration_ms 10638.348915

✖ failing tests:

test at scripts/m5-native-inventory/collector.test.mjs:1004:61
✖ retained-zombie (5317.343092ms)
  AssertionError [ERR_ASSERTION]: Synthetic Python control failed:
  Traceback (most recent call last):
    File "<string>", line 41, in <module>
      fd_retained=fd_exists()
    File "<string>", line 10, in fd_exists
      Path('/proc/'+str(reader)+'/fd/3').stat()
      ~~~~~~~~~~~~~~~~~~~~~~~~~~~~~~~~~~~~~~~^^
    File "/usr/lib/python3.14/pathlib/__init__.py", line 655, in stat
      return os.stat(self, follow_symlinks=follow_symlinks)
             ~~~~~~~^^^^^^^^^^^^^^^^^^^^^^^^^^^^^^^^^^^^^^^
  PermissionError: [Errno 13] Permission denied: '/proc/2819034/fd/3'
  
  
  1 !== 0
  
      at localPythonControl (file:///home/serveradmin/insignia-m5-native-inventory-worktree/scripts/m5-native-inventory/collector.test.mjs:956:10)
      at process.processTicksAndRejections (node:internal/process/task_queues:104:5)
      at async TestContext.<anonymous> (file:///home/serveradmin/insignia-m5-native-inventory-worktree/scripts/m5-native-inventory/collector.test.mjs:1062:23)
      at async Test.run (node:internal/test_runner/test:1409:7)
      at async TestContext.<anonymous> (file:///home/serveradmin/insignia-m5-native-inventory-worktree/scripts/m5-native-inventory/collector.test.mjs:1004:53)
      at async Test.run (node:internal/test_runner/test:1409:7)
      at async startSubtestAfterBootstrap (node:internal/test_runner/harness:387:3) {
    generatedMessage: false,
    code: 'ERR_ASSERTION',
    actual: 1,
    expected: 0,
    operator: 'strictEqual',
    diff: 'simple'
  }
