✖ zero-effective PARTIAL branch becomes STOPPED if archive applied but acknowledgement is lost (53.635775ms)
✖ lost archive ACK permits only one exact ownership/status classification read and no final snapshot or retry (33.640397ms)
ℹ tests 2
ℹ suites 0
ℹ pass 0
ℹ fail 2
ℹ cancelled 0
ℹ skipped 0
ℹ todo 0
ℹ duration_ms 332.50791

✖ failing tests:

test at scripts/m5-015r/operator.test.mjs:641:1
✖ zero-effective PARTIAL branch becomes STOPPED if archive applied but acknowledgement is lost (53.635775ms)
  AssertionError [ERR_ASSERTION]: Expected values to be strictly equal:
  + actual - expected

  + 'PARTIAL'
  - 'STOPPED'

      at TestContext.<anonymous> (file:///home/serveradmin/insignia-m5-015r-worktree/scripts/m5-015r/operator.test.mjs:644:12)
      at async Test.run (node:internal/test_runner/test:1409:7)
      at async startSubtestAfterBootstrap (node:internal/test_runner/harness:387:3) {
    generatedMessage: true,
    code: 'ERR_ASSERTION',
    actual: 'PARTIAL',
    expected: 'STOPPED',
    operator: 'strictEqual',
    diff: 'simple'
  }

test at scripts/m5-015r/operator.test.mjs:650:1
✖ lost archive ACK permits only one exact ownership/status classification read and no final snapshot or retry (33.640397ms)
  AssertionError [ERR_ASSERTION]: Expected values to be strictly equal:

  2 !== 1

      at TestContext.<anonymous> (file:///home/serveradmin/insignia-m5-015r-worktree/scripts/m5-015r/operator.test.mjs:653:12)
      at async Test.run (node:internal/test_runner/test:1409:7)
      at async Test.processPendingSubtests (node:internal/test_runner/test:974:7) {
    generatedMessage: true,
    code: 'ERR_ASSERTION',
    actual: 2,
    expected: 1,
    operator: 'strictEqual',
    diff: 'simple'
  }
