$ corepack pnpm check:style && corepack pnpm build && corepack pnpm test:unit && corepack pnpm test:m5-operator && corepack pnpm test:vectors && corepack pnpm check:boundaries && corepack pnpm check:secrets && python3 -B scripts/boundaries/check-cargo-workspace.py && corepack pnpm check:rust && M1_FUNCTION_RUNNER=.m1-artifacts/tools/function-runner-9.2.2 python3 -B scripts/m4-002/replay-production-vectors.py && M1_FUNCTION_RUNNER=.m1-artifacts/tools/function-runner-9.2.2 node scripts/m4-003/replay-public-config.mjs && corepack pnpm test:browser && python3 -B spikes/m0-007/scripts/check-history.py && python3 -B spikes/m0-014/scripts/check-live-setup.py && python3 -B scripts/m1-functions/artifact-manifest.py
$ biome check .dependency-cruiser.cjs apps/storefront/src apps/storefront/test apps/storefront/scripts apps/storefront/vite.config.ts apps/web/src/islands apps/web/src/pages/live.ts apps/web/src/pages/api apps/web/src/server apps/web/src/shared apps/web/src/styles apps/web/test apps/web/astro.config.mjs apps/worker/src apps/worker/test packages/contracts/src packages/domain/src packages/cart-authorization/src packages/cart-authorization/test packages/application/src packages/database/src packages/database/test packages/shopify/src packages/shopify/test packages/visualizer/src packages/observability/src packages/observability/test scripts/boundaries scripts/m1-functions/check-vector.test.ts scripts/m5-002 scripts/m5-003 scripts/m5-004 scripts/m5-005 scripts/m5-009 scripts/m5-010 scripts/m5-011 scripts/m5-012 scripts/m5-013 scripts/m5-015 scripts/m5-015r
apps/web/src/islands/MerchantConfigEditor.tsx:137:26 lint/style/useTemplate  FIXABLE  ━━━━━━━━━━━━━━

  i Template literals are preferred over string concatenation.

    135 │         headers: {
    136 │           ...Object.fromEntries(new Headers(init.headers).entries()),
  > 137 │           Authorization: 'Bearer ' + (await sessionToken()),
        │                          ^^^^^^^^^^^^^^^^^^^^^^^^^^^^^^^^^^
    138 │         },
    139 │         cache: 'no-store',

  i Unsafe fix: Use a template literal.

     135  135 │           headers: {
     136  136 │             ...Object.fromEntries(new Headers(init.headers).entries()),
     137      │ - ··········Authorization:·'Bearer·'·+·(await·sessionToken()),
          137 │ + ··········Authorization:·`Bearer·${await·sessionToken()}`,
     138  138 │           },
     139  139 │           cache: 'no-store',


apps/web/src/islands/MerchantConfigEditor.tsx:224:36 lint/style/useTemplate  FIXABLE  ━━━━━━━━━━━━━━

  i Template literals are preferred over string concatenation.

    222 │ }
    223 │ function canonical(value: unknown): string {
  > 224 │   if (Array.isArray(value)) return '[' + value.map(canonical).join(',') + ']';
        │                                    ^^^^^^^^^^^^^^^^^^^^^^^^^^^^^^^^^^^^^^^^^^
    225 │   if (value && typeof value === 'object')
    226 │     return (

  i Unsafe fix: Use a template literal.

     222  222 │   }
     223  223 │   function canonical(value: unknown): string {
     224      │ - ··if·(Array.isArray(value))·return·'['·+·value.map(canonical).join(',')·+·']';
          224 │ + ··if·(Array.isArray(value))·return·`[${value.map(canonical).join(',')}]`;
     225  225 │     if (value && typeof value === 'object')
     226  226 │       return (


apps/web/src/islands/MerchantConfigEditor.tsx:230:31 lint/style/useTemplate  FIXABLE  ━━━━━━━━━━━━━━

  i Template literals are preferred over string concatenation.

    228 │       Object.entries(value)
    229 │         .sort(([a], [b]) => a.localeCompare(b))
  > 230 │         .map(([key, item]) => JSON.stringify(key) + ':' + canonical(item))
        │                               ^^^^^^^^^^^^^^^^^^^^^^^^^^^^^^^^^^^^^^^^^^^
    231 │         .join(',') +
    232 │       '}'

  i Unsafe fix: Use a template literal.

     228  228 │         Object.entries(value)
     229  229 │           .sort(([a], [b]) => a.localeCompare(b))
     230      │ - ········.map(([key,·item])·=>·JSON.stringify(key)·+·':'·+·canonical(item))
          230 │ + ········.map(([key,·item])·=>·`${JSON.stringify(key)}:${canonical(item)}`)
     231  231 │           .join(',') +
     232  232 │         '}'


apps/web/src/islands/MerchantConfigEditor.tsx:460:46 lint/style/useTemplate  FIXABLE  ━━━━━━━━━━━━━━

  i Template literals are preferred over string concatenation.

    458 │   }
    459 │   const selectedImage = editor?.variantId
  > 460 │     ? (view?.product.variants.find((item) => 'variant_' + numberOf(item.id) === editor.variantId)?.imageUrl ??
        │                                              ^^^^^^^^^^^^^^^^^^^^^^^^^^^^^^
    461 │       view?.product.imageUrl)
    462 │     : view?.product.imageUrl;

  i Unsafe fix: Use a template literal.

     458  458 │     }
     459  459 │     const selectedImage = editor?.variantId
     460      │ - ····?·(view?.product.variants.find((item)·=>·'variant_'·+·numberOf(item.id)·===·editor.variantId)?.imageUrl·??
          460 │ + ····?·(view?.product.variants.find((item)·=>·`variant_${numberOf(item.id)}`·===·editor.variantId)?.imageUrl·??
     461  461 │         view?.product.imageUrl)
     462  462 │       : view?.product.imageUrl;


apps/web/src/islands/MerchantConfigEditor.tsx:936:54 lint/style/useTemplate  FIXABLE  ━━━━━━━━━━━━━━

  i Template literals are preferred over string concatenation.

    934 │                       <option value="">Featured image</option>
    935 │                       {view.product.variants.map((item) => (
  > 936 │                         <option key={item.id} value={'variant_' + numberOf(item.id)}>
        │                                                      ^^^^^^^^^^^^^^^^^^^^^^^^^^^^^^
    937 │                           {item.title}
    938 │                         </option>

  i Unsafe fix: Use a template literal.

     934  934 │                         <option value="">Featured image</option>
     935  935 │                         {view.product.variants.map((item) => (
     936      │ - ························<option·key={item.id}·value={'variant_'·+·numberOf(item.id)}>
          936 │ + ························<option·key={item.id}·value={`variant_${numberOf(item.id)}`}>
     937  937 │                             {item.title}
     938  938 │                           </option>


apps/web/src/server/admin/production.ts:69:57 lint/style/useTemplate  FIXABLE  ━━━━━━━━━━━━━━━━━━━━━

  i Template literals are preferred over string concatenation.

    67 │   const appOrigin = required(env, 'APP_URL');
    68 │   const appId = env.INSIGNIA_SHOPIFY_APP_ID;
  > 69 │   const appGid = appId && /^[1-9][0-9]*$/.test(appId) ? 'gid://shopify/App/' + appId : null;
       │                                                         ^^^^^^^^^^^^^^^^^^^^^^^^^^^^
    70 │   const shopify = createAdminOnlineIdentity({ apiKey, apiSecret, hostName: new URL(appOrigin).host });
    71 │   const core = createDurableCore(databasePool ?? new Pool({ connectionString: databaseUrl }));

  i Unsafe fix: Use a template literal.

     67  67 │     const appOrigin = required(env, 'APP_URL');
     68  68 │     const appId = env.INSIGNIA_SHOPIFY_APP_ID;
     69     │ - ··const·appGid·=·appId·&&·/^[1-9][0-9]*$/.test(appId)·?·'gid://shopify/App/'·+·appId·:·null;
         69 │ + ··const·appGid·=·appId·&&·/^[1-9][0-9]*$/.test(appId)·?·`gid://shopify/App/${appId}`·:·null;
     70  70 │     const shopify = createAdminOnlineIdentity({ apiKey, apiSecret, hostName: new URL(appOrigin).host });
     71  71 │     const core = createDurableCore(databasePool ?? new Pool({ connectionString: databaseUrl }));


apps/web/src/server/admin/production.ts:89:54 lint/style/useTemplate  FIXABLE  ━━━━━━━━━━━━━━━━━━━━━

  i Template literals are preferred over string concatenation.

    87 │       installationGeneration: actor.installationGeneration,
    88 │     });
  > 89 │     if (!scope || scope.shopDomain !== actor.shop || 'gid://shopify/Shop/' + scope.shopifyShopId !== actor.shopId)
       │                                                      ^^^^^^^^^^^^^^^^^^^^^^^^^^^^^^^^^^^^^^^^^^^
    90 │       throw new Error('Admin installation changed');
    91 │   }

  i Unsafe fix: Use a template literal.

     87  87 │         installationGeneration: actor.installationGeneration,
     88  88 │       });
     89     │ - ····if·(!scope·||·scope.shopDomain·!==·actor.shop·||·'gid://shopify/Shop/'·+·scope.shopifyShopId·!==·actor.shopId)
         89 │ + ····if·(!scope·||·scope.shopDomain·!==·actor.shop·||·`gid://shopify/Shop/${scope.shopifyShopId}`·!==·actor.shopId)
     90  90 │         throw new Error('Admin installation changed');
     91  91 │     }


apps/web/src/server/admin/production.ts:214:51 lint/style/useTemplate  FIXABLE  ━━━━━━━━━━━━━━━━━━━━

  i Template literals are preferred over string concatenation.

    212 │           const provider = await shopify.readInstallation(online);
    213 │           const tenant = await core.tenants.getShopByDomain(provider.shop);
  > 214 │           if (!tenant || !tenant.shopifyShopId || 'gid://shopify/Shop/' + tenant.shopifyShopId !== provider.shopId)
        │                                                   ^^^^^^^^^^^^^^^^^^^^^^^^^^^^^^^^^^^^^^^^^^^^
    215 │             throw new Error('Tenant installation mismatch');
    216 │           const installed = await core.tenants.getCurrentAdminInstallation(tenant.shopId);

  i Unsafe fix: Use a template literal.

    212 212 │             const provider = await shopify.readInstallation(online);
    213 213 │             const tenant = await core.tenants.getShopByDomain(provider.shop);
    214     │ - ··········if·(!tenant·||·!tenant.shopifyShopId·||·'gid://shopify/Shop/'·+·tenant.shopifyShopId·!==·provider.shopId)
        214 │ + ··········if·(!tenant·||·!tenant.shopifyShopId·||·`gid://shopify/Shop/${tenant.shopifyShopId}`·!==·provider.shopId)
    215 215 │               throw new Error('Tenant installation mismatch');
    216 216 │             const installed = await core.tenants.getCurrentAdminInstallation(tenant.shopId);


apps/web/src/islands/MerchantConfigEditor.tsx:445:11 lint/style/noNonNullAssertion  FIXABLE  ━━━━━━━━━━

  ! Forbidden non-null assertion.

    443 │       const newViewId = geometry.views.some((item) => item.id === current.viewId)
    444 │         ? current.viewId
  > 445 │         : geometry.views[0]!.id;
        │           ^^^^^^^^^^^^^^^^^^
    446 │       const updated = { ...current, version: current.version + 1, geometry, viewId: newViewId };
    447 │       editorRef.current = updated;

  i Unsafe fix: Replace with optional chain operator ?. This operator includes runtime checks, so it is safer than the compile-only non-null assertion operator

     443  443 │         const newViewId = geometry.views.some((item) => item.id === current.viewId)
     444  444 │           ? current.viewId
     445      │ - ········:·geometry.views[0]!.id;
          445 │ + ········:·geometry.views[0]?.id;
     446  446 │         const updated = { ...current, version: current.version + 1, geometry, viewId: newViewId };
     447  447 │         editorRef.current = updated;


apps/web/src/islands/MerchantConfigEditor.tsx:964:50 lint/style/noNonNullAssertion ━━━━━━━━━━━━━━━━━

  ! Forbidden non-null assertion.

    962 │                                   variantImages: [
    963 │                                     ...item.variantImages.filter((entry) => entry.variantId !== editor.variantId),
  > 964 │                                     { variantId: editor.variantId!, image: ref },
        │                                                  ^^^^^^^^^^^^^^^^^
    965 │                                   ],
    966 │                                 }


apps/web/src/islands/MerchantConfigEditor.tsx:1386:83 lint/style/noNonNullAssertion  FIXABLE  ━━━━━━━━━━

  ! Forbidden non-null assertion.

    1384 │                               update((item) => {
    1385 │                                 const amount =
  > 1386 │                                   item.rate.kind === 'fixed' ? item.rate.amount : item.rate.tiers[0]!.amount;
         │                                                                                   ^^^^^^^^^^^^^^^^^^^
    1387 │                                 return {
    1388 │                                   ...item,

  i Unsafe fix: Replace with optional chain operator ?. This operator includes runtime checks, so it is safer than the compile-only non-null assertion operator

    1384 1384 │                                 update((item) => {
    1385 1385 │                                   const amount =
    1386      │ - ··································item.rate.kind·===·'fixed'·?·item.rate.amount·:·item.rate.tiers[0]!.amount;
         1386 │ + ··································item.rate.kind·===·'fixed'·?·item.rate.amount·:·item.rate.tiers[0]?.amount;
    1387 1387 │                                   return {
    1388 1388 │                                     ...item,


apps/web/src/server/admin/auth.ts:48:48 lint/style/noNonNullAssertion ━━━━━━━━━━━━━━━━━━━━━━━━━━━━━━

  ! Forbidden non-null assertion.

    46 │     let identity: VerifiedAdminIdentity;
    47 │     try {
  > 48 │       identity = await port.verifySessionToken(match[1]!);
       │                                                ^^^^^^^^^
    49 │     } catch {
    50 │       return null;


apps/web/src/server/admin/auth.ts:61:50 lint/style/noNonNullAssertion ━━━━━━━━━━━━━━━━━━━━━━━━━━━━━━

  ! Forbidden non-null assertion.

    59 │     )
    60 │       return null;
  > 61 │     const grant = await port.exchangeOnlineGrant(match[1]!, identity);
       │                                                  ^^^^^^^^^
    62 │     if (
    63 │       grant.shop !== identity.shop ||


apps/web/src/server/admin/preview.ts:109:28 lint/style/noNonNullAssertion ━━━━━━━━━━━━━━━━━━━━━━━━━━

  ! Forbidden non-null assertion.

    107 │             .then((found) => (found ? project(found) : null)),
    108 │         );
  > 109 │       const result = await map.get(id)!;
        │                            ^^^^^^^^^^^^
    110 │       await active(actor);
    111 │       return result;


apps/web/src/server/admin/preview.ts:116:28 lint/style/noNonNullAssertion ━━━━━━━━━━━━━━━━━━━━━━━━━━

  ! Forbidden non-null assertion.

    114 │       await active(actor);
    115 │       if (!currencies.has(actor)) currencies.set(actor, reader(actor).shopCurrency());
  > 116 │       const result = await currencies.get(actor)!;
        │                            ^^^^^^^^^^^^^^^^^^^^^^
    117 │       await active(actor);
    118 │       return result;


apps/web/src/server/admin/preview.ts:163:34 lint/style/noNonNullAssertion ━━━━━━━━━━━━━━━━━━━━━━━━━━

  ! Forbidden non-null assertion.

    161 │                   shopId: randomUUID(),
    162 │                   shopDomain: shop,
  > 163 │                   shopifyShopId: shopId.split('/').at(-1)!,
        │                                  ^^^^^^^^^^^^^^^^^^^^^^^^^
    164 │                   externalInstallationId: provider.installationId,
    165 │                 }),


apps/web/src/server/admin/preview.ts:223:26 lint/style/noNonNullAssertion ━━━━━━━━━━━━━━━━━━━━━━━━━━

  ! Forbidden non-null assertion.

    221 │                   installationGeneration: bound.installationGeneration,
    222 │                   shopifyShopId: shopId,
  > 223 │                   appId: env.INSIGNIA_M5_002_APP_RESOURCE!,
        │                          ^^^^^^^^^^^^^^^^^^^^^^^^^^^^^^^^^
    224 │                 },
    225 │                 {


apps/web/src/server/admin/preview.ts:227:46 lint/style/noNonNullAssertion ━━━━━━━━━━━━━━━━━━━━━━━━━━

  ! Forbidden non-null assertion.

    225 │                 {
    226 │                   appKey: client,
  > 227 │                   transformInputQuerySha256: env.INSIGNIA_M5_002_TRANSFORM_QUERY_HASH!,
        │                                              ^^^^^^^^^^^^^^^^^^^^^^^^^^^^^^^^^^^^^^^^^
    228 │                   validationInputQuerySha256: env.INSIGNIA_M5_002_VALIDATION_QUERY_HASH!,
    229 │                 },


apps/web/src/server/admin/preview.ts:228:47 lint/style/noNonNullAssertion ━━━━━━━━━━━━━━━━━━━━━━━━━━

  ! Forbidden non-null assertion.

    226 │                   appKey: client,
    227 │                   transformInputQuerySha256: env.INSIGNIA_M5_002_TRANSFORM_QUERY_HASH!,
  > 228 │                   validationInputQuerySha256: env.INSIGNIA_M5_002_VALIDATION_QUERY_HASH!,
        │                                               ^^^^^^^^^^^^^^^^^^^^^^^^^^^^^^^^^^^^^^^^^^
    229 │                 },
    230 │               );


apps/web/src/server/admin/production.ts:214:15 lint/complexity/useOptionalChain  FIXABLE  ━━━━━━━━━━

  ! Change to an optional chain.

    212 │           const provider = await shopify.readInstallation(online);
    213 │           const tenant = await core.tenants.getShopByDomain(provider.shop);
  > 214 │           if (!tenant || !tenant.shopifyShopId || 'gid://shopify/Shop/' + tenant.shopifyShopId !== provider.shopId)
        │               ^^^^^^^^^^^^^^^^^^^^^^^^^^^^^^^^
    215 │             throw new Error('Tenant installation mismatch');
    216 │           const installed = await core.tenants.getCurrentAdminInstallation(tenant.shopId);

  i Unsafe fix: Change to an optional chain.

    212 212 │             const provider = await shopify.readInstallation(online);
    213 213 │             const tenant = await core.tenants.getShopByDomain(provider.shop);
    214     │ - ··········if·(!tenant·||·!tenant.shopifyShopId·||·'gid://shopify/Shop/'·+·tenant.shopifyShopId·!==·provider.shopId)
        214 │ + ··········if·(!tenant?.shopifyShopId·||·'gid://shopify/Shop/'·+·tenant.shopifyShopId·!==·provider.shopId)
    215 215 │               throw new Error('Tenant installation mismatch');
    216 216 │             const installed = await core.tenants.getCurrentAdminInstallation(tenant.shopId);


The number of diagnostics exceeds the limit allowed. Use --max-diagnostics to increase it.
Diagnostics not shown: 125.
Checked 257 files in 675ms. No fixes applied.
Found 62 warnings.
Found 83 infos.
$ corepack pnpm -r --filter './packages/**' build && corepack pnpm -r --filter './apps/**' build
packages/cart-authorization build$ tsc -p tsconfig.json
packages/contracts build$ tsc -p tsconfig.json
packages/observability build$ tsc -p tsconfig.json
packages/domain build$ tsc -p tsconfig.json
packages/contracts build: Done
packages/visualizer build$ tsc -p tsconfig.json
packages/domain build: Done
packages/application build$ tsc -p tsconfig.json
packages/cart-authorization build: Done
packages/observability build: Done
packages/visualizer build: Done
packages/application build: Done
packages/shopify build$ tsc -p tsconfig.json
packages/shopify build: Done
packages/database build$ tsc -p tsconfig.json
packages/database build: Done
apps/worker build$ tsc -p tsconfig.json
apps/storefront build$ tsc --noEmit && vite build && node scripts/copy-theme-asset.mjs
apps/storefront build: vite v8.3.1 building client environment for production...
apps/storefront build: transforming...
apps/storefront build: ✓ 5 modules transformed.
apps/storefront build: rendering chunks...
apps/storefront build: computing gzip size...
apps/storefront build: dist/insignia-storefront.js  14.03 kB │ gzip: 5.93 kB
apps/storefront build:
apps/storefront build: ✓ built in 30ms
apps/storefront build: Done
apps/worker build: Done
apps/web build$ astro check && astro build
apps/web build: 21:16:36 [@astrojs/node] Enabling sessions with filesystem storage
apps/web build: 21:16:36 [types] Generated 67ms
apps/web build: 21:16:36 [check] Getting diagnostics for Astro files in /home/serveradmin/insignia-m5-015r-worktree/apps/web...
apps/web build: Result (28 files):
apps/web build: - 0 errors
apps/web build: - 0 warnings
apps/web build: - 0 hints
apps/web build:
apps/web build: 21:16:41 [@astrojs/node] Enabling sessions with filesystem storage
apps/web build: 21:16:42 [types] Generated 66ms
apps/web build: 21:16:42 [build] output: "server"
apps/web build: 21:16:42 [build] mode: "server"
apps/web build: 21:16:42 [build] directory: /home/serveradmin/insignia-m5-015r-worktree/apps/web/dist/
apps/web build: 21:16:42 [build] adapter: @astrojs/node
apps/web build: 21:16:42 [build] Collecting build info...
apps/web build: 21:16:42 [build] ✓ Completed in 104ms.
apps/web build: 21:16:42 [build] Building server entrypoints...
apps/web build: 21:16:42 [vite] ✓ built in 227ms
apps/web build: 21:16:43 [vite] ✓ built in 1.59s
apps/web build: 21:16:44 [vite] ✓ built in 227ms
apps/web build: 21:16:44 [build] Rearranging server assets...
apps/web build: 21:16:44 [build] ✓ Completed in 2.11s.
apps/web build: 21:16:44 [build] Server built in 2.21s
apps/web build: 21:16:44 [build] Complete!
apps/web build: Done
$ corepack pnpm --filter @insignia/domain test && corepack pnpm --filter @insignia/contracts test && corepack pnpm --filter @insignia/visualizer test && corepack pnpm --filter @insignia/cart-authorization test && corepack pnpm --filter @insignia/application test && corepack pnpm --filter @insignia/shopify test && corepack pnpm --filter @insignia/observability test && corepack pnpm --filter @insignia/worker test
$ vitest run

 RUN  v5.0.2 /home/serveradmin/insignia-m5-015r-worktree/packages/domain


 Test Files  5 passed (5)
      Tests  26 passed (26)
   Start at  21:16:44
   Duration  449ms (transform 44%, tests 35%, import 17%, worker 4%)

$ vitest run

 RUN  v5.0.2 /home/serveradmin/insignia-m5-015r-worktree/packages/contracts


 Test Files  2 passed (2)
      Tests  6 passed (6)
   Start at  21:16:45
   Duration  267ms (import 55%, transform 31%, tests 10%, worker 3%)

$ vitest run

 RUN  v5.0.2 /home/serveradmin/insignia-m5-015r-worktree/packages/visualizer


 Test Files  2 passed (2)
      Tests  9 passed (9)
   Start at  21:16:46
   Duration  227ms (transform 68%, import 15%, tests 12%, worker 5%)

$ node --experimental-strip-types --test test/*.test.ts
✔ hard subset bounds and untrusted ordinary-line hints (2.139781ms)
✔ 33 buckets are refused before the signer is called (0.418086ms)
✔ every admitted code matches the versioned matrix and unknown/digital values reject (12.849188ms)
✔ production-generated carriers decode, conserve and verify for every complete set (7.819231ms)
✔ PostgreSQL-persisted negative adjustment has exact signed quote and member economics (1.169186ms)
✔ versioned 33-bucket vector rejects before any signing call (0.448958ms)
✔ production decoder and signature bytes preserve the independent v2 wire literal (5.489525ms)
✔ injected synthetic Ed25519 signer covers the complete set and three-day key window (3.1275ms)
✔ invalid window or set refuses signing and noncanonical carrier refuses decoding (0.568212ms)
ℹ tests 9
ℹ suites 0
ℹ pass 9
ℹ fail 0
ℹ cancelled 0
ℹ skipped 0
ℹ todo 0
ℹ duration_ms 189.950582
$ vitest run

 RUN  v5.0.2 /home/serveradmin/insignia-m5-015r-worktree/packages/application


 Test Files  15 passed (15)
      Tests  180 passed (180)
   Start at  21:16:47
   Duration  1.49s (transform 44%, import 33%, tests 20%, worker 3%)

    Isolate  15 workers spawned · ~122ms startup each (spawn + environment, per file)
             at least ~489ms faster with isolate: false — reuses workers across files instead of one per file

$ vitest run

 RUN  v5.0.2 /home/serveradmin/insignia-m5-015r-worktree/packages/shopify


 Test Files  13 passed (13)
      Tests  267 passed (267)
   Start at  21:16:49
   Duration  1.63s (tests 60%, transform 21%, import 17%, worker 2%)

    Isolate  13 workers spawned · ~118ms startup each (spawn + environment, per file)
             at least ~393ms faster with isolate: false — reuses workers across files instead of one per file

$ node --test test/*.test.mjs
✔ structured runtime events cannot emit arbitrary payload or credential fields (4.81725ms)
✔ metric labels are fixed outcomes and never contain tenant or delivery IDs (2.616355ms)
ℹ tests 2
ℹ suites 0
ℹ pass 2
ℹ fail 0
ℹ cancelled 0
ℹ skipped 0
ℹ todo 0
ℹ duration_ms 126.864531
$ node --test test/*.test.mjs
✔ current and previous synthetic wrapping keys remain available by ID (2.587125ms)
﹣ PostgreSQL claim retries the old refresh token after a lost response and fences stale replacement (1.044426ms) # SKIP
✔ diagnostic decodes and derives synthetic pixels without claiming durable readiness (10.791166ms)
✔ liveness stays separate from durable readiness; loopback metrics expose bounded outcomes (62.373537ms)
﹣ PostgreSQL pg-boss starts, retries, settles and replays after restart (0.965587ms) # SKIP
﹣ pg-boss retry after committed uninstall retains one deactivation and one inbox fact (0.158969ms) # SKIP
✔ process starts queues and workers before readiness; stop makes readiness unavailable (43.361947ms)
✔ startup failure closes a started queue without reporting readiness (1.911439ms)
{"level":30,"time":1791321412095,"event":"worker_started"}
{"level":30,"time":1791321412099,"event":"worker_started"}
{"level":30,"time":1791321412100,"event":"worker_started"}
{"level":30,"time":1791321412104,"event":"worker_started"}
{"level":30,"time":1791321412105,"event":"worker_started"}
{"level":30,"time":1791321412107,"event":"worker_started"}
✔ enqueue confirms exact inbox identity, including completed job replay (7.253484ms)
✔ null send without same persisted job is retryable, never an acknowledgement (1.729414ms)
✔ workers pass IDs only to injected durable handlers; failed attempt retries safely (3.168602ms)
✔ invalid job body and identity fail closed without invoking application (0.909424ms)
✔ enabled worker refuses missing credential-key configuration and stays not ready (1.430149ms)
✔ refresh claim contention is retried rather than silently completing its job (1.768634ms)
{"level":30,"time":1791321412096,"event":"webhook_enqueued","inboxId":"f3dd1dee-3044-46fb-bd8c-bc84dcd01bbc"}
{"level":30,"time":1791321412097,"event":"worker_stopped"}
{"level":50,"time":1791321412101,"event":"webhook_process_failed","inboxId":"11a968c0-8d73-495f-9934-cde1a9445d6a","errorClass":"ProcessingError","attempt":0}
{"level":30,"time":1791321412101,"event":"webhook_process_ok","inboxId":"11a968c0-8d73-495f-9934-cde1a9445d6a","attempt":1}
{"level":30,"time":1791321412102,"event":"refresh_process_ok","shopId":"439675ae-8785-45e1-bf03-6d774c51dd15","attempt":0}
{"level":30,"time":1791321412103,"event":"worker_stopped"}
{"level":50,"time":1791321412104,"event":"webhook_process_failed","inboxId":"2abfe8ab-2947-4080-91e5-094cf14ac1ab","errorClass":"ProcessingError","attempt":0}
{"level":30,"time":1791321412105,"event":"worker_stopped"}
{"level":50,"time":1791321412107,"event":"refresh_process_failed","errorClass":"RefreshError","attempt":0}
{"level":30,"time":1791321412107,"event":"worker_stopped"}
﹣ configured worker serves liveness and durable readiness, then closes on SIGTERM (0.984914ms) # SKIP
ℹ tests 15
ℹ suites 0
ℹ pass 11
ℹ fail 0
ℹ cancelled 0
ℹ skipped 4
ℹ todo 0
ℹ duration_ms 599.598873
$ node --test scripts/m5-002/read-register.test.mjs scripts/m5-002/built-runtime.test.mjs && node --test scripts/m5-004/operator.test.mjs scripts/m5-009/operator.test.mjs scripts/m5-010/operator.test.mjs scripts/m5-010/binding.test.mjs scripts/m5-010/native-actions.test.mjs && node --test scripts/m5-005/diagnostic.test.mjs && node --test scripts/m5-011/operator.test.mjs scripts/m5-011/binding.test.mjs && node --test scripts/m5-012/operator.test.mjs scripts/m5-012/binding.test.mjs && node --test scripts/m5-013/operator.test.mjs scripts/m5-013/binding.test.mjs scripts/m5-015/*.test.mjs scripts/m5-015r/*.test.mjs
✔ complete built server reproduces CLI development-mode CSP rejection (251.040921ms)
✔ actual launcher runtime preparation admits built hydration without widening CSP (209.489199ms)
✔ actual launcher register reserves durably before synthetic fetch, serializes and denies extra attempts (75.984125ms)
✔ exact SDK online exchange is counted per attempt; mutations, wrong targets and other token/event routes never send (2.428983ms)
✔ ambiguous or inflated history stops before any send (0.484978ms)
✔ one-shot loss applies only after a committed local save and never changes transport counts (1.506037ms)
ℹ tests 6
ℹ suites 0
ℹ pass 6
ℹ fail 0
ℹ cancelled 0
ℹ skipped 0
ℹ todo 0
ℹ duration_ms 534.663318
✔ actual HTTP attempts are durably reserved before dispatch (10.94592ms)
✔ captured M5-004 empty grants stop the actual public workflow before any fixture write (7.214263ms)
✔ fixed targets/documents/variables reject unrelated writes and extra payload before actual HTTP (4.437819ms)
✔ normal reserves cannot consume final 12 reads/3 updates; all attempts count, one lock and one create (199.379058ms)
✔ naturally lost mutation response stops all later writes and cleanup across reopen; no automatic retry (2.61816ms)
✔ real routing identity, nine retained grants and complete empty publication history are mandatory (2.576117ms)
✔ auth exact app/route counts3 and never persists synthetic secret or returned token (1.796973ms)
✔ missing/corrupt history never reinitializes or sends (0.701298ms)
✔ offline gate prevents even credential loading (0.608372ms)
✔ full qualification reuses unchanged actual status/catalog adapters, fresh-process hold reload and drift refusal (572.335866ms)
✔ complete workflow stops on changed installation; no manufacture or unsafe cleanup (23.227494ms)
✔ complete workflow stops on unexpected exposure; no manufacture or unsafe cleanup (25.872424ms)
✔ complete workflow stops on visibility mismatch; no manufacture or unsafe cleanup (166.284678ms)
✔ complete workflow stops on natural lost response; no manufacture or unsafe cleanup (97.273186ms)
✔ complete workflow stops on metadata drift; no manufacture or unsafe cleanup (25.301669ms)
✔ complete workflow stops on malformed success; no manufacture or unsafe cleanup (108.990549ms)
✔ live register is canonical; synthetic initialization rejects unsafe directories and lost history (0.656488ms)
✔ malformed/unsuccessful mutation responses stay unknown; only valid explicit rejection permits finalization (4.56934ms)
✔ lock cannot release while late HTTP/body work can still persist history (1.037997ms)
✔ acknowledged fixture metadata baseline rejects added tags or changed creation identity (1.167278ms)
✔ actual adapter HTTP/GraphQL outcomes survive bounded transport and sanitized response replay (12.817978ms)
✔ foreign live root and stale register binding cannot reach credential loading (20.240501ms)
✔ gate rejects incomplete CI and unbound review receipts even when every supplied workflow is green (26.818691ms)
✔ complete source/build/review/CI gate accepts bound receipts and rejects omissions, stale refs or altered evidence (89.25571ms)
✔ actual adapter user-error failure remains identical when replayed from sanitized mutation evidence (4.250675ms)
✔ malformed success userErrors cannot acknowledge a status mutation or allow cleanup (4.539285ms)
✔ actual availability missing/oversized bodies keep direct/wrapped/replayed shape errors (5.163131ms)
✔ catalog receives original bounded UTF8 bytes and provenance hashes the bytes, not replacement text (2.459837ms)
✔ failed catalog preserves actual normalized results before STOP (278.654195ms)
✔ failed drift preserves actual normalized results before STOP (485.991378ms)
✔ availability preserves its lossy UTF8 semantics while catalog rejects the same original bad bytes (2.217417ms)
✔ reopening a finished run preserves exact normalized evidence and refuses before credential loading (478.364842ms)
✔ catalog successful non200 keeps direct/wrapped/replayed body semantics (3.672188ms)
✔ current product capability accepts write_products without the obsolete nine grants (1.809116ms)
✔ legacy exact-nine guard stays unchanged while successor records current additional grants (3.488284ms)
✔ successor rejects absent capability, malformed grants and every wrong routing identity (0.762027ms)
✔ successor rejects the legacy canonical live directory before writing and cannot reopen legacy history (1.068522ms)
✔ successor documents, request ceilings, ownership, settlement and shared matrix stay source-identical (10.078504ms)
✔ fresh complete successor workflow uses real adapters, current product grants, persisted holds and unchanged matrix (973.879085ms)
✔ public successor workflow stops on missing capability without unsafe cleanup or retries (5.536409ms)
✔ public successor workflow stops on wrong identity without unsafe cleanup or retries (1.939461ms)
✔ public successor workflow stops on lost status acknowledgement without unsafe cleanup or retries (77.116762ms)
✔ successor live entry refuses incomplete gate before the protected credential route (30.563612ms)
✔ successor gate binds its own tree, directory, exact source and independent review/CI receipts (106.083604ms)
✔ captured live publication-field denial stops create settlement and never permits status finalization (5.44747ms)
✔ successor gate binds its own tree, directory, exact source and independent review/CI receipts (120.477157ms)
✔ native release and two-scope consent are durable one-use operations with dependency and ambiguity stops (6.675456ms)
✔ native successful sequence closes after exactly one release/request/approval and rejects reset reservation history (3.467277ms)
✔ 010 requires all publication/product capabilities and permits additional well formed grants (3.692915ms)
✔ 010 denies normal fresh create until fixed predecessor has been safely resolved (3.213706ms)
✔ complete absent predecessor lookup permits one fresh create and retains resolution independently (9.014968ms)
✔ owned unpublished ARCHIVED predecessor requires exact archived readback before fresh create (4.910505ms)
✔ owned unpublished DRAFT predecessor requires exact archived readback before fresh create (5.087442ms)
✔ owned unpublished ACTIVE predecessor requires exact archived readback before fresh create (5.333751ms)
✔ owned unpublished UNLISTED predecessor requires exact archived readback before fresh create (7.29536ms)
✔ predecessor multiple stops without any mutation or second lookup (2.130415ms)
✔ predecessor partial next stops without any mutation or second lookup (1.64892ms)
✔ predecessor partial previous stops without any mutation or second lookup (3.026412ms)
✔ predecessor missing page info stops without any mutation or second lookup (2.054817ms)
✔ predecessor missing nodes stops without any mutation or second lookup (1.461564ms)
✔ predecessor invalid product id stops without any mutation or second lookup (1.582423ms)
✔ predecessor wrong type stops without any mutation or second lookup (1.492132ms)
✔ predecessor wrong handle stops without any mutation or second lookup (1.459205ms)
✔ predecessor wrong title stops without any mutation or second lookup (1.679254ms)
✔ predecessor wrong tag stops without any mutation or second lookup (1.471955ms)
✔ predecessor too early creation stops without any mutation or second lookup (1.750993ms)
✔ predecessor invalid creation stops without any mutation or second lookup (1.467688ms)
✔ predecessor future creation stops without any mutation or second lookup (1.37504ms)
✔ predecessor published stops without any mutation or second lookup (1.375976ms)
✔ predecessor store url stops without any mutation or second lookup (1.439288ms)
✔ predecessor publication membership stops without any mutation or second lookup (1.46268ms)
✔ predecessor resource partial stops without any mutation or second lookup (1.766013ms)
✔ predecessor unpublished partial stops without any mutation or second lookup (1.984392ms)
✔ predecessor missing publications stops without any mutation or second lookup (1.413641ms)
✔ predecessor unsupported status stops without any mutation or second lookup (1.648085ms)
✔ predecessor lookup transport retains stop and never retries or creates (1.633598ms)
✔ predecessor lookup stream failure retains stop and never retries or creates (2.309066ms)
✔ predecessor lookup invalid utf8 retains stop and never retries or creates (1.852885ms)
✔ predecessor lookup http retains stop and never retries or creates (1.558431ms)
✔ predecessor lookup missing body retains stop and never retries or creates (1.935118ms)
✔ predecessor lookup invalid json retains stop and never retries or creates (1.697062ms)
✔ predecessor lookup oversized retains stop and never retries or creates (2.360768ms)
✔ predecessor lookup graphql permission retains stop and never retries or creates (1.858163ms)
✔ predecessor lookup partial graphql data retains stop and never retries or creates (1.813901ms)
✔ predecessor lookup mutation rejected retains stop and never retries or creates (2.125224ms)
✔ predecessor archive transport retains stop and never retries or creates (1.969214ms)
✔ predecessor archive stream failure retains stop and never retries or creates (1.914483ms)
✔ predecessor archive invalid utf8 retains stop and never retries or creates (2.352052ms)
✔ predecessor archive http retains stop and never retries or creates (2.078036ms)
✔ predecessor archive missing body retains stop and never retries or creates (2.479017ms)
✔ predecessor archive invalid json retains stop and never retries or creates (2.189369ms)
✔ predecessor archive oversized retains stop and never retries or creates (2.833312ms)
✔ predecessor archive graphql permission retains stop and never retries or creates (2.077457ms)
✔ predecessor archive partial graphql data retains stop and never retries or creates (2.118945ms)
✔ predecessor archive mutation rejected retains stop and never retries or creates (2.180507ms)
✔ predecessor readback transport retains stop and never retries or creates (5.46845ms)
✔ predecessor readback stream failure retains stop and never retries or creates (2.629322ms)
✔ predecessor readback invalid utf8 retains stop and never retries or creates (2.394929ms)
✔ predecessor readback http retains stop and never retries or creates (2.54632ms)
✔ predecessor readback missing body retains stop and never retries or creates (2.264045ms)
✔ predecessor readback invalid json retains stop and never retries or creates (2.417195ms)
✔ predecessor readback oversized retains stop and never retries or creates (3.185048ms)
✔ predecessor readback graphql permission retains stop and never retries or creates (3.63694ms)
✔ predecessor readback partial graphql data retains stop and never retries or creates (2.544313ms)
✔ predecessor readback mutation rejected retains stop and never retries or creates (2.285172ms)
✔ archive wrong id cannot resolve predecessor (2.06615ms)
✔ archive wrong metadata cannot resolve predecessor (1.655532ms)
✔ archive wrong status cannot resolve predecessor (1.643674ms)
✔ archive exposed cannot resolve predecessor (1.669442ms)
✔ readback wrong id cannot resolve predecessor (2.434568ms)
✔ readback wrong metadata cannot resolve predecessor (2.472528ms)
✔ readback wrong status cannot resolve predecessor (2.316737ms)
✔ readback exposed cannot resolve predecessor (5.013121ms)
✔ public qualification resolves absent predecessor then runs unchanged real adapter matrix (503.307861ms)
✔ public qualification resolves ARCHIVED predecessor then runs unchanged real adapter matrix (474.332974ms)
✔ public qualification resolves ACTIVE predecessor then runs unchanged real adapter matrix (447.724795ms)
✔ fixed predecessor search and status-only allowance cannot be caller substituted (1.817748ms)
✔ reload retains predecessor FOUND, independent identity and one archival reservation (1.757331ms)
✔ reload retains predecessor ARCHIVE_ACKNOWLEDGED, independent identity and one archival reservation (1.947301ms)
✔ reload retains predecessor ARCHIVED_VERIFIED, independent identity and one archival reservation (2.407348ms)
✔ reload retains predecessor STOPPED, independent identity and one archival reservation (1.968852ms)
✔ reload retains predecessor ABSENT, independent identity and one archival reservation (1.232054ms)
✔ reopening refuses forged safe resolution or a retained lookup for a substituted marker (1.877503ms)
✔ serialized archive and readback attempts reserve actual HTTP once and never share the matrix allowance (3.222921ms)
✔ predecessor lookup consumes normal read ceiling and auth remains bounded at three (66.712247ms)
✔ public qualification stops on missing read_publications with no blind retry (1.759644ms)
✔ public qualification stops on wrong identity with no blind retry (1.532689ms)
✔ public qualification stops on predecessor permission failure with no blind retry (2.173205ms)
✔ public qualification stops on fresh create unknown with no blind retry (4.257749ms)
✔ public qualification stops on fresh adapter update unknown with no blind retry (75.232342ms)
✔ 010 cannot reopen closed-profile histories and synthetic qualification rejects every canonical live directory (29.49615ms)
✔ archival permission expiring during durable reservation consumes allowance without HTTP or retry (1.988622ms)
✔ pending predecessor HTTP retains exclusive lock and prevents early operator closure (1.320875ms)
✔ public qualification stops before fresh create after ACTIVE predecessor archive failure (2.934693ms)
✔ public qualification stops before fresh create after ACTIVE predecessor readback failure (3.505888ms)
✔ public qualification stops before fresh create after ARCHIVED predecessor readback failure (2.771113ms)
ℹ tests 136
ℹ suites 0
ℹ pass 136
ℹ fail 0
ℹ cancelled 0
ℹ skipped 0
ℹ todo 0
ℹ duration_ms 2959.150374
✔ one actual diagnostic sequence keeps empty installation distinct from nonempty token/REST/declarations (10.683492ms)
✔ partial stream failure is UNKNOWN and cannot allow a later independent read (2.997335ms)
✔ permission/shape metadata error does not become an empty grant agreement (2.891794ms)
✔ metadata shape failure still permits the independent REST read (2.054922ms)
✔ public sequence preserves missing installation/REST scope semantics (2.15175ms)
✔ public sequence preserves null installation/REST scope semantics (1.871061ms)
✔ public sequence preserves empty installation/REST scope semantics (1.840855ms)
✔ public sequence preserves wrong-type installation/REST scope semantics (3.198614ms)
✔ public sequence preserves duplicates installation/REST scope semantics (1.943166ms)
✔ public sequence preserves bad-handle installation/REST scope semantics (1.898763ms)
✔ token missing is recorded separately without preventing identity verification (1.678687ms)
✔ token null is recorded separately without preventing identity verification (1.502805ms)
✔ token empty is recorded separately without preventing identity verification (1.645964ms)
✔ token wrong-type is recorded separately without preventing identity verification (1.438971ms)
✔ token duplicate is recorded separately without preventing identity verification (1.521442ms)
✔ token bad-handle is recorded separately without preventing identity verification (1.489305ms)
✔ wrong shop identity stops after exactly two attempts (1.323068ms)
✔ wrong domain identity stops after exactly two attempts (0.916421ms)
✔ wrong app identity stops after exactly two attempts (1.00447ms)
✔ wrong client identity stops after exactly two attempts (0.937314ms)
✔ wrong installation identity stops after exactly two attempts (0.943966ms)
✔ wrong development identity stops after exactly two attempts (0.91551ms)
✔ explicit mismatched declared identity stops before REST (1.284596ms)
✔ token-invalid metadata response stops all later work (1.24105ms)
✔ offline unvalidated metadata is NOT_RUN without live document fallback (1.344183ms)
✔ unvalidated identity document stops before credential access (0.435177ms)
✔ actual entrypoint prevents host dispatch (0.961745ms)
✔ actual entrypoint prevents API dispatch (0.811507ms)
✔ actual entrypoint prevents method dispatch (0.824634ms)
✔ actual entrypoint prevents document dispatch (0.904722ms)
✔ actual entrypoint prevents mutation dispatch (0.837225ms)
✔ actual entrypoint prevents variables dispatch (0.837906ms)
✔ fixed REST GET prevents query (1.816913ms)
✔ fixed REST GET prevents body (1.578595ms)
✔ canonical history cannot be reopened, exhausted, corrupted or reset after loss (2.533707ms)
✔ expired credential preparation never dispatches a late HTTP call and retains pending lock (36.27029ms)
✔ ignored abort and late HTTP completion remain UNKNOWN with no later request or evidence rewrite (1024.800027ms)
✔ metadata oversized is shape evidence and allows independent REST (5.16558ms)
✔ metadata invalid-UTF8 is shape evidence and allows independent REST (1.562228ms)
✔ metadata invalid-JSON is shape evidence and allows independent REST (1.507954ms)
✔ metadata missing-body is shape evidence and allows independent REST (1.420481ms)
✔ unusable authentication never authorizes a read (0.716431ms)
✔ unusable authentication never authorizes a read (0.594612ms)
✔ unusable authentication never authorizes a read (0.596966ms)
✔ synthetic entry cannot override its mode to admit a nonsynthetic bearer (0.777817ms)
✔ pinned documented fields validate both exact documents and reject mutation/extra/unknown syntax (0.690832ms)
✔ live entrypoint rejects an unbound offline gate before owner credential metadata (26.376616ms)
✔ complete source/CI/review gate accepts exact receipts and rejects omitted/stale/altered evidence (90.963711ms)
✔ captured four-surface empty scope result replays through the public sequence without authorizing repair (2.041975ms)
ℹ tests 49
ℹ suites 0
ℹ pass 49
ℹ fail 0
ℹ cancelled 0
ℹ skipped 0
ℹ todo 0
ℹ duration_ms 1493.739187
✔ source gate requires two fresh high-effort reviews and every workflow on the frozen source (4.161771ms)
✔ full source binding includes the inherited internal Rust links without following external symlinks (231.504161ms)
✔ exact historical ownership accepts the fixed fixture and rejects an alternate target (2.057684ms)
✔ actual production acquire reports legacy membership conflict; V2 adjudication archives the owned fixture once (49.652676ms)
✔ ownership stops before any status mutation (2.741715ms)
✔ incomplete resourcePublications stops before any status mutation (2.463262ms)
✔ incomplete unpublishedPublications stops before any status mutation (2.51801ms)
✔ incomplete APP stops before any status mutation (3.249715ms)
✔ incomplete MARKET stops before any status mutation (4.519889ms)
✔ incomplete COMPANY_LOCATION stops before any status mutation (5.425895ms)
✔ incomplete NONE stops before any status mutation (6.102175ms)
✔ missing read scope stops before any status mutation (1.851148ms)
✔ initial DRAFT drift stops before any status mutation (6.68071ms)
✔ cross-partition version drift stops before any status mutation (4.629137ms)
✔ observed required grant loss in adapter read stops before any status mutation (7.406359ms)
✔ lost DRAFT acknowledgement never retries or archives (12.261424ms)
✔ DRAFT readback failure never retries or archives (12.076104ms)
✔ post-DRAFT ownership drift never retries or archives (14.095755ms)
✔ post-DRAFT partition drift never retries or archives (13.114054ms)
✔ different V2 behavior is classified from evidence without assuming staged membership (20.891255ms)
✔ ambiguous archive has exactly one bounded final observation and no resend (20.510158ms)
✔ newly appearing DRAFT V2 membership is not described as retained from ACTIVE (18.229793ms)
✔ acknowledgement/readback version drift stops before any post-DRAFT projection or cleanup (12.252291ms)
✔ concrete Shopify AppCatalog metadata permits the fixed adjudication (18.423982ms)
✔ concrete Shopify MarketCatalog metadata permits the fixed adjudication (20.778834ms)
✔ concrete Shopify CompanyLocationCatalog metadata permits the fixed adjudication (19.594961ms)
✔ catalog typename and global ID mismatch stops before any status mutation (5.864147ms)
✔ wrapped production failure preserves {"userError":true} (12.607172ms)
✔ wrapped production failure preserves {"adapterFailure":"http403"} (8.390352ms)
✔ wrapped production failure preserves {"adapterFailure":"graphql"} (6.955951ms)
✔ wrapped production failure preserves {"adapterFailure":"invalidJSON"} (7.008426ms)
✔ wrapped production failure preserves {"adapterFailure":"missingBody"} (6.230336ms)
✔ wrapped production failure preserves {"adapterFailure":"badScopes"} (7.14387ms)
✔ wrapped production failure preserves {"adapterFailure":"badNodes"} (8.194035ms)
✔ wrapped production failure preserves {"adapterFailure":"nullScope"} (6.706839ms)
✔ wrapped production failure preserves {"adapterFailure":"nullScopePost"} (10.269528ms)
✔ wrapped production failure preserves {"adapterFailure":"badHandlePost"} (10.340024ms)
✔ wrapped production failure preserves {"adapterFailure":"scopeString"} (8.774195ms)
✔ outstanding archive transport quarantines all further dispatch {"archiveOutstanding":true} (38.081403ms)
✔ outstanding archive transport quarantines all further dispatch {"archiveBodyOutstanding":true} (36.858966ms)
✔ outstanding archive transport quarantines all further dispatch {"archiveOversizeOutstanding":true} (39.612673ms)
✔ outstanding archive transport quarantines all further dispatch {"archiveBodyAbortOutstanding":true} (40.724051ms)
✔ outstanding archive transport quarantines all further dispatch {"archiveBodyCancelRejected":true} (16.860958ms)
✔ durable transport denies alternate target, ACTIVE, extra fields and arbitrary documents before HTTP (0.860677ms)
✔ quarantined first event zero rejects every subsequent provider dispatch (20.734516ms)
✔ 100 serial synthetic adjudications preserve the fixed ceilings and stop on each ambiguous write (1533.999536ms)
ℹ tests 46
ℹ suites 0
ℹ pass 46
ℹ fail 0
ℹ cancelled 0
ℹ skipped 0
ℹ todo 0
ℹ duration_ms 2378.978668
✔ source gate requires two fresh high-effort reviews and every workflow on the frozen source (3.024118ms)
✔ full source binding includes the inherited internal Rust links without following external symlinks (197.596089ms)
✔ alternate product and broad search are refused before HTTP (3.294592ms)
✔ fixed intent reads clean up one owned DRAFT and close with exact ARCHIVED settlement (27.08242ms)
✔ already ARCHIVED fixture is observed with no cleanup mutation (10.345165ms)
✔ complete negative intent surfaces report NO_INTENT_OBSERVED before cleanup (12.726532ms)
✔ unexpected ownership stops before cleanup (2.773058ms)
✔ unexpected ACTIVE stops before cleanup (2.668002ms)
✔ initial version drift stops before cleanup (2.481051ms)
✔ scope loss stops before cleanup (1.695429ms)
✔ incomplete includedProducts stops before cleanup (4.856705ms)
✔ foreign exact-ID result stops before cleanup (6.811665ms)
✔ duplicate exact-ID result stops before cleanup (5.208233ms)
✔ one-second observation drift stops before cleanup (5.158097ms)
✔ changed publication identity stops before cleanup (3.07692ms)
✔ search anchor disagrees stops before cleanup (5.815206ms)
✔ contradictory inclusion/search results stop before cleanup (9.832089ms)
✔ three qualified intent positives confirm intent with an empty diagnostic association (13.884747ms)
✔ diagnostic association cannot change negative consensus or resolve actual intent disagreement (38.602498ms)
✔ effective publication stays separate from matching configured-intent observations (11.380775ms)
✔ corrected interpretation cannot reopen the frozen closed attempt or authorize cleanup (4.894685ms)
✔ effective publication on DRAFT makes intent inconsistent and refuses cleanup (9.022379ms)
✔ ambiguous archive response consumes one final exact read without resend (10.548056ms)
✔ one-second archive acknowledgement/readback drift stays a conflict (12.971653ms)
✔ authentication failure closes the fresh register without Admin requests (1.266464ms)
✔ quarantined outstanding archive forbids final read and any overlapping request (8013.731414ms)
✔ fixed documents and variables exclude every alternate target before HTTP (123.338609ms)
✔ fixed source query literals are exactly the authorized ID filters and first:2 (0.584187ms)
✔ closed register cannot be initialized a second time (9.213407ms)
✔ 100 serial synthetic runs preserve zero or one mutation and never overlap (866.842326ms)
✔ invalid or malformed runtime search metadata stops before cleanup (6.862573ms)
✔ malformed GraphQL errors values never authorize cleanup (16.153294ms)
✔ rejected foreign descriptive data is absent from register and qualification evidence (8.816829ms)
✔ a failed read reservation cannot be retried or lead to unverifiable cleanup (1.466482ms)
✔ documented search diagnostics without warnings preserve exact intent reads (10.544145ms)
ℹ tests 35
ℹ suites 0
ℹ pass 35
ℹ fail 0
ℹ cancelled 0
ℹ skipped 0
ℹ todo 0
ℹ duration_ms 9530.392313
✔ source gate requires two fresh high-effort reviews and every workflow on the frozen source (3.229224ms)
✔ full source binding includes the inherited internal Rust links without following external symlinks (223.735362ms)
✔ alternate exact product is refused before HTTP (2.873955ms)
✔ disposable cleanup settles exact final ARCHIVED despite a one-second acknowledgement timestamp difference (17.890218ms)
✔ already ARCHIVED is verified with no update (4.836861ms)
✔ foreign ownership stops with zero update (4.149236ms)
✔ ACTIVE state stops with zero update (2.557507ms)
✔ UNLISTED state stops with zero update (1.950132ms)
✔ effective publication stops with zero update (1.696134ms)
✔ published timestamp stops with zero update (2.231812ms)
✔ online store URL stops with zero update (2.126714ms)
✔ legacy effective membership stops with zero update (2.370526ms)
✔ incomplete legacy stops with zero update (1.625117ms)
✔ wrong installation stops with zero update (1.988601ms)
✔ scope loss stops with zero update (1.802797ms)
✔ malformed GraphQL error fields are rejected before mutation (8.563816ms)
✔ ambiguous archive is not resent and one final exact read settles ARCHIVED (4.436059ms)
✔ final DRAFT or effective-publication drift is unsettled with no retry (9.671176ms)
✔ unsettled archive transport forbids final read and any overlap (8005.603972ms)
✔ exact source documents have no searches or alternate mutation fields (12.743114ms)
✔ alternate documents, extra fields and non-ARCHIVED statuses are denied before dispatch (14.854907ms)
✔ closed cleanup register rejects any second initialization (6.521646ms)
✔ 100 serial disposable cleanup cases never exceed one update (276.357572ms)
✔ failed authentication cannot admit an Admin read through the public operator (1.003485ms)
✔ failed prestate or final reads cannot be retried and archive cannot be resent (3.599035ms)
✔ auth response disposal failure quarantines pending event index zero (0.991341ms)
✔ gate demands exact source/tree/binding, two actual model reviews and ten unique attempt-one workflows (3.36428ms)
✔ zero ACTIVE effective membership is PARTIAL with one create and safe archive, without acquire or restore (44.121242ms)
✔ production v2 core lifecycle survives an actual fresh process, with capability=true and exact persisted hold bytes (670.527291ms)
✔ absence of future capability is recorded without weakening core qualification (644.121086ms)
✔ exact shop fence prevents creation (2.651253ms)
✔ exact domain fence prevents creation (1.84075ms)
✔ exact development fence prevents creation (1.914179ms)
✔ exact app fence prevents creation (1.900075ms)
✔ exact client fence prevents creation (1.811244ms)
✔ exact installation fence prevents creation (1.815588ms)
✔ exact grants fence prevents creation (1.996844ms)
✔ ownership drift stops before setup and denies archival cleanup (4.943554ms)
✔ actual schedule stops setup; explicit archive cannot turn persistent schedule into PASS (16.1613ms)
✔ configured intent drift after setup stops acquire and permits separately settled cleanup (24.849958ms)
✔ ambiguous create has one exact-marker recovery read and no further mutation (4.760866ms)
✔ lost acquire acknowledgement never causes restore, replay or cleanup mutation (20.965141ms)
✔ closed register rejects reentry before loading even synthetic credentials (21.671816ms)
✔ unsafe synthetic directory and live gate reject before any request (0.366243ms)
✔ global attempts, document denial, token replacement and serial reservation are durable (119.131184ms)
✔ one-second ACK/readback difference is retained while v2 semantics complete in fresh process (672.008173ms)
✔ lost restore acknowledgement in fresh process never retries or archives (631.240804ms)
✔ incomplete configured-intent connection stops lifecycle before setup (8.449417ms)
✔ production pagination consumes global budget and repeated cursor stops without mutation (12.961734ms)
✔ fresh-process-only resume rejects same PID before credential load in live operator seam (17.166623ms)
✔ non-quiescent fetch timeout retains pending reservation and forbids another request (8002.644958ms)
✔ malformed production mutation acknowledgement is not considered settled for archival authority (46.20675ms)
✔ failed disposal of an oversized body quarantines the outbound attempt (2.395931ms)
✔ persisted hold tampering stops fresh-process resume before a second auth or cleanup request (504.967827ms)
✔ gate demands exact source/tree/binding, two actual model reviews and ten unique attempt-one workflows (3.361656ms)
✔ missing adapter transport / import proof uses only the guarded operator or denies locally (237.041239ms)
✔ misspelled adapter transport / import proof uses only the guarded operator or denies locally (218.235843ms)
✔ imports adapter transport / import proof uses only the guarded operator or denies locally (214.920211ms)
✔ correct adapter transport / import proof uses only the guarded operator or denies locally (335.061389ms)
✔ zero ACTIVE effective membership is PARTIAL with one create and safe archive, without acquire or restore (55.518836ms)
✔ production v2 core lifecycle survives an actual fresh process, with capability=true and exact persisted hold bytes (728.796852ms)
✔ absence of future capability is recorded without weakening core qualification (691.450904ms)
✔ exact shop fence prevents creation (3.292006ms)
✔ exact domain fence prevents creation (2.580938ms)
✔ exact development fence prevents creation (2.519581ms)
✔ exact app fence prevents creation (2.35396ms)
✔ exact client fence prevents creation (2.236411ms)
✔ exact installation fence prevents creation (2.191741ms)
✔ exact grants fence prevents creation (2.48554ms)
✔ ownership drift stops before setup and denies archival cleanup (6.568508ms)
✔ actual schedule stops setup; explicit archive cannot turn persistent schedule into PASS (23.330577ms)
✔ configured intent drift after setup stops acquire and permits separately settled cleanup (34.31745ms)
✔ ambiguous create has one exact-marker recovery read and no further mutation (5.385363ms)
✔ lost acquire acknowledgement never causes restore, replay or cleanup mutation (23.683168ms)
✔ closed register rejects reentry before loading even synthetic credentials (30.126002ms)
✔ unsafe synthetic directory and live gate reject before any request (0.386169ms)
✔ global attempts, document denial, token replacement and serial reservation are durable (142.786103ms)
✔ one-second ACK/readback difference is retained while v2 semantics complete in fresh process (624.91966ms)
✔ lost restore acknowledgement in fresh process never retries or archives (604.819452ms)
✔ incomplete configured-intent connection stops lifecycle before setup (10.81375ms)
✔ production pagination consumes global budget and repeated cursor stops without mutation (14.028767ms)
✔ fresh-process-only resume rejects same PID before credential load in live operator seam (25.310456ms)
✔ non-quiescent fetch timeout retains pending reservation and forbids another request (8001.902771ms)
✔ malformed production mutation acknowledgement is not considered settled for archival authority (26.599522ms)
✔ failed disposal of an oversized body quarantines the outbound attempt (1.999767ms)
✔ persisted hold tampering stops fresh-process resume before a second auth or cleanup request (522.344161ms)
✔ all synthetic auth/create/status/production reads dispatch only after matching durable events (34.036444ms)
✔ durable accounting corruption prevents create dispatch and any cleanup mutation (4.395634ms)
✔ zero-effective PARTIAL branch becomes STOPPED if archive applied but acknowledgement is lost (25.853333ms)
✔ lost archive ACK permits only one exact ownership/status classification read and no final snapshot or retry (25.683899ms)
ℹ tests 90
ℹ suites 0
ℹ pass 90
ℹ fail 0
ℹ cancelled 0
ℹ skipped 0
ℹ todo 0
ℹ duration_ms 13581.477341
$ tsc -p scripts/m1-functions/tsconfig.json && node --test scripts/m1-functions/check-vector.test.ts
✔ TypeScript/Node and Rust share the exact experimental-v2 envelope/member bytes (5.694845ms)
ℹ tests 1
ℹ suites 0
ℹ pass 1
ℹ fail 0
ℹ cancelled 0
ℹ skipped 0
ℹ todo 0
ℹ duration_ms 122.747556
$ node scripts/boundaries/check.mjs && node scripts/boundaries/check-database-api.mjs && node scripts/boundaries/check-domain-effects.mjs && node --test scripts/boundaries/domain-effects.test.mjs
Boundary checks passed: 191 real modules, 4 browser modules, 19 negative source fixtures, 2 rejected browser bundles and exports.
Database public API rejects 19 compiler probes and 4 runtime deep imports.
6 production domain modules have no prohibited ambient effects
✔ Date.now is rejected in a production domain helper (8.854989ms)
✔ new Date is rejected in a production domain helper (0.738429ms)
✔ Math.random is rejected in a production domain helper (0.462325ms)
✔ globalThis.Date.now is rejected in a production domain helper (0.511022ms)
✔ fetch is rejected in a production domain helper (1.186601ms)
✔ globalThis.crypto is rejected in a production domain helper (0.415881ms)
✔ computed random is rejected in a production domain helper (0.88306ms)
✔ template random is rejected in a production domain helper (0.645129ms)
✔ dynamic Math member is rejected in a production domain helper (1.188393ms)
✔ spread Date is rejected in a production domain helper (1.525115ms)
✔ random destructuring is rejected in a production domain helper (0.735872ms)
✔ date alias is rejected in a production domain helper (0.342319ms)
✔ math alias is rejected in a production domain helper (0.296409ms)
✔ import meta is rejected in a production domain helper (0.387256ms)
✔ process environment is rejected in a production domain helper (0.226003ms)
✔ deterministic numeric and explicit-value operations stay allowed (1.399468ms)
✔ type-only properties are not ambient API references (2.05916ms)
✔ compiled graph includes an imported module with an excluded test-like filename (551.693607ms)
ℹ tests 18
ℹ suites 0
ℹ pass 18
ℹ fail 0
ℹ cancelled 0
ℹ skipped 0
ℹ todo 0
ℹ duration_ms 964.245381
$ node scripts/boundaries/check-secrets.mjs
Secret/fixture provenance check passed: 110 production source files, 83 separately scanned test/fixture files, 2 browser artifacts, 2 explicitly synthetic seeds.
20 archived Cargo manifests remain independent
$ bash scripts/m1-functions/check.sh
    Finished `dev` profile [unoptimized + debuginfo] target(s) in 0.08s
    Finished `test` profile [unoptimized + debuginfo] target(s) in 0.07s
     Running unittests src/lib.rs (target/debug/deps/cart_authorization-428bc6dab939b9b3)

running 0 tests

test result: ok. 0 passed; 0 failed; 0 ignored; 0 measured; 0 filtered out; finished in 0.00s

     Running tests/currency_matrix.rs (target/debug/deps/currency_matrix-a76cbbc666a7ab20)

running 1 test
test every_admitted_currency_agrees_with_versioned_ts_matrix ... ok

test result: ok. 1 passed; 0 failed; 0 ignored; 0 measured; 0 filtered out; finished in 0.01s

     Running tests/production_vectors.rs (target/debug/deps/production_vectors-931358b74671ec5f)

running 1 test
test production_typescript_vectors_verify_with_complete_rust_core ... ok

test result: ok. 1 passed; 0 failed; 0 ignored; 0 measured; 0 filtered out; finished in 0.11s

     Running tests/whole_quote.rs (target/debug/deps/whole_quote-dd6e3b33eb9f8a50)

running 13 tests
test canonical_carriers_reject_length_padding_alphabet_and_tail_bits ... ok
test compensated_price_mutations_cannot_preserve_authorization_by_preserving_total ... ok
test complete_ordered_set_verifies_once_and_matches_observed_price ... ok
test every_header_byte_class_is_signed_and_structural_header_is_strict ... ok
test last_member_change_invalidates_everything ... ok
test independent_context_keys_date_and_physical_economics_reject ... ok
test missing_duplicate_unsigned_and_extra_members_fail_closed ... ok
test member_from_a_different_signed_quote_cannot_mix_with_original_envelope ... ok
test noncanonical_public_point_and_revoked_or_out_of_window_keys_reject ... ok
test shared_python_typescript_rust_golden_vector_agrees ... ok
test signature_and_arithmetic_profiles_reject_mutations ... ok
test large_complete_quantity_and_500_unit_tier_cannot_be_partially_reused ... ok
test fifteen_independently_signed_high_bit_magic_variants_reject ... ok

test result: ok. 13 passed; 0 failed; 0 ignored; 0 measured; 0 filtered out; finished in 0.30s

     Running unittests src/main.rs (target/debug/deps/cart_transform-358275b5ea2405f6)

running 20 tests
test capacity::tests::cart_line_width_and_grammar ... ok
test capacity::tests::exact_output_bound_has_headroom ... ok
test product_policy::tests::absent_fields_are_unmanaged_but_a_single_lost_field_is_uncertain ... ok
test product_policy::tests::illegible_lone_anchor_cannot_authorize_a_signed_quote ... ok
test product_policy::tests::matching_ready_fields_classify_required_and_optional ... ok
test product_policy::tests::pending_malformed_and_stale_fields_block_plain_but_preserve_signed ... ok
test product_policy::tests::strict_grammar_rejects_unknown_states_and_noncanonical_revisions ... ok
test product_policy::tests::wrong_installation_generation_rejects_signed_too ... ok
test tests::no_partial_expansion_for_incomplete_or_tampered_set ... ok
test tests::revoked_and_out_of_window_public_keys_emit_no_price_operation ... ok
test tests::complete_set_sets_both_prices_and_copies_compact_member ... ok
test tests::signed_quote_with_only_illegible_policy_emits_no_price ... ok
test tests::signed_quote_with_no_product_anchors_still_requires_shop_keys ... ok
test tests::context_physical_line_policy_and_cart_order_are_enforced ... ok
test tests::signed_prices_survive_policy_revision_and_one_lost_anchor ... ok
test tests::ten_thousand_physical_units_use_two_expansions ... ok
test tests::unsigned_marker_removed_and_invalid_signature_emit_no_price ... ok
test tests::untrusted_config_cannot_raise_experiment_ceiling ... ok
test tests::transform_accepts_canonical_zero_and_echoes_target_local_id ... ok
test tests::ten_bucket_output_is_bounded_and_oversized_sets_emit_no_partial_operation ... ok

test result: ok. 20 passed; 0 failed; 0 ignored; 0 measured; 0 filtered out; finished in 0.05s

     Running unittests src/main.rs (target/debug/deps/cart_validation-95daed9c7c60dc1b)

running 24 tests
test capacity::tests::cart_line_width_and_grammar ... ok
test capacity::tests::exact_output_bound_has_headroom ... ok
test product_policy::tests::illegible_lone_anchor_cannot_authorize_a_signed_quote ... ok
test product_policy::tests::absent_fields_are_unmanaged_but_a_single_lost_field_is_uncertain ... ok
test product_policy::tests::matching_ready_fields_classify_required_and_optional ... ok
test product_policy::tests::strict_grammar_rejects_unknown_states_and_noncanonical_revisions ... ok
test product_policy::tests::pending_malformed_and_stale_fields_block_plain_but_preserve_signed ... ok
test product_policy::tests::wrong_installation_generation_rejects_signed_too ... ok
test tests::incomplete_tampered_and_unsigned_required_sets_reject ... ok
test tests::malformed_stale_pending_and_wrong_generation_policy_fail_plain ... ok
test tests::complete_set_compares_observed_exact_subtotals ... ok
test tests::buyer_marker_removal_cannot_turn_known_required_into_plain ... ok
test tests::one_lost_anchor_blocks_plain_while_explicit_optional_and_unmanaged_pass ... ok
test tests::revoked_and_out_of_window_public_keys_reject_checkout ... ok
test tests::cart_order_context_and_physical_claim_changes_fail_at_checkout ... ok
test tests::signed_quote_with_only_illegible_policy_rejects ... ok
test tests::signed_quote_with_no_product_anchors_needs_healthy_shop_keys ... ok
test tests::signed_historical_quote_survives_same_generation_policy_revision ... ok
test tests::untrusted_config_cannot_raise_experiment_ceiling ... ok
test tests::ten_thousand_physical_units_validate_without_per_unit_expansion ... ok
test tests::mixed_200_line_cart_blocks_damaged_managed_line_then_recovers ... ok
test tests::zero_based_cartline_does_not_bypass_economics_or_trust_at_checkout ... ok
test tests::ten_bucket_set_validates_and_oversized_sets_reject ... ok
test tests::zero_based_cartline_preserves_complete_signed_checkout_at_both_steps ... ok

test result: ok. 24 passed; 0 failed; 0 ignored; 0 measured; 0 filtered out; finished in 0.11s

   Doc-tests cart_authorization

running 0 tests

test result: ok. 0 passed; 0 failed; 0 ignored; 0 measured; 0 filtered out; finished in 0.00s

/home/serveradmin/insignia-m5-015r-worktree/crates/cart-transform/target/m1-tools/shopify-function-trampoline-2.0.1: OK
    Finished `release` profile [optimized] target(s) in 0.04s
c20cbda370e8ce19c309a49a71f497edb36e2f2db6b4667eced22073cb76fc17  /home/serveradmin/insignia-m5-015r-worktree/extensions/insignia-cart-transform/target/cart-transform.raw.wasm
49248769ae4ce578af7c5e7fa77f8c230c8fd4f45b2d673c22cfed87ff946576  /home/serveradmin/insignia-m5-015r-worktree/extensions/insignia-cart-transform/target/cart-transform.wasm
184312 /home/serveradmin/insignia-m5-015r-worktree/extensions/insignia-cart-transform/target/cart-transform.raw.wasm
181378 /home/serveradmin/insignia-m5-015r-worktree/extensions/insignia-cart-transform/target/cart-transform.wasm
365690 total
/home/serveradmin/insignia-m5-015r-worktree/crates/cart-validation/target/m1-tools/shopify-function-trampoline-2.0.1: OK
    Finished `release` profile [optimized] target(s) in 0.04s
1c2e43c03c62fb1983089d3b8623eeb6a3ffc90211893c9abb7a2b67fa9ad763  /home/serveradmin/insignia-m5-015r-worktree/extensions/insignia-cart-validation/target/cart-validation.raw.wasm
3193f60bbb29cdc473ce7ae73e88d1064ca7be2f03da2aade4e17ae1390366c6  /home/serveradmin/insignia-m5-015r-worktree/extensions/insignia-cart-validation/target/cart-validation.wasm
185960 /home/serveradmin/insignia-m5-015r-worktree/extensions/insignia-cart-validation/target/cart-validation.raw.wasm
182968 /home/serveradmin/insignia-m5-015r-worktree/extensions/insignia-cart-validation/target/cart-validation.wasm
368928 total
/home/serveradmin/insignia-m5-015r-worktree/.m1-artifacts/tools/function-runner-9.2.2: OK
transform 8 c20cbda370e8ce19c309a49a71f497edb36e2f2db6b4667eced22073cb76fc17 49248769ae4ce578af7c5e7fa77f8c230c8fd4f45b2d673c22cfed87ff946576
validation 18 1c2e43c03c62fb1983089d3b8623eeb6a3ffc90211893c9abb7a2b67fa9ad763 3193f60bbb29cdc473ce7ae73e88d1064ca7be2f03da2aade4e17ae1390366c6
{
  "rows": 230,
  "positive": 16,
  "vectorsSha256": "7f0046b88183b79cbccc305c883aab0483a6cda1eddb191297e2295c35ac1eda",
  "transformWasmSha256": "49248769ae4ce578af7c5e7fa77f8c230c8fd4f45b2d673c22cfed87ff946576",
  "validationWasmSha256": "3193f60bbb29cdc473ce7ae73e88d1064ca7be2f03da2aade4e17ae1390366c6"
}
M4-003 production builder config passed 6 complete Function runs.
$ corepack pnpm --filter @insignia/web test && corepack pnpm --filter @insignia/storefront test
$ node --test test/*.test.mjs test/admin/*.test.mjs
﹣ real PG activation composes trusted release, synthetic Shopify hold and immutable evidence (0.855274ms) # SKIP
✔ admin distinguishes activation waiting, held, restoration and conflict without manufacturing ACTIVE (1.30528ms)
✔ publication conflict outranks a retained held/pending activation state (0.195481ms)
✔ terminal operator hold outranks stale held activation (0.159265ms)
✔ current staff and installation grant read and edit; reinstallation is checked every request (1.933388ms)
✔ staff read access does not grant mutation (1.126151ms)
✔ expired or cross-shop identity and stale installation fail closed (0.507955ms)
✔ read requires current verified staff and exact shop, even on deep links (27.698849ms)
✔ mutation refuses cross-origin and staff denial before invoking command (2.895924ms)
✔ save carries exact product, draft version and idempotency to durable command (1.916087ms)
✔ stale draft save is a conflict, never a success response (1.068062ms)
✔ publish returns activation-pending truthfully and requires current edit grant (1.120331ms)
✔ a product missing from the verified shop cannot be changed (1.06924ms)
✔ expired identity and shop supplied in command body cannot create a config (1.194859ms)
✔ unwired admin backend serves no private catalog data (0.685277ms)
✔ unknown durable command failures remain unavailable without leaking details (1.127009ms)
✔ editor-generated fixed, override and tier defaults price through unchanged M2 in zero/two/three exponent currencies (3534.017242ms)
✔ real browser editor syncs typed view, variant and step controls with direct Konva canvas and saved draft (1967.095344ms)
✔ removing named choices drops only their labels including nested option value labels before save (1205.038888ms)
✔ variant without a saved image override retains the portrait default until explicit landscape adoption (994.441394ms)
✔ merchant currency adoption refreshes saved publication eligibility and later failed or stale reads fail closed (1107.586485ms)
✔ mobile deep link, cookie-free reload, interrupted save, stale conflict, and missing Polaris control (2017.033011ms)
✔ interrupted publication resumes the identical request after reload and reaches a durable phase (886.898565ms)
✔ numeric placement input reaches owner state before blur and survives an owner rerender (1330.156992ms)
✔ publication success preserves dirty local edits and exact save recovery [1/1] (881.995197ms)
✔ publication failed preserves dirty local edits and exact save recovery [1/1] (843.169188ms)
✔ publication success preserves ambiguous local edits and exact save recovery [1/1] (930.218692ms)
✔ publication failed preserves ambiguous local edits and exact save recovery [1/1] (927.561813ms)
✔ publication retry keeps the original version after a newer draft edit when embedded storage is denied (861.441045ms)
✔ stale stored publication is replaced by the current immutable intent despite newer ineligible draft (704.072789ms)
✔ reinstalled Admin discards prior-generation browser request and publishes with a new key (664.585218ms)
✔ concurrent editor refreshes share one App Bridge identity request (1284.19211ms)
✔ empty merchant draft can be configured through typed controls and pass M2 validation (1116.406445ms)
﹣ overlapping distinct-key M5 creates serialize before the command FK lock upgrade (1.263982ms) # SKIP
﹣ currency precision rejects invalid saved and legacy publication amounts without rounding or durable intent (0.202854ms) # SKIP
﹣ durable editor CAS, exact-key replay, independent copy, immutable geometry, and reinstall fence (0.141422ms) # SKIP
﹣ actual M4 prepare/advance over immutable M5 revision reports ready, conflict and hold truthfully (0.954222ms) # SKIP
✔ diagnostic preview requires accounting and HTTPS before any provider access (449.48025ms)
﹣ live-style SDK identity, local PG create/save/reload/CAS/exact ambiguous replay and mutation refusal (0.85554ms) # SKIP
✔ preview same-token single flight; replacement and current-installation invalidation exchange fresh (1.426782ms)
✔ preview rejected exchange is not cached and expired or long-lived identity is denied (0.898514ms)
﹣ production composition uses signed staff SDK, current feature policy and real M4 prepare with admission hold (0.992658ms) # SKIP
✔ server activation composition cannot promote a diagnostic observation without trusted release source (1.699241ms)
✔ server composition binds trusted provider reads to one signed immutable quote candidate (41.690564ms)
✔ built SSR serves public shell and a real Polaris/Preact interaction (5992.846655ms)
✔ HTTP 5xx after durable inbox commit leads to same-ID retry and a single queue handoff (16.623432ms)
✔ stream bound rejects a lying or absent Content-Length before trusted metadata is stored (3.802526ms)
﹣ built HTTP ingress authenticates raw bytes and durably deduplicates through PostgreSQL and queue (1.034935ms) # SKIP
ℹ tests 48
ℹ suites 0
ℹ pass 40
ℹ fail 0
ℹ cancelled 0
ℹ skipped 8
ℹ todo 0
ℹ duration_ms 21950.376704
$ node --test test/*.test.mjs
✔ custom element mounts, unmounts, and contains DOM, state and events (583.152174ms)
ℹ tests 1
ℹ suites 0
ℹ pass 1
ℹ fail 0
ℹ cancelled 0
ℹ skipped 0
ℹ todo 0
ℹ duration_ms 1128.045985
{"archivedArchitectureRef": "0f2c80a316228bd69fdd2ff272e967ff14647b2b", "archivedArchitectureVerified": true, "archivedV1_2Ref": "662a78cd27507d8a2f1eaa976f1c644c93edd1be", "archivedV1_2Sha256": {"docs/architecture/OPTION-A-APPROVED.md": "321f86f5823a0b73b6a6483c172e5d56a0172de442f38dc79ae337de51adf209", "docs/architecture/decision-ledger.md": "97ebb79ddc53000c53c46218ba8c83a5ba2279720ed07ff50809706b4f1a800a", "docs/architecture/implementation-plan.md": "8bb45ac9e2834bf047824a2e3dda4da7f76692bae685f6657da7b3ab03d0b145"}, "archivedV1_3Ref": "4209bb16a09cff95d5cbbc1bbcb082e8c1fa8899", "archivedV1_3Sha256": {"docs/architecture/decision-ledger.md": "d4297182b12978822dae124a040a0d47aafcdb7749f7ad8602f0626e964937e9", "docs/architecture/implementation-plan.md": "b730c0dc274af8180a9aae3290189a8fd61b6b92e06681d345fe5d9aab22c06d"}, "currentArchitectureSha256": {"docs/architecture/OPTION-A-APPROVED.md": "321f86f5823a0b73b6a6483c172e5d56a0172de442f38dc79ae337de51adf209", "docs/architecture/decision-ledger.md": "3d1e8fe50c948822ba3403facfc142402d4fc6631d8d667a2e3341ff6cdbd802", "docs/architecture/implementation-plan.md": "cd59fd361d69adc3f307ee9b88ba1f5509ffeefb68aea90a15f9b88757b4e792"}, "currentArchitectureVersion": "1.4", "historicalMerge": "eaa386c90786e560d49f8311878c95d26cc3c7b8", "manifestSha256": "c2d017f70c4e781d174695c27b9a8c3295666c105af598d8caed6ce9a18160e8", "oldSourceCount": 41, "unchangedReceiptCount": 120}
{"draftProducts": 2, "hashedSetupReceipts": 14, "initialUnits": 272, "ownedFunctions": 2, "status": "PASS", "variants": 3}
48 required files hashed: .m1-artifacts/manifest.json
