$ M5_PUBLICATION_STRESS_ITERATIONS=25 corepack pnpm --filter @insignia/web exec node --test --test-name-pattern="publication (success|failed) preserves" test/admin/editor-browser.test.mjs
✔ publication success preserves dirty local edits and exact save recovery [1/25] (1118.792152ms)
✔ publication failed preserves dirty local edits and exact save recovery [1/25] (1020.82561ms)
✔ publication success preserves ambiguous local edits and exact save recovery [1/25] (955.075382ms)
✔ publication failed preserves ambiguous local edits and exact save recovery [1/25] (944.262779ms)
✔ publication success preserves dirty local edits and exact save recovery [2/25] (904.221258ms)
✔ publication failed preserves dirty local edits and exact save recovery [2/25] (845.116067ms)
✔ publication success preserves ambiguous local edits and exact save recovery [2/25] (983.49032ms)
✔ publication failed preserves ambiguous local edits and exact save recovery [2/25] (970.898822ms)
✔ publication success preserves dirty local edits and exact save recovery [3/25] (940.040295ms)
✔ publication failed preserves dirty local edits and exact save recovery [3/25] (858.917787ms)
✔ publication success preserves ambiguous local edits and exact save recovery [3/25] (974.44179ms)
✔ publication failed preserves ambiguous local edits and exact save recovery [3/25] (936.912626ms)
✔ publication success preserves dirty local edits and exact save recovery [4/25] (848.202816ms)
✔ publication failed preserves dirty local edits and exact save recovery [4/25] (860.701158ms)
✔ publication success preserves ambiguous local edits and exact save recovery [4/25] (920.875148ms)
✔ publication failed preserves ambiguous local edits and exact save recovery [4/25] (995.702622ms)
✔ publication success preserves dirty local edits and exact save recovery [5/25] (887.534756ms)
✔ publication failed preserves dirty local edits and exact save recovery [5/25] (877.422316ms)
✔ publication success preserves ambiguous local edits and exact save recovery [5/25] (958.06517ms)
✔ publication failed preserves ambiguous local edits and exact save recovery [5/25] (952.109267ms)
✔ publication success preserves dirty local edits and exact save recovery [6/25] (917.643328ms)
✔ publication failed preserves dirty local edits and exact save recovery [6/25] (889.081588ms)
✔ publication success preserves ambiguous local edits and exact save recovery [6/25] (892.798877ms)
✔ publication failed preserves ambiguous local edits and exact save recovery [6/25] (1047.494198ms)
✔ publication success preserves dirty local edits and exact save recovery [7/25] (855.361949ms)
✔ publication failed preserves dirty local edits and exact save recovery [7/25] (897.425047ms)
✔ publication success preserves ambiguous local edits and exact save recovery [7/25] (937.027856ms)
✔ publication failed preserves ambiguous local edits and exact save recovery [7/25] (1049.536018ms)
✔ publication success preserves dirty local edits and exact save recovery [8/25] (873.441834ms)
✔ publication failed preserves dirty local edits and exact save recovery [8/25] (876.482803ms)
✔ publication success preserves ambiguous local edits and exact save recovery [8/25] (968.242424ms)
✔ publication failed preserves ambiguous local edits and exact save recovery [8/25] (966.687071ms)
✔ publication success preserves dirty local edits and exact save recovery [9/25] (847.58749ms)
✔ publication failed preserves dirty local edits and exact save recovery [9/25] (865.315282ms)
✔ publication success preserves ambiguous local edits and exact save recovery [9/25] (943.069799ms)
✔ publication failed preserves ambiguous local edits and exact save recovery [9/25] (908.53923ms)
✔ publication success preserves dirty local edits and exact save recovery [10/25] (845.971284ms)
✔ publication failed preserves dirty local edits and exact save recovery [10/25] (832.496372ms)
✔ publication success preserves ambiguous local edits and exact save recovery [10/25] (986.121216ms)
✔ publication failed preserves ambiguous local edits and exact save recovery [10/25] (893.230567ms)
✔ publication success preserves dirty local edits and exact save recovery [11/25] (932.382745ms)
✔ publication failed preserves dirty local edits and exact save recovery [11/25] (872.950069ms)
✔ publication success preserves ambiguous local edits and exact save recovery [11/25] (992.701761ms)
✔ publication failed preserves ambiguous local edits and exact save recovery [11/25] (979.820851ms)
✔ publication success preserves dirty local edits and exact save recovery [12/25] (868.416443ms)
✔ publication failed preserves dirty local edits and exact save recovery [12/25] (865.094225ms)
✔ publication success preserves ambiguous local edits and exact save recovery [12/25] (953.262963ms)
✔ publication failed preserves ambiguous local edits and exact save recovery [12/25] (1039.629886ms)
✔ publication success preserves dirty local edits and exact save recovery [13/25] (917.881504ms)
✔ publication failed preserves dirty local edits and exact save recovery [13/25] (841.4832ms)
✔ publication success preserves ambiguous local edits and exact save recovery [13/25] (919.924225ms)
✔ publication failed preserves ambiguous local edits and exact save recovery [13/25] (935.570954ms)
✔ publication success preserves dirty local edits and exact save recovery [14/25] (851.511908ms)
✔ publication failed preserves dirty local edits and exact save recovery [14/25] (870.266974ms)
✔ publication success preserves ambiguous local edits and exact save recovery [14/25] (929.701769ms)
✔ publication failed preserves ambiguous local edits and exact save recovery [14/25] (897.11826ms)
✔ publication success preserves dirty local edits and exact save recovery [15/25] (843.965175ms)
✔ publication failed preserves dirty local edits and exact save recovery [15/25] (864.560912ms)
✔ publication success preserves ambiguous local edits and exact save recovery [15/25] (1003.021936ms)
✔ publication failed preserves ambiguous local edits and exact save recovery [15/25] (973.036275ms)
✔ publication success preserves dirty local edits and exact save recovery [16/25] (901.645491ms)
✔ publication failed preserves dirty local edits and exact save recovery [16/25] (897.773178ms)
✔ publication success preserves ambiguous local edits and exact save recovery [16/25] (916.844465ms)
✔ publication failed preserves ambiguous local edits and exact save recovery [16/25] (943.28147ms)
✔ publication success preserves dirty local edits and exact save recovery [17/25] (843.355471ms)
✔ publication failed preserves dirty local edits and exact save recovery [17/25] (882.244718ms)
✔ publication success preserves ambiguous local edits and exact save recovery [17/25] (1037.335443ms)
✔ publication failed preserves ambiguous local edits and exact save recovery [17/25] (1031.678519ms)
✔ publication success preserves dirty local edits and exact save recovery [18/25] (852.498816ms)
✔ publication failed preserves dirty local edits and exact save recovery [18/25] (906.587102ms)
✔ publication success preserves ambiguous local edits and exact save recovery [18/25] (952.369184ms)
✔ publication failed preserves ambiguous local edits and exact save recovery [18/25] (984.288111ms)
✔ publication success preserves dirty local edits and exact save recovery [19/25] (880.875153ms)
✔ publication failed preserves dirty local edits and exact save recovery [19/25] (866.585077ms)
✔ publication success preserves ambiguous local edits and exact save recovery [19/25] (879.443643ms)
✔ publication failed preserves ambiguous local edits and exact save recovery [19/25] (925.197755ms)
✔ publication success preserves dirty local edits and exact save recovery [20/25] (843.714844ms)
✔ publication failed preserves dirty local edits and exact save recovery [20/25] (874.377011ms)
✔ publication success preserves ambiguous local edits and exact save recovery [20/25] (891.746882ms)
✔ publication failed preserves ambiguous local edits and exact save recovery [20/25] (916.102891ms)
✔ publication success preserves dirty local edits and exact save recovery [21/25] (885.093679ms)
✔ publication failed preserves dirty local edits and exact save recovery [21/25] (861.317271ms)
✔ publication success preserves ambiguous local edits and exact save recovery [21/25] (1003.705698ms)
✔ publication failed preserves ambiguous local edits and exact save recovery [21/25] (1052.041697ms)
✔ publication success preserves dirty local edits and exact save recovery [22/25] (880.513184ms)
✔ publication failed preserves dirty local edits and exact save recovery [22/25] (902.31654ms)
✔ publication success preserves ambiguous local edits and exact save recovery [22/25] (954.09356ms)
✔ publication failed preserves ambiguous local edits and exact save recovery [22/25] (992.136202ms)
✔ publication success preserves dirty local edits and exact save recovery [23/25] (908.57878ms)
✔ publication failed preserves dirty local edits and exact save recovery [23/25] (864.624702ms)
✔ publication success preserves ambiguous local edits and exact save recovery [23/25] (1016.015903ms)
✔ publication failed preserves ambiguous local edits and exact save recovery [23/25] (962.319828ms)
✔ publication success preserves dirty local edits and exact save recovery [24/25] (843.42383ms)
✔ publication failed preserves dirty local edits and exact save recovery [24/25] (941.256171ms)
✔ publication success preserves ambiguous local edits and exact save recovery [24/25] (980.243599ms)
✔ publication failed preserves ambiguous local edits and exact save recovery [24/25] (932.493717ms)
✔ publication success preserves dirty local edits and exact save recovery [25/25] (854.575067ms)
✔ publication failed preserves dirty local edits and exact save recovery [25/25] (854.976748ms)
✔ publication success preserves ambiguous local edits and exact save recovery [25/25] (946.226712ms)
✔ publication failed preserves ambiguous local edits and exact save recovery [25/25] (915.55501ms)
ℹ tests 100
ℹ suites 0
ℹ pass 100
ℹ fail 0
ℹ cancelled 0
ℹ skipped 0
ℹ todo 0
ℹ duration_ms 92649.185264
