✖ CLI exits by the credential deadline while a real blocking pipe writer remains open (6591.037295ms)
ℹ tests 1
ℹ suites 0
ℹ pass 0
ℹ fail 1
ℹ cancelled 0
ℹ skipped 0
ℹ todo 0
ℹ duration_ms 6708.157928

✖ failing tests:

test at scripts/m5-native-inventory/collector.test.mjs:864:1
✖ CLI exits by the credential deadline while a real blocking pipe writer remains open (6591.037295ms)
  AssertionError [ERR_ASSERTION]: public CLI remained alive after its five-second credential deadline
  
  true !== false
  
      at TestContext.<anonymous> (file:///home/serveradmin/insignia-m5-native-inventory-worktree/scripts/m5-native-inventory/collector.test.mjs:893:10)
      at process.processTicksAndRejections (node:internal/process/task_queues:104:5)
      at async Test.run (node:internal/test_runner/test:1409:7)
      at async startSubtestAfterBootstrap (node:internal/test_runner/harness:387:3) {
    generatedMessage: false,
    code: 'ERR_ASSERTION',
    actual: true,
    expected: false,
    operator: 'strictEqual',
    diff: 'simple'
  }
