✔ complete one-page collection reserves every attempt durably and returns only opaque observations (58.747717ms)
▶ unallocated or broadened owner inputs stop before any HTTP request or evidence creation
  ✔ missing allocation (6.448426ms)
  ✔ request template is not permission (2.487779ms)
  ✔ no approval reference (1.342682ms)
  ✔ wrong endpoint (1.696588ms)
  ✔ wrong optional scopes (1.428697ms)
  ✔ required scope expansion (1.496431ms)
  ✔ grant expansion (1.425089ms)
  ✔ mutations (1.703903ms)
  ✔ wrong operation (2.659674ms)
  ✔ too many requests (1.56851ms)
  ✔ too long retention (1.241049ms)
  ✔ expired grant (1.282901ms)
  ✔ wrong private destination (3.258381ms)
  ✔ credential absent (1.573391ms)
✔ unallocated or broadened owner inputs stop before any HTTP request or evidence creation (32.374775ms)
✔ two pages follow the exact private cursor then final identity within three total requests (16.071299ms)
▶ incomplete, drifting, duplicate or over-cap provider observations seal immediately without boundary claims
  ✔ GraphQL errors (8.902702ms)
  ✔ missing shop (6.253735ms)
  ✔ wrong shop (7.608453ms)
  ✔ wrong client (7.551969ms)
  ✔ wrong app (13.750448ms)
  ✔ wrong installation (6.546613ms)
  ✔ grant drift (8.161466ms)
  ✔ grant duplicate (5.605355ms)
  ✔ connection missing (12.844367ms)
  ✔ page info missing (5.309836ms)
  ✔ next cursor missing (47.316985ms)
  ✔ topic missing (29.218881ms)
  ✔ unsupported version (5.92658ms)
  ✔ unsupported format (10.778138ms)
  ✔ URI missing (32.802747ms)
  ✔ duplicate ID (6.564036ms)
  ✔ URI conflict (7.677836ms)
  ✔ page over 250 (7.831005ms)
✔ incomplete, drifting, duplicate or over-cap provider observations seal immediately without boundary claims (233.860302ms)
▶ transport failures, redirects, API fallback, oversized bodies and absolute timeouts consume one attempt with no retry
  ✔ permission (7.883272ms)
  ✔ throttle (5.304717ms)
  ✔ redirect (6.223424ms)
  ✔ API fallback (10.686027ms)
  ✔ missing API header (7.920064ms)
  ✔ not JSON (15.384211ms)
  ✔ encoding (6.39405ms)
  ✔ malformed body (4.52671ms)
  ✔ over 1 MiB (10.330392ms)
  ✔ lost response (4.964354ms)
  ✔ absolute timeout (36.284068ms)
✔ transport failures, redirects, API fallback, oversized bodies and absolute timeouts consume one attempt with no retry (117.8339ms)
✔ run deadline and expired allocation stop in flight and preserve consumed reservations (27.95525ms)
✔ CLI reads one bounded existing token from inherited descriptor and prints only the public result (338.99466ms)
✔ killed in-flight process leaves a consumed reservation; seal never resumes or retries it (168.029594ms)
▶ unknown identity and connection shapes cannot silently qualify a partial provider response
  ✔ unexpected queried object field (26.989682ms)
  ✔ unexpected queried object field (6.397906ms)
  ✔ unexpected queried object field (13.43511ms)
  ✔ unexpected queried object field (8.023726ms)
  ✔ unexpected queried object field (5.677822ms)
✔ unknown identity and connection shapes cannot silently qualify a partial provider response (61.521076ms)
✔ credential reflection is withheld from disk and public errors while the attempted request remains consumed (4.943114ms)
✔ private response-write failure seals the acknowledged request as uncertain without another transport (9.27324ms)
✔ full 500-record envelope needs exactly two pages and one final identity read (38.43216ms)
▶ third page, cursor cycle, cross-page duplicates and boundary drift never extend the request envelope
  ✔ third page (10.45786ms)
  ✔ cursor cycle (10.25937ms)
  ✔ cross-page duplicate (22.607055ms)
  ✔ boundary drift (25.585184ms)
  ✔ boundary error (22.551496ms)
✔ third page, cursor cycle, cross-page duplicates and boundary drift never extend the request envelope (92.526468ms)
▶ allocation may tighten ceilings and injected test endpoints cannot leave loopback
  ✔ tight requests (12.88922ms)
  ✔ tight pages (4.837791ms)
  ✔ tight records (4.328184ms)
  ✔ invalid endpoint denied before transport (1.750222ms)
  ✔ invalid endpoint denied before transport (1.18312ms)
  ✔ invalid endpoint denied before transport (1.257821ms)
  ✔ invalid endpoint denied before transport (2.291417ms)
  ✔ invalid endpoint denied before transport (2.076766ms)
✔ allocation may tighten ceilings and injected test endpoints cannot leave loopback (32.041383ms)
✔ failed journal persistence keeps reservation durable and forbids reinvocation despite an unsealed run (23.439025ms)
▶ CLI refuses arbitrary queries, environment credential switches and duplicate flags before transport
  ✔ --query (91.08209ms)
  ✔ --token-env (87.486767ms)
  ✔ --token-fd (89.404098ms)
✔ CLI refuses arbitrary queries, environment credential switches and duplicate flags before transport (268.837192ms)
▶ resource declaration must name an existing supported capability and cannot smuggle a second token store
  ✔ unsupported owner input (1.624ms)
  ✔ unsupported owner input (2.261507ms)
✔ resource declaration must name an existing supported capability and cannot smuggle a second token store (4.474184ms)
✔ unexpected topic bytes remain private while the public observation uses an opaque category (9.044931ms)
✔ distinct topics can share one coherent receiver while duplicate URI/topic bindings still stop (12.562003ms)
▶ CLI rejects missing, multiline and oversized descriptor tokens before creating a run or contacting HTTP
  ✔ invalid private descriptor bytes (164.404067ms)
  ✔ invalid private descriptor bytes (174.708549ms)
  ✔ invalid private descriptor bytes (166.540219ms)
✔ CLI rejects missing, multiline and oversized descriptor tokens before creating a run or contacting HTTP (506.389458ms)
✔ CLI exits by the credential deadline while a real blocking pipe writer remains open (5152.654907ms)
✔ CLI rejects a regular-file credential descriptor before transport or run creation (89.647915ms)
ℹ tests 91
ℹ suites 0
ℹ pass 91
ℹ fail 0
ℹ cancelled 0
ℹ skipped 0
ℹ todo 0
ℹ duration_ms 7424.105611
